2024-11-06 15:45:36.038 10003-10003 ActiveDepa...eViewModel com.allride.buses                    D  socketUpdateReceiver onReceive EVENT_GPS_NEW_POSITION [-34.394109,-70.7812725]
2024-11-06 15:45:36.231 10003-633   AllRideOAuth2Service    com.allride.buses                    I  Response Code > 200 - Request > Request{method=GET, url=http://bryan-testing.loca.lt/api/v1/pb/provider/user/653fd68233d83952fafcd4be, tags={class retrofit2.Invocation=com.allride.buses.api.AllRideAPI.getCommunityUsers() [653fd68233d83952fafcd4be]}}
2024-11-06 15:45:36.287 10003-10003 ActiveDepa...eViewModel com.allride.buses                    D  Success getRoute 66954794b24db9885e5aed7e
2024-11-06 15:45:36.500 10003-650   AllRideOAuth2Service    com.allride.buses                    I  Response Code > 200 - Request > Request{method=POST, url=http://bryan-testing.loca.lt/api/v2/pb/driver/departure/device/history, tags={class retrofit2.Invocation=com.allride.buses.api.AllRideAPI.saveDeviceHistoryConnection() [com.allride.buses.api.AllRideAPI$HistoryUse@b49eb6c]}}
2024-11-06 15:45:36.564 10003-12305 connectionService       com.allride.buses                    D  checkPendingOfflineSync false false true
2024-11-06 15:45:36.564 10003-12305 connectionService       com.allride.buses                    D  sendNotifyPendingOfflineSync true - 
2024-11-06 15:45:36.564 10003-12305 connectionService       com.allride.buses                    I  checkSyncOffline dataList isEmpty
2024-11-06 15:45:36.564 10003-12305 connectionService       com.allride.buses                    D  Success saveDeviceHistoryConnection: 2
2024-11-06 15:45:36.564 10003-10003 MapActivity             com.allride.buses                    D  setupBroadcastReceiver onReceive pendingOfflineSync true
2024-11-06 15:45:36.918 10003-10003 UserRealm               com.allride.buses                    D  updateCommunityUsers
2024-11-06 15:45:36.920 10003-10003 ActiveDepa...eViewModel com.allride.buses                    D  Success getCommunityUsers 653fd68233d83952fafcd4be
2024-11-06 15:45:36.951 10003-1371  SocketClient            com.allride.buses                    D  Socket reconnecting
2024-11-06 15:45:37.042 10003-10003 UserRealm               com.allride.buses                    D  updateCommunityUsers success
2024-11-06 15:45:37.156 10003-1377  SocketClient            com.allride.buses                    D  Socket connect error
2024-11-06 15:45:38.850 10003-10003 TripService             com.allride.buses                    E  Error send event 'newPosition' socket: sharingLocation true - socket false - [-34.3941091,-70.7812726]
2024-11-06 15:45:38.850 10003-10003 TripService             com.allride.buses                    D  Difference last seconds 2 - distance 0.014408767 - velocity 0.0072043836
2024-11-06 15:45:38.850 10003-10003 TripService             com.allride.buses                    D  *** checkStopsLocally [-34.3941091,-70.7812726] ***
2024-11-06 15:45:38.851 10003-10003 TripService             com.allride.buses                    I  >>> checkStopsLocally IN stop 6654d4c8713b9a5184cfe1df - distance 72.110466 <<<
2024-11-06 15:45:38.852 10003-10003 TripService             com.allride.buses                    D  socketUpdateReceiver onReceive newPosition
2024-11-06 15:45:38.852 10003-10003 ActiveDepa...eViewModel com.allride.buses                    D  socketUpdateReceiver onReceive EVENT_GPS_NEW_POSITION [-34.3941091,-70.7812726]
2024-11-06 15:45:42.165 10003-1387  SocketClient            com.allride.buses                    D  Socket reconnecting
2024-11-06 15:45:42.842 10003-10003 TripService             com.allride.buses                    E  Error send event 'newPosition' socket: sharingLocation true - socket false - [-34.3941146,-70.781281]
2024-11-06 15:45:42.842 10003-10003 TripService             com.allride.buses                    D  Difference last seconds 3 - distance 0.9843196 - velocity 0.32810655
2024-11-06 15:45:42.842 10003-10003 TripService             com.allride.buses                    D  *** checkStopsLocally [-34.3941146,-70.781281] ***
2024-11-06 15:45:42.843 10003-10003 TripService             com.allride.buses                    I  >>> checkStopsLocally IN stop 6654d4c8713b9a5184cfe1df - distance 71.12639 <<<
2024-11-06 15:45:42.844 10003-10003 TripService             com.allride.buses                    D  socketUpdateReceiver onReceive newPosition
2024-11-06 15:45:42.844 10003-10003 ActiveDepa...eViewModel com.allride.buses                    D  socketUpdateReceiver onReceive EVENT_GPS_NEW_POSITION [-34.3941146,-70.781281]
2024-11-06 15:45:42.882 10003-1391  SocketClient            com.allride.buses                    D  Socket reconnected
2024-11-06 15:45:42.900 10003-10003 TripService             com.allride.buses                    D  socketUpdateReceiver onReceive restart
2024-11-06 15:45:42.901 10003-10003 connectionService       com.allride.buses                    D  socketUpdateReceiver onReceive EVENT_RECONNECT true
2024-11-06 15:45:42.901 10003-10003 connectionService       com.allride.buses                    D  checkConnectivity: true
2024-11-06 15:45:42.901 10003-10003 connectionService       com.allride.buses                    D  sendNotifyConnectivity true
2024-11-06 15:45:42.933 10003-10003 connectionService       com.allride.buses                    D  checkInMap false
2024-11-06 15:45:42.953 10003-10003 connectionService       com.allride.buses                    D  checkPendingOfflineSync false false true
2024-11-06 15:45:42.953 10003-10003 connectionService       com.allride.buses                    D  sendNotifyPendingOfflineSync true - 
2024-11-06 15:45:42.953 10003-10003 connectionService       com.allride.buses                    I  checkSyncOffline current 'departure' : [offline=false, validations=false, images=false, departure=true, deviceHistory=false, driverMuc=false]
2024-11-06 15:45:42.955 10003-650   AllRideOAuth2Service    com.allride.buses                    I  getAccessToken 7742e7445d1c8aaf3e61c8d77c089717175d49edeae4b9c503995923b5667f74fc119c0b7a8504e12f510066246105efc2fa453b47d32d6baba016e1a92e8248
2024-11-06 15:45:42.955 10003-10003 connectionService       com.allride.buses                    I  checkOnlineDataAsync
2024-11-06 15:45:42.955 10003-10003 connectionService       com.allride.buses                    I  checkOnlineDataAsync dataAsyncList is empty
2024-11-06 15:45:42.955 10003-10003 connectionService       com.allride.buses                    D  sendNotifyConnectivity true
2024-11-06 15:45:42.956 10003-10003 MapActivity             com.allride.buses                    D  setupBroadcastReceiver onReceive connectivity true
2024-11-06 15:45:42.959 10003-10003 MapActivity             com.allride.buses                    D  setupBroadcastReceiver onReceive pendingOfflineSync true
2024-11-06 15:45:42.959 10003-10003 MapActivity             com.allride.buses                    D  setupBroadcastReceiver onReceive connectivity true
2024-11-06 15:45:44.314 10003-650   AllRideOAuth2Service    com.allride.buses                    I  Response Code > 502 - Request > Request{method=GET, url=http://bryan-testing.loca.lt/api/v2/pb/driver/departures/current, tags={class retrofit2.Invocation=com.allride.buses.api.AllRideAPI.getCurrentDeparture() []}}
2024-11-06 15:45:44.318 10003-638   connectionService       com.allride.buses                    E  Error getCurrentDeparture: HTTP 502 Bad Gateway
2024-11-06 15:45:44.319 10003-638   connectionService       com.allride.buses                    E  JSONException getCurrentDeparture: Value <html> of type java.lang.String cannot be converted to JSONObject
2024-11-06 15:45:45.121 10003-1417  ActiveDepa...eViewModel com.allride.buses                    I  Starting departure socket
2024-11-06 15:45:45.122 10003-1417  ActiveDepa...eViewModel com.allride.buses                    D  configSocket
2024-11-06 15:45:45.126 10003-1417  SocketClient            com.allride.buses                    D  Socket connected
2024-11-06 15:45:45.136 10003-10003 connectionService       com.allride.buses                    D  socketUpdateReceiver onReceive CONNECT true
2024-11-06 15:45:45.136 10003-10003 connectionService       com.allride.buses                    D  checkConnectivity: true
2024-11-06 15:45:45.136 10003-10003 connectionService       com.allride.buses                    D  sendNotifyConnectivity true
2024-11-06 15:45:45.160 10003-10003 connectionService       com.allride.buses                    D  checkInMap false
2024-11-06 15:45:45.206 10003-10003 connectionService       com.allride.buses                    D  checkPendingOfflineSync false false true
2024-11-06 15:45:45.206 10003-10003 connectionService       com.allride.buses                    D  sendNotifyPendingOfflineSync true - 
2024-11-06 15:45:45.206 10003-10003 connectionService       com.allride.buses                    I  checkSyncOffline current 'departure' : [offline=false, validations=false, images=false, departure=true, deviceHistory=false, driverMuc=false]
2024-11-06 15:45:45.206 10003-10003 connectionService       com.allride.buses                    I  checkOnlineDataAsync
2024-11-06 15:45:45.207 10003-10003 connectionService       com.allride.buses                    I  checkOnlineDataAsync dataAsyncList is empty
2024-11-06 15:45:45.207 10003-10003 connectionService       com.allride.buses                    D  sendNotifyConnectivity true
2024-11-06 15:45:45.207 10003-10003 MapActivity             com.allride.buses                    D  setupBroadcastReceiver onReceive connectivity true
2024-11-06 15:45:45.209 10003-10003 MapActivity             com.allride.buses                    D  setupBroadcastReceiver onReceive pendingOfflineSync true
2024-11-06 15:45:45.209 10003-650   AllRideOAuth2Service    com.allride.buses                    I  getAccessToken 7742e7445d1c8aaf3e61c8d77c089717175d49edeae4b9c503995923b5667f74fc119c0b7a8504e12f510066246105efc2fa453b47d32d6baba016e1a92e8248
2024-11-06 15:45:45.210 10003-10003 MapActivity             com.allride.buses                    D  setupBroadcastReceiver onReceive connectivity true
2024-11-06 15:45:45.417 10003-10003 IStopCheckRealm         com.allride.buses                    D  Success getAll: 1
2024-11-06 15:45:45.418 10003-10003 TripService             com.allride.buses                    D  Pausing GPS Service
2024-11-06 15:45:45.418 10003-10003 TripService             com.allride.buses                    D  Stopped sharing location
2024-11-06 15:45:45.418 10003-10003 TripService             com.allride.buses                    I  Sending event 'updateOfflineLocations' socket: 1
2024-11-06 15:45:45.817 10003-1429  TripService             com.allride.buses                    I  Received event 'ackOfflineLocations' socket
2024-11-06 15:45:45.843 10003-1429  IStopCheckRealm         com.allride.buses                    D  Success deleteStopsCheck: 1
2024-11-06 15:45:45.843 10003-1429  TripService             com.allride.buses                    D  Restart GPS Service true
2024-11-06 15:45:45.843 10003-1429  TripService             com.allride.buses                    D  Started sharing location
2024-11-06 15:45:46.463 10003-650   AllRideOAuth2Service    com.allride.buses                    I  Response Code > 200 - Request > Request{method=GET, url=http://bryan-testing.loca.lt/api/v2/pb/driver/departures/current, tags={class retrofit2.Invocation=com.allride.buses.api.AllRideAPI.getCurrentDeparture() []}}
2024-11-06 15:45:46.491 10003-12305 connectionService       com.allride.buses                    D  Success getCurrentDeparture
2024-11-06 15:45:46.492 10003-12305 DepartureRealm          com.allride.buses                    I  update 672bb94bd65a933108549758
2024-11-06 15:45:46.523 10003-12305 connectionService       com.allride.buses                    D  sendUpdateDeparture
2024-11-06 15:45:46.524 10003-12305 connectionService       com.allride.buses                    D  startActivityMap
2024-11-06 15:45:46.524 10003-10003 TripService             com.allride.buses                    D  socketUpdateReceiver onReceive UPDATE_DEPARTURE
2024-11-06 15:45:46.524 10003-10003 ActiveDepa...eViewModel com.allride.buses                    D  socketUpdateReceiver onReceive UPDATE_DEPARTURE
2024-11-06 15:45:46.524 10003-10003 ActiveDepa...eViewModel com.allride.buses                    D  socketUpdateReceiver onReceive UPDATE_DEPARTURE
2024-11-06 15:45:46.524 10003-10003 MapActivity             com.allride.buses                    D  setupBroadcastReceiver onReceive UPDATE_DEPARTURE false
2024-11-06 15:45:46.533 10003-10003 ActiveDepa...eViewModel com.allride.buses                    D  typeMap com.allride.buses.data.models.PBDeparture@5794844
2024-11-06 15:45:46.534 10003-10003 MapActivity             com.allride.buses                    D  ActiveDepartureViewModel typeMap regular
2024-11-06 15:45:46.534 10003-10003 MapActivity             com.allride.buses                    D  ActiveDepartureViewModel capacity 46
2024-11-06 15:45:46.563 10003-12305 connectionService       com.allride.buses                    D  checkPendingOfflineSync false false true
2024-11-06 15:45:46.563 10003-12305 connectionService       com.allride.buses                    D  sendNotifyPendingOfflineSync true - 
2024-11-06 15:45:46.563 10003-12305 connectionService       com.allride.buses                    I  checkSyncOffline dataList isEmpty
2024-11-06 15:45:46.570 10003-10003 MapActivity             com.allride.buses                    D  setupBroadcastReceiver onReceive pendingOfflineSync true
2024-11-06 15:45:46.822 10003-10003 TripService             com.allride.buses                    D  Sending event 'newPosition' socket: fd7b7e2c-b5fd-42f8-8aa8-69bb39588979 - [-34.3941096,-70.7812732]
2024-11-06 15:45:47.138 10003-10003 UserRealm               com.allride.buses                    D  isWorking false
2024-11-06 15:45:47.153 10003-10036 SessionLifecycleClient  com.allride.buses                    D  Sending lifecycle 2 to service
2024-11-06 15:45:47.157 10003-10071 SessionLifecycleService com.allride.buses                    D  Activity backgrounding at 170572021
2024-11-06 15:45:47.214 10003-10003 Utils                   com.allride.buses                    D  BroadcastReceiver registered successfully
2024-11-06 15:45:47.214 10003-10003 CapturePas...erActivity com.allride.buses                    E  ADD HISTORY USE: NO_TYPE_MOBILE_DATA
2024-11-06 15:45:47.228 10003-10003 CapturePas...erActivity com.allride.buses                    D  startCamera
2024-11-06 15:45:47.231 10003-10003 CamLifecycleController  com.allride.buses                    D  CameraProvider is not ready.
2024-11-06 15:45:47.231 10003-10003 CameraController        com.allride.buses                    D  Use cases not attached to camera.
2024-11-06 15:45:47.233 10003-10003 ViewReaderQR            com.allride.buses                    D  startQRAnalysis
2024-11-06 15:45:47.233 10003-1457  DynamiteModule          com.allride.buses                    I  Considering local module com.google.mlkit.dynamite.barcode:10000 and remote module com.google.mlkit.dynamite.barcode:0
2024-11-06 15:45:47.233 10003-1457  DynamiteModule          com.allride.buses                    I  Selected local version of com.google.mlkit.dynamite.barcode
2024-11-06 15:45:47.240 10003-10038 SessionLifecycleClient  com.allride.buses                    D  Sending lifecycle 1 to service
2024-11-06 15:45:47.241 10003-10071 SessionLifecycleService com.allride.buses                    D  Activity foregrounding at 170572108.
2024-11-06 15:45:47.260 10003-10003 CapturePas...erActivity com.allride.buses                    D  onResumeCamera
2024-11-06 15:45:47.260 10003-10003 ViewReaderQR            com.allride.buses                    D  onResumeCamera
2024-11-06 15:45:47.260 10003-10003 ViewReaderQR            com.allride.buses                    D  startQRAnalysis
2024-11-06 15:45:47.262 10003-10003 Utils                   com.allride.buses                    D  BroadcastReceiver registered successfully
2024-11-06 15:45:47.291 10003-10003 CamLifecycleController  com.allride.buses                    D  CameraProvider is not ready.
2024-11-06 15:45:47.291 10003-10003 CameraController        com.allride.buses                    D  Use cases not attached to camera.
2024-11-06 15:45:47.318 10003-10003 CameraOrientationUtil   com.allride.buses                    D  getRelativeImageRotation: destRotationDegrees=0, sourceRotationDegrees=90, isOppositeFacing=true, result=90
2024-11-06 15:45:47.318 10003-10003 CameraOrientationUtil   com.allride.buses                    D  getRelativeImageRotation: destRotationDegrees=0, sourceRotationDegrees=90, isOppositeFacing=true, result=90
2024-11-06 15:45:47.323 10003-10003 DynamicRangeResolver    com.allride.buses                    D  Resolved dynamic range for use case androidx.camera.core.Preview-53c3f7f1-100b-4448-9933-e5d125c68a92 to no compatible HDR dynamic ranges.
                                                                                                    DynamicRange@ab8bcdd{encoding=UNSPECIFIED, bitDepth=0}
                                                                                                    ->
                                                                                                    DynamicRange@e6e08b4{encoding=SDR, bitDepth=8}
2024-11-06 15:45:47.325 10003-10003 CameraOrientationUtil   com.allride.buses                    D  getRelativeImageRotation: destRotationDegrees=0, sourceRotationDegrees=90, isOppositeFacing=true, result=90
2024-11-06 15:45:47.326 10003-10003 CameraOrientationUtil   com.allride.buses                    D  getRelativeImageRotation: destRotationDegrees=0, sourceRotationDegrees=90, isOppositeFacing=true, result=90
2024-11-06 15:45:47.326 10003-10003 DeferrableSurface       com.allride.buses                    D  Surface created[total_surfaces=1, used_surfaces=0](androidx.camera.core.processing.SurfaceEdge$SettableSurface@4cf45a8}
2024-11-06 15:45:47.334 10003-10003 DeferrableSurface       com.allride.buses                    D  Surface created[total_surfaces=2, used_surfaces=0](androidx.camera.core.SurfaceRequest$2@da71454}
2024-11-06 15:45:47.335 10003-10003 DeferrableSurface       com.allride.buses                    D  New surface in use[total_surfaces=2, used_surfaces=1](androidx.camera.core.SurfaceRequest$2@da71454}
2024-11-06 15:45:47.335 10003-10003 DeferrableSurface       com.allride.buses                    D  use count+1, useCount=1 androidx.camera.core.SurfaceRequest$2@da71454
2024-11-06 15:45:47.335 10003-10003 CameraOrientationUtil   com.allride.buses                    D  getRelativeImageRotation: destRotationDegrees=0, sourceRotationDegrees=90, isOppositeFacing=true, result=90
2024-11-06 15:45:47.336 10003-10003 ImageCapture            com.allride.buses                    D  createPipeline(cameraId: 0, streamSpec: StreamSpec{resolution=3264x2448, dynamicRange=DynamicRange@e6e08b4{encoding=SDR, bitDepth=8}, expectedFrameRateRange=[0, 0], implementationOptions=androidx.camera.camera2.impl.Camera2ImplConfig@1060ef9})
2024-11-06 15:45:47.339 10003-10003 DeferrableSurface       com.allride.buses                    D  Surface created[total_surfaces=3, used_surfaces=1](androidx.camera.core.impl.ImmediateSurface@5ba6e3e}
2024-11-06 15:45:47.341 10003-13205 Camera2CameraImpl       com.allride.buses                    D  {Camera@20c549e[id=0]} Use case androidx.camera.core.ImageCapture-374e6b30-57a9-45db-9a9e-79f96eebf26a62738863 ACTIVE
2024-11-06 15:45:47.341 10003-13205 UseCaseAttachState      com.allride.buses                    D  Active and attached use case: [] for camera: 0
2024-11-06 15:45:47.341 10003-10003 CameraOrientationUtil   com.allride.buses                    D  getRelativeImageRotation: destRotationDegrees=0, sourceRotationDegrees=90, isOppositeFacing=true, result=90
2024-11-06 15:45:47.342 10003-10003 CameraOrientationUtil   com.allride.buses                    D  getRelativeImageRotation: destRotationDegrees=0, sourceRotationDegrees=90, isOppositeFacing=true, result=90
2024-11-06 15:45:47.343 10003-10003 DeferrableSurface       com.allride.buses                    D  Surface created[total_surfaces=4, used_surfaces=1](androidx.camera.core.impl.ImmediateSurface@10fa1b5}
2024-11-06 15:45:47.344 10003-13210 Camera2CameraImpl       com.allride.buses                    D  {Camera@20c549e[id=0]} Use case androidx.camera.core.Preview-53c3f7f1-100b-4448-9933-e5d125c68a92161187214 ACTIVE
2024-11-06 15:45:47.345 10003-13210 UseCaseAttachState      com.allride.buses                    D  Active and attached use case: [] for camera: 0
2024-11-06 15:45:47.345 10003-10003 UsbSerialService        com.allride.buses                    D  onCreate
2024-11-06 15:45:47.346 10003-13210 Camera2CameraImpl       com.allride.buses                    D  {Camera@20c549e[id=0]} Use case androidx.camera.core.ImageCapture-374e6b30-57a9-45db-9a9e-79f96eebf26a62738863 ACTIVE
2024-11-06 15:45:47.346 10003-13210 UseCaseAttachState      com.allride.buses                    D  Active and attached use case: [] for camera: 0
2024-11-06 15:45:47.347 10003-10003 UsbSerialService        com.allride.buses                    D  findSerialPortDevice: []
2024-11-06 15:45:47.347 10003-10003 UsbSerialService        com.allride.buses                    D  No compatible USB device found
2024-11-06 15:45:47.347 10003-13210 Camera2CameraImpl       com.allride.buses                    D  {Camera@20c549e[id=0]} Use case androidx.camera.core.ImageAnalysis-83c8ea81-095e-415b-914f-236fa20335e847794620 ACTIVE
2024-11-06 15:45:47.347 10003-13210 UseCaseAttachState      com.allride.buses                    D  Active and attached use case: [] for camera: 0
2024-11-06 15:45:47.349 10003-13210 UseCaseAttachState      com.allride.buses                    D  Active and attached use case: [] for camera: 0
2024-11-06 15:45:47.351 10003-10003 PreviewView             com.allride.buses                    D  Surface requested by Preview.
2024-11-06 15:45:47.351 10003-13210 Camera2CameraImpl       com.allride.buses                    D  {Camera@20c549e[id=0]} Use cases [androidx.camera.core.Preview-53c3f7f1-100b-4448-9933-e5d125c68a92161187214, androidx.camera.core.ImageCapture-374e6b30-57a9-45db-9a9e-79f96eebf26a62738863, androidx.camera.core.ImageAnalysis-83c8ea81-095e-415b-914f-236fa20335e847794620] now ATTACHED
2024-11-06 15:45:47.352 10003-13210 UseCaseAttachState      com.allride.buses                    D  All use case: [androidx.camera.core.ImageCapture-374e6b30-57a9-45db-9a9e-79f96eebf26a62738863, androidx.camera.core.Preview-53c3f7f1-100b-4448-9933-e5d125c68a92161187214, androidx.camera.core.ImageAnalysis-83c8ea81-095e-415b-914f-236fa20335e847794620] for camera: 0
2024-11-06 15:45:47.355 10003-10003 PreviewView             com.allride.buses                    D  Preview transformation info updated. TransformationInfo{getCropRect=Rect(0, 116 - 1600, 1084), getRotationDegrees=90, getTargetRotation=-1, hasCameraTransform=true, getSensorToBufferTransform=Matrix{[0.39215687, 0.0, -1.5686275][0.0, 0.39215687, -3.9215686][0.0, 0.0, 1.0]}, getMirroring=false}
2024-11-06 15:45:47.355 10003-10003 PreviewTransform        com.allride.buses                    D  Transformation info set: TransformationInfo{getCropRect=Rect(0, 116 - 1600, 1084), getRotationDegrees=90, getTargetRotation=-1, hasCameraTransform=true, getSensorToBufferTransform=Matrix{[0.39215687, 0.0, -1.5686275][0.0, 0.39215687, -3.9215686][0.0, 0.0, 1.0]}, getMirroring=false} 1600x1200 false
2024-11-06 15:45:47.355 10003-10003 CameraOrientationUtil   com.allride.buses                    D  getRelativeImageRotation: destRotationDegrees=0, sourceRotationDegrees=90, isOppositeFacing=true, result=90
2024-11-06 15:45:47.356 10003-13210 UseCaseAttachState      com.allride.buses                    D  Active and attached use case: [androidx.camera.core.ImageCapture-374e6b30-57a9-45db-9a9e-79f96eebf26a62738863, androidx.camera.core.Preview-53c3f7f1-100b-4448-9933-e5d125c68a92161187214, androidx.camera.core.ImageAnalysis-83c8ea81-095e-415b-914f-236fa20335e847794620] for camera: 0
2024-11-06 15:45:47.358 10003-13210 Camera2CameraImpl       com.allride.buses                    D  {Camera@20c549e[id=0]} Resetting Capture Session
2024-11-06 15:45:47.358 10003-13210 Camera2CameraImpl       com.allride.buses                    D  {Camera@20c549e[id=0]} Releasing session in state INITIALIZED
2024-11-06 15:45:47.358 10003-13210 Camera2CameraImpl       com.allride.buses                    D  {Camera@20c549e[id=0]} Attempting to force open the camera.
2024-11-06 15:45:47.358 10003-13210 CameraStateRegistry     com.allride.buses                    D  tryOpenCamera(Camera@20c549e[id=0]) [Available Cameras: 1, Already Open: false (Previous state: CLOSED)] --> SUCCESS
2024-11-06 15:45:47.358 10003-13210 CameraStateRegistry     com.allride.buses                    D  Recalculating open cameras:
                                                                                                    Camera                                       State                 
                                                                                                    -------------------------------------------------------------------
                                                                                                    Camera@20c549e[id=0]                         OPENING               
                                                                                                    Camera@2a71c38[id=1]                         UNKNOWN               
                                                                                                    -------------------------------------------------------------------
                                                                                                    Open count: 1 (Max allowed: 1)
2024-11-06 15:45:47.362 10003-13210 Camera2CameraImpl       com.allride.buses                    D  {Camera@20c549e[id=0]} Opening camera.
2024-11-06 15:45:47.362 10003-13210 Camera2CameraImpl       com.allride.buses                    D  {Camera@20c549e[id=0]} Transitioning camera internal state: INITIALIZED --> OPENING
2024-11-06 15:45:47.362 10003-13210 CameraStateMachine      com.allride.buses                    D  New public camera state CameraState{type=OPENING, error=null} from OPENING and null
2024-11-06 15:45:47.362 10003-13210 CameraStateMachine      com.allride.buses                    D  Publishing new public camera state CameraState{type=OPENING, error=null}
2024-11-06 15:45:47.362 10003-13210 UseCaseAttachState      com.allride.buses                    D  All use case: [androidx.camera.core.ImageCapture-374e6b30-57a9-45db-9a9e-79f96eebf26a62738863, androidx.camera.core.Preview-53c3f7f1-100b-4448-9933-e5d125c68a92161187214, androidx.camera.core.ImageAnalysis-83c8ea81-095e-415b-914f-236fa20335e847794620] for camera: 0
2024-11-06 15:45:47.373 10003-10003 SurfaceViewImpl         com.allride.buses                    D  Surface created.
2024-11-06 15:45:47.373 10003-10003 SurfaceViewImpl         com.allride.buses                    D  Surface changed. Size: 1600x1200
2024-11-06 15:45:47.375 10003-10003 SurfaceViewImpl         com.allride.buses                    D  Surface set on Preview.
2024-11-06 15:45:47.547 10003-13210 Camera2CameraImpl       com.allride.buses                    D  {Camera@20c549e[id=0]} Use case androidx.camera.core.Preview-53c3f7f1-100b-4448-9933-e5d125c68a92161187214 ACTIVE
2024-11-06 15:45:47.548 10003-13210 UseCaseAttachState      com.allride.buses                    D  Active and attached use case: [androidx.camera.core.ImageCapture-374e6b30-57a9-45db-9a9e-79f96eebf26a62738863, androidx.camera.core.Preview-53c3f7f1-100b-4448-9933-e5d125c68a92161187214, androidx.camera.core.ImageAnalysis-83c8ea81-095e-415b-914f-236fa20335e847794620] for camera: 0
2024-11-06 15:45:47.549 10003-13210 Camera2CameraImpl       com.allride.buses                    D  {Camera@20c549e[id=0]} Use case androidx.camera.core.ImageCapture-374e6b30-57a9-45db-9a9e-79f96eebf26a62738863 ACTIVE
2024-11-06 15:45:47.550 10003-13210 UseCaseAttachState      com.allride.buses                    D  Active and attached use case: [androidx.camera.core.ImageCapture-374e6b30-57a9-45db-9a9e-79f96eebf26a62738863, androidx.camera.core.Preview-53c3f7f1-100b-4448-9933-e5d125c68a92161187214, androidx.camera.core.ImageAnalysis-83c8ea81-095e-415b-914f-236fa20335e847794620] for camera: 0
2024-11-06 15:45:47.551 10003-13210 Camera2CameraImpl       com.allride.buses                    D  {Camera@20c549e[id=0]} Use case androidx.camera.core.ImageAnalysis-83c8ea81-095e-415b-914f-236fa20335e847794620 ACTIVE
2024-11-06 15:45:47.552 10003-13210 UseCaseAttachState      com.allride.buses                    D  Active and attached use case: [androidx.camera.core.ImageCapture-374e6b30-57a9-45db-9a9e-79f96eebf26a62738863, androidx.camera.core.Preview-53c3f7f1-100b-4448-9933-e5d125c68a92161187214, androidx.camera.core.ImageAnalysis-83c8ea81-095e-415b-914f-236fa20335e847794620] for camera: 0
2024-11-06 15:45:47.553 10003-13210 Camera2CameraImpl       com.allride.buses                    D  {Camera@20c549e[id=0]} CameraDevice.onOpened()
2024-11-06 15:45:47.554 10003-13210 Camera2CameraImpl       com.allride.buses                    D  {Camera@20c549e[id=0]} Transitioning camera internal state: OPENING --> OPENED
2024-11-06 15:45:47.555 10003-13210 CameraStateRegistry     com.allride.buses                    D  Recalculating open cameras:
                                                                                                    Camera                                       State                 
                                                                                                    -------------------------------------------------------------------
                                                                                                    Camera@20c549e[id=0]                         OPEN                  
                                                                                                    Camera@2a71c38[id=1]                         UNKNOWN               
                                                                                                    -------------------------------------------------------------------
                                                                                                    Open count: 1 (Max allowed: 1)
2024-11-06 15:45:47.556 10003-13210 CameraStateMachine      com.allride.buses                    D  New public camera state CameraState{type=OPEN, error=null} from OPEN and null
2024-11-06 15:45:47.556 10003-13210 CameraStateMachine      com.allride.buses                    D  Publishing new public camera state CameraState{type=OPEN, error=null}
2024-11-06 15:45:47.557 10003-13210 UseCaseAttachState      com.allride.buses                    D  All use case: [androidx.camera.core.ImageCapture-374e6b30-57a9-45db-9a9e-79f96eebf26a62738863, androidx.camera.core.Preview-53c3f7f1-100b-4448-9933-e5d125c68a92161187214, androidx.camera.core.ImageAnalysis-83c8ea81-095e-415b-914f-236fa20335e847794620] for camera: 0
2024-11-06 15:45:47.559 10003-13210 UseCaseAttachState      com.allride.buses                    D  Active and attached use case: [androidx.camera.core.ImageCapture-374e6b30-57a9-45db-9a9e-79f96eebf26a62738863, androidx.camera.core.Preview-53c3f7f1-100b-4448-9933-e5d125c68a92161187214, androidx.camera.core.ImageAnalysis-83c8ea81-095e-415b-914f-236fa20335e847794620] for camera: 0
2024-11-06 15:45:47.561 10003-13210 SyncCaptureSessionBase  com.allride.buses                    D  [androidx.camera.camera2.internal.SynchronizedCaptureSessionBaseImpl@8754ae4] getSurface...done
2024-11-06 15:45:47.561 10003-13210 CaptureSession          com.allride.buses                    D  Opening capture session.
2024-11-06 15:45:47.563 10003-13210 DeferrableSurface       com.allride.buses                    D  use count+1, useCount=2 androidx.camera.core.SurfaceRequest$2@da71454
2024-11-06 15:45:47.564 10003-13210 DeferrableSurface       com.allride.buses                    D  New surface in use[total_surfaces=4, used_surfaces=2](androidx.camera.core.impl.ImmediateSurface@5ba6e3e}
2024-11-06 15:45:47.564 10003-13210 DeferrableSurface       com.allride.buses                    D  use count+1, useCount=1 androidx.camera.core.impl.ImmediateSurface@5ba6e3e
2024-11-06 15:45:47.564 10003-13210 DeferrableSurface       com.allride.buses                    D  New surface in use[total_surfaces=4, used_surfaces=3](androidx.camera.core.impl.ImmediateSurface@10fa1b5}
2024-11-06 15:45:47.564 10003-13210 DeferrableSurface       com.allride.buses                    D  use count+1, useCount=1 androidx.camera.core.impl.ImmediateSurface@10fa1b5
2024-11-06 15:45:47.747 10003-10003 MapActivity             com.allride.buses                    D  onStop
2024-11-06 15:45:47.747 10003-10003 MapActivity             com.allride.buses                    D  Success unregisterReceiver setupBroadcastReceiver
2024-11-06 15:45:47.776 10003-13210 CaptureSession          com.allride.buses                    D  Attempting to send capture request onConfigured
2024-11-06 15:45:47.776 10003-13210 CaptureSession          com.allride.buses                    D  Issuing request for session.
2024-11-06 15:45:47.776 10003-13210 Camera2Cap...estBuilder com.allride.buses                    D  createCaptureRequest
2024-11-06 15:45:47.779 10003-13210 CaptureSession          com.allride.buses                    D  CameraCaptureSession.onConfigured() mState=OPENED
2024-11-06 15:45:47.780 10003-13210 CaptureSession          com.allride.buses                    D  CameraCaptureSession.onReady() OPENED
2024-11-06 15:45:48.089 10003-13205 StreamStateObserver     com.allride.buses                    D  Update Preview stream state to STREAMING
2024-11-06 15:45:48.098 10003-1549  PipelineManager         com.allride.buses                    D  Start process YUV
2024-11-06 15:45:48.187 10003-1548  tflite                  com.allride.buses                    I  Replacing 43 out of 43 node(s) with delegate (TfLiteXNNPackDelegate) node, yielding 1 partitions for the whole graph.
2024-11-06 15:45:48.189 10003-1548  tflite                  com.allride.buses                    I  Replacing 35 out of 47 node(s) with delegate (TfLiteXNNPackDelegate) node, yielding 23 partitions for the whole graph.
2024-11-06 15:45:48.190 10003-1548  native                  com.allride.buses                    I  I0000 00:00:1730918748.190737    1548 oned_decoder_client.cc:696] barhopper::deep_learning::OnedDecoderClient is created successfully.
2024-11-06 15:45:48.268 10003-1549  PipelineManager         com.allride.buses                    D  OCR process succeeded via visionkit pipeline.
2024-11-06 15:45:48.269 10003-1549  PipelineManager         com.allride.buses                    D  Start process YUV
2024-11-06 15:45:48.269 10003-1549  PipelineManager         com.allride.buses                    D  Start process YUV
2024-11-06 15:45:48.269 10003-1549  PipelineManager         com.allride.buses                    D  Start process YUV
2024-11-06 15:45:48.345 10003-1549  PipelineManager         com.allride.buses                    D  OCR process succeeded via visionkit pipeline.
2024-11-06 15:45:48.346 10003-1549  PipelineManager         com.allride.buses                    D  Start process YUV
2024-11-06 15:45:48.346 10003-1549  PipelineManager         com.allride.buses                    D  Start process YUV
2024-11-06 15:45:48.360 10003-1457  PipelineManager         com.allride.buses                    D  Start process YUV
2024-11-06 15:45:48.445 10003-1457  PipelineManager         com.allride.buses                    D  OCR process succeeded via visionkit pipeline.
2024-11-06 15:45:48.445 10003-1457  PipelineManager         com.allride.buses                    D  Start process YUV
2024-11-06 15:45:48.446 10003-1457  PipelineManager         com.allride.buses                    D  Start process YUV
2024-11-06 15:45:48.467 10003-1552  PipelineManager         com.allride.buses                    D  Start process YUV
2024-11-06 15:45:48.526 10003-1552  PipelineManager         com.allride.buses                    D  OCR process succeeded via visionkit pipeline.
2024-11-06 15:45:48.526 10003-1552  PipelineManager         com.allride.buses                    D  Start process YUV
2024-11-06 15:45:48.533 10003-1459  PipelineManager         com.allride.buses                    D  Start process YUV
2024-11-06 15:45:48.587 10003-1459  PipelineManager         com.allride.buses                    D  OCR process succeeded via visionkit pipeline.
2024-11-06 15:45:48.587 10003-1459  PipelineManager         com.allride.buses                    D  Start process YUV
2024-11-06 15:45:48.589 10003-1457  PipelineManager         com.allride.buses                    D  Start process YUV
2024-11-06 15:45:48.637 10003-1457  PipelineManager         com.allride.buses                    D  OCR process succeeded via visionkit pipeline.
2024-11-06 15:45:48.638 10003-1457  PipelineManager         com.allride.buses                    D  Start process YUV
2024-11-06 15:45:48.698 10003-1457  PipelineManager         com.allride.buses                    D  OCR process succeeded via visionkit pipeline.
2024-11-06 15:45:48.698 10003-1457  PipelineManager         com.allride.buses                    D  Start process YUV
2024-11-06 15:45:48.699 10003-1457  PipelineManager         com.allride.buses                    D  Start process YUV
2024-11-06 15:45:48.754 10003-1457  PipelineManager         com.allride.buses                    D  OCR process succeeded via visionkit pipeline.
2024-11-06 15:45:48.755 10003-1457  PipelineManager         com.allride.buses                    D  Start process YUV
2024-11-06 15:45:48.822 10003-1457  PipelineManager         com.allride.buses                    D  OCR process succeeded via visionkit pipeline.
2024-11-06 15:45:48.822 10003-1457  PipelineManager         com.allride.buses                    D  Start process YUV
2024-11-06 15:45:48.823 10003-1457  PipelineManager         com.allride.buses                    D  Start process YUV
2024-11-06 15:45:48.827 10003-1459  PipelineManager         com.allride.buses                    D  Start process YUV
2024-11-06 15:45:48.886 10003-1459  PipelineManager         com.allride.buses                    D  OCR process succeeded via visionkit pipeline.
2024-11-06 15:45:48.887 10003-1459  PipelineManager         com.allride.buses                    D  Start process YUV
2024-11-06 15:45:48.988 10003-1459  PipelineManager         com.allride.buses                    D  OCR process succeeded via visionkit pipeline.
2024-11-06 15:45:48.991 10003-1459  PipelineManager         com.allride.buses                    D  Start process YUV
2024-11-06 15:45:48.992 10003-1459  PipelineManager         com.allride.buses                    D  Start process YUV
2024-11-06 15:45:48.992 10003-1459  PipelineManager         com.allride.buses                    D  Start process YUV
2024-11-06 15:45:48.992 10003-1459  PipelineManager         com.allride.buses                    D  Start process YUV
2024-11-06 15:45:49.032 10003-1549  PipelineManager         com.allride.buses                    D  Start process YUV
2024-11-06 15:45:49.119 10003-1549  PipelineManager         com.allride.buses                    D  OCR process succeeded via visionkit pipeline.
2024-11-06 15:45:49.121 10003-1549  PipelineManager         com.allride.buses                    D  Start process YUV
2024-11-06 15:45:49.121 10003-1549  PipelineManager         com.allride.buses                    D  Start process YUV
2024-11-06 15:45:49.136 10003-1551  PipelineManager         com.allride.buses                    D  Start process YUV
2024-11-06 15:45:49.220 10003-1551  PipelineManager         com.allride.buses                    D  OCR process succeeded via visionkit pipeline.
2024-11-06 15:45:49.221 10003-1551  PipelineManager         com.allride.buses                    D  Start process YUV
2024-11-06 15:45:49.221 10003-1551  PipelineManager         com.allride.buses                    D  Start process YUV
2024-11-06 15:45:49.228 10003-1457  PipelineManager         com.allride.buses                    D  Start process YUV
2024-11-06 15:45:49.331 10003-1457  PipelineManager         com.allride.buses                    D  OCR process succeeded via visionkit pipeline.
2024-11-06 15:45:49.338 10003-1457  PipelineManager         com.allride.buses                    D  Start process YUV
2024-11-06 15:45:49.339 10003-1457  PipelineManager         com.allride.buses                    D  Start process YUV
2024-11-06 15:45:49.340 10003-1457  PipelineManager         com.allride.buses                    D  Start process YUV
2024-11-06 15:45:49.361 10003-1459  PipelineManager         com.allride.buses                    D  Start process YUV
2024-11-06 15:45:49.473 10003-1459  PipelineManager         com.allride.buses                    D  OCR process succeeded via visionkit pipeline.
2024-11-06 15:45:49.481 10003-1459  PipelineManager         com.allride.buses                    D  Start process YUV
2024-11-06 15:45:49.482 10003-1459  PipelineManager         com.allride.buses                    D  Start process YUV
2024-11-06 15:45:49.482 10003-1459  PipelineManager         com.allride.buses                    D  Start process YUV
2024-11-06 15:45:49.496 10003-1550  PipelineManager         com.allride.buses                    D  Start process YUV
2024-11-06 15:45:49.589 10003-1550  PipelineManager         com.allride.buses                    D  OCR process succeeded via visionkit pipeline.
2024-11-06 15:45:49.591 10003-1550  PipelineManager         com.allride.buses                    D  Start process YUV
2024-11-06 15:45:49.591 10003-1550  PipelineManager         com.allride.buses                    D  Start process YUV
2024-11-06 15:45:49.596 10003-1552  PipelineManager         com.allride.buses                    D  Start process YUV
2024-11-06 15:45:49.693 10003-1552  PipelineManager         com.allride.buses                    D  OCR process succeeded via visionkit pipeline.
2024-11-06 15:45:49.701 10003-1552  PipelineManager         com.allride.buses                    D  Start process YUV
2024-11-06 15:45:49.701 10003-1552  PipelineManager         com.allride.buses                    D  Start process YUV
2024-11-06 15:45:49.720 10003-1457  PipelineManager         com.allride.buses                    D  Start process YUV
2024-11-06 15:45:49.831 10003-1457  PipelineManager         com.allride.buses                    D  OCR process succeeded via visionkit pipeline.
2024-11-06 15:45:49.836 10003-1457  PipelineManager         com.allride.buses                    D  Start process YUV
2024-11-06 15:45:49.836 10003-1457  PipelineManager         com.allride.buses                    D  Start process YUV
2024-11-06 15:45:49.837 10003-1457  PipelineManager         com.allride.buses                    D  Start process YUV
2024-11-06 15:45:49.928 10003-1457  PipelineManager         com.allride.buses                    D  OCR process succeeded via visionkit pipeline.
2024-11-06 15:45:49.931 10003-1457  PipelineManager         com.allride.buses                    D  Start process YUV
2024-11-06 15:45:49.932 10003-1457  PipelineManager         com.allride.buses                    D  Start process YUV
2024-11-06 15:45:49.933 10003-1457  PipelineManager         com.allride.buses                    D  Start process YUV
2024-11-06 15:45:50.001 10003-1457  PipelineManager         com.allride.buses                    D  OCR process succeeded via visionkit pipeline.
2024-11-06 15:45:50.002 10003-1457  PipelineManager         com.allride.buses                    D  Start process YUV
2024-11-06 15:45:50.004 10003-1550  PipelineManager         com.allride.buses                    D  Start process YUV
2024-11-06 15:45:50.035 10003-1560  ActiveDepa...eViewModel com.allride.buses                    D  SocketClient - newDriverPosition: {"departureId":"672bb94bd65a933108549758","routeId":"66954794b24db9885e5aed7e","location":{"latitude":-34.3941096,"longitude":-70.7812732},"speed":0.09394243,"source":null,"continuous":false,"plate":"MORISC","busId":"MORISC","state":"service","code":"171222","driverName":"Conductor Super Comunidad","color":"2E7D32"}
2024-11-06 15:45:50.082 10003-1550  PipelineManager         com.allride.buses                    D  OCR process succeeded via visionkit pipeline.
2024-11-06 15:45:50.083 10003-1550  PipelineManager         com.allride.buses                    D  Start process YUV
2024-11-06 15:45:50.084 10003-1561  ActiveDepa...eViewModel com.allride.buses                    D  SocketClient - newPosition : {"latitude":-34.3941096,"longitude":-70.7812732}
2024-11-06 15:45:50.092 10003-1459  PipelineManager         com.allride.buses                    D  Start process YUV
2024-11-06 15:45:50.166 10003-1459  PipelineManager         com.allride.buses                    D  OCR process succeeded via visionkit pipeline.
2024-11-06 15:45:50.167 10003-1459  PipelineManager         com.allride.buses                    D  Start process YUV
2024-11-06 15:45:50.168 10003-1459  PipelineManager         com.allride.buses                    D  Start process YUV
2024-11-06 15:45:50.186 10003-1553  PipelineManager         com.allride.buses                    D  Start process YUV
2024-11-06 15:45:50.271 10003-1553  PipelineManager         com.allride.buses                    D  OCR process succeeded via visionkit pipeline.
2024-11-06 15:45:50.271 10003-1553  PipelineManager         com.allride.buses                    D  Start process YUV
2024-11-06 15:45:50.271 10003-1553  PipelineManager         com.allride.buses                    D  Start process YUV
2024-11-06 15:45:50.287 10003-1552  PipelineManager         com.allride.buses                    D  Start process YUV
2024-11-06 15:45:50.368 10003-1552  PipelineManager         com.allride.buses                    D  OCR process succeeded via visionkit pipeline.
2024-11-06 15:45:50.369 10003-1552  PipelineManager         com.allride.buses                    D  Start process YUV
2024-11-06 15:45:50.369 10003-1552  PipelineManager         com.allride.buses                    D  Start process YUV
2024-11-06 15:45:50.390 10003-1551  PipelineManager         com.allride.buses                    D  Start process YUV
2024-11-06 15:45:50.485 10003-1551  PipelineManager         com.allride.buses                    D  OCR process succeeded via visionkit pipeline.
2024-11-06 15:45:50.495 10003-1551  PipelineManager         com.allride.buses                    D  Start process YUV
2024-11-06 15:45:50.500 10003-1551  PipelineManager         com.allride.buses                    D  Start process YUV
2024-11-06 15:45:50.501 10003-1551  PipelineManager         com.allride.buses                    D  Start process YUV
2024-11-06 15:45:50.523 10003-1459  PipelineManager         com.allride.buses                    D  Start process YUV
2024-11-06 15:45:50.605 10003-1459  PipelineManager         com.allride.buses                    D  OCR process succeeded via visionkit pipeline.
2024-11-06 15:45:50.605 10003-1459  PipelineManager         com.allride.buses                    D  Start process YUV
2024-11-06 15:45:50.605 10003-1459  PipelineManager         com.allride.buses                    D  Start process YUV
2024-11-06 15:45:50.627 10003-1553  PipelineManager         com.allride.buses                    D  Start process YUV
2024-11-06 15:45:50.713 10003-1553  PipelineManager         com.allride.buses                    D  OCR process succeeded via visionkit pipeline.
2024-11-06 15:45:50.714 10003-1553  PipelineManager         com.allride.buses                    D  Start process YUV
2024-11-06 15:45:50.714 10003-1553  PipelineManager         com.allride.buses                    D  Start process YUV
2024-11-06 15:45:50.733 10003-1552  PipelineManager         com.allride.buses                    D  Start process YUV
2024-11-06 15:45:50.823 10003-1552  PipelineManager         com.allride.buses                    D  OCR process succeeded via visionkit pipeline.
2024-11-06 15:45:50.823 10003-1552  PipelineManager         com.allride.buses                    D  Start process YUV
2024-11-06 15:45:50.824 10003-1552  PipelineManager         com.allride.buses                    D  Start process YUV
2024-11-06 15:45:50.827 10003-1548  PipelineManager         com.allride.buses                    D  Start process YUV
2024-11-06 15:45:50.838 10003-10003 TripService             com.allride.buses                    D  Sending event 'newPosition' socket: f37433c3-166f-4a18-95d4-273881c20ff4 - [-34.3941111,-70.7812748]
2024-11-06 15:45:50.913 10003-1548  PipelineManager         com.allride.buses                    D  OCR process succeeded via visionkit pipeline.
2024-11-06 15:45:50.914 10003-1548  PipelineManager         com.allride.buses                    D  Start process YUV
2024-11-06 15:45:50.914 10003-1548  PipelineManager         com.allride.buses                    D  Start process YUV
2024-11-06 15:45:50.924 10003-1457  PipelineManager         com.allride.buses                    D  Start process YUV
2024-11-06 15:45:51.033 10003-1457  PipelineManager         com.allride.buses                    D  OCR process succeeded via visionkit pipeline.
2024-11-06 15:45:51.034 10003-1457  PipelineManager         com.allride.buses                    D  Start process YUV
2024-11-06 15:45:51.034 10003-1457  PipelineManager         com.allride.buses                    D  Start process YUV
2024-11-06 15:45:51.035 10003-1457  PipelineManager         com.allride.buses                    D  Start process YUV
