2024-11-06 15:44:36.933 10003-32519 ActiveDepa...eViewModel com.allride.buses                    D  SocketClient - newDriverPosition: {"departureId":"672bb82bc47c9d1520d08ab0","routeId":"66954794b24db9885e5aed7e","location":{"latitude":-34.3941096,"longitude":-70.7812734},"speed":0.008953355,"source":null,"continuous":false,"plate":"MORISC","busId":"MORISC","state":"service","serviceDate":"2024-11-06T21:00:00.000Z","code":"171222","driverName":"Conductor Super Comunidad","color":"2E7D32"}
2024-11-06 15:44:36.959 10003-32520 ActiveDepa...eViewModel com.allride.buses                    D  SocketClient - newPosition : {"latitude":-34.3941096,"longitude":-70.7812734}
2024-11-06 15:44:39.834 10003-10003 TripService             com.allride.buses                    D  Sending event 'newPosition' socket: db0c2e32-a0d5-461e-9d96-708ac97833d4 - [-34.3941095,-70.7812734]
2024-11-06 15:44:39.905 10003-10003 CountDownInActivity     com.allride.buses                    D  ADD HISTORY USE: INACTIVITY 3 MINUTES IN MapActivity
2024-11-06 15:44:42.770 10003-32541 ActiveDepa...eViewModel com.allride.buses                    D  SocketClient - newDriverPosition: {"departureId":"672bb82bc47c9d1520d08ab0","routeId":"66954794b24db9885e5aed7e","location":{"latitude":-34.3941095,"longitude":-70.7812734},"speed":0.0028880613,"source":null,"continuous":false,"plate":"MORISC","busId":"MORISC","state":"service","serviceDate":"2024-11-06T21:00:00.000Z","code":"171222","driverName":"Conductor Super Comunidad","color":"2E7D32"}
2024-11-06 15:44:42.772 10003-32541 ActiveDepa...eViewModel com.allride.buses                    D  SocketClient - newPosition : {"latitude":-34.3941095,"longitude":-70.7812734}
2024-11-06 15:44:43.846 10003-10003 TripService             com.allride.buses                    D  Sending event 'newPosition' socket: 72eb8f1b-6596-4ada-b9b3-36e2ded93320 - [-34.3941096,-70.7812734]
2024-11-06 15:44:47.309 10003-10003 ProxyAndro...gerBackend com.allride.buses                    W  Too many Flogger logs received before configuration. Dropping old logs.
2024-11-06 15:44:47.309 10003-10003 ProxyAndro...gerBackend com.allride.buses                    W  Too many Flogger logs received before configuration. Dropping old logs.
2024-11-06 15:44:49.848 10003-10003 TripService             com.allride.buses                    D  Sending event 'newPosition' socket: 3db624f4-ad16-434d-b0ae-30c4424bc5e5 - [-34.3941095,-70.7812734]
2024-11-06 15:44:53.830 10003-10003 TripService             com.allride.buses                    D  Sending event 'newPosition' socket: 2427f970-a5e0-4ebc-9942-7ae4649370e7 - [-34.3941127,-70.7812785]
2024-11-06 15:44:58.476 10003-10003 Utils                   com.allride.buses                    D  getCommunityFirst auth {"accessToken":"7742e7445d1c8aaf3e61c8d77c089717175d49edeae4b9c503995923b5667f74fc119c0b7a8504e12f510066246105efc2fa453b47d32d6baba016e1a92e8248","active":true,"canCreateRoutes":false,"canReleaseReservations":true,"code":"159159","communities":["653fd601f90509541a748683","6654ae4eba54fe502d4e4187"],"communityId":"653fd601f90509541a748683","config":{"autoLogout":{"enabled":false,"enum":"afterDepartureEnd","timer":{"amount":0,"unit":"minutes"}}},"device":{"accessToken":"","build":"","communities":[],"communityId":"","_id":"","model":"moto g71 5G","notificationToken":"","superCommunityId":""},"email":"nicolas+conductorsc1@allrideapp.com","hasToChangePassword":false,"_id":"668309b8bb41bfd79a461dc3","name":"Conductor Super Comunidad","refreshToken":"","rtlToken":"331b37b0a93386f65d6dbe4efcf300d1ef89ef322d7bd5e3aaad1efef7db0e04f5644499b1fd9bb76c32d36c4751ade9d3425aaa09205976061925e270775888","superCommunities":["653fd68233d83952fafcd4be"],"superCommunityId":"653fd68233d83952fafcd4be"}
2024-11-06 15:44:58.476 10003-10003 Utils                   com.allride.buses                    D  getCommunityFirst routeId 66954794b24db9885e5aed7e
2024-11-06 15:44:58.502 10003-10003 Utils                   com.allride.buses                    D  getCommunityFirst 1 - 6654ae4eba54fe502d4e4187 : Comunidad Automatización 2
2024-11-06 15:44:58.766 10003-13191 OpenGLRenderer          com.allride.buses                    I  Davey! duration=9223201513467ms; Flags=1, FrameTimelineVsyncId=11808382, IntendedVsync=170523386410330, Vsync=170523569743656, InputEventId=265526333, HandleInputStart=170523574170522, AnimationStart=170523574172033, PerformTraversalsStart=170523574480106, DrawStart=170523614308543, FrameDeadline=170523419743662, FrameInterval=170523574164741, FrameStartTime=16666666, SyncQueued=170523614346460, SyncStart=170523614930001, IssueDrawCommandsStart=170523615022762, SwapBuffers=170523617264897, FrameCompleted=9223372036854775807, DequeueBufferDuration=17604, QueueBufferDuration=1216459, GpuCompleted=9223372036854775807, SwapBuffersCompleted=170523618860678, DisplayPresentTime=0, 
2024-11-06 15:44:59.282 10003-10003 DialogInternalLeg       com.allride.buses                    D  getParams service - end 0
2024-11-06 15:44:59.365 10003-10017 OpenGLRenderer          com.allride.buses                    I  Davey! duration=9223201512698ms; Flags=1, FrameTimelineVsyncId=11808483, IntendedVsync=170524155516217, Vsync=170524188849549, InputEventId=0, HandleInputStart=170524192290366, AnimationStart=170524192291772, PerformTraversalsStart=170524192292709, DrawStart=170524214159793, FrameDeadline=170524172182883, FrameInterval=170524192285678, FrameStartTime=16666666, SyncQueued=170524219667657, SyncStart=170524220115574, IssueDrawCommandsStart=170524220272345, SwapBuffers=170524221673803, FrameCompleted=9223372036854775807, DequeueBufferDuration=24688, QueueBufferDuration=2489792, GpuCompleted=9223372036854775807, SwapBuffersCompleted=170524224412709, DisplayPresentTime=-6352729587324774777, 
2024-11-06 15:44:59.826 10003-10003 TripService             com.allride.buses                    D  Sending event 'newPosition' socket: 9bdc4d22-6e8f-4dad-93e2-49bcac4a97a4 - [-34.3941096,-70.7812736]
2024-11-06 15:44:59.947 10003-10062 OpenGLRenderer          com.allride.buses                    D  endAllActiveAnimators on 0xb40000749b8845e0 (RippleDrawable) with handle 0xb4000073ab8935c0
2024-11-06 15:45:00.161 10003-562   AllRideDepartureService com.allride.buses                    I  Departure token: 72c6cde8358494f61cfc9813b425f85845e941ff6e2aafd939d5184a928c85c062531e12d0e4ec697bdfdc7a9610f8d526a527330dfe5e7405daaa3a48f703c2
2024-11-06 15:45:02.339 10003-566   ActiveDepa...eViewModel com.allride.buses                    D  SocketClient - newDriverPosition: {"departureId":"672bb82bc47c9d1520d08ab0","routeId":"66954794b24db9885e5aed7e","location":{"latitude":-34.3941096,"longitude":-70.7812736},"speed":0.08140307,"source":null,"continuous":false,"plate":"MORISC","busId":"MORISC","state":"service","serviceDate":"2024-11-06T21:00:00.000Z","code":"171222","driverName":"Conductor Super Comunidad","color":"2E7D32"}
2024-11-06 15:45:02.409 10003-567   ActiveDepa...eViewModel com.allride.buses                    D  SocketClient - newPosition : {"latitude":-34.3941096,"longitude":-70.7812736}
2024-11-06 15:45:02.984 10003-13191 OpenGLRenderer          com.allride.buses                    I  Davey! duration=9223201509023ms; Flags=0, FrameTimelineVsyncId=11808933, IntendedVsync=170527831012304, Vsync=170527831012304, InputEventId=0, HandleInputStart=170527833114062, AnimationStart=170527833116614, PerformTraversalsStart=170527833210625, DrawStart=170527833326094, FrameDeadline=170527864345636, FrameInterval=170527833104583, FrameStartTime=16666666, SyncQueued=170527833435208, SyncStart=170527833947969, IssueDrawCommandsStart=170527834360729, SwapBuffers=170527838151823, FrameCompleted=9223372036854775807, DequeueBufferDuration=29479, QueueBufferDuration=2301771, GpuCompleted=9223372036854775807, SwapBuffersCompleted=170527841244739, DisplayPresentTime=0, 
2024-11-06 15:45:03.320 10003-10017 OpenGLRenderer          com.allride.buses                    I  Davey! duration=9223201508689ms; Flags=0, FrameTimelineVsyncId=11808973, IntendedVsync=170528165121551, Vsync=170528165121551, InputEventId=0, HandleInputStart=170528167758281, AnimationStart=170528167761718, PerformTraversalsStart=170528167873750, DrawStart=170528168051510, FrameDeadline=170528198454883, FrameInterval=170528167748385, FrameStartTime=16666666, SyncQueued=170528168184218, SyncStart=170528168711145, IssueDrawCommandsStart=170528169136250, SwapBuffers=170528172116145, FrameCompleted=9223372036854775807, DequeueBufferDuration=26823, QueueBufferDuration=1248438, GpuCompleted=9223372036854775807, SwapBuffersCompleted=170528176770052, DisplayPresentTime=0, 
2024-11-06 15:45:04.838 10003-10003 TripService             com.allride.buses                    D  Sending event 'newPosition' socket: 82398486-3ab8-4689-a7e9-5593766847cf - [-34.3941095,-70.7812733]
2024-11-06 15:45:07.857 10003-593   ActiveDepa...eViewModel com.allride.buses                    D  SocketClient - newDriverPosition: {"departureId":"672bb82bc47c9d1520d08ab0","routeId":"66954794b24db9885e5aed7e","location":{"latitude":-34.3941095,"longitude":-70.7812733},"speed":0.009874123,"source":null,"continuous":false,"plate":"MORISC","busId":"MORISC","serviceDate":"2024-11-06T21:00:00.000Z","code":"171222","driverName":"Conductor Super Comunidad","color":"2E7D32"}
2024-11-06 15:45:07.955 10003-594   ActiveDepa...eViewModel com.allride.buses                    D  SocketClient - newPosition : {"latitude":-34.3941095,"longitude":-70.7812733}
2024-11-06 15:45:07.998 10003-13191 OpenGLRenderer          com.allride.buses                    I  Davey! duration=9223201504010ms; Flags=0, FrameTimelineVsyncId=11809531, IntendedVsync=170532842846113, Vsync=170532842846113, InputEventId=0, HandleInputStart=170532843534321, AnimationStart=170532843539842, PerformTraversalsStart=170532843652029, DrawStart=170532843818800, FrameDeadline=170532876179445, FrameInterval=170532843522550, FrameStartTime=16666666, SyncQueued=170532843996612, SyncStart=170532845362133, IssueDrawCommandsStart=170532846045310, SwapBuffers=170532854851196, FrameCompleted=9223372036854775807, DequeueBufferDuration=53385, QueueBufferDuration=2425000, GpuCompleted=9223372036854775807, SwapBuffersCompleted=170532857958592, DisplayPresentTime=0, 
2024-11-06 15:45:08.314 10003-10017 OpenGLRenderer          com.allride.buses                    I  Davey! duration=9223201503693ms; Flags=0, FrameTimelineVsyncId=11809569, IntendedVsync=170533160741857, Vsync=170533160741857, InputEventId=0, HandleInputStart=170533162685935, AnimationStart=170533162689269, PerformTraversalsStart=170533162789998, DrawStart=170533162913539, FrameDeadline=170533194075189, FrameInterval=170533162676196, FrameStartTime=16666666, SyncQueued=170533163025935, SyncStart=170533163521664, IssueDrawCommandsStart=170533163837341, SwapBuffers=170533167849321, FrameCompleted=9223372036854775807, DequeueBufferDuration=31250, QueueBufferDuration=2582760, GpuCompleted=9223372036854775807, SwapBuffersCompleted=170533172246300, DisplayPresentTime=0, 
2024-11-06 15:45:08.369 10003-562   AllRideDepartureService com.allride.buses                    I  Response Code > 200
2024-11-06 15:45:08.369 10003-562   AllRideDepartureService com.allride.buses                    I  URL > Request{method=POST, url=http://bryan-testing.loca.lt/api/v2/pb/driver/departure/stop, tags={class retrofit2.Invocation=com.allride.buses.api.AllRideAPI.sendStopDeparture() [com.allride.buses.api.AllRideAPI$EndDepartureData@fb95acb]}}
2024-11-06 15:45:08.393 10003-10003 ActiveDepa...eViewModel com.allride.buses                    D  Success stopDeparture 672bb82bc47c9d1520d08ab0
2024-11-06 15:45:08.393 10003-10003 DepartureRealm          com.allride.buses                    I  update 672bb82bc47c9d1520d08ab0
2024-11-06 15:45:08.420 10003-10003 MapActivity             com.allride.buses                    D  ActiveDepartureViewModel capacity 0
2024-11-06 15:45:08.425 10003-10003 ActiveDepa...eViewModel com.allride.buses                    D  typeMap null
2024-11-06 15:45:08.425 10003-10003 MapActivity             com.allride.buses                    D  ActiveDepartureViewModel typeMap loading
2024-11-06 15:45:08.427 10003-10003 ActiveDepa...eViewModel com.allride.buses                    D  currentStop departure IS NULL
2024-11-06 15:45:08.435 10003-10003 ActiveDepa...eViewModel com.allride.buses                    D  stopDeparture
2024-11-06 15:45:08.438 10003-10003 TripService             com.allride.buses                    I  Stopping service
2024-11-06 15:45:08.438 10003-10003 SocketClient            com.allride.buses                    I  STOPPING SOCKET
2024-11-06 15:45:08.453 10003-10003 ActiveDepa...eViewModel com.allride.buses                    D  stopDeparture getLinkTripAt: 
2024-11-06 15:45:08.453 10003-10003 connectionService       com.allride.buses                    D  Pre getStatisticsDeparture: 672bb82bc47c9d1520d08ab0
2024-11-06 15:45:08.460 10003-596   AllRideOAuth2Service    com.allride.buses                    I  getAccessToken 7742e7445d1c8aaf3e61c8d77c089717175d49edeae4b9c503995923b5667f74fc119c0b7a8504e12f510066246105efc2fa453b47d32d6baba016e1a92e8248
2024-11-06 15:45:08.514 10003-10003 TripService             com.allride.buses                    D  onDestroy
2024-11-06 15:45:08.515 10003-10003 TripService             com.allride.buses                    D  Success unregisterReceiver socketUpdateReceiver
2024-11-06 15:45:08.530 10003-10038 SessionLifecycleClient  com.allride.buses                    D  Sending lifecycle 2 to service
2024-11-06 15:45:08.531 10003-10071 SessionLifecycleService com.allride.buses                    D  Activity backgrounding at 170533398
2024-11-06 15:45:08.697 10003-10003 SocketClient            com.allride.buses                    I  STOPPING SOCKET
2024-11-06 15:45:08.846 10003-10003 MainActivityViewModel   com.allride.buses                    D  FirebaseMessaging getInstance
2024-11-06 15:45:08.849 10003-10003 SingleShot...leProvider com.allride.buses                    D  requestSingleUpdate
2024-11-06 15:45:08.850 10003-10003 MainActivityViewModel   com.allride.buses                    D  checkOnlineDataAsync
2024-11-06 15:45:08.852 10003-12308 MainActivityViewModel   com.allride.buses                    D  onlineDataAsyncList getAuthMe
2024-11-06 15:45:08.853 10003-10003 MapsInitializer         com.allride.buses                    D  preferredRenderer: null
2024-11-06 15:45:08.853 10003-10003 zzcc                    com.allride.buses                    D  preferredRenderer: null
2024-11-06 15:45:08.855 10003-31450 MainActivityViewModel   com.allride.buses                    D  onlineDataAsyncList getRoutes
2024-11-06 15:45:08.855 10003-31450 MainActivityViewModel   com.allride.buses                    D  onlineDataAsyncList getAllVehicles
2024-11-06 15:45:08.855 10003-31452 MainActivityViewModel   com.allride.buses                    E  Error getDeparturesNotAssigned: startUnassignedDeparture is null
2024-11-06 15:45:08.856 10003-611   MainActivityViewModel   com.allride.buses                    D  onlineDataAsyncList getDeparturesAssignedToMe
2024-11-06 15:45:08.857 10003-10003 Google Android Maps SDK com.allride.buses                    I  Google Play services package version: 244336029
2024-11-06 15:45:08.857 10003-10003 Google Android Maps SDK com.allride.buses                    I  Google Play services maps renderer version(maps_core): 243625202
2024-11-06 15:45:08.859 10003-31451 MainActivityViewModel   com.allride.buses                    D  onlineDataAsyncList internalRoutes
2024-11-06 15:45:08.859 10003-12305 MainActivityViewModel   com.allride.buses                    D  onlineDataAsyncList getDrivers
2024-11-06 15:45:08.859 10003-609   MainActivityViewModel   com.allride.buses                    D  onlineDataAsyncList getAllRideConfig
2024-11-06 15:45:08.907 10003-10003 ProxyAndro...gerBackend com.allride.buses                    W  Too many Flogger logs received before configuration. Dropping old logs.
2024-11-06 15:45:08.910 10003-10003 ProxyAndro...gerBackend com.allride.buses                    W  Too many Flogger logs received before configuration. Dropping old logs.
2024-11-06 15:45:08.911 10003-10003 ProxyAndro...gerBackend com.allride.buses                    W  Too many Flogger logs received before configuration. Dropping old logs.
2024-11-06 15:45:08.913 10003-620   ProxyAndro...gerBackend com.allride.buses                    W  Too many Flogger logs received before configuration. Dropping old logs.
2024-11-06 15:45:08.915 10003-10003 ProxyAndro...gerBackend com.allride.buses                    W  Too many Flogger logs received before configuration. Dropping old logs.
2024-11-06 15:45:08.916 10003-10003 ProxyAndro...gerBackend com.allride.buses                    W  Too many Flogger logs received before configuration. Dropping old logs.
2024-11-06 15:45:08.916 10003-10003 ProxyAndro...gerBackend com.allride.buses                    W  Too many Flogger logs received before configuration. Dropping old logs.
2024-11-06 15:45:08.918 10003-10003 ProxyAndro...gerBackend com.allride.buses                    W  Too many Flogger logs received before configuration. Dropping old logs.
2024-11-06 15:45:08.919 10003-10003 ProxyAndro...gerBackend com.allride.buses                    W  Too many Flogger logs received before configuration. Dropping old logs.
2024-11-06 15:45:08.919 10003-10003 ProxyAndro...gerBackend com.allride.buses                    W  Too many Flogger logs received before configuration. Dropping old logs.
2024-11-06 15:45:08.920 10003-10003 ProxyAndro...gerBackend com.allride.buses                    W  Too many Flogger logs received before configuration. Dropping old logs.
2024-11-06 15:45:08.934 10003-619   ProxyAndro...gerBackend com.allride.buses                    W  Too many Flogger logs received before configuration. Dropping old logs.
2024-11-06 15:45:08.993 10003-10003 FlexibleFragment        com.allride.buses                    D  setupTabLayout
2024-11-06 15:45:09.006 10003-10003 FlexibleFragment        com.allride.buses                    D  departuresPending null
2024-11-06 15:45:09.009 10003-10003 MainActivity            com.allride.buses                    D  setupBroadcastReceiver
2024-11-06 15:45:09.009 10003-10003 connectionService       com.allride.buses                    D  checkConnectivity: true
2024-11-06 15:45:09.009 10003-10003 connectionService       com.allride.buses                    D  sendNotifyConnectivity true
2024-11-06 15:45:09.014 10003-620   ProxyAndro...gerBackend com.allride.buses                    W  Too many Flogger logs received before configuration. Dropping old logs.
2024-11-06 15:45:09.014 10003-620   ProxyAndro...gerBackend com.allride.buses                    W  Too many Flogger logs received before configuration. Dropping old logs.
2024-11-06 15:45:09.028 10003-10003 connectionService       com.allride.buses                    D  checkInMain false
2024-11-06 15:45:09.047 10003-10003 connectionService       com.allride.buses                    D  checkPendingOfflineSync false false true
2024-11-06 15:45:09.047 10003-10003 connectionService       com.allride.buses                    D  sendNotifyPendingOfflineSync true - 
2024-11-06 15:45:09.048 10003-10003 connectionService       com.allride.buses                    I  checkSyncOffline current 'departure' : [offline=false, validations=false, images=false, departure=true, deviceHistory=true, driverMuc=false]
2024-11-06 15:45:09.048 10003-10003 connectionService       com.allride.buses                    I  checkOnlineDataAsync
2024-11-06 15:45:09.048 10003-10003 connectionService       com.allride.buses                    I  checkOnlineDataAsync dataAsyncList is empty
2024-11-06 15:45:09.048 10003-10003 MainActivity            com.allride.buses                    D  Success registerReceiver setupBroadcastReceiver
2024-11-06 15:45:09.051 10003-10003 Utils                   com.allride.buses                    D  startConnectivityService is exits - MainActivity
2024-11-06 15:45:09.051 10003-10003 connectionService       com.allride.buses                    D  checkConnectivity: true
2024-11-06 15:45:09.051 10003-10003 connectionService       com.allride.buses                    D  sendNotifyConnectivity true
2024-11-06 15:45:09.051 10003-10038 SessionLifecycleClient  com.allride.buses                    D  Sending lifecycle 1 to service
2024-11-06 15:45:09.051 10003-631   AllRideOAuth2Service    com.allride.buses                    I  getAccessToken 7742e7445d1c8aaf3e61c8d77c089717175d49edeae4b9c503995923b5667f74fc119c0b7a8504e12f510066246105efc2fa453b47d32d6baba016e1a92e8248
2024-11-06 15:45:09.052 10003-10071 SessionLifecycleService com.allride.buses                    D  Activity foregrounding at 170533919.
2024-11-06 15:45:09.077 10003-10003 connectionService       com.allride.buses                    D  checkInMain false
2024-11-06 15:45:09.078 10003-10003 connectionService       com.allride.buses                    I  checkSyncOffline exit for loadingCheckOnlineData and skipLoading
2024-11-06 15:45:09.078 10003-10003 connectionService       com.allride.buses                    I  checkOnlineDataAsync
2024-11-06 15:45:09.078 10003-10003 connectionService       com.allride.buses                    I  checkOnlineDataAsync dataAsyncList is empty
2024-11-06 15:45:09.087 10003-621   ProxyAndro...gerBackend com.allride.buses                    W  Too many Flogger logs received before configuration. Dropping old logs.
2024-11-06 15:45:09.087 10003-621   ProxyAndro...gerBackend com.allride.buses                    W  Too many Flogger logs received before configuration. Dropping old logs.
2024-11-06 15:45:09.090 10003-10003 TripService             com.allride.buses                    D  Start Command null with stop
2024-11-06 15:45:09.092 10003-10003 TripService             com.allride.buses                    I  Stopping service
2024-11-06 15:45:09.095 10003-10003 FlexibleFragment        com.allride.buses                    D  departuresPending [com.allride.buses.data.models.PBDeparture@151be21, com.allride.buses.data.models.PBDeparture@6423246, com.allride.buses.data.models.PBDeparture@da4ec07]
2024-11-06 15:45:09.098 10003-10003 MainActivityViewModel   com.allride.buses                    D  Success getInstance token: cZqGZs1HSv2--p--f3y9S4:APA91bGr6nFu_P7Eed5MUKs-uD2Y2CdabCp6QmOJvyFniCu2QWa1tuFZoFIXDfOTR0gbrV88qQrF0C8JIOzKUnuVtKs3ePDwxucydilPdQl_F-kvJg4ULSs
2024-11-06 15:45:09.099 10003-10003 AsapService             com.allride.buses                    D  Start Command null
2024-11-06 15:45:09.099 10003-10003 AsapService             com.allride.buses                    D  stopService
2024-11-06 15:45:09.099 10003-10003 SocketClientAsap        com.allride.buses                    D  STOPPING SOCKET
2024-11-06 15:45:09.100 10003-612   DeviceRepository        com.allride.buses                    D  updateDriverDevice: {"appVersion":"112","brand":"motorola","build":"112","deviceId":"59a91635-f07d-4a02-9973-0f839298096e","lang":"es","manufacturer":"motorola","model":"moto g71 5G","notificationToken":"cZqGZs1HSv2--p--f3y9S4:APA91bGr6nFu_P7Eed5MUKs-uD2Y2CdabCp6QmOJvyFniCu2QWa1tuFZoFIXDfOTR0gbrV88qQrF0C8JIOzKUnuVtKs3ePDwxucydilPdQl_F-kvJg4ULSs","token":"cZqGZs1HSv2--p--f3y9S4:APA91bGr6nFu_P7Eed5MUKs-uD2Y2CdabCp6QmOJvyFniCu2QWa1tuFZoFIXDfOTR0gbrV88qQrF0C8JIOzKUnuVtKs3ePDwxucydilPdQl_F-kvJg4ULSs"}
2024-11-06 15:45:09.102 10003-10003 AsapService             com.allride.buses                    D  Stopping service
2024-11-06 15:45:09.104 10003-10003 SingleShot...leProvider com.allride.buses                    D  requestSingleUpdate addOnSuccessListener
2024-11-06 15:45:09.106 10003-634   AllRideOAuth2Service    com.allride.buses                    I  getAccessToken 7742e7445d1c8aaf3e61c8d77c089717175d49edeae4b9c503995923b5667f74fc119c0b7a8504e12f510066246105efc2fa453b47d32d6baba016e1a92e8248
2024-11-06 15:45:09.107 10003-633   AllRideOAuth2Service    com.allride.buses                    I  getAccessToken 7742e7445d1c8aaf3e61c8d77c089717175d49edeae4b9c503995923b5667f74fc119c0b7a8504e12f510066246105efc2fa453b47d32d6baba016e1a92e8248
2024-11-06 15:45:09.109 10003-635   AllRideOAuth2Service    com.allride.buses                    I  getAccessToken 7742e7445d1c8aaf3e61c8d77c089717175d49edeae4b9c503995923b5667f74fc119c0b7a8504e12f510066246105efc2fa453b47d32d6baba016e1a92e8248
2024-11-06 15:45:09.110 10003-632   AllRideOAuth2Service    com.allride.buses                    I  getAccessToken 7742e7445d1c8aaf3e61c8d77c089717175d49edeae4b9c503995923b5667f74fc119c0b7a8504e12f510066246105efc2fa453b47d32d6baba016e1a92e8248
2024-11-06 15:45:09.114 10003-10003 MapActivity             com.allride.buses                    D  setupBroadcastReceiver onReceive connectivity true
2024-11-06 15:45:09.128 10003-10003 MainActivity            com.allride.buses                    D  setupBroadcastReceiver onReceive connectivity true
2024-11-06 15:45:09.128 10003-10003 MainActivityViewModel   com.allride.buses                    D  checkOnlineDataAsync
2024-11-06 15:45:09.128 10003-10003 MapActivity             com.allride.buses                    D  setupBroadcastReceiver onReceive pendingOfflineSync true
2024-11-06 15:45:09.129 10003-10003 MainActivity            com.allride.buses                    D  setupBroadcastReceiver onReceive pendingOfflineSync true
2024-11-06 15:45:09.129 10003-10003 MapActivity             com.allride.buses                    D  setupBroadcastReceiver onReceive connectivity true
2024-11-06 15:45:09.130 10003-10003 MainActivity            com.allride.buses                    D  setupBroadcastReceiver onReceive connectivity true
2024-11-06 15:45:09.130 10003-10003 MainActivityViewModel   com.allride.buses                    D  checkOnlineDataAsync
2024-11-06 15:45:09.132 10003-638   MainActivityViewModel   com.allride.buses                    D  onlineDataAsyncList getDeparturesNotAssigned
2024-11-06 15:45:09.256 10003-10003 TripService             com.allride.buses                    D  onDestroy
2024-11-06 15:45:09.256 10003-10003 TripService             com.allride.buses                    D  Success unregisterReceiver socketUpdateReceiver
2024-11-06 15:45:09.320 10003-10003 MapActivity             com.allride.buses                    D  onStop
2024-11-06 15:45:09.320 10003-10003 MapActivity             com.allride.buses                    D  Success unregisterReceiver setupBroadcastReceiver
2024-11-06 15:45:09.325 10003-10003 ActiveDepa...eViewModel com.allride.buses                    D  onCleared
2024-11-06 15:45:09.325 10003-10003 ActiveDepa...eViewModel com.allride.buses                    D  Success unregisterReceiver socketUpdateReceiver
2024-11-06 15:45:09.325 10003-10003 ActiveDepa...eViewModel com.allride.buses                    D  Success unregisterReceiver setupBroadcastReceiver
2024-11-06 15:45:09.326 10003-13194 TextToSpeech            com.allride.buses                    I  Disconnected from TTS engine
2024-11-06 15:45:09.327 10003-10003 Google Android Maps SDK com.allride.buses                    D  For capability in capabilities, log:
                                                                                                    "AdvancedMarkers: false: Capabilities unavailable without a Map ID."Data-driven styling: false
2024-11-06 15:45:09.347 10003-10003 ProxyAndro...gerBackend com.allride.buses                    W  Too many Flogger logs received before configuration. Dropping old logs.
2024-11-06 15:45:09.348 10003-10003 ProxyAndro...gerBackend com.allride.buses                    W  Too many Flogger logs received before configuration. Dropping old logs.
2024-11-06 15:45:09.348 10003-10003 ProxyAndro...gerBackend com.allride.buses                    W  Too many Flogger logs received before configuration. Dropping old logs.
2024-11-06 15:45:09.348 10003-10003 ProxyAndro...gerBackend com.allride.buses                    W  Too many Flogger logs received before configuration. Dropping old logs.
2024-11-06 15:45:09.349 10003-10003 ProxyAndro...gerBackend com.allride.buses                    W  Too many Flogger logs received before configuration. Dropping old logs.
2024-11-06 15:45:09.349 10003-10003 ProxyAndro...gerBackend com.allride.buses                    W  Too many Flogger logs received before configuration. Dropping old logs.
2024-11-06 15:45:09.349 10003-10003 ProxyAndro...gerBackend com.allride.buses                    W  Too many Flogger logs received before configuration. Dropping old logs.
2024-11-06 15:45:09.775 10003-596   AllRideOAuth2Service    com.allride.buses                    I  Response Code > 200 - Request > Request{method=GET, url=http://bryan-testing.loca.lt/api/v2/pb/driver/departure/end/statistics/672bb82bc47c9d1520d08ab0, tags={class retrofit2.Invocation=com.allride.buses.api.AllRideAPI.getStatisticsDeparture() [672bb82bc47c9d1520d08ab0]}}
2024-11-06 15:45:09.784 10003-650   AllRideOAuth2Service    com.allride.buses                    I  getAccessToken 7742e7445d1c8aaf3e61c8d77c089717175d49edeae4b9c503995923b5667f74fc119c0b7a8504e12f510066246105efc2fa453b47d32d6baba016e1a92e8248
2024-11-06 15:45:09.786 10003-639   connectionService       com.allride.buses                    D  Success getStatisticsDeparture: 672bb82bc47c9d1520d08ab0
2024-11-06 15:45:10.256 10003-631   AllRideOAuth2Service    com.allride.buses                    I  Response Code > 410 - Request > Request{method=GET, url=http://bryan-testing.loca.lt/api/v2/pb/driver/departures/current, tags={class retrofit2.Invocation=com.allride.buses.api.AllRideAPI.getCurrentDeparture() []}}
2024-11-06 15:45:10.260 10003-596   AllRideOAuth2Service    com.allride.buses                    I  getAccessToken 7742e7445d1c8aaf3e61c8d77c089717175d49edeae4b9c503995923b5667f74fc119c0b7a8504e12f510066246105efc2fa453b47d32d6baba016e1a92e8248
2024-11-06 15:45:10.260 10003-639   connectionService       com.allride.buses                    E  Error getCurrentDeparture: HTTP 410 Gone
2024-11-06 15:45:10.265 10003-639   connectionService       com.allride.buses                    I  HttpException getCurrentDeparture: no_active_departure - no_active_departure
2024-11-06 15:45:10.276 10003-639   SocketClient            com.allride.buses                    I  STOPPING SOCKET
2024-11-06 15:45:10.295 10003-639   connectionService       com.allride.buses                    D  checkPendingOfflineSync false false true
2024-11-06 15:45:10.295 10003-639   connectionService       com.allride.buses                    D  sendNotifyPendingOfflineSync true - 
2024-11-06 15:45:10.295 10003-10003 MainActivity            com.allride.buses                    D  setupBroadcastReceiver onReceive pendingOfflineSync true
2024-11-06 15:45:10.295 10003-639   connectionService       com.allride.buses                    I  checkSyncOffline current 'deviceHistory' : [offline=false, validations=false, images=false, departure=false, deviceHistory=true, driverMuc=false]
2024-11-06 15:45:10.843 10003-633   AllRideOAuth2Service    com.allride.buses                    I  Response Code > 200 - Request > Request{method=GET, url=http://bryan-testing.loca.lt/api/v1/pb/provider/me, tags={class retrofit2.Invocation=com.allride.buses.api.AllRideAPI.getAuthMe() []}}
2024-11-06 15:45:10.864 10003-10003 MainActivityViewModel   com.allride.buses                    D  Success getAuthMe - {"auth":{"accessToken":"7742e7445d1c8aaf3e61c8d77c089717175d49edeae4b9c503995923b5667f74fc119c0b7a8504e12f510066246105efc2fa453b47d32d6baba016e1a92e8248","active":true,"canCreateRoutes":false,"canReleaseReservations":true,"code":"159159","communities":["653fd601f90509541a748683","6654ae4eba54fe502d4e4187"],"communityId":"653fd601f90509541a748683","config":{"autoLogout":{"enabled":false,"enum":"afterDepartureEnd","timer":{"amount":0,"unit":"minutes"}}},"device":{"accessToken":"","build":"","communityId":"","_id":"","model":"moto g71 5G","notificationToken":"","superCommunityId":""},"email":"nicolas+conductorsc1@allrideapp.com","hasToChangePassword":false,"_id":"668309b8bb41bfd79a461dc3","name":"Conductor Super Comunidad","refreshToken":"","rtlToken":"331b37b0a93386f65d6dbe4efcf300d1ef89ef322d7bd5e3aaad1efef7db0e04f5644499b1fd9bb76c32d36c4751ade9d3425aaa09205976061925e270775888","superCommunities":["653fd68233d83952fafcd4be"],"superCommunityId":"653fd68233d83952fafcd4be"},"type":"driver"}
2024-11-06 15:45:10.864 10003-10003 Utils                   com.allride.buses                    D  Crashlytics custom keys set successfully
2024-11-06 15:45:10.955 10003-632   AllRideOAuth2Service    com.allride.buses                    I  Response Code > 200 - Request > Request{method=PUT, url=http://bryan-testing.loca.lt/api/v1/pb/provider/update, tags={class retrofit2.Invocation=com.allride.buses.api.AllRideAPI.updateProviderDevice() [com.allride.buses.api.AllRideAPI$DeviceData@81df4b1]}}
2024-11-06 15:45:10.957 10003-631   AllRideOAuth2Service    com.allride.buses                    I  getAccessToken 7742e7445d1c8aaf3e61c8d77c089717175d49edeae4b9c503995923b5667f74fc119c0b7a8504e12f510066246105efc2fa453b47d32d6baba016e1a92e8248
2024-11-06 15:45:10.959 10003-10003 MainActivityViewModel   com.allride.buses                    D  Success updateProviderDevice: {"accessToken":"7742e7445d1c8aaf3e61c8d77c089717175d49edeae4b9c503995923b5667f74fc119c0b7a8504e12f510066246105efc2fa453b47d32d6baba016e1a92e8248","build":"","communities":["653fd601f90509541a748683","6654ae4eba54fe502d4e4187"],"communityId":"653fd601f90509541a748683","_id":"668309b8bb41bfd79a461dc3","model":"","notificationToken":"","rtlToken":"331b37b0a93386f65d6dbe4efcf300d1ef89ef322d7bd5e3aaad1efef7db0e04f5644499b1fd9bb76c32d36c4751ade9d3425aaa09205976061925e270775888","superCommunityId":"653fd68233d83952fafcd4be"}
2024-11-06 15:45:11.456 10003-635   AllRideOAuth2Service    com.allride.buses                    I  Response Code > 200 - Request > Request{method=GET, url=http://bryan-testing.loca.lt/api/v1/pb/provider/vehicles, tags={class retrofit2.Invocation=com.allride.buses.api.AllRideAPI.getAllVehicles() []}}
2024-11-06 15:45:11.490 10003-634   AllRideOAuth2Service    com.allride.buses                    I  Response Code > 200 - Request > Request{method=GET, url=http://bryan-testing.loca.lt/api/v2/pb/driver/internal, tags={class retrofit2.Invocation=com.allride.buses.api.AllRideAPI.getCommunityRoutesInternal() []}}
2024-11-06 15:45:11.494 10003-632   AllRideOAuth2Service    com.allride.buses                    I  getAccessToken 7742e7445d1c8aaf3e61c8d77c089717175d49edeae4b9c503995923b5667f74fc119c0b7a8504e12f510066246105efc2fa453b47d32d6baba016e1a92e8248
2024-11-06 15:45:11.497 10003-10003 MainActivityViewModel   com.allride.buses                    D  Success getCommunityRoutesInternal: 0
2024-11-06 15:45:11.876 10003-634   AllRideOAuth2Service    com.allride.buses                    I  getAccessToken 7742e7445d1c8aaf3e61c8d77c089717175d49edeae4b9c503995923b5667f74fc119c0b7a8504e12f510066246105efc2fa453b47d32d6baba016e1a92e8248
2024-11-06 15:45:11.878 10003-10003 MainActivityViewModel   com.allride.buses                    D  Success getAllVehicles: 15
2024-11-06 15:45:12.297 10003-10032 SessionLifecycleClient  com.allride.buses                    D  Sending lifecycle 2 to service
2024-11-06 15:45:12.297 10003-10071 SessionLifecycleService com.allride.buses                    D  Activity backgrounding at 170537164
2024-11-06 15:45:12.486 10003-10038 SessionLifecycleClient  com.allride.buses                    D  Sending lifecycle 1 to service
2024-11-06 15:45:12.487 10003-10071 SessionLifecycleService com.allride.buses                    D  Activity foregrounding at 170537354.
2024-11-06 15:45:12.546 10003-13191 OpenGLRenderer          com.allride.buses                    I  Davey! duration=9223201499618ms; Flags=1, FrameTimelineVsyncId=11810035, IntendedVsync=170537236632244, Vsync=170537353298906, InputEventId=0, HandleInputStart=170537360622184, AnimationStart=170537360623225, PerformTraversalsStart=170537360632965, DrawStart=170537391552496, FrameDeadline=170537253298910, FrameInterval=170537360617809, FrameStartTime=16666666, SyncQueued=170537391815673, SyncStart=170537391894996, IssueDrawCommandsStart=170537392032444, SwapBuffers=170537402677965, FrameCompleted=9223372036854775807, DequeueBufferDuration=14010, QueueBufferDuration=561042, GpuCompleted=9223372036854775807, SwapBuffersCompleted=170537403585986, DisplayPresentTime=0, 
2024-11-06 15:45:12.769 10003-596   AllRideOAuth2Service    com.allride.buses                    I  Response Code > 200 - Request > Request{method=GET, url=http://bryan-testing.loca.lt/api/v1/services/config, tags={class retrofit2.Invocation=com.allride.buses.api.AllRideAPI.getAllRideConfig() []}}
2024-11-06 15:45:12.951 10003-10003 MainActivity            com.allride.buses                    D  Success unregisterReceiver setupBroadcastReceiver
2024-11-06 15:45:14.090 10003-632   AllRideOAuth2Service    com.allride.buses                    I  Response Code > 200 - Request > Request{method=GET, url=http://bryan-testing.loca.lt/api/v1/pb/provider/driver/653fd68233d83952fafcd4be, tags={class retrofit2.Invocation=com.allride.buses.api.AllRideAPI.getCommunityDrivers() [653fd68233d83952fafcd4be]}}
2024-11-06 15:45:14.096 10003-635   AllRideOAuth2Service    com.allride.buses                    I  getAccessToken 7742e7445d1c8aaf3e61c8d77c089717175d49edeae4b9c503995923b5667f74fc119c0b7a8504e12f510066246105efc2fa453b47d32d6baba016e1a92e8248
2024-11-06 15:45:14.098 10003-10003 MainActivityViewModel   com.allride.buses                    D  Success getCommunityDrivers: 11 drivers
2024-11-06 15:45:14.334 10003-10003 MainActivityViewModel   com.allride.buses                    D  Success getAllRideConfig: {"details":{"avatar":"https://s3.amazonaws.com/allride.uploads/communityAvatar_653fd601f90509541a748683_1699885119125.png","communities":[],"country":"cl","_id":"653fd601f90509541a748683","name":"Pruebas Automatización"},"general":{"hidePersonalInfoForSC":false,"use24hFormat":true},"_id":"1","privateBus":{"driverApp":{"visibleCode":"plate"},"driverCanCreateRoutes":true,"emergencyCallSettings":{"enabled":true},"internalLegs":{"enabled":true},"internalRoutes":{"enabled":false},"oDDServices":[{"enabled":true,"hideEstimatedTimes":false,"icon":"https://s3.amazonaws.com/allride.odd.icons/odd_buses_icon.jpg","legOptions":[{"customParamsAtStart":{"enabled":false,"params":[]},"customParamsAtTheEnd":{"enabled":false,"params":[]},"legType":"service","preTripChecklist":{"enabled":false,"params":[]},"startConditions":{"location":{"enabled":false,"stopIds":["657b1eb82dce4d35c8fdd306"],"type":"away"},"schedule":{"amount":0,"enabled":false,"unit":"minutes"}}}],"minimumConfirmationTime":{"amount":1,"enabled":false,"unit":"hours"},"name":"Taxis Coni y Nico","startLimit":{"amount":1,"enabled":false,"unit":"hours"}}],"odd":{"enabled":false,"hideEstimatedTimes":false,"legOptions":[],"minimumConfirmationTime":{"amount":1,"enabled":false,"unit":"hours"},"name":"","startLimit":{"amount":1,"enabled":false,"unit":"hours"}},"passengerList":{"data":{"community":false,"fullName":false,"phone":false,"validationParam":false},"enabled":false},"scheduling":{"enabled":true,"hideEstimatedTimes":false,"legOptions":[],"minimumConfirmationTime":{"amount":3,"enabled":true,"unit":"hours"},"name":"","startLimit":{"amount":1,"enabled":false,"unit":"hours"}},"showUserCustomParams":{"enabled":false},"startUnassignedDeparture":true,"usesPin":false,"validation":{"DNIValidation":{"enabled":true},"allowsStatic":true,"bCValidation":{"enabled":true,"field":"rut"},"customQRValidation":{"enabled":true,"field":"rut"},"customValidation":{"dataType":"text","description":"rut","enabled":true,"name":"rut"},"dailyLimit":{"allowsSkip":false,"amount":1,"enabled":false,"time":0,"userSkip":[]},"departureLimit":{"allowsSkip":false,"amount":0,"enabled":false,"time":0,"userSkip":[]},"enabled":true,"external":[],"secureNFCValidation":{"enabled":false},"timeLimit":{"allowsSkip":false,"amount":1,"enabled":false,"time":5,"unit":"seconds","userSkip":[]},"timestamp":{"allowsSkip":false,"amount":0,"enabled":false,"time":0,"userSkip":[]},"usesInternalNFC":true,"usesTickets":true,"validationToken":"morita123"}}}
2024-11-06 15:45:14.616 10003-635   AllRideOAuth2Service    com.allride.buses                    I  Response Code > 502 - Request > Request{method=POST, url=http://bryan-testing.loca.lt/api/v2/pb/driver/departure/device/history, tags={class retrofit2.Invocation=com.allride.buses.api.AllRideAPI.saveDeviceHistoryConnection() [com.allride.buses.api.AllRideAPI$HistoryUse@bd57adf]}}
2024-11-06 15:45:14.621 10003-612   connectionService       com.allride.buses                    E  Error saveDeviceHistoryConnection: HTTP 502 Bad Gateway
2024-11-06 15:45:14.621 10003-612   connectionService       com.allride.buses                    E  JSONException saveDeviceHistoryConnection: Value <html> of type java.lang.String cannot be converted to JSONObject
2024-11-06 15:45:15.377 10003-10003 InputMethodManager      com.allride.buses                    D  showSoftInput() view=com.google.android.material.textfield.TextInputEditText{4f941e2 VFED..CL. .F.P..ID 0,0-891,146 #7f0903f2 app:id/searchRoute aid=1073741824} flags=0 reason=SHOW_SOFT_INPUT
2024-11-06 15:45:15.406 10003-10003 AssistStructure         com.allride.buses                    I  Flattened final assist data: 3240 bytes, containing 1 windows, 20 views
2024-11-06 15:45:16.633 10003-10038 SessionLifecycleClient  com.allride.buses                    D  Sending lifecycle 2 to service
2024-11-06 15:45:16.633 10003-10071 SessionLifecycleService com.allride.buses                    D  Activity backgrounding at 170541501
2024-11-06 15:45:16.719 10003-10003 InsetsController        com.allride.buses                    D  show(ime(), fromIme=true)
2024-11-06 15:45:16.757 10003-10003 InputMethodManager      com.allride.buses                    D  showSoftInput() view=com.google.android.material.textfield.TextInputEditText{4f941e2 VFED..CL. .F.P.... 0,0-891,146 #7f0903f2 app:id/searchRoute aid=1073741824} flags=0 reason=SHOW_SOFT_INPUT
2024-11-06 15:45:16.772 10003-634   AllRideOAuth2Service    com.allride.buses                    I  Response Code > 200 - Request > Request{method=GET, url=http://bryan-testing.loca.lt/api/v2/pb/driver/services/routes, tags={class retrofit2.Invocation=com.allride.buses.api.AllRideAPI.getDeparturesNotAssigned() []}}
2024-11-06 15:45:16.783 10003-650   AllRideOAuth2Service    com.allride.buses                    I  Response Code > 200 - Request > Request{method=GET, url=http://bryan-testing.loca.lt/api/v2/pb/driver/departures/oddAndScheduled, tags={class retrofit2.Invocation=com.allride.buses.api.AllRideAPI.getDeparturesAssignedToMe() []}}
2024-11-06 15:45:16.827 10003-10003 InsetsController        com.allride.buses                    D  show(ime(), fromIme=true)
2024-11-06 15:45:17.187 10003-10003 MainActivityViewModel   com.allride.buses                    D  Success getDeparturesAssignedToMe: accepted 0 - pending 3 | [{"active":false,"boardings":0,"busCode":"","canResume":false,"capacity":-1,"communities":["653fd601f90509541a748683"],"communityId":"653fd601f90509541a748683","createdAt":"Oct 20, 2024 8:51:07 PM","direction":"","driverId":"668309b8bb41bfd79a461dc3","drivers":[],"enabledSeats":[],"estimatedDistance":0,"_id":"6715976b958fe7447012a753","internal":false,"legs":[],"name":"","odd":false,"oddType":"","previouslyActive":false,"reservations":[],"rounds":0,"routeId":"66a7f1ee62c957614888477f","scheduled":true,"serviceDate":"Nov 8, 2024 4:47:00 PM","startCapacity":-1,"state":"pending","superCommunityId":"653fd68233d83952fafcd4be","tickets":0,"token":"","unboardings":0,"vehicleId":""},{"active":false,"boardings":0,"busCode":"","canResume":false,"capacity":-1,"communities":["653fd601f90509541a748683"],"communityId":"653fd601f90509541a748683","createdAt":"Oct 23, 2024 12:10:32 PM","direction":"","driverId":"668309b8bb41bfd79a461dc3","drivers":[],"enabledSeats":[],"estimatedDistance":0,"_id":"671911e8acb3ff4bdfbfe8f0","internal":false,"legs":[],"name":"","odd":false,"oddType":"","previouslyActive":false,"reservations":[],"rounds":0,"routeId":"66a7f1ee62c957614888477f","scheduled":true,"serviceDate":"Nov 15, 2024 4:47:00 PM","startCapacity":-1,"state":"pending","superCommunityId":"653fd68233d83952fafcd4be","tickets":0,"token":"","unboardings":0,"vehicleId":""},{"active":false,"boardings":0,"busCode":"","canResume":false,"capacity":-1,"communities":["653fd601f90509541a748683"],"communityId":"653fd601f90509541a748683","createdAt":"Nov 3, 2024 8:50:33 PM","direction":"","driverId":"668309b8bb41bfd79a461dc3","drivers":[],"enabledSeats":[],"estimatedDistance":0,"_id":"67280c49b9c266680a13ffe4","internal":false,"legs":[],"name":"","odd":false,"oddType":"","previouslyActive":false,"reservations":[],"rounds":0,"routeId":"66a7f1ee62c957614888477f","scheduled":true,"serviceDate":"Nov 22, 2024 4:47:00 PM","startCapacity":-1,"state":"pending","superCommunityId":"653fd68233d83952fafcd4be","tickets":0,"token":"","unboardings":0,"vehicleId":""}]
2024-11-06 15:45:17.190 10003-10003 MainActivityViewModel   com.allride.buses                    D  Success getDeparturesNotAssigned: 39
2024-11-06 15:45:18.078 10003-10036 SessionLifecycleClient  com.allride.buses                    D  Sending lifecycle 1 to service
2024-11-06 15:45:18.079 10003-10071 SessionLifecycleService com.allride.buses                    D  Activity foregrounding at 170542946.
2024-11-06 15:45:18.194 10003-10003 InsetsController        com.allride.buses                    D  show(ime(), fromIme=true)
2024-11-06 15:45:18.299 10003-631   AllRideOAuth2Service    com.allride.buses                    I  Response Code > 200 - Request > Request{method=GET, url=http://bryan-testing.loca.lt/api/v1/pb/provider/routes/653fd68233d83952fafcd4be, tags={class retrofit2.Invocation=com.allride.buses.api.AllRideAPI.getCommunityRoutes() [653fd68233d83952fafcd4be]}}
2024-11-06 15:45:18.526 10003-10003 InputMethodManager      com.allride.buses                    D  showSoftInput() view=com.google.android.material.textfield.TextInputEditText{4f941e2 VFED..CL. .F.P.... 0,0-891,146 #7f0903f2 app:id/searchRoute aid=1073741824} flags=0 reason=SHOW_SOFT_INPUT
2024-11-06 15:45:18.535 10003-10003 InsetsController        com.allride.buses                    D  show(ime(), fromIme=true)
2024-11-06 15:45:20.036 10003-10003 MainActivityViewModel   com.allride.buses                    D  Success getCommunityRoutes: 246
2024-11-06 15:45:20.966 10003-10042 SessionLifecycleClient  com.allride.buses                    D  Sending lifecycle 2 to service
2024-11-06 15:45:20.967 10003-10071 SessionLifecycleService com.allride.buses                    D  Activity backgrounding at 170545834
2024-11-06 15:45:21.056 10003-10003 FlexibleFragment        com.allride.buses                    D  departuresPending [com.allride.buses.data.models.PBDeparture@b579add, com.allride.buses.data.models.PBDeparture@96a7652, com.allride.buses.data.models.PBDeparture@7cd8d23]
2024-11-06 15:45:21.059 10003-10003 MainActivity            com.allride.buses                    D  setupBroadcastReceiver
2024-11-06 15:45:21.059 10003-10003 connectionService       com.allride.buses                    D  checkConnectivity: true
2024-11-06 15:45:21.059 10003-10003 connectionService       com.allride.buses                    D  sendNotifyConnectivity true
2024-11-06 15:45:21.077 10003-10003 connectionService       com.allride.buses                    D  checkInMain false
2024-11-06 15:45:21.096 10003-10003 connectionService       com.allride.buses                    D  checkPendingOfflineSync false false true
2024-11-06 15:45:21.096 10003-10003 connectionService       com.allride.buses                    D  sendNotifyPendingOfflineSync true - 
2024-11-06 15:45:21.096 10003-10003 connectionService       com.allride.buses                    I  checkSyncOffline current 'deviceHistory' : [offline=false, validations=false, images=false, departure=false, deviceHistory=true, driverMuc=false]
2024-11-06 15:45:21.096 10003-10003 connectionService       com.allride.buses                    I  checkOnlineDataAsync
2024-11-06 15:45:21.096 10003-10003 connectionService       com.allride.buses                    I  checkOnlineDataAsync dataAsyncList is empty
2024-11-06 15:45:21.096 10003-10003 MainActivity            com.allride.buses                    D  Success registerReceiver setupBroadcastReceiver
2024-11-06 15:45:21.098 10003-10003 Utils                   com.allride.buses                    D  startConnectivityService is exits - MainActivity
2024-11-06 15:45:21.099 10003-10003 connectionService       com.allride.buses                    D  checkConnectivity: true
2024-11-06 15:45:21.099 10003-10003 connectionService       com.allride.buses                    D  sendNotifyConnectivity true
2024-11-06 15:45:21.100 10003-10038 SessionLifecycleClient  com.allride.buses                    D  Sending lifecycle 1 to service
2024-11-06 15:45:21.100 10003-10071 SessionLifecycleService com.allride.buses                    D  Activity foregrounding at 170545968.
2024-11-06 15:45:21.103 10003-631   AllRideOAuth2Service    com.allride.buses                    I  getAccessToken 7742e7445d1c8aaf3e61c8d77c089717175d49edeae4b9c503995923b5667f74fc119c0b7a8504e12f510066246105efc2fa453b47d32d6baba016e1a92e8248
2024-11-06 15:45:21.118 10003-10003 connectionService       com.allride.buses                    D  checkInMain false
2024-11-06 15:45:21.118 10003-10003 connectionService       com.allride.buses                    I  checkSyncOffline exit for loadingCheckOnlineData and skipLoading
2024-11-06 15:45:21.118 10003-10003 connectionService       com.allride.buses                    I  checkOnlineDataAsync
