2024-11-06 15:45:21.118 10003-10003 connectionService       com.allride.buses                    I  checkOnlineDataAsync dataAsyncList is empty
2024-11-06 15:45:21.125 10003-10003 FutureServ...apFragment com.allride.buses                    D  Success displayBounds: 39
2024-11-06 15:45:21.166 10003-10038 SessionLifecycleClient  com.allride.buses                    D  Sending lifecycle 2 to service
2024-11-06 15:45:21.166 10003-10071 SessionLifecycleService com.allride.buses                    D  Activity backgrounding at 170546034
2024-11-06 15:45:21.183 10003-10003 MainActivity            com.allride.buses                    D  setupBroadcastReceiver onReceive connectivity true
2024-11-06 15:45:21.183 10003-10003 MainActivityViewModel   com.allride.buses                    D  checkOnlineDataAsync
2024-11-06 15:45:21.183 10003-10003 MainActivity            com.allride.buses                    D  setupBroadcastReceiver onReceive pendingOfflineSync true
2024-11-06 15:45:21.183 10003-10003 MainActivity            com.allride.buses                    D  setupBroadcastReceiver onReceive connectivity true
2024-11-06 15:45:21.183 10003-10003 MainActivityViewModel   com.allride.buses                    D  checkOnlineDataAsync
2024-11-06 15:45:21.273 10003-10042 SessionLifecycleClient  com.allride.buses                    D  Sending lifecycle 1 to service
2024-11-06 15:45:21.274 10003-10071 SessionLifecycleService com.allride.buses                    D  Activity foregrounding at 170546141.
2024-11-06 15:45:21.314 10003-10003 MainActivity            com.allride.buses                    D  Success unregisterReceiver setupBroadcastReceiver
2024-11-06 15:45:21.365 10003-10003 IInputConnectionWrapper com.allride.buses                    W  requestCursorAnchorInfo on inactive InputConnection
2024-11-06 15:45:22.396 10003-631   AllRideOAuth2Service    com.allride.buses                    I  Response Code > 200 - Request > Request{method=POST, url=http://bryan-testing.loca.lt/api/v2/pb/driver/departure/device/history, tags={class retrofit2.Invocation=com.allride.buses.api.AllRideAPI.saveDeviceHistoryConnection() [com.allride.buses.api.AllRideAPI$HistoryUse@f8a0ce1]}}
2024-11-06 15:45:22.433 10003-12305 connectionService       com.allride.buses                    D  checkPendingOfflineSync false false true
2024-11-06 15:45:22.433 10003-12305 connectionService       com.allride.buses                    D  sendNotifyPendingOfflineSync true - 
2024-11-06 15:45:22.433 10003-12305 connectionService       com.allride.buses                    I  checkSyncOffline dataList isEmpty
2024-11-06 15:45:22.433 10003-12305 connectionService       com.allride.buses                    D  Success saveDeviceHistoryConnection: 1
2024-11-06 15:45:22.924 10003-10042 SessionLifecycleClient  com.allride.buses                    D  Sending lifecycle 2 to service
2024-11-06 15:45:22.924 10003-10071 SessionLifecycleService com.allride.buses                    D  Activity backgrounding at 170547792
2024-11-06 15:45:22.965 10003-10003 Utils                   com.allride.buses                    D  getCommunityFirst auth {"accessToken":"7742e7445d1c8aaf3e61c8d77c089717175d49edeae4b9c503995923b5667f74fc119c0b7a8504e12f510066246105efc2fa453b47d32d6baba016e1a92e8248","active":true,"canCreateRoutes":false,"canReleaseReservations":true,"code":"159159","communities":["653fd601f90509541a748683","6654ae4eba54fe502d4e4187"],"communityId":"653fd601f90509541a748683","config":{"autoLogout":{"enabled":false,"enum":"afterDepartureEnd","timer":{"amount":0,"unit":"minutes"}}},"device":{"accessToken":"","build":"","communities":[],"communityId":"","_id":"","model":"moto g71 5G","notificationToken":"","superCommunityId":""},"email":"nicolas+conductorsc1@allrideapp.com","hasToChangePassword":false,"_id":"668309b8bb41bfd79a461dc3","name":"Conductor Super Comunidad","refreshToken":"","rtlToken":"331b37b0a93386f65d6dbe4efcf300d1ef89ef322d7bd5e3aaad1efef7db0e04f5644499b1fd9bb76c32d36c4751ade9d3425aaa09205976061925e270775888","superCommunities":["653fd68233d83952fafcd4be"],"superCommunityId":"653fd68233d83952fafcd4be"}
2024-11-06 15:45:22.965 10003-10003 Utils                   com.allride.buses                    D  getCommunityFirst routeId 66954794b24db9885e5aed7e
2024-11-06 15:45:22.970 10003-10003 Utils                   com.allride.buses                    D  getCommunityFirst 1 - 6654ae4eba54fe502d4e4187 : Comunidad Automatización 2
2024-11-06 15:45:22.970 10003-10003 MainActivity            com.allride.buses                    D  onStartTrip route 66954794b24db9885e5aed7e - departureId  - community 6654ae4eba54fe502d4e4187
2024-11-06 15:45:22.970 10003-10003 MainActivity            com.allride.buses                    D  onStartTrip onShowDialogService: true - true - true
2024-11-06 15:45:22.970 10003-10003 MainActivity            com.allride.buses                    D  onShowDialogServiceOnlyRoute: routeId 66954794b24db9885e5aed7e - departureId 
2024-11-06 15:45:23.110 10003-12305 DialogInte...tDeparture com.allride.buses                    D  Pre getVehicles: routeId 66954794b24db9885e5aed7e
2024-11-06 15:45:23.118 10003-631   AllRideOAuth2Service    com.allride.buses                    I  getAccessToken 7742e7445d1c8aaf3e61c8d77c089717175d49edeae4b9c503995923b5667f74fc119c0b7a8504e12f510066246105efc2fa453b47d32d6baba016e1a92e8248
2024-11-06 15:45:23.134 10003-10003 MainActivity            com.allride.buses                    D  setupBroadcastReceiver
2024-11-06 15:45:23.134 10003-10003 connectionService       com.allride.buses                    D  checkConnectivity: true
2024-11-06 15:45:23.134 10003-10003 connectionService       com.allride.buses                    D  sendNotifyConnectivity true
2024-11-06 15:45:23.150 10003-10003 connectionService       com.allride.buses                    D  checkInMain false
2024-11-06 15:45:23.162 10003-10003 connectionService       com.allride.buses                    D  checkPendingOfflineSync false false true
2024-11-06 15:45:23.162 10003-10003 connectionService       com.allride.buses                    D  sendNotifyPendingOfflineSync true - 
2024-11-06 15:45:23.162 10003-10003 connectionService       com.allride.buses                    I  checkSyncOffline current 'departure' : [offline=false, validations=false, images=false, departure=true, deviceHistory=false, driverMuc=false]
2024-11-06 15:45:23.162 10003-10003 connectionService       com.allride.buses                    I  checkOnlineDataAsync
2024-11-06 15:45:23.162 10003-10003 connectionService       com.allride.buses                    I  checkOnlineDataAsync dataAsyncList is empty
2024-11-06 15:45:23.162 10003-10003 MainActivity            com.allride.buses                    D  Success registerReceiver setupBroadcastReceiver
2024-11-06 15:45:23.163 10003-10003 Utils                   com.allride.buses                    D  startConnectivityService is exits - MainActivity
2024-11-06 15:45:23.163 10003-10003 connectionService       com.allride.buses                    D  checkConnectivity: true
2024-11-06 15:45:23.163 10003-10003 connectionService       com.allride.buses                    D  sendNotifyConnectivity true
2024-11-06 15:45:23.165 10003-10032 SessionLifecycleClient  com.allride.buses                    D  Sending lifecycle 1 to service
2024-11-06 15:45:23.165 10003-634   AllRideOAuth2Service    com.allride.buses                    I  getAccessToken 7742e7445d1c8aaf3e61c8d77c089717175d49edeae4b9c503995923b5667f74fc119c0b7a8504e12f510066246105efc2fa453b47d32d6baba016e1a92e8248
2024-11-06 15:45:23.165 10003-10071 SessionLifecycleService com.allride.buses                    D  Activity foregrounding at 170548032.
2024-11-06 15:45:23.178 10003-10003 connectionService       com.allride.buses                    D  checkInMain false
2024-11-06 15:45:23.178 10003-10003 connectionService       com.allride.buses                    I  checkSyncOffline exit for loadingCheckOnlineData and skipLoading
2024-11-06 15:45:23.178 10003-10003 connectionService       com.allride.buses                    I  checkOnlineDataAsync
2024-11-06 15:45:23.178 10003-10003 connectionService       com.allride.buses                    I  checkOnlineDataAsync dataAsyncList is empty
2024-11-06 15:45:23.180 10003-10003 FutureServ...apFragment com.allride.buses                    D  Success displayBounds: 39
2024-11-06 15:45:23.217 10003-13191 OpenGLRenderer          com.allride.buses                    I  Davey! duration=2203ms; Flags=1, FrameTimelineVsyncId=11810871, IntendedVsync=170545874096113, Vsync=170545990762775, InputEventId=0, HandleInputStart=170546001774107, AnimationStart=170546001775722, PerformTraversalsStart=170546002106607, DrawStart=170546018544159, FrameDeadline=170545907429445, FrameInterval=170546001770149, FrameStartTime=16666666, SyncQueued=170546023078014, SyncStart=170546023189732, IssueDrawCommandsStart=170546023598691, SwapBuffers=170546026586764, FrameCompleted=170548077280617, DequeueBufferDuration=14323, QueueBufferDuration=1535781, GpuCompleted=170548077280617, SwapBuffersCompleted=170546028450670, DisplayPresentTime=0, 
2024-11-06 15:45:23.236 10003-10003 MainActivity            com.allride.buses                    D  setupBroadcastReceiver onReceive connectivity true
2024-11-06 15:45:23.236 10003-10003 MainActivityViewModel   com.allride.buses                    D  checkOnlineDataAsync
2024-11-06 15:45:23.236 10003-10003 MainActivity            com.allride.buses                    D  setupBroadcastReceiver onReceive pendingOfflineSync true
2024-11-06 15:45:23.237 10003-10003 MainActivity            com.allride.buses                    D  setupBroadcastReceiver onReceive connectivity true
2024-11-06 15:45:23.237 10003-10003 MainActivityViewModel   com.allride.buses                    D  checkOnlineDataAsync
2024-11-06 15:45:23.250 10003-1002  OpenGLRenderer          com.allride.buses                    I  Davey! duration=2103ms; Flags=0, FrameTimelineVsyncId=11810888, IntendedVsync=170546007751017, Vsync=170546041084349, InputEventId=0, HandleInputStart=170546057020670, AnimationStart=170546057021816, PerformTraversalsStart=170546057314472, DrawStart=170546060520149, FrameDeadline=170546057751015, FrameInterval=170546057016555, FrameStartTime=16666666, SyncQueued=170546060997753, SyncStart=170546062316503, IssueDrawCommandsStart=170546062530826, SwapBuffers=170546064833274, FrameCompleted=170548112602232, DequeueBufferDuration=18438, QueueBufferDuration=906770, GpuCompleted=170548112602232, SwapBuffersCompleted=170546066046764, DisplayPresentTime=0, 
2024-11-06 15:45:24.090 10003-10032 SessionLifecycleClient  com.allride.buses                    D  Sending lifecycle 2 to service
2024-11-06 15:45:24.091 10003-10071 SessionLifecycleService com.allride.buses                    D  Activity backgrounding at 170548958
2024-11-06 15:45:24.117 10003-10003 SingleShot...leProvider com.allride.buses                    D  requestSingleUpdate
2024-11-06 15:45:24.141 10003-10003 Utils                   com.allride.buses                    D  getCommunityFirst auth {"accessToken":"7742e7445d1c8aaf3e61c8d77c089717175d49edeae4b9c503995923b5667f74fc119c0b7a8504e12f510066246105efc2fa453b47d32d6baba016e1a92e8248","active":true,"canCreateRoutes":false,"canReleaseReservations":true,"code":"159159","communities":["653fd601f90509541a748683","6654ae4eba54fe502d4e4187"],"communityId":"653fd601f90509541a748683","config":{"autoLogout":{"enabled":false,"enum":"afterDepartureEnd","timer":{"amount":0,"unit":"minutes"}}},"device":{"accessToken":"","build":"","communities":[],"communityId":"","_id":"","model":"moto g71 5G","notificationToken":"","superCommunityId":""},"email":"nicolas+conductorsc1@allrideapp.com","hasToChangePassword":false,"_id":"668309b8bb41bfd79a461dc3","name":"Conductor Super Comunidad","refreshToken":"","rtlToken":"331b37b0a93386f65d6dbe4efcf300d1ef89ef322d7bd5e3aaad1efef7db0e04f5644499b1fd9bb76c32d36c4751ade9d3425aaa09205976061925e270775888","superCommunities":["653fd68233d83952fafcd4be"],"superCommunityId":"653fd68233d83952fafcd4be"}
2024-11-06 15:45:24.141 10003-10003 Utils                   com.allride.buses                    D  getCommunityFirst routeId 66954794b24db9885e5aed7e
2024-11-06 15:45:24.146 10003-10003 Utils                   com.allride.buses                    D  getCommunityFirst 1 - 6654ae4eba54fe502d4e4187 : Comunidad Automatización 2
2024-11-06 15:45:24.173 10003-650   AllRideOAuth2Service    com.allride.buses                    I  getAccessToken 7742e7445d1c8aaf3e61c8d77c089717175d49edeae4b9c503995923b5667f74fc119c0b7a8504e12f510066246105efc2fa453b47d32d6baba016e1a92e8248
2024-11-06 15:45:24.181 10003-635   AllRideOAuth2Service    com.allride.buses                    I  getAccessToken 7742e7445d1c8aaf3e61c8d77c089717175d49edeae4b9c503995923b5667f74fc119c0b7a8504e12f510066246105efc2fa453b47d32d6baba016e1a92e8248
2024-11-06 15:45:24.276 10003-10042 SessionLifecycleClient  com.allride.buses                    D  Sending lifecycle 1 to service
2024-11-06 15:45:24.277 10003-10071 SessionLifecycleService com.allride.buses                    D  Activity foregrounding at 170549144.
2024-11-06 15:45:24.283 10003-10003 SingleShot...leProvider com.allride.buses                    D  requestSingleUpdate addOnSuccessListener
2024-11-06 15:45:24.385 10003-634   AllRideOAuth2Service    com.allride.buses                    I  Response Code > 410 - Request > Request{method=GET, url=http://bryan-testing.loca.lt/api/v2/pb/driver/departures/current, tags={class retrofit2.Invocation=com.allride.buses.api.AllRideAPI.getCurrentDeparture() []}}
2024-11-06 15:45:24.388 10003-12305 connectionService       com.allride.buses                    E  Error getCurrentDeparture: HTTP 410 Gone
2024-11-06 15:45:24.388 10003-12305 connectionService       com.allride.buses                    I  HttpException getCurrentDeparture: no_active_departure - no_active_departure
2024-11-06 15:45:24.394 10003-12305 SocketClient            com.allride.buses                    I  STOPPING SOCKET
2024-11-06 15:45:24.413 10003-12305 connectionService       com.allride.buses                    D  checkPendingOfflineSync false false true
2024-11-06 15:45:24.413 10003-12305 connectionService       com.allride.buses                    D  sendNotifyPendingOfflineSync true - 
2024-11-06 15:45:24.413 10003-12305 connectionService       com.allride.buses                    I  checkSyncOffline dataList isEmpty
2024-11-06 15:45:24.413 10003-10003 MainActivity            com.allride.buses                    D  setupBroadcastReceiver onReceive pendingOfflineSync true
2024-11-06 15:45:24.764 10003-10003 MainActivity            com.allride.buses                    D  Success unregisterReceiver setupBroadcastReceiver
2024-11-06 15:45:25.776 10003-631   AllRideOAuth2Service    com.allride.buses                    I  Response Code > 200 - Request > Request{method=GET, url=http://bryan-testing.loca.lt/api/v1/pb/provider/vehicles/66954794b24db9885e5aed7e, tags={class retrofit2.Invocation=com.allride.buses.api.AllRideAPI.getVehicles() [66954794b24db9885e5aed7e]}}
2024-11-06 15:45:25.983 10003-12305 DialogInte...tDeparture com.allride.buses                    D  Success getVehicles: 3
2024-11-06 15:45:26.087 10003-635   AllRideOAuth2Service    com.allride.buses                    I  Response Code > 200 - Request > Request{method=GET, url=http://bryan-testing.loca.lt/api/v1/pb/provider/route/653fd68233d83952fafcd4be/66954794b24db9885e5aed7e, tags={class retrofit2.Invocation=com.allride.buses.api.AllRideAPI.getRoute() [653fd68233d83952fafcd4be, 66954794b24db9885e5aed7e]}}
2024-11-06 15:45:26.618 10003-10003 TripActivityViewModel   com.allride.buses                    D  Success getRoute: 66954794b24db9885e5aed7e
2024-11-06 15:45:26.872 10003-650   AllRideOAuth2Service    com.allride.buses                    I  Response Code > 200 - Request > Request{method=GET, url=http://bryan-testing.loca.lt/api/v1/pb/provider/vehicles/66954794b24db9885e5aed7e, tags={class retrofit2.Invocation=com.allride.buses.api.AllRideAPI.getVehicles() [66954794b24db9885e5aed7e]}}
2024-11-06 15:45:27.050 10003-10003 TripActivityViewModel   com.allride.buses                    D  Success getVehicles: 3
2024-11-06 15:45:27.950 10003-13191 OpenGLRenderer          com.allride.buses                    I  Davey! duration=9223201484096ms; Flags=0, FrameTimelineVsyncId=11811735, IntendedVsync=170552757829324, Vsync=170552757829324, InputEventId=0, HandleInputStart=170552773672230, AnimationStart=170552773674261, PerformTraversalsStart=170552773872490, DrawStart=170552803740407, FrameDeadline=170552774495990, FrameInterval=170552773665407, FrameStartTime=16666666, SyncQueued=170552805081136, SyncStart=170552805167907, IssueDrawCommandsStart=170552805276240, SwapBuffers=170552805919782, FrameCompleted=9223372036854775807, DequeueBufferDuration=16927, QueueBufferDuration=902292, GpuCompleted=9223372036854775807, SwapBuffersCompleted=170552807110563, DisplayPresentTime=0, 
2024-11-06 15:45:28.880 10003-13191 OpenGLRenderer          com.allride.buses                    I  Davey! duration=9223201483244ms; Flags=0, FrameTimelineVsyncId=11811796, IntendedVsync=170553609763736, Vsync=170553609763736, InputEventId=0, HandleInputStart=170553610232386, AnimationStart=170553610233323, PerformTraversalsStart=170553611105459, DrawStart=170553612910302, FrameDeadline=170553643097068, FrameInterval=170553610228740, FrameStartTime=16666666, SyncQueued=170553613212438, SyncStart=170553614011657, IssueDrawCommandsStart=170553614127386, SwapBuffers=170553739318844, FrameCompleted=9223372036854775807, DequeueBufferDuration=16458, QueueBufferDuration=860833, GpuCompleted=9223372036854775807, SwapBuffersCompleted=170553740525719, DisplayPresentTime=0, 
2024-11-06 15:45:29.806 10003-10003 TripActivityViewModel   com.allride.buses                    D  Pre startTrip: {"busCode":"171222","capacity":46,"communityId":"653fd68233d83952fafcd4be","driverCode":"159159","reason":"","routeId":"66954794b24db9885e5aed7e","shareToUsers":true,"startLat":-34.3941095,"startLon":-70.7812733,"vehicleId":"66830b98bb41bfd79a4620ac"}
2024-11-06 15:45:29.817 10003-650   AllRideOAuth2Service    com.allride.buses                    I  getAccessToken 7742e7445d1c8aaf3e61c8d77c089717175d49edeae4b9c503995923b5667f74fc119c0b7a8504e12f510066246105efc2fa453b47d32d6baba016e1a92e8248
2024-11-06 15:45:32.644 10003-650   AllRideOAuth2Service    com.allride.buses                    I  Response Code > 200 - Request > Request{method=POST, url=http://bryan-testing.loca.lt/api/v2/pb/driver/departure, tags={class retrofit2.Invocation=com.allride.buses.api.AllRideAPI.createDepartureNew() [com.allride.buses.api.AllRideAPI$CreateDepartureData@a17624e]}}
2024-11-06 15:45:32.663 10003-10003 TripActivityViewModel   com.allride.buses                    D  Response createDeparture: 672bb94bd65a933108549758
2024-11-06 15:45:32.670 10003-10003 DepartureRealm          com.allride.buses                    I  update 672bb94bd65a933108549758
2024-11-06 15:45:32.711 10003-10003 TripActivityViewModel   com.allride.buses                    D  Success createDeparture: 672bb94bd65a933108549758
2024-11-06 15:45:32.714 10003-10003 SocketClient            com.allride.buses                    D  initSocket null
2024-11-06 15:45:32.714 10003-10003 SocketClient            com.allride.buses                    D  http://bryan-testing.loca.lt/pbDriver
2024-11-06 15:45:32.715 10003-10003 SocketClient            com.allride.buses                    D  CONNECTING SOCKET token=39aeed431e03615419ae516a9df65d446aed3466f02d073b9c057400d3cce8dbdf3345c9e4b336c3015cd5a526a5cb2971c58527f4e983fda11150726c551b66
2024-11-06 15:45:32.765 10003-10003 TripService             com.allride.buses                    D  Start Command null
2024-11-06 15:45:32.765 10003-10003 TripService             com.allride.buses                    D  setupBroadcastReceiver
2024-11-06 15:45:32.765 10003-10003 TripService             com.allride.buses                    D  Success registerReceiver socketUpdateReceiver
2024-11-06 15:45:32.768 10003-10003 TripService             com.allride.buses                    D  Start Location com.allride.buses.services.TripService@86c6cd3
2024-11-06 15:45:32.768 10003-10003 TripService             com.allride.buses                    D  Sending event 'start' socket: null
2024-11-06 15:45:32.775 10003-10042 SessionLifecycleClient  com.allride.buses                    D  Sending lifecycle 2 to service
2024-11-06 15:45:32.776 10003-10071 SessionLifecycleService com.allride.buses                    D  Activity backgrounding at 170557642
2024-11-06 15:45:32.785 10003-10003 Google Android Maps SDK com.allride.buses                    D  For capability in capabilities, log:
                                                                                                    "AdvancedMarkers: false: Capabilities unavailable without a Map ID."Data-driven styling: false
2024-11-06 15:45:32.787 10003-10003 ProxyAndro...gerBackend com.allride.buses                    W  Too many Flogger logs received before configuration. Dropping old logs.
2024-11-06 15:45:32.824 10003-10003 MainActivity            com.allride.buses                    D  onDestroy
2024-11-06 15:45:32.846 10003-10003 MapsInitializer         com.allride.buses                    D  preferredRenderer: null
2024-11-06 15:45:32.846 10003-10003 zzcc                    com.allride.buses                    D  preferredRenderer: null
2024-11-06 15:45:32.849 10003-10003 Google Android Maps SDK com.allride.buses                    I  Google Play services package version: 244336029
2024-11-06 15:45:32.850 10003-10003 Google Android Maps SDK com.allride.buses                    I  Google Play services maps renderer version(maps_core): 243625202
2024-11-06 15:45:33.024 10003-10003 Utils                   com.allride.buses                    D  getCommunityFirst auth {"accessToken":"7742e7445d1c8aaf3e61c8d77c089717175d49edeae4b9c503995923b5667f74fc119c0b7a8504e12f510066246105efc2fa453b47d32d6baba016e1a92e8248","active":true,"canCreateRoutes":false,"canReleaseReservations":true,"code":"159159","communities":["653fd601f90509541a748683","6654ae4eba54fe502d4e4187"],"communityId":"653fd601f90509541a748683","config":{"autoLogout":{"enabled":false,"enum":"afterDepartureEnd","timer":{"amount":0,"unit":"minutes"}}},"device":{"accessToken":"","build":"","communities":[],"communityId":"","_id":"","model":"moto g71 5G","notificationToken":"","superCommunityId":""},"email":"nicolas+conductorsc1@allrideapp.com","hasToChangePassword":false,"_id":"668309b8bb41bfd79a461dc3","name":"Conductor Super Comunidad","refreshToken":"","rtlToken":"331b37b0a93386f65d6dbe4efcf300d1ef89ef322d7bd5e3aaad1efef7db0e04f5644499b1fd9bb76c32d36c4751ade9d3425aaa09205976061925e270775888","superCommunities":["653fd68233d83952fafcd4be"],"superCommunityId":"653fd68233d83952fafcd4be"}
2024-11-06 15:45:33.024 10003-10003 Utils                   com.allride.buses                    D  getCommunityFirst routeId 66954794b24db9885e5aed7e
2024-11-06 15:45:33.035 10003-10003 Utils                   com.allride.buses                    D  getCommunityFirst 1 - 6654ae4eba54fe502d4e4187 : Comunidad Automatización 2
2024-11-06 15:45:33.040 10003-10003 ActiveDepa...eViewModel com.allride.buses                    D  getVehicleName: MORISC
2024-11-06 15:45:33.045 10003-10003 ActiveDepa...eViewModel com.allride.buses                    D  configSocket
2024-11-06 15:45:33.046 10003-10003 ActiveDepa...eViewModel com.allride.buses                    D  Success registerReceiver setupBroadcastReceiver
2024-11-06 15:45:33.046 10003-10003 connectionService       com.allride.buses                    D  checkConnectivity: true
2024-11-06 15:45:33.046 10003-10003 connectionService       com.allride.buses                    D  sendNotifyConnectivity true
2024-11-06 15:45:33.061 10003-10003 connectionService       com.allride.buses                    D  checkInMap false
2024-11-06 15:45:33.075 10003-10003 connectionService       com.allride.buses                    D  checkPendingOfflineSync false false true
2024-11-06 15:45:33.075 10003-10003 connectionService       com.allride.buses                    D  sendNotifyPendingOfflineSync true - 
2024-11-06 15:45:33.075 10003-10003 connectionService       com.allride.buses                    I  checkSyncOffline current 'departure' : [offline=false, validations=false, images=false, departure=true, deviceHistory=false, driverMuc=false]
2024-11-06 15:45:33.075 10003-10003 connectionService       com.allride.buses                    I  checkOnlineDataAsync
2024-11-06 15:45:33.075 10003-10003 connectionService       com.allride.buses                    I  checkOnlineDataAsync dataAsyncList is empty
2024-11-06 15:45:33.076 10003-650   AllRideOAuth2Service    com.allride.buses                    I  getAccessToken 7742e7445d1c8aaf3e61c8d77c089717175d49edeae4b9c503995923b5667f74fc119c0b7a8504e12f510066246105efc2fa453b47d32d6baba016e1a92e8248
2024-11-06 15:45:33.103 10003-10003 TextToSpeech            com.allride.buses                    I  Sucessfully bound to com.google.android.tts
2024-11-06 15:45:33.103 10003-10003 ActiveDepa...eViewModel com.allride.buses                    D  dataAsyncList getTimeServer - list is [time, route, stopsOdd, users, auth]
2024-11-06 15:45:33.104 10003-10003 ActiveDepa...eViewModel com.allride.buses                    D  dataAsyncList getRoute - list is [time, route, stopsOdd, users, auth]
2024-11-06 15:45:33.104 10003-10003 UserRealm               com.allride.buses                    D  isWorking false
2024-11-06 15:45:33.104 10003-10003 ActiveDepa...eViewModel com.allride.buses                    D  dataAsyncList getCommunityUsers - list is [time, route, stopsOdd, users, auth]
2024-11-06 15:45:33.105 10003-10003 SocketClientAsap        com.allride.buses                    D  STOPPING SOCKET
2024-11-06 15:45:33.106 10003-633   AllRideOAuth2Service    com.allride.buses                    I  getAccessToken 7742e7445d1c8aaf3e61c8d77c089717175d49edeae4b9c503995923b5667f74fc119c0b7a8504e12f510066246105efc2fa453b47d32d6baba016e1a92e8248
2024-11-06 15:45:33.109 10003-10003 Utils                   com.allride.buses                    D  BroadcastReceiver registered successfully
2024-11-06 15:45:33.111 10003-1287  AllRideOAuth2Service    com.allride.buses                    I  getAccessToken 7742e7445d1c8aaf3e61c8d77c089717175d49edeae4b9c503995923b5667f74fc119c0b7a8504e12f510066246105efc2fa453b47d32d6baba016e1a92e8248
2024-11-06 15:45:33.112 10003-10003 MapActivity             com.allride.buses                    E  ADD HISTORY USE: BATTERY_OPTIMIZATION
2024-11-06 15:45:33.117 10003-635   AllRideOAuth2Service    com.allride.buses                    I  getAccessToken 7742e7445d1c8aaf3e61c8d77c089717175d49edeae4b9c503995923b5667f74fc119c0b7a8504e12f510066246105efc2fa453b47d32d6baba016e1a92e8248
2024-11-06 15:45:33.145 10003-10003 MapActivity             com.allride.buses                    E  ADD HISTORY USE: NO_TYPE_MOBILE_DATA
2024-11-06 15:45:33.178 10003-10003 MapActivity             com.allride.buses                    I  initViewModel
2024-11-06 15:45:33.202 10003-10003 ProxyAndro...gerBackend com.allride.buses                    W  Too many Flogger logs received before configuration. Dropping old logs.
2024-11-06 15:45:33.205 10003-10003 ProxyAndro...gerBackend com.allride.buses                    W  Too many Flogger logs received before configuration. Dropping old logs.
2024-11-06 15:45:33.206 10003-10003 ProxyAndro...gerBackend com.allride.buses                    W  Too many Flogger logs received before configuration. Dropping old logs.
2024-11-06 15:45:33.209 10003-1299  ProxyAndro...gerBackend com.allride.buses                    W  Too many Flogger logs received before configuration. Dropping old logs.
2024-11-06 15:45:33.209 10003-10003 ProxyAndro...gerBackend com.allride.buses                    W  Too many Flogger logs received before configuration. Dropping old logs.
2024-11-06 15:45:33.210 10003-1300  ProxyAndro...gerBackend com.allride.buses                    W  Too many Flogger logs received before configuration. Dropping old logs.
2024-11-06 15:45:33.211 10003-10003 ProxyAndro...gerBackend com.allride.buses                    W  Too many Flogger logs received before configuration. Dropping old logs.
2024-11-06 15:45:33.211 10003-10003 ProxyAndro...gerBackend com.allride.buses                    W  Too many Flogger logs received before configuration. Dropping old logs.
2024-11-06 15:45:33.217 10003-10003 ProxyAndro...gerBackend com.allride.buses                    W  Too many Flogger logs received before configuration. Dropping old logs.
2024-11-06 15:45:33.217 10003-10003 ProxyAndro...gerBackend com.allride.buses                    W  Too many Flogger logs received before configuration. Dropping old logs.
2024-11-06 15:45:33.227 10003-10003 MapActivity             com.allride.buses                    D  onStart
2024-11-06 15:45:33.229 10003-10003 ActiveDepa...eViewModel com.allride.buses                    D  onResumeMap
2024-11-06 15:45:33.229 10003-10003 MapActivity             com.allride.buses                    D  Success registerReceiver setupBroadcastReceiver
2024-11-06 15:45:33.229 10003-10003 connectionService       com.allride.buses                    D  checkConnectivity: true
2024-11-06 15:45:33.229 10003-10003 connectionService       com.allride.buses                    D  sendNotifyConnectivity true
2024-11-06 15:45:33.244 10003-10003 connectionService       com.allride.buses                    D  checkInMap exit for loadingCheckOnlineData
2024-11-06 15:45:33.244 10003-10003 ActiveDepa...eViewModel com.allride.buses                    D  typeMap com.allride.buses.data.models.PBDeparture@93e78b0
2024-11-06 15:45:33.244 10003-10003 MapActivity             com.allride.buses                    D  ActiveDepartureViewModel typeMap regular
2024-11-06 15:45:33.245 10003-10003 MapActivity             com.allride.buses                    D  ActiveDepartureViewModel capacity 46
2024-11-06 15:45:33.245 10003-10003 MapActivity             com.allride.buses                    D  ActiveDepartureViewModel capacityColor 2E7D32
2024-11-06 15:45:33.248 10003-10003 Utils                   com.allride.buses                    D  startConnectivityService is exits - MapActivity
2024-11-06 15:45:33.248 10003-10003 connectionService       com.allride.buses                    D  checkConnectivity: true
2024-11-06 15:45:33.248 10003-10003 connectionService       com.allride.buses                    D  sendNotifyConnectivity true
2024-11-06 15:45:33.249 10003-10036 SessionLifecycleClient  com.allride.buses                    D  Sending lifecycle 1 to service
2024-11-06 15:45:33.251 10003-10071 SessionLifecycleService com.allride.buses                    D  Activity foregrounding at 170558117.
2024-11-06 15:45:33.263 10003-10003 connectionService       com.allride.buses                    D  checkInMap exit for loadingCheckOnlineData
2024-11-06 15:45:33.282 10003-562   AllRideDepartureService com.allride.buses                    I  Departure token: 39aeed431e03615419ae516a9df65d446aed3466f02d073b9c057400d3cce8dbdf3345c9e4b336c3015cd5a526a5cb2971c58527f4e983fda11150726c551b66
2024-11-06 15:45:33.308 10003-1298  ProxyAndro...gerBackend com.allride.buses                    W  Too many Flogger logs received before configuration. Dropping old logs.
2024-11-06 15:45:33.308 10003-1298  ProxyAndro...gerBackend com.allride.buses                    W  Too many Flogger logs received before configuration. Dropping old logs.
2024-11-06 15:45:33.353 10003-10003 MapActivity             com.allride.buses                    D  setupBroadcastReceiver onReceive connectivity true
2024-11-06 15:45:33.357 10003-10003 MapActivity             com.allride.buses                    D  setupBroadcastReceiver onReceive connectivity true
2024-11-06 15:45:33.441 10003-10003 SocketClient            com.allride.buses                    D  initSocket null
2024-11-06 15:45:33.441 10003-10003 SocketClient            com.allride.buses                    D  http://bryan-testing.loca.lt/pbDriver
2024-11-06 15:45:33.443 10003-10003 SocketClient            com.allride.buses                    D  CONNECTING SOCKET token=39aeed431e03615419ae516a9df65d446aed3466f02d073b9c057400d3cce8dbdf3345c9e4b336c3015cd5a526a5cb2971c58527f4e983fda11150726c551b66
2024-11-06 15:45:33.445 10003-1299  ProxyAndro...gerBackend com.allride.buses                    W  Too many Flogger logs received before configuration. Dropping old logs.
2024-11-06 15:45:33.445 10003-1299  ProxyAndro...gerBackend com.allride.buses                    W  Too many Flogger logs received before configuration. Dropping old logs.
2024-11-06 15:45:33.460 10003-1298  ProxyAndro...gerBackend com.allride.buses                    W  Too many Flogger logs received before configuration. Dropping old logs.
2024-11-06 15:45:33.460 10003-1298  ProxyAndro...gerBackend com.allride.buses                    W  Too many Flogger logs received before configuration. Dropping old logs.
2024-11-06 15:45:33.468 10003-1300  ProxyAndro...gerBackend com.allride.buses                    W  Too many Flogger logs received before configuration. Dropping old logs.
2024-11-06 15:45:33.468 10003-1300  ProxyAndro...gerBackend com.allride.buses                    W  Too many Flogger logs received before configuration. Dropping old logs.
2024-11-06 15:45:33.509 10003-1299  ProxyAndro...gerBackend com.allride.buses                    W  Too many Flogger logs received before configuration. Dropping old logs.
2024-11-06 15:45:33.510 10003-1299  ProxyAndro...gerBackend com.allride.buses                    W  Too many Flogger logs received before configuration. Dropping old logs.
2024-11-06 15:45:33.542 10003-1298  ProxyAndro...gerBackend com.allride.buses                    W  Too many Flogger logs received before configuration. Dropping old logs.
2024-11-06 15:45:33.542 10003-1298  ProxyAndro...gerBackend com.allride.buses                    W  Too many Flogger logs received before configuration. Dropping old logs.
2024-11-06 15:45:33.545 10003-10009 m.allride.buse          com.allride.buses                    I  Background concurrent copying GC freed 17MB AllocSpace bytes, 81(3612KB) LOS objects, 33% free, 46MB/70MB, paused 292us,521us total 250.181ms
2024-11-06 15:45:33.551 10003-1300  ProxyAndro...gerBackend com.allride.buses                    W  Too many Flogger logs received before configuration. Dropping old logs.
2024-11-06 15:45:33.551 10003-1300  ProxyAndro...gerBackend com.allride.buses                    W  Too many Flogger logs received before configuration. Dropping old logs.
2024-11-06 15:45:33.559 10003-1299  ProxyAndro...gerBackend com.allride.buses                    W  Too many Flogger logs received before configuration. Dropping old logs.
2024-11-06 15:45:33.559 10003-1299  ProxyAndro...gerBackend com.allride.buses                    W  Too many Flogger logs received before configuration. Dropping old logs.
2024-11-06 15:45:33.582 10003-1298  ProxyAndro...gerBackend com.allride.buses                    W  Too many Flogger logs received before configuration. Dropping old logs.
2024-11-06 15:45:33.583 10003-1298  ProxyAndro...gerBackend com.allride.buses                    W  Too many Flogger logs received before configuration. Dropping old logs.
2024-11-06 15:45:33.585 10003-1300  ProxyAndro...gerBackend com.allride.buses                    W  Too many Flogger logs received before configuration. Dropping old logs.
2024-11-06 15:45:33.585 10003-1300  ProxyAndro...gerBackend com.allride.buses                    W  Too many Flogger logs received before configuration. Dropping old logs.
2024-11-06 15:45:33.593 10003-1299  ProxyAndro...gerBackend com.allride.buses                    W  Too many Flogger logs received before configuration. Dropping old logs.
2024-11-06 15:45:33.593 10003-1299  ProxyAndro...gerBackend com.allride.buses                    W  Too many Flogger logs received before configuration. Dropping old logs.
2024-11-06 15:45:33.601 10003-1298  ProxyAndro...gerBackend com.allride.buses                    W  Too many Flogger logs received before configuration. Dropping old logs.
2024-11-06 15:45:33.601 10003-1298  ProxyAndro...gerBackend com.allride.buses                    W  Too many Flogger logs received before configuration. Dropping old logs.
2024-11-06 15:45:33.603 10003-10011 PowerManager            com.allride.buses                    E  WakeLock finalized while still held: Buses::RTL
2024-11-06 15:45:33.614 10003-1300  ProxyAndro...gerBackend com.allride.buses                    W  Too many Flogger logs received before configuration. Dropping old logs.
2024-11-06 15:45:33.614 10003-1300  ProxyAndro...gerBackend com.allride.buses                    W  Too many Flogger logs received before configuration. Dropping old logs.
2024-11-06 15:45:33.622 10003-1299  ProxyAndro...gerBackend com.allride.buses                    W  Too many Flogger logs received before configuration. Dropping old logs.
2024-11-06 15:45:33.622 10003-1299  ProxyAndro...gerBackend com.allride.buses                    W  Too many Flogger logs received before configuration. Dropping old logs.
2024-11-06 15:45:33.630 10003-1298  ProxyAndro...gerBackend com.allride.buses                    W  Too many Flogger logs received before configuration. Dropping old logs.
2024-11-06 15:45:33.630 10003-1298  ProxyAndro...gerBackend com.allride.buses                    W  Too many Flogger logs received before configuration. Dropping old logs.
2024-11-06 15:45:33.636 10003-1300  ProxyAndro...gerBackend com.allride.buses                    W  Too many Flogger logs received before configuration. Dropping old logs.
2024-11-06 15:45:33.637 10003-1300  ProxyAndro...gerBackend com.allride.buses                    W  Too many Flogger logs received before configuration. Dropping old logs.
2024-11-06 15:45:33.641 10003-1299  ProxyAndro...gerBackend com.allride.buses                    W  Too many Flogger logs received before configuration. Dropping old logs.
2024-11-06 15:45:33.641 10003-1299  ProxyAndro...gerBackend com.allride.buses                    W  Too many Flogger logs received before configuration. Dropping old logs.
2024-11-06 15:45:33.646 10003-1298  ProxyAndro...gerBackend com.allride.buses                    W  Too many Flogger logs received before configuration. Dropping old logs.
2024-11-06 15:45:33.646 10003-1298  ProxyAndro...gerBackend com.allride.buses                    W  Too many Flogger logs received before configuration. Dropping old logs.
2024-11-06 15:45:33.648 10003-1298  ProxyAndro...gerBackend com.allride.buses                    W  Too many Flogger logs received before configuration. Dropping old logs.
2024-11-06 15:45:33.648 10003-1298  ProxyAndro...gerBackend com.allride.buses                    W  Too many Flogger logs received before configuration. Dropping old logs.
2024-11-06 15:45:33.651 10003-1298  ProxyAndro...gerBackend com.allride.buses                    W  Too many Flogger logs received before configuration. Dropping old logs.
2024-11-06 15:45:33.651 10003-1298  ProxyAndro...gerBackend com.allride.buses                    W  Too many Flogger logs received before configuration. Dropping old logs.
2024-11-06 15:45:33.657 10003-1300  ProxyAndro...gerBackend com.allride.buses                    W  Too many Flogger logs received before configuration. Dropping old logs.
2024-11-06 15:45:33.657 10003-1300  ProxyAndro...gerBackend com.allride.buses                    W  Too many Flogger logs received before configuration. Dropping old logs.
2024-11-06 15:45:33.675 10003-1299  ProxyAndro...gerBackend com.allride.buses                    W  Too many Flogger logs received before configuration. Dropping old logs.
2024-11-06 15:45:33.675 10003-1299  ProxyAndro...gerBackend com.allride.buses                    W  Too many Flogger logs received before configuration. Dropping old logs.
2024-11-06 15:45:33.764 10003-1299  ProxyAndro...gerBackend com.allride.buses                    W  Too many Flogger logs received before configuration. Dropping old logs.
2024-11-06 15:45:33.764 10003-1299  ProxyAndro...gerBackend com.allride.buses                    W  Too many Flogger logs received before configuration. Dropping old logs.
2024-11-06 15:45:33.774 10003-1298  ProxyAndro...gerBackend com.allride.buses                    W  Too many Flogger logs received before configuration. Dropping old logs.
2024-11-06 15:45:33.774 10003-1298  ProxyAndro...gerBackend com.allride.buses                    W  Too many Flogger logs received before configuration. Dropping old logs.
2024-11-06 15:45:33.785 10003-1300  ProxyAndro...gerBackend com.allride.buses                    W  Too many Flogger logs received before configuration. Dropping old logs.
2024-11-06 15:45:33.786 10003-1300  ProxyAndro...gerBackend com.allride.buses                    W  Too many Flogger logs received before configuration. Dropping old logs.
2024-11-06 15:45:33.808 10003-1299  ProxyAndro...gerBackend com.allride.buses                    W  Too many Flogger logs received before configuration. Dropping old logs.
2024-11-06 15:45:33.808 10003-1299  ProxyAndro...gerBackend com.allride.buses                    W  Too many Flogger logs received before configuration. Dropping old logs.
2024-11-06 15:45:33.809 10003-1304  ProxyAndro...gerBackend com.allride.buses                    W  Too many Flogger logs received before configuration. Dropping old logs.
2024-11-06 15:45:33.828 10003-1298  ProxyAndro...gerBackend com.allride.buses                    W  Too many Flogger logs received before configuration. Dropping old logs.
2024-11-06 15:45:33.829 10003-1298  ProxyAndro...gerBackend com.allride.buses                    W  Too many Flogger logs received before configuration. Dropping old logs.
2024-11-06 15:45:33.842 10003-1342  SocketClient            com.allride.buses                    D  Socket connect error
2024-11-06 15:45:34.134 10003-1002  TextToSpeech            com.allride.buses                    I  Connected to TTS engine
2024-11-06 15:45:34.173 10003-1232  TextToSpeech            com.allride.buses                    I  Setting up the connection to TTS engine...
2024-11-06 15:45:34.572 10003-562   AllRideDepartureService com.allride.buses                    I  Response Code > 200
2024-11-06 15:45:34.573 10003-562   AllRideDepartureService com.allride.buses                    I  URL > Request{method=GET, url=http://bryan-testing.loca.lt/api/v1/pb/provider/currentTime, tags={class retrofit2.Invocation=com.allride.buses.api.AllRideAPI.getTimeServer() []}}
2024-11-06 15:45:34.576 10003-10003 ActiveDepa...eViewModel com.allride.buses                    D  Success getTimeServer: "1730918734810"
2024-11-06 15:45:34.811 10003-1353  SocketClient            com.allride.buses                    D  Socket reconnecting
2024-11-06 15:45:34.823 10003-1287  AllRideOAuth2Service    com.allride.buses                    I  Response Code > 200 - Request > Request{method=GET, url=http://bryan-testing.loca.lt/api/v1/pb/provider/me, tags={class retrofit2.Invocation=com.allride.buses.api.AllRideAPI.getAuthMe() []}}
2024-11-06 15:45:34.828 10003-10003 ActiveDepa...eViewModel com.allride.buses                    D  Success getAuthMe - {"auth":{"accessToken":"7742e7445d1c8aaf3e61c8d77c089717175d49edeae4b9c503995923b5667f74fc119c0b7a8504e12f510066246105efc2fa453b47d32d6baba016e1a92e8248","active":true,"canCreateRoutes":false,"canReleaseReservations":true,"code":"159159","communities":["653fd601f90509541a748683","6654ae4eba54fe502d4e4187"],"communityId":"653fd601f90509541a748683","config":{"autoLogout":{"enabled":false,"enum":"afterDepartureEnd","timer":{"amount":0,"unit":"minutes"}}},"device":{"accessToken":"","build":"","communityId":"","_id":"","model":"moto g71 5G","notificationToken":"","superCommunityId":""},"email":"nicolas+conductorsc1@allrideapp.com","hasToChangePassword":false,"_id":"668309b8bb41bfd79a461dc3","name":"Conductor Super Comunidad","refreshToken":"","rtlToken":"331b37b0a93386f65d6dbe4efcf300d1ef89ef322d7bd5e3aaad1efef7db0e04f5644499b1fd9bb76c32d36c4751ade9d3425aaa09205976061925e270775888","superCommunities":["653fd68233d83952fafcd4be"],"superCommunityId":"653fd68233d83952fafcd4be"},"type":"driver"}
2024-11-06 15:45:35.009 10003-650   AllRideOAuth2Service    com.allride.buses                    I  Response Code > 200 - Request > Request{method=GET, url=http://bryan-testing.loca.lt/api/v2/pb/driver/departures/current, tags={class retrofit2.Invocation=com.allride.buses.api.AllRideAPI.getCurrentDeparture() []}}
2024-11-06 15:45:35.011 10003-1358  SocketClient            com.allride.buses                    D  Socket connect error
2024-11-06 15:45:35.019 10003-12305 connectionService       com.allride.buses                    D  Success getCurrentDeparture
2024-11-06 15:45:35.019 10003-12305 DepartureRealm          com.allride.buses                    I  update 672bb94bd65a933108549758
2024-11-06 15:45:35.046 10003-12305 connectionService       com.allride.buses                    D  sendUpdateDeparture
2024-11-06 15:45:35.047 10003-12305 connectionService       com.allride.buses                    D  startActivityMap
2024-11-06 15:45:35.049 10003-10003 ActiveDepa...eViewModel com.allride.buses                    D  typeMap com.allride.buses.data.models.PBDeparture@93c79ea
2024-11-06 15:45:35.049 10003-10003 MapActivity             com.allride.buses                    D  ActiveDepartureViewModel typeMap regular
2024-11-06 15:45:35.049 10003-10003 MapActivity             com.allride.buses                    D  ActiveDepartureViewModel capacity 46
2024-11-06 15:45:35.054 10003-10003 TripService             com.allride.buses                    D  socketUpdateReceiver onReceive UPDATE_DEPARTURE
2024-11-06 15:45:35.054 10003-10003 ActiveDepa...eViewModel com.allride.buses                    D  socketUpdateReceiver onReceive UPDATE_DEPARTURE
2024-11-06 15:45:35.054 10003-10003 ActiveDepa...eViewModel com.allride.buses                    D  socketUpdateReceiver onReceive UPDATE_DEPARTURE
2024-11-06 15:45:35.054 10003-10003 MapActivity             com.allride.buses                    D  setupBroadcastReceiver onReceive UPDATE_DEPARTURE false
2024-11-06 15:45:35.099 10003-12305 connectionService       com.allride.buses                    D  checkPendingOfflineSync false false true
2024-11-06 15:45:35.099 10003-12305 connectionService       com.allride.buses                    D  sendNotifyPendingOfflineSync true - 
2024-11-06 15:45:35.100 10003-10003 MapActivity             com.allride.buses                    D  setupBroadcastReceiver onReceive pendingOfflineSync true
2024-11-06 15:45:35.100 10003-12305 connectionService       com.allride.buses                    I  checkSyncOffline current 'deviceHistory' : [offline=false, validations=false, images=false, departure=false, deviceHistory=true, driverMuc=false]
2024-11-06 15:45:35.103 10003-650   AllRideOAuth2Service    com.allride.buses                    I  getAccessToken 7742e7445d1c8aaf3e61c8d77c089717175d49edeae4b9c503995923b5667f74fc119c0b7a8504e12f510066246105efc2fa453b47d32d6baba016e1a92e8248
2024-11-06 15:45:35.757 10003-635   AllRideOAuth2Service    com.allride.buses                    I  Response Code > 200 - Request > Request{method=GET, url=http://bryan-testing.loca.lt/api/v1/pb/provider/route/653fd68233d83952fafcd4be/66954794b24db9885e5aed7e, tags={class retrofit2.Invocation=com.allride.buses.api.AllRideAPI.getRoute() [653fd68233d83952fafcd4be, 66954794b24db9885e5aed7e]}}
2024-11-06 15:45:35.854 10003-1365  SocketClient            com.allride.buses                    D  Socket connected
2024-11-06 15:45:35.857 10003-10003 connectionService       com.allride.buses                    D  socketUpdateReceiver onReceive CONNECT true
2024-11-06 15:45:35.857 10003-10003 connectionService       com.allride.buses                    D  checkConnectivity: true
2024-11-06 15:45:35.857 10003-10003 connectionService       com.allride.buses                    D  sendNotifyConnectivity true
2024-11-06 15:45:35.911 10003-10003 connectionService       com.allride.buses                    D  checkInMap exit for loadingCheckOnlineData
2024-11-06 15:45:35.911 10003-10003 connectionService       com.allride.buses                    D  sendNotifyConnectivity true
2024-11-06 15:45:35.911 10003-10003 MapActivity             com.allride.buses                    D  setupBroadcastReceiver onReceive connectivity true
2024-11-06 15:45:35.919 10003-10003 MapActivity             com.allride.buses                    D  setupBroadcastReceiver onReceive connectivity true
2024-11-06 15:45:35.995 10003-10003 TripService             com.allride.buses                    E  Error send event 'newPosition' socket: sharingLocation true - socket false - [-34.394109,-70.7812725]
2024-11-06 15:45:35.995 10003-10003 TripService             com.allride.buses                    D  *** checkStopsLocally [-34.394109,-70.7812725] ***
2024-11-06 15:45:36.024 10003-10003 TripService             com.allride.buses                    D  Success checkStopsLocally routeId 66954794b24db9885e5aed7e - stops 2
2024-11-06 15:45:36.037 10003-10003 IStopCheckRealm         com.allride.buses                    D  Success create IStopCheck: stopId 6654d4c8713b9a5184cfe1df - insideFence true - distance 72.12449
2024-11-06 15:45:36.038 10003-10003 TripService             com.allride.buses                    I  >>> checkStopsLocally IN stop 6654d4c8713b9a5184cfe1df - distance 72.12449 <<<
2024-11-06 15:45:36.038 10003-10003 TripService             com.allride.buses                    D  socketUpdateReceiver onReceive newPosition
