2024-11-06 15:46:12.467 10003-1551  PipelineManager         com.allride.buses                    D  Start process YUV
2024-11-06 15:46:12.510 10003-1551  PipelineManager         com.allride.buses                    D  OCR process succeeded via visionkit pipeline.
2024-11-06 15:46:12.557 10003-1549  PipelineManager         com.allride.buses                    D  Start process YUV
2024-11-06 15:46:12.593 10003-1549  PipelineManager         com.allride.buses                    D  OCR process succeeded via visionkit pipeline.
2024-11-06 15:46:12.671 10003-1553  PipelineManager         com.allride.buses                    D  Start process YUV
2024-11-06 15:46:12.707 10003-1553  PipelineManager         com.allride.buses                    D  OCR process succeeded via visionkit pipeline.
2024-11-06 15:46:12.772 10003-1550  PipelineManager         com.allride.buses                    D  Start process YUV
2024-11-06 15:46:12.808 10003-1550  PipelineManager         com.allride.buses                    D  OCR process succeeded via visionkit pipeline.
2024-11-06 15:46:12.857 10003-1551  PipelineManager         com.allride.buses                    D  Start process YUV
2024-11-06 15:46:12.881 10003-1659  ActiveDepa...eViewModel com.allride.buses                    D  SocketClient - newDriverPosition: {"departureId":"672bb94bd65a933108549758","routeId":"66954794b24db9885e5aed7e","location":{"latitude":-34.3941108,"longitude":-70.7812747},"speed":2.904285E-6,"source":null,"continuous":false,"plate":"MORISC","busId":"MORISC","state":"service","code":"171222","driverName":"Conductor Super Comunidad","color":"2E7D32"}
2024-11-06 15:46:12.907 10003-1551  PipelineManager         com.allride.buses                    D  OCR process succeeded via visionkit pipeline.
2024-11-06 15:46:12.957 10003-1549  PipelineManager         com.allride.buses                    D  Start process YUV
2024-11-06 15:46:12.978 10003-1661  ActiveDepa...eViewModel com.allride.buses                    D  SocketClient - newPosition : {"latitude":-34.3941108,"longitude":-70.7812747}
2024-11-06 15:46:13.015 10003-1549  PipelineManager         com.allride.buses                    D  OCR process succeeded via visionkit pipeline.
2024-11-06 15:46:13.073 10003-1553  PipelineManager         com.allride.buses                    D  Start process YUV
2024-11-06 15:46:13.124 10003-1553  PipelineManager         com.allride.buses                    D  OCR process succeeded via visionkit pipeline.
2024-11-06 15:46:13.165 10003-1550  PipelineManager         com.allride.buses                    D  Start process YUV
2024-11-06 15:46:13.200 10003-1550  PipelineManager         com.allride.buses                    D  OCR process succeeded via visionkit pipeline.
2024-11-06 15:46:13.259 10003-1551  PipelineManager         com.allride.buses                    D  Start process YUV
2024-11-06 15:46:13.295 10003-1551  PipelineManager         com.allride.buses                    D  OCR process succeeded via visionkit pipeline.
2024-11-06 15:46:13.368 10003-1549  PipelineManager         com.allride.buses                    D  Start process YUV
2024-11-06 15:46:13.403 10003-1549  PipelineManager         com.allride.buses                    D  OCR process succeeded via visionkit pipeline.
2024-11-06 15:46:13.468 10003-1553  PipelineManager         com.allride.buses                    D  Start process YUV
2024-11-06 15:46:13.512 10003-1553  PipelineManager         com.allride.buses                    D  OCR process succeeded via visionkit pipeline.
2024-11-06 15:46:13.554 10003-1550  PipelineManager         com.allride.buses                    D  Start process YUV
2024-11-06 15:46:13.591 10003-10003 UserRealm               com.allride.buses                    D  isWorking false
2024-11-06 15:46:13.598 10003-1550  PipelineManager         com.allride.buses                    D  OCR process succeeded via visionkit pipeline.
2024-11-06 15:46:13.608 10003-10003 CapturePas...erActivity com.allride.buses                    D  onPauseCamera
2024-11-06 15:46:13.608 10003-10003 ViewReaderQR            com.allride.buses                    D  onPauseCamera
2024-11-06 15:46:13.611 10003-13210 Camera2CameraImpl       com.allride.buses                    D  {Camera@20c549e[id=0]} Use case androidx.camera.core.ImageAnalysis-83c8ea81-095e-415b-914f-236fa20335e847794620 INACTIVE
2024-11-06 15:46:13.612 10003-13210 UseCaseAttachState      com.allride.buses                    D  Active and attached use case: [androidx.camera.core.ImageCapture-374e6b30-57a9-45db-9a9e-79f96eebf26a62738863, androidx.camera.core.Preview-53c3f7f1-100b-4448-9933-e5d125c68a92161187214] for camera: 0
2024-11-06 15:46:13.612 10003-13210 CaptureSession          com.allride.buses                    D  Attempting to submit CaptureRequest after setting
2024-11-06 15:46:13.613 10003-13210 CaptureSession          com.allride.buses                    D  Issuing request for session.
2024-11-06 15:46:13.613 10003-13210 Camera2Cap...estBuilder com.allride.buses                    D  createCaptureRequest
2024-11-06 15:46:13.617 10003-10038 SessionLifecycleClient  com.allride.buses                    D  Sending lifecycle 2 to service
2024-11-06 15:46:13.618 10003-10071 SessionLifecycleService com.allride.buses                    D  Activity backgrounding at 170598485
2024-11-06 15:46:13.652 10003-10003 MapActivity             com.allride.buses                    D  onStart
2024-11-06 15:46:13.653 10003-10003 ActiveDepa...eViewModel com.allride.buses                    D  onResumeMap
2024-11-06 15:46:13.653 10003-10003 ActiveDepa...eViewModel com.allride.buses                    D  onResumeMap getCurrent
2024-11-06 15:46:13.653 10003-10003 MapActivity             com.allride.buses                    D  Success registerReceiver setupBroadcastReceiver
2024-11-06 15:46:13.653 10003-10003 connectionService       com.allride.buses                    D  checkConnectivity: true
2024-11-06 15:46:13.653 10003-10003 connectionService       com.allride.buses                    D  sendNotifyConnectivity true
2024-11-06 15:46:13.673 10003-10003 connectionService       com.allride.buses                    D  checkPendingOfflineSync false true false
2024-11-06 15:46:13.673 10003-10003 connectionService       com.allride.buses                    D  sendNotifyPendingOfflineSync false - Tienes validaciones pendientes de sincronización
2024-11-06 15:46:13.674 10003-10003 connectionService       com.allride.buses                    D  checkInMap false
2024-11-06 15:46:13.706 10003-10003 connectionService       com.allride.buses                    D  checkPendingOfflineSync false true false
2024-11-06 15:46:13.706 10003-10003 connectionService       com.allride.buses                    D  sendNotifyPendingOfflineSync false - Tienes validaciones pendientes de sincronización
2024-11-06 15:46:13.706 10003-10003 connectionService       com.allride.buses                    I  checkSyncOffline current 'validations' : [offline=false, validations=true, images=false, departure=true, deviceHistory=true, driverMuc=false]
2024-11-06 15:46:13.707 10003-10003 connectionService       com.allride.buses                    I  checkOnlineDataAsync
2024-11-06 15:46:13.707 10003-10003 connectionService       com.allride.buses                    I  checkOnlineDataAsync dataAsyncList is empty
2024-11-06 15:46:13.708 10003-10003 ActiveDepa...eViewModel com.allride.buses                    D  typeMap com.allride.buses.data.models.PBDeparture@9f162d2
2024-11-06 15:46:13.708 10003-10003 MapActivity             com.allride.buses                    D  ActiveDepartureViewModel typeMap regular
2024-11-06 15:46:13.708 10003-10003 MapActivity             com.allride.buses                    D  ActiveDepartureViewModel capacity 46
2024-11-06 15:46:13.708 10003-10003 MapActivity             com.allride.buses                    D  ActiveDepartureViewModel capacityColor 2E7D32
2024-11-06 15:46:13.721 10003-10003 Utils                   com.allride.buses                    D  startConnectivityService is exits - MapActivity
2024-11-06 15:46:13.721 10003-10003 connectionService       com.allride.buses                    D  checkConnectivity: true
2024-11-06 15:46:13.721 10003-10003 connectionService       com.allride.buses                    D  sendNotifyConnectivity true
2024-11-06 15:46:13.722 10003-10032 SessionLifecycleClient  com.allride.buses                    D  Sending lifecycle 1 to service
2024-11-06 15:46:13.722 10003-10071 SessionLifecycleService com.allride.buses                    D  Activity foregrounding at 170598590.
2024-11-06 15:46:13.733 10003-10003 connectionService       com.allride.buses                    D  checkPendingOfflineSync false true false
2024-11-06 15:46:13.734 10003-10003 connectionService       com.allride.buses                    D  sendNotifyPendingOfflineSync false - Tienes validaciones pendientes de sincronización
2024-11-06 15:46:13.735 10003-10003 connectionService       com.allride.buses                    D  checkInMap exit for loadingCheckOnlineData
2024-11-06 15:46:13.752 10003-650   AllRideOAuth2Service    com.allride.buses                    I  getAccessToken 7742e7445d1c8aaf3e61c8d77c089717175d49edeae4b9c503995923b5667f74fc119c0b7a8504e12f510066246105efc2fa453b47d32d6baba016e1a92e8248
2024-11-06 15:46:13.797 10003-10003 MapActivity             com.allride.buses                    D  setupBroadcastReceiver onReceive connectivity true
2024-11-06 15:46:13.798 10003-10003 MapActivity             com.allride.buses                    D  setupBroadcastReceiver onReceive pendingOfflineSync false
2024-11-06 15:46:13.799 10003-10003 MapActivity             com.allride.buses                    D  setupBroadcastReceiver onReceive pendingOfflineSync false
2024-11-06 15:46:13.801 10003-10003 MapActivity             com.allride.buses                    D  setupBroadcastReceiver onReceive connectivity true
2024-11-06 15:46:13.803 10003-10003 MapActivity             com.allride.buses                    D  setupBroadcastReceiver onReceive pendingOfflineSync false
2024-11-06 15:46:14.206 10003-1688  ActiveDepa...eViewModel com.allride.buses                    D  SocketClient - current : {"color":"2E7D32","capacity":46}
2024-11-06 15:46:14.207 10003-1688  DepartureRealm          com.allride.buses                    D  setCapacity 46
2024-11-06 15:46:14.219 10003-10003 SurfaceViewImpl         com.allride.buses                    D  Surface destroyed.
2024-11-06 15:46:14.219 10003-10003 SurfaceViewImpl         com.allride.buses                    D  Surface closed androidx.camera.core.SurfaceRequest@7bfc7a7
2024-11-06 15:46:14.220 10003-10003 DeferrableSurface       com.allride.buses                    D  surface closed,  useCount=2 closed=true androidx.camera.core.SurfaceRequest$2@da71454
2024-11-06 15:46:14.233 10003-13210 Camera2CameraImpl       com.allride.buses                    D  {Camera@20c549e[id=0]} Use cases [androidx.camera.core.Preview-53c3f7f1-100b-4448-9933-e5d125c68a92161187214, androidx.camera.core.ImageCapture-374e6b30-57a9-45db-9a9e-79f96eebf26a62738863, androidx.camera.core.ImageAnalysis-83c8ea81-095e-415b-914f-236fa20335e847794620] now DETACHED for camera
2024-11-06 15:46:14.233 10003-13210 UseCaseAttachState      com.allride.buses                    D  All use case: [] for camera: 0
2024-11-06 15:46:14.236 10003-13210 Camera2CameraImpl       com.allride.buses                    D  {Camera@20c549e[id=0]} Resetting Capture Session
2024-11-06 15:46:14.240 10003-10003 CameraOrientationUtil   com.allride.buses                    D  getRelativeImageRotation: destRotationDegrees=0, sourceRotationDegrees=90, isOppositeFacing=true, result=90
2024-11-06 15:46:14.240 10003-13210 Camera2CameraImpl       com.allride.buses                    D  {Camera@20c549e[id=0]} Releasing session in state OPENED
2024-11-06 15:46:14.240 10003-10003 DeferrableSurface       com.allride.buses                    D  surface closed,  useCount=0 closed=true androidx.camera.core.processing.SurfaceEdge$SettableSurface@4cf45a8
2024-11-06 15:46:14.240 10003-10003 DeferrableSurface       com.allride.buses                    D  Surface terminated[total_surfaces=3, used_surfaces=3](androidx.camera.core.processing.SurfaceEdge$SettableSurface@4cf45a8}
2024-11-06 15:46:14.240 10003-10003 DeferrableSurface       com.allride.buses                    D  use count-1,  useCount=1 closed=true androidx.camera.core.SurfaceRequest$2@da71454
2024-11-06 15:46:14.241 10003-10003 ImageCapture            com.allride.buses                    D  clearPipeline
2024-11-06 15:46:14.241 10003-10003 DeferrableSurface       com.allride.buses                    D  surface closed,  useCount=1 closed=true androidx.camera.core.impl.ImmediateSurface@5ba6e3e
2024-11-06 15:46:14.241 10003-10003 DeferrableSurface       com.allride.buses                    D  surface closed,  useCount=1 closed=true androidx.camera.core.impl.ImmediateSurface@10fa1b5
2024-11-06 15:46:14.241 10003-10003 CapturePas...erActivity com.allride.buses                    D  onDestroyCamera
2024-11-06 15:46:14.244 10003-13210 UseCaseAttachState      com.allride.buses                    D  Active and attached use case: [] for camera: 0
2024-11-06 15:46:14.246 10003-13210 UseCaseAttachState      com.allride.buses                    D  Active and attached use case: [] for camera: 0
2024-11-06 15:46:14.248 10003-13192 BufferQueueProducer     com.allride.buses                    E  [SurfaceView[com.allride.buses/com.allride.buses.ui.view.activities.drivers.CapturePassengerActivity]#47(BLAST Consumer)47](id:27130000003d,api:4,p:1390,c:10003) queueBuffer: BufferQueue has been abandoned
2024-11-06 15:46:14.249 10003-13210 Camera2CameraImpl       com.allride.buses                    D  {Camera@20c549e[id=0]} Closing camera.
2024-11-06 15:46:14.250 10003-13210 Camera2CameraImpl       com.allride.buses                    D  {Camera@20c549e[id=0]} Transitioning camera internal state: OPENED --> CLOSING
2024-11-06 15:46:14.250 10003-13210 CameraStateRegistry     com.allride.buses                    D  Recalculating open cameras:
                                                                                                    Camera                                       State                 
                                                                                                    -------------------------------------------------------------------
                                                                                                    Camera@20c549e[id=0]                         CLOSING               
                                                                                                    Camera@2a71c38[id=1]                         UNKNOWN               
                                                                                                    -------------------------------------------------------------------
                                                                                                    Open count: 1 (Max allowed: 1)
2024-11-06 15:46:14.251 10003-13210 CameraStateMachine      com.allride.buses                    D  New public camera state CameraState{type=CLOSING, error=null} from CLOSING and null
2024-11-06 15:46:14.251 10003-13210 CameraStateMachine      com.allride.buses                    D  Publishing new public camera state CameraState{type=CLOSING, error=null}
2024-11-06 15:46:14.251 10003-13210 Camera2CameraImpl       com.allride.buses                    D  {Camera@20c549e[id=0]} Resetting Capture Session
2024-11-06 15:46:14.253 10003-13210 Camera2CameraImpl       com.allride.buses                    D  {Camera@20c549e[id=0]} Releasing session in state CLOSING
2024-11-06 15:46:14.254 10003-13210 CaptureSession          com.allride.buses                    D  onSessionFinished()
2024-11-06 15:46:14.256 10003-13192 BufferQueueProducer     com.allride.buses                    E  [SurfaceView[com.allride.buses/com.allride.buses.ui.view.activities.drivers.CapturePassengerActivity]#47(BLAST Consumer)47](id:27130000003d,api:4,p:1390,c:10003) dequeueBuffer: BufferQueue has been abandoned
2024-11-06 15:46:14.263 10003-10003 UsbSerialService        com.allride.buses                    D  onDestroy
2024-11-06 15:46:14.266 10003-10003 StreamStateObserver     com.allride.buses                    D  Update Preview stream state to IDLE
2024-11-06 15:46:14.358 10003-1002  BufferQueueProducer     com.allride.buses                    E  [SurfaceView[com.allride.buses/com.allride.buses.ui.view.activities.drivers.CapturePassengerActivity]#47(BLAST Consumer)47](id:27130000003d,api:4,p:1390,c:10003) queueBuffer: BufferQueue has been abandoned
2024-11-06 15:46:14.369 10003-1002  BufferQueueProducer     com.allride.buses                    E  [SurfaceView[com.allride.buses/com.allride.buses.ui.view.activities.drivers.CapturePassengerActivity]#47(BLAST Consumer)47](id:27130000003d,api:4,p:1390,c:10003) cancelBuffer: BufferQueue has been abandoned
2024-11-06 15:46:14.371 10003-1002  BufferQueueProducer     com.allride.buses                    E  [SurfaceView[com.allride.buses/com.allride.buses.ui.view.activities.drivers.CapturePassengerActivity]#47(BLAST Consumer)47](id:27130000003d,api:4,p:1390,c:10003) cancelBuffer: BufferQueue has been abandoned
2024-11-06 15:46:14.373 10003-1002  BufferQueueProducer     com.allride.buses                    E  [SurfaceView[com.allride.buses/com.allride.buses.ui.view.activities.drivers.CapturePassengerActivity]#47(BLAST Consumer)47](id:27130000003d,api:4,p:1390,c:10003) cancelBuffer: BufferQueue has been abandoned
2024-11-06 15:46:14.376 10003-1002  BufferQueueProducer     com.allride.buses                    E  [SurfaceView[com.allride.buses/com.allride.buses.ui.view.activities.drivers.CapturePassengerActivity]#47(BLAST Consumer)47](id:27130000003d,api:4,p:1390,c:10003) cancelBuffer: BufferQueue has been abandoned
2024-11-06 15:46:14.378 10003-1002  BufferQueueProducer     com.allride.buses                    E  [SurfaceView[com.allride.buses/com.allride.buses.ui.view.activities.drivers.CapturePassengerActivity]#47(BLAST Consumer)47](id:27130000003d,api:4,p:1390,c:10003) cancelBuffer: BufferQueue has been abandoned
2024-11-06 15:46:14.379 10003-1002  BufferQueueProducer     com.allride.buses                    E  [SurfaceView[com.allride.buses/com.allride.buses.ui.view.activities.drivers.CapturePassengerActivity]#47(BLAST Consumer)47](id:27130000003d,api:4,p:1390,c:10003) cancelBuffer: BufferQueue has been abandoned
2024-11-06 15:46:14.546 10003-13210 UseCaseAttachState      com.allride.buses                    D  Active and attached use case: [] for camera: 0
2024-11-06 15:46:14.546 10003-13210 DeferrableSurface       com.allride.buses                    D  use count-1,  useCount=0 closed=true androidx.camera.core.SurfaceRequest$2@da71454
2024-11-06 15:46:14.546 10003-13210 DeferrableSurface       com.allride.buses                    D  Surface no longer in use[total_surfaces=3, used_surfaces=2](androidx.camera.core.SurfaceRequest$2@da71454}
2024-11-06 15:46:14.546 10003-13210 DeferrableSurface       com.allride.buses                    D  Surface terminated[total_surfaces=2, used_surfaces=2](androidx.camera.core.SurfaceRequest$2@da71454}
2024-11-06 15:46:14.547 10003-13210 DeferrableSurface       com.allride.buses                    D  use count-1,  useCount=0 closed=true androidx.camera.core.impl.ImmediateSurface@5ba6e3e
2024-11-06 15:46:14.547 10003-13210 DeferrableSurface       com.allride.buses                    D  Surface no longer in use[total_surfaces=2, used_surfaces=1](androidx.camera.core.impl.ImmediateSurface@5ba6e3e}
2024-11-06 15:46:14.547 10003-13210 DeferrableSurface       com.allride.buses                    D  Surface terminated[total_surfaces=1, used_surfaces=1](androidx.camera.core.impl.ImmediateSurface@5ba6e3e}
2024-11-06 15:46:14.547 10003-13210 DeferrableSurface       com.allride.buses                    D  use count-1,  useCount=0 closed=true androidx.camera.core.impl.ImmediateSurface@10fa1b5
2024-11-06 15:46:14.547 10003-13210 DeferrableSurface       com.allride.buses                    D  Surface no longer in use[total_surfaces=1, used_surfaces=0](androidx.camera.core.impl.ImmediateSurface@10fa1b5}
2024-11-06 15:46:14.547 10003-13210 DeferrableSurface       com.allride.buses                    D  Surface terminated[total_surfaces=0, used_surfaces=0](androidx.camera.core.impl.ImmediateSurface@10fa1b5}
2024-11-06 15:46:14.547 10003-13210 Camera2CameraImpl       com.allride.buses                    D  {Camera@20c549e[id=0]} CameraDevice.onClosed()
2024-11-06 15:46:14.547 10003-13210 Camera2CameraImpl       com.allride.buses                    D  {Camera@20c549e[id=0]} Transitioning camera internal state: CLOSING --> INITIALIZED
2024-11-06 15:46:14.547 10003-13210 CameraStateRegistry     com.allride.buses                    D  Recalculating open cameras:
                                                                                                    Camera                                       State                 
                                                                                                    -------------------------------------------------------------------
                                                                                                    Camera@20c549e[id=0]                         CLOSED                
                                                                                                    Camera@2a71c38[id=1]                         UNKNOWN               
                                                                                                    -------------------------------------------------------------------
                                                                                                    Open count: 0 (Max allowed: 1)
2024-11-06 15:46:14.548 10003-13210 CameraStateMachine      com.allride.buses                    D  New public camera state CameraState{type=CLOSED, error=null} from CLOSED and null
2024-11-06 15:46:14.548 10003-13210 CameraStateMachine      com.allride.buses                    D  Publishing new public camera state CameraState{type=CLOSED, error=null}
2024-11-06 15:46:14.552 10003-10003 SurfaceViewImpl         com.allride.buses                    D  Safe to release surface.
