--------- beginning of crash
--------- beginning of system
--------- beginning of main
2024-09-06 16:20:40.187  3359-3359  CameraOrientationUtil   com.allride.buses                    D  getRelativeImageRotation: destRotationDegrees=180, sourceRotationDegrees=90, isOppositeFacing=true, result=270
2024-09-06 16:20:40.246  3359-3359  CameraOrientationUtil   com.allride.buses                    D  getRelativeImageRotation: destRotationDegrees=90, sourceRotationDegrees=90, isOppositeFacing=true, result=0
2024-09-06 16:20:42.783  3359-3359  CameraOrientationUtil   com.allride.buses                    D  getRelativeImageRotation: destRotationDegrees=0, sourceRotationDegrees=90, isOppositeFacing=true, result=90
2024-09-06 16:20:43.359  3359-3359  CameraOrientationUtil   com.allride.buses                    D  getRelativeImageRotation: destRotationDegrees=270, sourceRotationDegrees=90, isOppositeFacing=true, result=180
2024-09-06 16:20:43.672  3359-3359  DepartureV...ntFragment com.allride.buses                    D  onPauseCamera
2024-09-06 16:20:43.672  3359-3359  ViewReaderQR            com.allride.buses                    D  onPauseCamera
2024-09-06 16:20:43.680  3359-4923  Camera2CameraImpl       com.allride.buses                    D  {Camera@6ab4302[id=0]} Use case androidx.camera.core.ImageAnalysis-666a56d9-6ddc-40ff-9d64-30c03f29b5e4222076313 INACTIVE
2024-09-06 16:20:43.681  3359-4923  UseCaseAttachState      com.allride.buses                    D  Active and attached use case: [androidx.camera.core.ImageCapture-79ce901c-1a27-41f0-a4c0-f02ddd60eb26194922208, androidx.camera.core.Preview-8979efb2-265d-477d-afdf-608af7ec057281345763] for camera: 0
2024-09-06 16:20:43.687  3359-4923  CaptureSession          com.allride.buses                    D  Attempting to submit CaptureRequest after setting
2024-09-06 16:20:43.687  3359-4923  CaptureSession          com.allride.buses                    D  Issuing request for session.
2024-09-06 16:20:43.688  3359-4923  Camera2Cap...estBuilder com.allride.buses                    D  createCaptureRequest
2024-09-06 16:20:44.530  3359-3614  SharedPreferencesImpl   com.allride.buses                    D  Time required to fsync /data/user/0/com.allride.buses/shared_prefs/com.google.android.gms.measurement.prefs.xml: [<1: 1, <2: 7, <4: 2, <8: 3, <16: 1, <32: 1, <64: 0, <128: 0, <256: 0, <512: 0, <1024: 1, <2048: 0, <4096: 0, <8192: 0, <16384: 0, >=16384: 0]
2024-09-06 16:20:46.783  3359-4313  FA                      com.allride.buses                    I  Application backgrounded at: timestamp_millis: 1725654044780
2024-09-06 16:20:54.694  3359-3359  Utils                   com.allride.buses                    D  startConnectivityService is exits - AssistantActivity
2024-09-06 16:20:54.694  3359-3359  connectionService       com.allride.buses                    D  checkConnectivity: true
2024-09-06 16:20:54.694  3359-3359  connectionService       com.allride.buses                    D  sendNotifyConnectivity true
2024-09-06 16:20:54.694  3359-3359  connectionService       com.allride.buses                    D  checkPendingOfflineSyncAssistant
2024-09-06 16:20:54.855  3359-3359  connectionService       com.allride.buses                    D  checkPendingOfflineSyncAssistant offline: departures 0 - services 0 - validations 0
2024-09-06 16:20:54.856  3359-3359  DepartureV...ntFragment com.allride.buses                    D  onResumeCamera
2024-09-06 16:20:54.856  3359-3359  ViewReaderQR            com.allride.buses                    D  onResumeCamera
2024-09-06 16:20:54.856  3359-3359  ViewReaderQR            com.allride.buses                    D  startQRAnalysis
2024-09-06 16:20:54.857  3359-4923  Camera2CameraImpl       com.allride.buses                    D  {Camera@6ab4302[id=0]} Use case androidx.camera.core.ImageAnalysis-666a56d9-6ddc-40ff-9d64-30c03f29b5e4222076313 ACTIVE
2024-09-06 16:20:54.859  3359-4923  UseCaseAttachState      com.allride.buses                    D  Active and attached use case: [androidx.camera.core.ImageCapture-79ce901c-1a27-41f0-a4c0-f02ddd60eb26194922208, androidx.camera.core.Preview-8979efb2-265d-477d-afdf-608af7ec057281345763, androidx.camera.core.ImageAnalysis-666a56d9-6ddc-40ff-9d64-30c03f29b5e4222076313] for camera: 0
2024-09-06 16:20:54.859  3359-3359  AssistantActivity       com.allride.buses                    D  setupBroadcastReceiver onReceive connectivity true
2024-09-06 16:20:54.863  3359-4923  CaptureSession          com.allride.buses                    D  Attempting to submit CaptureRequest after setting
2024-09-06 16:20:54.863  3359-4923  CaptureSession          com.allride.buses                    D  Issuing request for session.
2024-09-06 16:20:54.864  3359-4923  Camera2Cap...estBuilder com.allride.buses                    D  createCaptureRequest
2024-09-06 16:22:00.772  3359-3359  CameraOrientationUtil   com.allride.buses                    D  getRelativeImageRotation: destRotationDegrees=0, sourceRotationDegrees=90, isOppositeFacing=true, result=90
2024-09-06 16:22:00.869  3359-3359  DepartureV...ntFragment com.allride.buses                    D  onPauseCamera
2024-09-06 16:22:00.869  3359-3359  ViewReaderQR            com.allride.buses                    D  onPauseCamera
2024-09-06 16:22:00.870  3359-4919  Camera2CameraImpl       com.allride.buses                    D  {Camera@6ab4302[id=0]} Use case androidx.camera.core.ImageAnalysis-666a56d9-6ddc-40ff-9d64-30c03f29b5e4222076313 INACTIVE
2024-09-06 16:22:00.870  3359-4919  UseCaseAttachState      com.allride.buses                    D  Active and attached use case: [androidx.camera.core.ImageCapture-79ce901c-1a27-41f0-a4c0-f02ddd60eb26194922208, androidx.camera.core.Preview-8979efb2-265d-477d-afdf-608af7ec057281345763] for camera: 0
2024-09-06 16:22:00.871  3359-4919  CaptureSession          com.allride.buses                    D  Attempting to submit CaptureRequest after setting
2024-09-06 16:22:00.871  3359-4919  CaptureSession          com.allride.buses                    D  Issuing request for session.
2024-09-06 16:22:00.872  3359-4919  Camera2Cap...estBuilder com.allride.buses                    D  createCaptureRequest
2024-09-06 16:22:00.877  3359-4919  Camera2CameraImpl       com.allride.buses                    D  {Camera@6ab4302[id=0]} Use cases [androidx.camera.core.Preview-8979efb2-265d-477d-afdf-608af7ec057281345763, androidx.camera.core.ImageCapture-79ce901c-1a27-41f0-a4c0-f02ddd60eb26194922208, androidx.camera.core.ImageAnalysis-666a56d9-6ddc-40ff-9d64-30c03f29b5e4222076313] now DETACHED for camera
2024-09-06 16:22:00.877  3359-4919  UseCaseAttachState      com.allride.buses                    D  All use case: [] for camera: 0
2024-09-06 16:22:00.878  3359-4919  Camera2CameraImpl       com.allride.buses                    D  {Camera@6ab4302[id=0]} Resetting Capture Session
2024-09-06 16:22:00.878  3359-4919  Camera2CameraImpl       com.allride.buses                    D  {Camera@6ab4302[id=0]} Releasing session in state OPENED
2024-09-06 16:22:00.878  3359-4919  UseCaseAttachState      com.allride.buses                    D  Active and attached use case: [] for camera: 0
2024-09-06 16:22:00.879  3359-4919  UseCaseAttachState      com.allride.buses                    D  Active and attached use case: [] for camera: 0
2024-09-06 16:22:00.879  3359-4919  Camera2CameraImpl       com.allride.buses                    D  {Camera@6ab4302[id=0]} Closing camera.
2024-09-06 16:22:00.880  3359-4919  Camera2CameraImpl       com.allride.buses                    D  {Camera@6ab4302[id=0]} Transitioning camera internal state: OPENED --> CLOSING
2024-09-06 16:22:00.880  3359-4919  CameraStateRegistry     com.allride.buses                    D  Recalculating open cameras:
                                                                                                    Camera                                       State                 
                                                                                                    -------------------------------------------------------------------
                                                                                                    Camera@6ab4302[id=0]                         CLOSING               
                                                                                                    Camera@cd86803[id=1]                         UNKNOWN               
                                                                                                    -------------------------------------------------------------------
                                                                                                    Open count: 1 (Max allowed: 1)
2024-09-06 16:22:00.880  3359-4919  CameraStateMachine      com.allride.buses                    D  New public camera state CameraState{type=CLOSING, error=null} from CLOSING and null
2024-09-06 16:22:00.880  3359-4919  CameraStateMachine      com.allride.buses                    D  Publishing new public camera state CameraState{type=CLOSING, error=null}
2024-09-06 16:22:00.880  3359-4919  Camera2CameraImpl       com.allride.buses                    D  {Camera@6ab4302[id=0]} Resetting Capture Session
2024-09-06 16:22:00.880  3359-4919  Camera2CameraImpl       com.allride.buses                    D  {Camera@6ab4302[id=0]} Releasing session in state CLOSING
2024-09-06 16:22:00.881  3359-4919  CaptureSession          com.allride.buses                    D  onSessionFinished()
2024-09-06 16:22:00.958  3359-3359  SurfaceViewImpl         com.allride.buses                    D  Surface destroyed.
2024-09-06 16:22:00.959  3359-3359  SurfaceViewImpl         com.allride.buses                    D  Surface invalidated androidx.camera.core.SurfaceRequest@9307a55
2024-09-06 16:22:00.959  3359-3359  DeferrableSurface       com.allride.buses                    D  surface closed,  useCount=1 closed=true androidx.camera.core.SurfaceRequest$2@1a82c6a
2024-09-06 16:22:00.961  3359-3359  DeferrableSurface       com.allride.buses                    D  surface closed,  useCount=1 closed=true androidx.camera.core.impl.ImmediateSurface@34b66d1
2024-09-06 16:22:00.961  3359-3359  DeferrableSurface       com.allride.buses                    D  surface closed,  useCount=1 closed=true androidx.camera.core.impl.ImmediateSurface@ee255a4
2024-09-06 16:22:00.963  3359-3359  DepartureV...ntFragment com.allride.buses                    D  onDestroyCamera
2024-09-06 16:22:01.037  3359-3359  StreamStateObserver     com.allride.buses                    D  Update Preview stream state to IDLE
2024-09-06 16:22:01.162  3359-4919  UseCaseAttachState      com.allride.buses                    D  Active and attached use case: [] for camera: 0
2024-09-06 16:22:01.162  3359-4919  DeferrableSurface       com.allride.buses                    D  use count-1,  useCount=0 closed=true androidx.camera.core.SurfaceRequest$2@1a82c6a
2024-09-06 16:22:01.163  3359-4919  DeferrableSurface       com.allride.buses                    D  Surface no longer in use[total_surfaces=3, used_surfaces=2](androidx.camera.core.SurfaceRequest$2@1a82c6a}
2024-09-06 16:22:01.163  3359-4919  DeferrableSurface       com.allride.buses                    D  Surface terminated[total_surfaces=2, used_surfaces=2](androidx.camera.core.SurfaceRequest$2@1a82c6a}
2024-09-06 16:22:01.163  3359-4919  DeferrableSurface       com.allride.buses                    D  use count-1,  useCount=0 closed=true androidx.camera.core.impl.ImmediateSurface@34b66d1
2024-09-06 16:22:01.163  3359-4919  DeferrableSurface       com.allride.buses                    D  Surface no longer in use[total_surfaces=2, used_surfaces=1](androidx.camera.core.impl.ImmediateSurface@34b66d1}
2024-09-06 16:22:01.163  3359-4919  DeferrableSurface       com.allride.buses                    D  Surface terminated[total_surfaces=1, used_surfaces=1](androidx.camera.core.impl.ImmediateSurface@34b66d1}
2024-09-06 16:22:01.163  3359-4919  DeferrableSurface       com.allride.buses                    D  use count-1,  useCount=0 closed=true androidx.camera.core.impl.ImmediateSurface@ee255a4
2024-09-06 16:22:01.163  3359-4919  DeferrableSurface       com.allride.buses                    D  Surface no longer in use[total_surfaces=1, used_surfaces=0](androidx.camera.core.impl.ImmediateSurface@ee255a4}
2024-09-06 16:22:01.163  3359-4919  DeferrableSurface       com.allride.buses                    D  Surface terminated[total_surfaces=0, used_surfaces=0](androidx.camera.core.impl.ImmediateSurface@ee255a4}
2024-09-06 16:22:01.163  3359-4919  Camera2CameraImpl       com.allride.buses                    D  {Camera@6ab4302[id=0]} CameraDevice.onClosed()
2024-09-06 16:22:01.164  3359-3359  SurfaceViewImpl         com.allride.buses                    D  Safe to release surface.
2024-09-06 16:22:01.164  3359-4919  Camera2CameraImpl       com.allride.buses                    D  {Camera@6ab4302[id=0]} Transitioning camera internal state: CLOSING --> INITIALIZED
2024-09-06 16:22:01.165  3359-4919  CameraStateRegistry     com.allride.buses                    D  Recalculating open cameras:
                                                                                                    Camera                                       State                 
                                                                                                    -------------------------------------------------------------------
                                                                                                    Camera@6ab4302[id=0]                         CLOSED                
                                                                                                    Camera@cd86803[id=1]                         UNKNOWN               
                                                                                                    -------------------------------------------------------------------
                                                                                                    Open count: 0 (Max allowed: 1)
2024-09-06 16:22:01.165  3359-4919  CameraStateMachine      com.allride.buses                    D  New public camera state CameraState{type=CLOSED, error=null} from CLOSED and null
2024-09-06 16:22:01.165  3359-4919  CameraStateMachine      com.allride.buses                    D  Publishing new public camera state CameraState{type=CLOSED, error=null}
2024-09-06 16:22:20.169  3359-3403  OpenGLRenderer          com.allride.buses                    I  Davey! duration=9223045348021ms; Flags=1, FrameTimelineVsyncId=21869062, IntendedVsync=326688832979979, Vsync=326688832979979, InputEventId=0, HandleInputStart=326688844389856, AnimationStart=326688844395481, PerformTraversalsStart=326688844396939, DrawStart=326688886955428, FrameDeadline=326688849646645, FrameInterval=326688844375689, FrameStartTime=16666666, SyncQueued=326688892990376, SyncStart=326688893494335, IssueDrawCommandsStart=326688893734022, SwapBuffers=326688897091366, FrameCompleted=9223372036854775807, DequeueBufferDuration=37448, QueueBufferDuration=1614271, GpuCompleted=9223372036854775807, SwapBuffersCompleted=326688899353137, DisplayPresentTime=0, 
2024-09-06 16:22:21.693  3359-3662  OpenGLRenderer          com.allride.buses                    D  endAllActiveAnimators on 0xb4000076fff012a0 (RippleDrawable) with handle 0xb40000760fc68c50
2024-09-06 16:22:25.129  3359-3359  ConnectivityReceiver    com.allride.buses                    D  onReceive false
2024-09-06 16:22:25.139  3359-6071  SocketClient            com.allride.buses                    D  Socket error
2024-09-06 16:22:25.139  3359-3359  connectionService       com.allride.buses                    D  socketUpdateReceiver onReceive stateSocket EVENT_ERROR false
2024-09-06 16:22:25.140  3359-3359  connectionService       com.allride.buses                    D  sendNotifyConnectivity false
2024-09-06 16:22:25.140  3359-3359  AssistantActivity       com.allride.buses                    D  setupBroadcastReceiver onReceive connectivity false
2024-09-06 16:22:25.147  3359-6071  SocketClient            com.allride.buses                    D  Socket disconnected
2024-09-06 16:22:25.153  3359-6071  SocketClient            com.allride.buses                    D  Socket error
2024-09-06 16:22:25.154  3359-6071  SocketClient            com.allride.buses                    D  Socket disconnected
2024-09-06 16:22:25.158  3359-6071  SocketClient            com.allride.buses                    D  Socket error
2024-09-06 16:22:25.160  3359-6071  SocketClient            com.allride.buses                    D  Socket disconnected
2024-09-06 16:22:25.165  3359-3359  connectionService       com.allride.buses                    D  socketUpdateReceiver onReceive stateSocket EVENT_ERROR false
2024-09-06 16:22:25.165  3359-3359  connectionService       com.allride.buses                    D  sendNotifyConnectivity false
2024-09-06 16:22:25.165  3359-3359  connectionService       com.allride.buses                    D  socketUpdateReceiver onReceive stateSocket EVENT_ERROR false
2024-09-06 16:22:25.165  3359-3359  connectionService       com.allride.buses                    D  sendNotifyConnectivity false
2024-09-06 16:22:25.165  3359-3359  AssistantActivity       com.allride.buses                    D  setupBroadcastReceiver onReceive connectivity false
2024-09-06 16:22:25.165  3359-3359  AssistantActivity       com.allride.buses                    D  setupBroadcastReceiver onReceive connectivity false
2024-09-06 16:22:25.766  3359-6148  SocketClient            com.allride.buses                    D  Socket reconnecting
2024-09-06 16:22:25.826  3359-6151  SocketClient            com.allride.buses                    D  Socket connect error
2024-09-06 16:22:25.930  3359-6172  SocketClient            com.allride.buses                    D  Socket reconnecting
2024-09-06 16:22:25.933  3359-6174  SocketClient            com.allride.buses                    D  Socket connect error
2024-09-06 16:22:26.520  3359-6251  SocketClient            com.allride.buses                    D  Socket reconnecting
2024-09-06 16:22:26.535  3359-6253  SocketClient            com.allride.buses                    D  Socket connect error
2024-09-06 16:22:27.511  3359-6305  SocketClient            com.allride.buses                    D  Socket reconnecting
2024-09-06 16:22:27.520  3359-6308  SocketClient            com.allride.buses                    D  Socket connect error
2024-09-06 16:22:27.589  3359-6312  SocketClient            com.allride.buses                    D  Socket reconnecting
2024-09-06 16:22:27.596  3359-6312  SocketClient            com.allride.buses                    D  Socket connect error
2024-09-06 16:22:28.292  3359-6393  SocketClient            com.allride.buses                    D  Socket reconnecting
2024-09-06 16:22:28.300  3359-6396  SocketClient            com.allride.buses                    D  Socket connect error
2024-09-06 16:22:30.269  3359-6405  SocketClient            com.allride.buses                    D  Socket reconnecting
2024-09-06 16:22:30.293  3359-6410  SocketClient            com.allride.buses                    D  Socket connect error
2024-09-06 16:22:31.177  3359-6412  SocketClient            com.allride.buses                    D  Socket reconnecting
2024-09-06 16:22:31.212  3359-6416  SocketClient            com.allride.buses                    D  Socket connect error
2024-09-06 16:22:33.024  3359-6418  SocketClient            com.allride.buses                    D  Socket reconnecting
2024-09-06 16:22:33.049  3359-6420  SocketClient            com.allride.buses                    D  Socket connect error
2024-09-06 16:22:35.287  3359-3359  DepartureD...ntFragment com.allride.buses                    D  hasCapacity total 1
2024-09-06 16:22:35.299  3359-6432  SocketClient            com.allride.buses                    D  Socket reconnecting
2024-09-06 16:22:35.315  3359-6435  SocketClient            com.allride.buses                    D  Socket connect error
2024-09-06 16:22:35.329  3359-3359  CamLifecycleController  com.allride.buses                    D  CameraProvider is not ready.
2024-09-06 16:22:35.329  3359-3359  CameraController        com.allride.buses                    D  Use cases not attached to camera.
2024-09-06 16:22:35.330  3359-3359  ViewReaderQR            com.allride.buses                    D  startQRAnalysis
2024-09-06 16:22:35.330  3359-28382 DynamiteModule          com.allride.buses                    I  Considering local module com.google.mlkit.dynamite.barcode:10000 and remote module com.google.mlkit.dynamite.barcode:0
2024-09-06 16:22:35.330  3359-28382 DynamiteModule          com.allride.buses                    I  Selected local version of com.google.mlkit.dynamite.barcode
2024-09-06 16:22:35.334  3359-3359  DepartureV...ntFragment com.allride.buses                    D  onResumeCamera
2024-09-06 16:22:35.334  3359-3359  ViewReaderQR            com.allride.buses                    D  onResumeCamera
2024-09-06 16:22:35.334  3359-3359  ViewReaderQR            com.allride.buses                    D  startQRAnalysis
2024-09-06 16:22:35.347  3359-3359  PreviewView             com.allride.buses                    D  Transform info is not ready
2024-09-06 16:22:35.352  3359-3359  CamLifecycleController  com.allride.buses                    D  CameraProvider is not ready.
2024-09-06 16:22:35.352  3359-3359  CameraController        com.allride.buses                    D  Use cases not attached to camera.
2024-09-06 16:22:35.362  3359-3359  CameraOrientationUtil   com.allride.buses                    D  getRelativeImageRotation: destRotationDegrees=0, sourceRotationDegrees=90, isOppositeFacing=true, result=90
2024-09-06 16:22:35.363  3359-3359  DeferrableSurface       com.allride.buses                    D  Surface created[total_surfaces=1, used_surfaces=0](androidx.camera.core.SurfaceRequest$2@dc8b93c}
2024-09-06 16:22:35.364  3359-3359  CameraOrientationUtil   com.allride.buses                    D  getRelativeImageRotation: destRotationDegrees=0, sourceRotationDegrees=90, isOppositeFacing=true, result=90
2024-09-06 16:22:35.366  3359-3359  DeferrableSurface       com.allride.buses                    D  Surface created[total_surfaces=2, used_surfaces=0](androidx.camera.core.impl.ImmediateSurface@432f4b}
2024-09-06 16:22:35.367  3359-4919  Camera2CameraImpl       com.allride.buses                    D  {Camera@6ab4302[id=0]} Use case androidx.camera.core.ImageCapture-ede96cac-1b11-4234-bddb-d0d7aeba9e88196543170 ACTIVE
2024-09-06 16:22:35.367  3359-3359  CameraOrientationUtil   com.allride.buses                    D  getRelativeImageRotation: destRotationDegrees=0, sourceRotationDegrees=90, isOppositeFacing=true, result=90
2024-09-06 16:22:35.367  3359-4919  UseCaseAttachState      com.allride.buses                    D  Active and attached use case: [] for camera: 0
2024-09-06 16:22:35.368  3359-3359  CameraOrientationUtil   com.allride.buses                    D  getRelativeImageRotation: destRotationDegrees=0, sourceRotationDegrees=90, isOppositeFacing=true, result=90
2024-09-06 16:22:35.368  3359-3359  DeferrableSurface       com.allride.buses                    D  Surface created[total_surfaces=3, used_surfaces=0](androidx.camera.core.impl.ImmediateSurface@5137527}
2024-09-06 16:22:35.370  3359-3359  PreviewView             com.allride.buses                    D  Surface requested by Preview.
2024-09-06 16:22:35.370  3359-4923  Camera2CameraImpl       com.allride.buses                    D  {Camera@6ab4302[id=0]} Use case androidx.camera.core.Preview-1ca8dedc-0ef9-468c-b2e4-008fbc40401a90559245 ACTIVE
2024-09-06 16:22:35.370  3359-4923  UseCaseAttachState      com.allride.buses                    D  Active and attached use case: [] for camera: 0
2024-09-06 16:22:35.372  3359-3359  PreviewView             com.allride.buses                    D  Preview transformation info updated. TransformationInfo{cropRect=Rect(0, 135 - 1600, 1065), rotationDegrees=90, targetRotation=-1}
2024-09-06 16:22:35.372  3359-3359  PreviewTransform        com.allride.buses                    D  Transformation info set: TransformationInfo{cropRect=Rect(0, 135 - 1600, 1065), rotationDegrees=90, targetRotation=-1} 1600x1200 false
2024-09-06 16:22:35.372  3359-3359  CameraOrientationUtil   com.allride.buses                    D  getRelativeImageRotation: destRotationDegrees=0, sourceRotationDegrees=90, isOppositeFacing=true, result=90
2024-09-06 16:22:35.373  3359-3359  PreviewView             com.allride.buses                    W  PreviewView needs to be in COMPATIBLE mode for the transform to work correctly.
2024-09-06 16:22:35.373  3359-4923  Camera2CameraImpl       com.allride.buses                    D  {Camera@6ab4302[id=0]} Use case androidx.camera.core.ImageCapture-ede96cac-1b11-4234-bddb-d0d7aeba9e88196543170 ACTIVE
2024-09-06 16:22:35.373  3359-4923  UseCaseAttachState      com.allride.buses                    D  Active and attached use case: [] for camera: 0
2024-09-06 16:22:35.376  3359-4923  Camera2CameraImpl       com.allride.buses                    D  {Camera@6ab4302[id=0]} Use case androidx.camera.core.ImageAnalysis-6c3e957b-8cea-40b0-a920-ffc09f1f2cd563928531 ACTIVE
2024-09-06 16:22:35.376  3359-4923  UseCaseAttachState      com.allride.buses                    D  Active and attached use case: [] for camera: 0
2024-09-06 16:22:35.378  3359-4923  UseCaseAttachState      com.allride.buses                    D  Active and attached use case: [] for camera: 0
2024-09-06 16:22:35.381  3359-4923  Camera2CameraImpl       com.allride.buses                    D  {Camera@6ab4302[id=0]} Use cases [androidx.camera.core.Preview-1ca8dedc-0ef9-468c-b2e4-008fbc40401a90559245, androidx.camera.core.ImageCapture-ede96cac-1b11-4234-bddb-d0d7aeba9e88196543170, androidx.camera.core.ImageAnalysis-6c3e957b-8cea-40b0-a920-ffc09f1f2cd563928531] now ATTACHED
2024-09-06 16:22:35.383  3359-4923  UseCaseAttachState      com.allride.buses                    D  All use case: [androidx.camera.core.ImageCapture-ede96cac-1b11-4234-bddb-d0d7aeba9e88196543170, androidx.camera.core.Preview-1ca8dedc-0ef9-468c-b2e4-008fbc40401a90559245, androidx.camera.core.ImageAnalysis-6c3e957b-8cea-40b0-a920-ffc09f1f2cd563928531] for camera: 0
2024-09-06 16:22:35.387  3359-4923  UseCaseAttachState      com.allride.buses                    D  Active and attached use case: [androidx.camera.core.ImageCapture-ede96cac-1b11-4234-bddb-d0d7aeba9e88196543170, androidx.camera.core.Preview-1ca8dedc-0ef9-468c-b2e4-008fbc40401a90559245, androidx.camera.core.ImageAnalysis-6c3e957b-8cea-40b0-a920-ffc09f1f2cd563928531] for camera: 0
2024-09-06 16:22:35.390  3359-3359  SurfaceViewImpl         com.allride.buses                    D  Surface created.
2024-09-06 16:22:35.390  3359-3359  SurfaceViewImpl         com.allride.buses                    D  Surface changed. Size: 1600x1200
2024-09-06 16:22:35.391  3359-3359  SurfaceViewImpl         com.allride.buses                    D  Surface set on Preview.
2024-09-06 16:22:35.393  3359-4923  Camera2CameraImpl       com.allride.buses                    D  {Camera@6ab4302[id=0]} Resetting Capture Session
2024-09-06 16:22:35.393  3359-4923  Camera2CameraImpl       com.allride.buses                    D  {Camera@6ab4302[id=0]} Releasing session in state INITIALIZED
2024-09-06 16:22:35.394  3359-4923  Camera2CameraImpl       com.allride.buses                    D  {Camera@6ab4302[id=0]} Attempting to force open the camera.
2024-09-06 16:22:35.398  3359-4923  CameraStateRegistry     com.allride.buses                    D  tryOpenCamera(Camera@6ab4302[id=0]) [Available Cameras: 1, Already Open: false (Previous state: CLOSED)] --> SUCCESS
2024-09-06 16:22:35.398  3359-4923  CameraStateRegistry     com.allride.buses                    D  Recalculating open cameras:
                                                                                                    Camera                                       State                 
                                                                                                    -------------------------------------------------------------------
                                                                                                    Camera@6ab4302[id=0]                         OPENING               
                                                                                                    Camera@cd86803[id=1]                         UNKNOWN               
                                                                                                    -------------------------------------------------------------------
                                                                                                    Open count: 1 (Max allowed: 1)
2024-09-06 16:22:35.399  3359-4923  Camera2CameraImpl       com.allride.buses                    D  {Camera@6ab4302[id=0]} Opening camera.
2024-09-06 16:22:35.399  3359-4923  Camera2CameraImpl       com.allride.buses                    D  {Camera@6ab4302[id=0]} Transitioning camera internal state: INITIALIZED --> OPENING
2024-09-06 16:22:35.399  3359-4923  CameraStateMachine      com.allride.buses                    D  New public camera state CameraState{type=OPENING, error=null} from OPENING and null
2024-09-06 16:22:35.399  3359-4923  CameraStateMachine      com.allride.buses                    D  Publishing new public camera state CameraState{type=OPENING, error=null}
2024-09-06 16:22:35.400  3359-4923  UseCaseAttachState      com.allride.buses                    D  All use case: [androidx.camera.core.ImageCapture-ede96cac-1b11-4234-bddb-d0d7aeba9e88196543170, androidx.camera.core.Preview-1ca8dedc-0ef9-468c-b2e4-008fbc40401a90559245, androidx.camera.core.ImageAnalysis-6c3e957b-8cea-40b0-a920-ffc09f1f2cd563928531] for camera: 0
2024-09-06 16:22:35.434  3359-4923  Camera2CameraImpl       com.allride.buses                    D  {Camera@6ab4302[id=0]} Use case androidx.camera.core.Preview-1ca8dedc-0ef9-468c-b2e4-008fbc40401a90559245 ACTIVE
2024-09-06 16:22:35.434  3359-4923  UseCaseAttachState      com.allride.buses                    D  Active and attached use case: [androidx.camera.core.ImageCapture-ede96cac-1b11-4234-bddb-d0d7aeba9e88196543170, androidx.camera.core.Preview-1ca8dedc-0ef9-468c-b2e4-008fbc40401a90559245, androidx.camera.core.ImageAnalysis-6c3e957b-8cea-40b0-a920-ffc09f1f2cd563928531] for camera: 0
2024-09-06 16:22:35.436  3359-4923  Camera2CameraImpl       com.allride.buses                    D  {Camera@6ab4302[id=0]} Use case androidx.camera.core.ImageCapture-ede96cac-1b11-4234-bddb-d0d7aeba9e88196543170 ACTIVE
2024-09-06 16:22:35.436  3359-4923  UseCaseAttachState      com.allride.buses                    D  Active and attached use case: [androidx.camera.core.ImageCapture-ede96cac-1b11-4234-bddb-d0d7aeba9e88196543170, androidx.camera.core.Preview-1ca8dedc-0ef9-468c-b2e4-008fbc40401a90559245, androidx.camera.core.ImageAnalysis-6c3e957b-8cea-40b0-a920-ffc09f1f2cd563928531] for camera: 0
2024-09-06 16:22:35.438  3359-4923  Camera2CameraImpl       com.allride.buses                    D  {Camera@6ab4302[id=0]} Use case androidx.camera.core.ImageAnalysis-6c3e957b-8cea-40b0-a920-ffc09f1f2cd563928531 ACTIVE
2024-09-06 16:22:35.439  3359-4923  UseCaseAttachState      com.allride.buses                    D  Active and attached use case: [androidx.camera.core.ImageCapture-ede96cac-1b11-4234-bddb-d0d7aeba9e88196543170, androidx.camera.core.Preview-1ca8dedc-0ef9-468c-b2e4-008fbc40401a90559245, androidx.camera.core.ImageAnalysis-6c3e957b-8cea-40b0-a920-ffc09f1f2cd563928531] for camera: 0
2024-09-06 16:22:35.440  3359-4923  Camera2CameraImpl       com.allride.buses                    D  {Camera@6ab4302[id=0]} CameraDevice.onOpened()
2024-09-06 16:22:35.441  3359-4923  Camera2CameraImpl       com.allride.buses                    D  {Camera@6ab4302[id=0]} Transitioning camera internal state: OPENING --> OPENED
2024-09-06 16:22:35.441  3359-4923  CameraStateRegistry     com.allride.buses                    D  Recalculating open cameras:
                                                                                                    Camera                                       State                 
                                                                                                    -------------------------------------------------------------------
                                                                                                    Camera@6ab4302[id=0]                         OPEN                  
                                                                                                    Camera@cd86803[id=1]                         UNKNOWN               
                                                                                                    -------------------------------------------------------------------
                                                                                                    Open count: 1 (Max allowed: 1)
2024-09-06 16:22:35.442  3359-4923  CameraStateMachine      com.allride.buses                    D  New public camera state CameraState{type=OPEN, error=null} from OPEN and null
2024-09-06 16:22:35.442  3359-4923  CameraStateMachine      com.allride.buses                    D  Publishing new public camera state CameraState{type=OPEN, error=null}
2024-09-06 16:22:35.442  3359-4923  UseCaseAttachState      com.allride.buses                    D  All use case: [androidx.camera.core.ImageCapture-ede96cac-1b11-4234-bddb-d0d7aeba9e88196543170, androidx.camera.core.Preview-1ca8dedc-0ef9-468c-b2e4-008fbc40401a90559245, androidx.camera.core.ImageAnalysis-6c3e957b-8cea-40b0-a920-ffc09f1f2cd563928531] for camera: 0
2024-09-06 16:22:35.443  3359-4923  UseCaseAttachState      com.allride.buses                    D  Active and attached use case: [androidx.camera.core.ImageCapture-ede96cac-1b11-4234-bddb-d0d7aeba9e88196543170, androidx.camera.core.Preview-1ca8dedc-0ef9-468c-b2e4-008fbc40401a90559245, androidx.camera.core.ImageAnalysis-6c3e957b-8cea-40b0-a920-ffc09f1f2cd563928531] for camera: 0
2024-09-06 16:22:35.444  3359-4923  SyncCaptureSessionBase  com.allride.buses                    D  [androidx.camera.camera2.internal.SynchronizedCaptureSessionBaseImpl@643910f] getSurface...done
2024-09-06 16:22:35.445  3359-4923  CaptureSession          com.allride.buses                    D  Opening capture session.
2024-09-06 16:22:35.446  3359-4923  DeferrableSurface       com.allride.buses                    D  New surface in use[total_surfaces=3, used_surfaces=1](androidx.camera.core.SurfaceRequest$2@dc8b93c}
2024-09-06 16:22:35.446  3359-4923  DeferrableSurface       com.allride.buses                    D  use count+1, useCount=1 androidx.camera.core.SurfaceRequest$2@dc8b93c
2024-09-06 16:22:35.446  3359-4923  DeferrableSurface       com.allride.buses                    D  New surface in use[total_surfaces=3, used_surfaces=2](androidx.camera.core.impl.ImmediateSurface@432f4b}
2024-09-06 16:22:35.446  3359-4923  DeferrableSurface       com.allride.buses                    D  use count+1, useCount=1 androidx.camera.core.impl.ImmediateSurface@432f4b
2024-09-06 16:22:35.446  3359-4923  DeferrableSurface       com.allride.buses                    D  New surface in use[total_surfaces=3, used_surfaces=3](androidx.camera.core.impl.ImmediateSurface@5137527}
2024-09-06 16:22:35.446  3359-4923  DeferrableSurface       com.allride.buses                    D  use count+1, useCount=1 androidx.camera.core.impl.ImmediateSurface@5137527
2024-09-06 16:22:35.590  3359-4923  CaptureSession          com.allride.buses                    D  Attempting to send capture request onConfigured
2024-09-06 16:22:35.590  3359-4923  CaptureSession          com.allride.buses                    D  Issuing request for session.
2024-09-06 16:22:35.591  3359-4923  Camera2Cap...estBuilder com.allride.buses                    D  createCaptureRequest
2024-09-06 16:22:35.595  3359-4923  CaptureSession          com.allride.buses                    D  CameraCaptureSession.onConfigured() mState=OPENED
2024-09-06 16:22:35.595  3359-4923  CaptureSession          com.allride.buses                    D  CameraCaptureSession.onReady() OPENED
2024-09-06 16:22:35.845  3359-4923  StreamStateObserver     com.allride.buses                    D  Update Preview stream state to STREAMING
2024-09-06 16:22:35.901  3359-28383 tflite                  com.allride.buses                    I  Replacing 43 out of 43 node(s) with delegate (TfLiteXNNPackDelegate) node, yielding 1 partitions for the whole graph.
2024-09-06 16:22:35.902  3359-28383 tflite                  com.allride.buses                    I  Replacing 42 out of 47 node(s) with delegate (TfLiteXNNPackDelegate) node, yielding 11 partitions for the whole graph.
2024-09-06 16:22:35.906  3359-28383 native                  com.allride.buses                    I  I0000 00:00:1725654155.906858   28383 oned_decoder_client.cc:695] barhopper::deep_learning::OnedDecoderClient is created successfully.
2024-09-06 16:22:36.217  3359-6490  SocketClient            com.allride.buses                    D  Socket reconnecting
2024-09-06 16:22:36.224  3359-6492  SocketClient            com.allride.buses                    D  Socket connect error
2024-09-06 16:22:36.644  3359-3359  ViewReaderQR            com.allride.buses                    D  barcodeScanner: 47d8f109f29961e08dd69da752408c4744d7a75773ad33e167e74c6f923f556d65f0a3d09f55d9e8fbc8cc0c734a7124011ae3ac973f2eefaead02b25f97312f6667489cb5433b5dc2fa94e9
2024-09-06 16:22:36.644  3359-3359  ViewReaderQR            com.allride.buses                    D  onPauseCamera
2024-09-06 16:22:36.644  3359-3359  AssistantActivityVM     com.allride.buses                    D  checkAccreditation: 47d8f109f29961e08dd69da752408c4744d7a75773ad33e167e74c6f923f556d65f0a3d09f55d9e8fbc8cc0c734a7124011ae3ac973f2eefaead02b25f97312f6667489cb5433b5dc2fa94e9
2024-09-06 16:22:36.644  3359-3359  AssistantActivityVM     com.allride.buses                    D  checkAccreditation webControl: webcontrol true
2024-09-06 16:22:36.644  3359-4923  Camera2CameraImpl       com.allride.buses                    D  {Camera@6ab4302[id=0]} Use case androidx.camera.core.ImageAnalysis-6c3e957b-8cea-40b0-a920-ffc09f1f2cd563928531 INACTIVE
2024-09-06 16:22:36.645  3359-4923  UseCaseAttachState      com.allride.buses                    D  Active and attached use case: [androidx.camera.core.ImageCapture-ede96cac-1b11-4234-bddb-d0d7aeba9e88196543170, androidx.camera.core.Preview-1ca8dedc-0ef9-468c-b2e4-008fbc40401a90559245] for camera: 0
2024-09-06 16:22:36.647  3359-4923  CaptureSession          com.allride.buses                    D  Attempting to submit CaptureRequest after setting
2024-09-06 16:22:36.647  3359-4923  CaptureSession          com.allride.buses                    D  Issuing request for session.
2024-09-06 16:22:36.647  3359-4923  Camera2Cap...estBuilder com.allride.buses                    D  createCaptureRequest
2024-09-06 16:22:36.653  3359-3359  AssistantActivityVM     com.allride.buses                    D  Pre checkAccreditation getUserAccreditation: {"departureId":"66db3aaf79efcc3efbb89cd3","routeId":"66954794b24db9885e5aed7e","service":"webcontrol","serviceId":"66db24f2a9dacd16d5f8cefe","timestampCheck":false,"validationString":"47d8f109f29961e08dd69da752408c4744d7a75773ad33e167e74c6f923f556d65f0a3d09f55d9e8fbc8cc0c734a7124011ae3ac973f2eefaead02b25f97312f6667489cb5433b5dc2fa94e9"}
2024-09-06 16:22:36.657  3359-3359  AssistantActivityVM     com.allride.buses                    E  Error checkAccreditation getUserAccreditation: Unable to resolve host "stage.allrideapp.com": No address associated with hostname
2024-09-06 16:22:36.658  3359-3359  AssistantActivityVM     com.allride.buses                    D  findUser 1: 6667489cb5433b5dc2fa94e9
2024-09-06 16:22:36.691  3359-3359  AssistantActivityVM     com.allride.buses                    D  checkAccreditationOffline user: {"avatar":"https://s3.amazonaws.com/adedo.users-avatars/user_placeholder.png","communities":[{"communityId":"6654ae4eba54fe502d4e4187","custom":[{"key":"rut","name":"","private":false,"value":"126606826"},{"key":"address","name":"","private":false,"value":""},{"key":"coordinates","name":"","private":false,"value":""},{"key":"Color","name":"","private":false,"value":""},{"key":"Color Favorito","name":"","private":false,"value":"Azul"}],"_id":"66684e140c80b160cb02292a","privateBus":{}}],"_id":"6667489cb5433b5dc2fa94e9","name":"undefined undefined","socialServices":[]}
2024-09-06 16:22:36.691  3359-3359  AssistantActivityVM     com.allride.buses                    D  checkAccreditationOffline getWbUser: 126606826
2024-09-06 16:22:36.765  3359-3359  AudioTrack              com.allride.buses                    I  createTrack_l(127): AUDIO_OUTPUT_FLAG_FAST successful; frameCount 960 -> 960
2024-09-06 16:22:36.766  3359-3359  AudioTrack              com.allride.buses                    D  setVolume: mRelativePercentage:1.000000, left:1.000000, right:1.000000
2024-09-06 16:22:36.827  3359-3359  DepartureV...ntFragment com.allride.buses                    D  onPauseCamera
2024-09-06 16:22:36.827  3359-3359  ViewReaderQR            com.allride.buses                    D  onPauseCamera
2024-09-06 16:22:36.829  3359-4919  Camera2CameraImpl       com.allride.buses                    D  {Camera@6ab4302[id=0]} Use cases [androidx.camera.core.Preview-1ca8dedc-0ef9-468c-b2e4-008fbc40401a90559245, androidx.camera.core.ImageCapture-ede96cac-1b11-4234-bddb-d0d7aeba9e88196543170, androidx.camera.core.ImageAnalysis-6c3e957b-8cea-40b0-a920-ffc09f1f2cd563928531] now DETACHED for camera
2024-09-06 16:22:36.830  3359-4919  UseCaseAttachState      com.allride.buses                    D  All use case: [] for camera: 0
2024-09-06 16:22:36.830  3359-4919  Camera2CameraImpl       com.allride.buses                    D  {Camera@6ab4302[id=0]} Resetting Capture Session
2024-09-06 16:22:36.831  3359-4919  Camera2CameraImpl       com.allride.buses                    D  {Camera@6ab4302[id=0]} Releasing session in state OPENED
2024-09-06 16:22:36.832  3359-4919  UseCaseAttachState      com.allride.buses                    D  Active and attached use case: [] for camera: 0
2024-09-06 16:22:36.833  3359-4919  UseCaseAttachState      com.allride.buses                    D  Active and attached use case: [] for camera: 0
2024-09-06 16:22:36.836  3359-4919  Camera2CameraImpl       com.allride.buses                    D  {Camera@6ab4302[id=0]} Closing camera.
2024-09-06 16:22:36.837  3359-4919  Camera2CameraImpl       com.allride.buses                    D  {Camera@6ab4302[id=0]} Transitioning camera internal state: OPENED --> CLOSING
2024-09-06 16:22:36.840  3359-4919  CameraStateRegistry     com.allride.buses                    D  Recalculating open cameras:
                                                                                                    Camera                                       State                 
                                                                                                    -------------------------------------------------------------------
                                                                                                    Camera@6ab4302[id=0]                         CLOSING               
                                                                                                    Camera@cd86803[id=1]                         UNKNOWN               
                                                                                                    -------------------------------------------------------------------
                                                                                                    Open count: 1 (Max allowed: 1)
2024-09-06 16:22:36.841  3359-4919  CameraStateMachine      com.allride.buses                    D  New public camera state CameraState{type=CLOSING, error=null} from CLOSING and null
2024-09-06 16:22:36.841  3359-4919  CameraStateMachine      com.allride.buses                    D  Publishing new public camera state CameraState{type=CLOSING, error=null}
2024-09-06 16:22:36.843  3359-4919  Camera2CameraImpl       com.allride.buses                    D  {Camera@6ab4302[id=0]} Resetting Capture Session
2024-09-06 16:22:36.845  3359-4919  Camera2CameraImpl       com.allride.buses                    D  {Camera@6ab4302[id=0]} Releasing session in state CLOSING
2024-09-06 16:22:36.845  3359-4919  CaptureSession          com.allride.buses                    D  onSessionFinished()
2024-09-06 16:22:36.891  3359-3359  SurfaceViewImpl         com.allride.buses                    D  Surface destroyed.
2024-09-06 16:22:36.891  3359-3359  SurfaceViewImpl         com.allride.buses                    D  Surface invalidated androidx.camera.core.SurfaceRequest@30ecf2f
2024-09-06 16:22:36.891  3359-3359  DeferrableSurface       com.allride.buses                    D  surface closed,  useCount=1 closed=true androidx.camera.core.SurfaceRequest$2@dc8b93c
2024-09-06 16:22:36.895  3359-5848  BufferQueueProducer     com.allride.buses                    E  [SurfaceView[com.allride.buses/com.allride.buses.ui.view.activities.assistants.AssistantActivity]#35(BLAST Consumer)35](id:d1f0000003e,api:4,p:1395,c:3359) cancelBuffer: BufferQueue has been abandoned
2024-09-06 16:22:36.897  3359-5848  BufferQueueProducer     com.allride.buses                    E  [SurfaceView[com.allride.buses/com.allride.buses.ui.view.activities.assistants.AssistantActivity]#35(BLAST Consumer)35](id:d1f0000003e,api:4,p:1395,c:3359) cancelBuffer: BufferQueue has been abandoned
2024-09-06 16:22:36.897  3359-5848  BufferQueueProducer     com.allride.buses                    E  [SurfaceView[com.allride.buses/com.allride.buses.ui.view.activities.assistants.AssistantActivity]#35(BLAST Consumer)35](id:d1f0000003e,api:4,p:1395,c:3359) cancelBuffer: BufferQueue has been abandoned
2024-09-06 16:22:36.899  3359-3359  DeferrableSurface       com.allride.buses                    D  surface closed,  useCount=1 closed=true androidx.camera.core.impl.ImmediateSurface@432f4b
2024-09-06 16:22:36.899  3359-3359  DeferrableSurface       com.allride.buses                    D  surface closed,  useCount=1 closed=true androidx.camera.core.impl.ImmediateSurface@5137527
2024-09-06 16:22:36.902  3359-3359  DepartureV...ntFragment com.allride.buses                    D  onDestroyCamera
2024-09-06 16:22:37.039  3359-3359  StreamStateObserver     com.allride.buses                    D  Update Preview stream state to IDLE
2024-09-06 16:22:37.100  3359-4919  UseCaseAttachState      com.allride.buses                    D  Active and attached use case: [] for camera: 0
2024-09-06 16:22:37.101  3359-4919  DeferrableSurface       com.allride.buses                    D  use count-1,  useCount=0 closed=true androidx.camera.core.SurfaceRequest$2@dc8b93c
2024-09-06 16:22:37.101  3359-4919  DeferrableSurface       com.allride.buses                    D  Surface no longer in use[total_surfaces=3, used_surfaces=2](androidx.camera.core.SurfaceRequest$2@dc8b93c}
2024-09-06 16:22:37.101  3359-4919  DeferrableSurface       com.allride.buses                    D  Surface terminated[total_surfaces=2, used_surfaces=2](androidx.camera.core.SurfaceRequest$2@dc8b93c}
2024-09-06 16:22:37.102  3359-4919  DeferrableSurface       com.allride.buses                    D  use count-1,  useCount=0 closed=true androidx.camera.core.impl.ImmediateSurface@432f4b
2024-09-06 16:22:37.103  3359-4919  DeferrableSurface       com.allride.buses                    D  Surface no longer in use[total_surfaces=2, used_surfaces=1](androidx.camera.core.impl.ImmediateSurface@432f4b}
2024-09-06 16:22:37.103  3359-4919  DeferrableSurface       com.allride.buses                    D  Surface terminated[total_surfaces=1, used_surfaces=1](androidx.camera.core.impl.ImmediateSurface@432f4b}
2024-09-06 16:22:37.104  3359-4919  DeferrableSurface       com.allride.buses                    D  use count-1,  useCount=0 closed=true androidx.camera.core.impl.ImmediateSurface@5137527
2024-09-06 16:22:37.104  3359-4919  DeferrableSurface       com.allride.buses                    D  Surface no longer in use[total_surfaces=1, used_surfaces=0](androidx.camera.core.impl.ImmediateSurface@5137527}
2024-09-06 16:22:37.104  3359-4919  DeferrableSurface       com.allride.buses                    D  Surface terminated[total_surfaces=0, used_surfaces=0](androidx.camera.core.impl.ImmediateSurface@5137527}
2024-09-06 16:22:37.105  3359-3359  SurfaceViewImpl         com.allride.buses                    D  Safe to release surface.
2024-09-06 16:22:37.106  3359-4919  Camera2CameraImpl       com.allride.buses                    D  {Camera@6ab4302[id=0]} CameraDevice.onClosed()
2024-09-06 16:22:37.107  3359-4919  Camera2CameraImpl       com.allride.buses                    D  {Camera@6ab4302[id=0]} Transitioning camera internal state: CLOSING --> INITIALIZED
2024-09-06 16:22:37.110  3359-4919  CameraStateRegistry     com.allride.buses                    D  Recalculating open cameras:
                                                                                                    Camera                                       State                 
                                                                                                    -------------------------------------------------------------------
                                                                                                    Camera@6ab4302[id=0]                         CLOSED                
