2024-06-06 13:30:32.486   981-981   ViewReaderQR            com.allride.buses                    D  onResumeCamera
2024-06-06 13:30:32.486   981-981   ViewReaderQR            com.allride.buses                    D  startQRAnalysis
2024-06-06 13:30:32.487   981-4485  UseCaseAttachState      com.allride.buses                    D  Active and attached use case: [androidx.camera.core.ImageCapture-7135f659-eaa9-49e3-a0f2-00e8cac596cc124848424, androidx.camera.core.Preview-989b1fa6-f135-4a1c-93a8-11126d498c9c224394059] for camera: 0
2024-06-06 13:30:32.493   981-4485  CaptureSession          com.allride.buses                    D  Attempting to submit CaptureRequest after setting
2024-06-06 13:30:32.494   981-4485  CaptureSession          com.allride.buses                    D  Issuing request for session.
2024-06-06 13:30:32.494   981-4485  Camera2Cap...estBuilder com.allride.buses                    D  createCaptureRequest
2024-06-06 13:30:32.504   981-4485  Camera2CameraImpl       com.allride.buses                    D  {Camera@bbb9b2a[id=0]} Issue capture request
2024-06-06 13:30:32.504   981-4485  CaptureSession          com.allride.buses                    D  Issuing capture request.
2024-06-06 13:30:32.508   981-4485  Camera2Cap...estBuilder com.allride.buses                    D  createCaptureRequest
2024-06-06 13:30:32.512   981-4485  Camera2CameraImpl       com.allride.buses                    D  {Camera@bbb9b2a[id=0]} Use case androidx.camera.core.ImageAnalysis-f8fc32ee-2327-4682-9398-afab111f6113148588097 ACTIVE
2024-06-06 13:30:32.513   981-4485  UseCaseAttachState      com.allride.buses                    D  Active and attached use case: [androidx.camera.core.ImageCapture-7135f659-eaa9-49e3-a0f2-00e8cac596cc124848424, androidx.camera.core.Preview-989b1fa6-f135-4a1c-93a8-11126d498c9c224394059, androidx.camera.core.ImageAnalysis-f8fc32ee-2327-4682-9398-afab111f6113148588097] for camera: 0
2024-06-06 13:30:32.516   981-4485  CaptureSession          com.allride.buses                    D  Attempting to submit CaptureRequest after setting
2024-06-06 13:30:32.516   981-4485  CaptureSession          com.allride.buses                    D  Issuing request for session.
2024-06-06 13:30:32.516   981-4485  Camera2Cap...estBuilder com.allride.buses                    D  createCaptureRequest
2024-06-06 13:30:32.666   981-981   CameraController        com.allride.buses                    D  Tap to focus started: 757.2988, 1066.444
2024-06-06 13:30:32.667   981-981   ViewReaderQR            com.allride.buses                    D  onReFocusCamera
2024-06-06 13:30:32.667   981-981   ViewReaderQR            com.allride.buses                    D  onResumeCamera
2024-06-06 13:30:32.667   981-981   ViewReaderQR            com.allride.buses                    D  startQRAnalysis
2024-06-06 13:30:32.667   981-4485  CameraController        com.allride.buses                    D  Tap-to-focus is canceled by new action.
2024-06-06 13:30:32.668   981-4485  UseCaseAttachState      com.allride.buses                    D  Active and attached use case: [androidx.camera.core.ImageCapture-7135f659-eaa9-49e3-a0f2-00e8cac596cc124848424, androidx.camera.core.Preview-989b1fa6-f135-4a1c-93a8-11126d498c9c224394059, androidx.camera.core.ImageAnalysis-f8fc32ee-2327-4682-9398-afab111f6113148588097] for camera: 0
2024-06-06 13:30:32.670   981-4485  CaptureSession          com.allride.buses                    D  Attempting to submit CaptureRequest after setting
2024-06-06 13:30:32.670   981-4485  CaptureSession          com.allride.buses                    D  Issuing request for session.
2024-06-06 13:30:32.670   981-4485  Camera2Cap...estBuilder com.allride.buses                    D  createCaptureRequest
2024-06-06 13:30:32.682   981-4485  Camera2CameraImpl       com.allride.buses                    D  {Camera@bbb9b2a[id=0]} Issue capture request
2024-06-06 13:30:32.682   981-4485  CaptureSession          com.allride.buses                    D  Issuing capture request.
2024-06-06 13:30:32.683   981-4485  Camera2Cap...estBuilder com.allride.buses                    D  createCaptureRequest
2024-06-06 13:30:32.903   981-981   ViewReaderQR            com.allride.buses                    D  barcodeScanner: 8804d83128a5f52c8cf9572adce8b5d0c15c2ed9f9152e3fb0c7d43f6091e51337f859645ac1885965881522824fc4248bca48a9212afc1bbd0fefc670b563dc653ff52433d83952fafcf397
2024-06-06 13:30:32.903   981-981   ViewReaderQR            com.allride.buses                    D  onPauseCamera
2024-06-06 13:30:32.903   981-981   ActiveDepa...eViewModel com.allride.buses                    D  onlineValidationQR: 8804d83128a5f52c8cf9572adce8b5d0c15c2ed9f9152e3fb0c7d43f6091e51337f859645ac1885965881522824fc4248bca48a9212afc1bbd0fefc670b563dc653ff52433d83952fafcf397
2024-06-06 13:30:32.905   981-4485  Camera2CameraImpl       com.allride.buses                    D  {Camera@bbb9b2a[id=0]} Use case androidx.camera.core.ImageAnalysis-f8fc32ee-2327-4682-9398-afab111f6113148588097 INACTIVE
2024-06-06 13:30:32.906   981-4485  UseCaseAttachState      com.allride.buses                    D  Active and attached use case: [androidx.camera.core.ImageCapture-7135f659-eaa9-49e3-a0f2-00e8cac596cc124848424, androidx.camera.core.Preview-989b1fa6-f135-4a1c-93a8-11126d498c9c224394059] for camera: 0
2024-06-06 13:30:32.906   981-981   ActiveDepa...eViewModel com.allride.buses                    D  Pre validatePassenger {"communityId":"653fd68233d83952fafcd4be","timezone":"America/Santiago","validationInternalId":"9a78d88a-c18f-4b4d-afd0-67d63d3e5072","validationLat":-34.3941098,"validationLon":-70.7813077,"validationString":"8804d83128a5f52c8cf9572adce8b5d0c15c2ed9f9152e3fb0c7d43f6091e51337f859645ac1885965881522824fc4248bca48a9212afc1bbd0fefc670b563dc653ff52433d83952fafcf397"}
2024-06-06 13:30:32.918   981-4485  CaptureSession          com.allride.buses                    D  Attempting to submit CaptureRequest after setting
2024-06-06 13:30:32.918   981-4485  CaptureSession          com.allride.buses                    D  Issuing request for session.
2024-06-06 13:30:32.919   981-4485  Camera2Cap...estBuilder com.allride.buses                    D  createCaptureRequest
2024-06-06 13:30:33.040   981-4485  CameraController        com.allride.buses                    D  Tap to focus onSuccess: true
2024-06-06 13:30:33.171   981-31786 ActiveDepa...eViewModel com.allride.buses                    D  SocketClient - newDriverPosition: {"departureId":"6661f1e864b9a1f5a2e3033b","routeId":"65e8827b110e5655e1583a45","location":{"latitude":-34.394109,"longitude":-70.7813133,"speed":0.09094997,"source":null},"busId":"ABCD12","state":"service","plate":"ABCD12","code":"1111","driverName":"Conductor Regular"}
2024-06-06 13:30:33.172   981-31786 ActiveDepa...eViewModel com.allride.buses                    D  SocketClient - newPosition : {"latitude":-34.394109,"longitude":-70.7813133}
2024-06-06 13:30:33.256   981-31778 AllRideDepartureService com.allride.buses                    I  getAccessToken 9f42e9e86984b85f2c3f6d0d3f4167be3311016ed4cd10f79e28a539350175f07ff7fa221a22158e0bbae1d194386357fc0a59ee7379d29cca95d6235382f99a
2024-06-06 13:30:33.332   981-31789 ActiveDepa...eViewModel com.allride.buses                    D  SocketClient - stop : {"departureId":"6661f1e864b9a1f5a2e3033b","routeId":"65e8827b110e5655e1583a45","disconnected":true}
2024-06-06 13:30:33.634   981-31778 AllRideDepartureService com.allride.buses                    I  Response Code > 403
2024-06-06 13:30:33.635   981-31778 AllRideDepartureService com.allride.buses                    I  URL > Request{method=POST, url=https://stage.allrideapp.com/api/v2/pb/driver/departures/validate, tags={class retrofit2.Invocation=com.allride.buses.api.AllRideAPI.validatePassenger() [com.allride.buses.api.AllRideAPI$ValidatePassengerData@34ea68c]}}
2024-06-06 13:30:33.637   981-981   ActiveDepa...eViewModel com.allride.buses                    E  Error validatePassenger: HTTP 403 
2024-06-06 13:30:33.645   981-981   ActiveDepa...eViewModel com.allride.buses                    E  Error validatePassenger pb_validation_no_tickets : Saldo insuficiente
2024-06-06 13:30:33.645   981-981   UfReader                com.allride.buses                    D  negativeBeep
2024-06-06 13:30:33.646   981-981   UfReader                com.allride.buses                    D  negativeBeep: status 80 -> UFR_COMMUNICATION_BREAK
2024-06-06 13:30:33.812   981-31798 ActiveDepa...eViewModel com.allride.buses                    D  SocketClient - current : {"color":"2E7D32","capacity":3}
2024-06-06 13:30:33.820   981-31798 DepartureProvider       com.allride.buses                    D  setCapacity 3
2024-06-06 13:30:36.670   981-981   CapturePas...erActivity com.allride.buses                    D  hideDialogValidation
2024-06-06 13:30:36.670   981-981   CapturePas...erActivity com.allride.buses                    D  onResumeCamera
2024-06-06 13:30:36.670   981-981   ViewReaderQR            com.allride.buses                    D  onResumeCamera
2024-06-06 13:30:36.671   981-981   ViewReaderQR            com.allride.buses                    D  startQRAnalysis
2024-06-06 13:30:36.671   981-981   UfReader                com.allride.buses                    D  openReader
2024-06-06 13:30:36.672   981-981   UfReader                com.allride.buses                    D  openReader: status 84 -> UFR_READER_OPENING_ERROR
2024-06-06 13:30:36.672   981-4478  Camera2CameraImpl       com.allride.buses                    D  {Camera@bbb9b2a[id=0]} Use case androidx.camera.core.ImageAnalysis-f8fc32ee-2327-4682-9398-afab111f6113148588097 ACTIVE
2024-06-06 13:30:36.673   981-4478  UseCaseAttachState      com.allride.buses                    D  Active and attached use case: [androidx.camera.core.ImageCapture-7135f659-eaa9-49e3-a0f2-00e8cac596cc124848424, androidx.camera.core.Preview-989b1fa6-f135-4a1c-93a8-11126d498c9c224394059, androidx.camera.core.ImageAnalysis-f8fc32ee-2327-4682-9398-afab111f6113148588097] for camera: 0
2024-06-06 13:30:36.677   981-4478  CaptureSession          com.allride.buses                    D  Attempting to submit CaptureRequest after setting
2024-06-06 13:30:36.677   981-4478  CaptureSession          com.allride.buses                    D  Issuing request for session.
2024-06-06 13:30:36.677   981-4478  Camera2Cap...estBuilder com.allride.buses                    D  createCaptureRequest
2024-06-06 13:30:36.797   981-981   CapturePas...erActivity com.allride.buses                    D  hideDialogValidation
2024-06-06 13:30:36.798   981-981   CapturePas...erActivity com.allride.buses                    D  onResumeCamera
2024-06-06 13:30:36.798   981-981   ViewReaderQR            com.allride.buses                    D  onResumeCamera
2024-06-06 13:30:36.798   981-981   ViewReaderQR            com.allride.buses                    D  startQRAnalysis
2024-06-06 13:30:36.798   981-981   UfReader                com.allride.buses                    D  openReader
2024-06-06 13:30:36.801   981-981   UfReader                com.allride.buses                    D  openReader: status 84 -> UFR_READER_OPENING_ERROR
2024-06-06 13:30:37.711   981-4485  Camera2CameraImpl       com.allride.buses                    D  {Camera@bbb9b2a[id=0]} Issue capture request
2024-06-06 13:30:37.711   981-4485  CaptureSession          com.allride.buses                    D  Issuing capture request.
2024-06-06 13:30:37.713   981-4485  Camera2Cap...estBuilder com.allride.buses                    D  createCaptureRequest
2024-06-06 13:30:37.723   981-4485  UseCaseAttachState      com.allride.buses                    D  Active and attached use case: [androidx.camera.core.ImageCapture-7135f659-eaa9-49e3-a0f2-00e8cac596cc124848424, androidx.camera.core.Preview-989b1fa6-f135-4a1c-93a8-11126d498c9c224394059, androidx.camera.core.ImageAnalysis-f8fc32ee-2327-4682-9398-afab111f6113148588097] for camera: 0
2024-06-06 13:30:37.732   981-4485  CaptureSession          com.allride.buses                    D  Attempting to submit CaptureRequest after setting
2024-06-06 13:30:37.732   981-4485  CaptureSession          com.allride.buses                    D  Issuing request for session.
2024-06-06 13:30:37.732   981-4485  Camera2Cap...estBuilder com.allride.buses                    D  createCaptureRequest
2024-06-06 13:30:38.183   981-31811 ActiveDepa...eViewModel com.allride.buses                    D  SocketClient - newDriverPosition: {"departureId":"6661f1e864b9a1f5a2e3033b","routeId":"65e8827b110e5655e1583a45","location":{"latitude":-34.3941145,"longitude":-70.7812888,"speed":0.433539,"source":null},"busId":"ABCD12","state":"service","plate":"ABCD12","code":"1111","driverName":"Conductor Regular"}
2024-06-06 13:30:38.188   981-31812 ActiveDepa...eViewModel com.allride.buses                    D  SocketClient - newPosition : {"latitude":-34.3941145,"longitude":-70.7812888}
2024-06-06 13:30:46.911   981-1017  m.allride.buse          com.allride.buses                    I  NativeAlloc concurrent copying GC freed 375632(12MB) AllocSpace objects, 18(368KB) LOS objects, 36% free, 42MB/66MB, paused 93us,75us total 261.175ms
2024-06-06 13:30:53.196   981-31868 ActiveDepa...eViewModel com.allride.buses                    D  SocketClient - newDriverPosition: {"departureId":"6661f1e864b9a1f5a2e3033b","routeId":"65e8827b110e5655e1583a45","location":{"latitude":-34.3941085,"longitude":-70.7812987,"speed":0.07992822,"source":null},"busId":"ABCD12","state":"service","plate":"ABCD12","code":"1111","driverName":"Conductor Regular"}
2024-06-06 13:30:53.200   981-31869 ActiveDepa...eViewModel com.allride.buses                    D  SocketClient - newPosition : {"latitude":-34.3941085,"longitude":-70.7812987}
2024-06-06 13:30:58.159   981-31935 ActiveDepa...eViewModel com.allride.buses                    D  SocketClient - newDriverPosition: {"departureId":"6661f1e864b9a1f5a2e3033b","routeId":"65e8827b110e5655e1583a45","location":{"latitude":-34.3941103,"longitude":-70.7812948,"speed":0.07713444,"source":null},"busId":"ABCD12","state":"service","plate":"ABCD12","code":"1111","driverName":"Conductor Regular"}
2024-06-06 13:30:58.161   981-31935 ActiveDepa...eViewModel com.allride.buses                    D  SocketClient - newPosition : {"latitude":-34.3941103,"longitude":-70.7812948}
2024-06-06 13:31:03.152   981-31989 ActiveDepa...eViewModel com.allride.buses                    D  SocketClient - newDriverPosition: {"departureId":"6661f1e864b9a1f5a2e3033b","routeId":"65e8827b110e5655e1583a45","location":{"latitude":-34.3941113,"longitude":-70.781292,"speed":0.057168074,"source":null},"busId":"ABCD12","state":"service","plate":"ABCD12","code":"1111","driverName":"Conductor Regular"}
2024-06-06 13:31:03.153   981-31989 ActiveDepa...eViewModel com.allride.buses                    D  SocketClient - newPosition : {"latitude":-34.3941113,"longitude":-70.781292}
2024-06-06 13:31:08.201   981-32044 ActiveDepa...eViewModel com.allride.buses                    D  SocketClient - newDriverPosition: {"departureId":"6661f1e864b9a1f5a2e3033b","routeId":"65e8827b110e5655e1583a45","location":{"latitude":-34.39411,"longitude":-70.7813041,"speed":0.20403379,"source":null},"busId":"ABCD12","state":"service","plate":"ABCD12","code":"1111","driverName":"Conductor Regular"}
2024-06-06 13:31:08.203   981-32044 ActiveDepa...eViewModel com.allride.buses                    D  SocketClient - newPosition : {"latitude":-34.39411,"longitude":-70.7813041}
2024-06-06 13:31:13.277   981-32115 ActiveDepa...eViewModel com.allride.buses                    D  SocketClient - newDriverPosition: {"departureId":"6661f1e864b9a1f5a2e3033b","routeId":"65e8827b110e5655e1583a45","location":{"latitude":-34.3941129,"longitude":-70.7812979,"speed":0.10939318,"source":null},"busId":"ABCD12","state":"service","plate":"ABCD12","code":"1111","driverName":"Conductor Regular"}
2024-06-06 13:31:13.277   981-32115 ActiveDepa...eViewModel com.allride.buses                    D  SocketClient - newPosition : {"latitude":-34.3941129,"longitude":-70.7812979}
2024-06-06 13:31:15.001   981-981   CameraOrientationUtil   com.allride.buses                    D  getRelativeImageRotation: destRotationDegrees=270, sourceRotationDegrees=90, isOppositeFacing=true, result=180
2024-06-06 13:31:15.401   981-981   CameraOrientationUtil   com.allride.buses                    D  getRelativeImageRotation: destRotationDegrees=0, sourceRotationDegrees=90, isOppositeFacing=true, result=90
2024-06-06 13:31:18.270   981-32141 ActiveDepa...eViewModel com.allride.buses                    D  SocketClient - newDriverPosition: {"departureId":"6661f1e864b9a1f5a2e3033b","routeId":"65e8827b110e5655e1583a45","location":{"latitude":-34.3941075,"longitude":-70.7812917,"speed":0.15488298,"source":null},"busId":"ABCD12","state":"service","plate":"ABCD12","code":"1111","driverName":"Conductor Regular"}
2024-06-06 13:31:18.271   981-32141 ActiveDepa...eViewModel com.allride.buses                    D  SocketClient - newPosition : {"latitude":-34.3941075,"longitude":-70.7812917}
2024-06-06 13:31:33.303   981-32195 ActiveDepa...eViewModel com.allride.buses                    D  SocketClient - newDriverPosition: {"departureId":"6661f1e864b9a1f5a2e3033b","routeId":"65e8827b110e5655e1583a45","location":{"latitude":-34.3941095,"longitude":-70.7812867,"speed":0.016461955,"source":null},"busId":"ABCD12","state":"service","plate":"ABCD12","code":"1111","driverName":"Conductor Regular"}
2024-06-06 13:31:33.306   981-32195 ActiveDepa...eViewModel com.allride.buses                    D  SocketClient - newPosition : {"latitude":-34.3941095,"longitude":-70.7812867}
2024-06-06 13:31:34.917   981-981   ConnectivityReceiver    com.allride.buses                    D  onReceive true
2024-06-06 13:31:34.946   981-981   ConnectivityReceiver    com.allride.buses                    D  onReceive true
2024-06-06 13:31:36.144   981-981   ViewReaderQR            com.allride.buses                    D  barcodeScanner: 8804d83128a5f52c8cf9572adce8b5d0c15c2ed9f9152e3fb0c7d43f6091e51337f859645ac1885965881522824fc4248bca48a9212afc1bbd0fefc670b563dc653ff52433d83952fafcf397
2024-06-06 13:31:36.145   981-981   ViewReaderQR            com.allride.buses                    D  onPauseCamera
2024-06-06 13:31:36.148   981-981   ActiveDepa...eViewModel com.allride.buses                    D  onlineValidationQR: 8804d83128a5f52c8cf9572adce8b5d0c15c2ed9f9152e3fb0c7d43f6091e51337f859645ac1885965881522824fc4248bca48a9212afc1bbd0fefc670b563dc653ff52433d83952fafcf397
2024-06-06 13:31:36.148   981-4485  Camera2CameraImpl       com.allride.buses                    D  {Camera@bbb9b2a[id=0]} Use case androidx.camera.core.ImageAnalysis-f8fc32ee-2327-4682-9398-afab111f6113148588097 INACTIVE
2024-06-06 13:31:36.153   981-4485  UseCaseAttachState      com.allride.buses                    D  Active and attached use case: [androidx.camera.core.ImageCapture-7135f659-eaa9-49e3-a0f2-00e8cac596cc124848424, androidx.camera.core.Preview-989b1fa6-f135-4a1c-93a8-11126d498c9c224394059] for camera: 0
2024-06-06 13:31:36.159   981-981   ActiveDepa...eViewModel com.allride.buses                    D  Pre validatePassenger {"communityId":"653fd68233d83952fafcd4be","timezone":"America/Santiago","validationInternalId":"2bde9647-62e5-4193-ac3f-7737cc71fbed","validationLat":-34.3941095,"validationLon":-70.7812867,"validationString":"8804d83128a5f52c8cf9572adce8b5d0c15c2ed9f9152e3fb0c7d43f6091e51337f859645ac1885965881522824fc4248bca48a9212afc1bbd0fefc670b563dc653ff52433d83952fafcf397"}
2024-06-06 13:31:36.186   981-4485  CaptureSession          com.allride.buses                    D  Attempting to submit CaptureRequest after setting
2024-06-06 13:31:36.186   981-4485  CaptureSession          com.allride.buses                    D  Issuing request for session.
2024-06-06 13:31:36.186   981-4485  Camera2Cap...estBuilder com.allride.buses                    D  createCaptureRequest
2024-06-06 13:31:36.193   981-981   ViewReaderQR            com.allride.buses                    D  barcodeScanner: 8804d83128a5f52c8cf9572adce8b5d0c15c2ed9f9152e3fb0c7d43f6091e51337f859645ac1885965881522824fc4248bca48a9212afc1bbd0fefc670b563dc653ff52433d83952fafcf397
2024-06-06 13:31:36.193   981-981   ViewReaderQR            com.allride.buses                    D  onPauseCamera
2024-06-06 13:31:36.577   981-32322 AllRideDepartureService com.allride.buses                    I  getAccessToken 9f42e9e86984b85f2c3f6d0d3f4167be3311016ed4cd10f79e28a539350175f07ff7fa221a22158e0bbae1d194386357fc0a59ee7379d29cca95d6235382f99a
2024-06-06 13:31:37.076   981-32322 AllRideDepartureService com.allride.buses                    I  Response Code > 200
2024-06-06 13:31:37.076   981-32322 AllRideDepartureService com.allride.buses                    I  URL > Request{method=POST, url=https://stage.allrideapp.com/api/v2/pb/driver/departures/validate, tags={class retrofit2.Invocation=com.allride.buses.api.AllRideAPI.validatePassenger() [com.allride.buses.api.AllRideAPI$ValidatePassengerData@ed79822]}}
2024-06-06 13:31:37.108   981-981   ActiveDepa...eViewModel com.allride.buses                    D  Success validatePassenger {"assignedSeat":"","communityId":"653fd601f90509541a748683","createdAt":"Jun 6, 2024 1:31:36 PM","departureId":"6661f1e864b9a1f5a2e3033b","_id":"6661f27864b9a1f5a2e3049d","isDNI":false,"lat":-34.394108,"latitude":-34.394108,"loc":{"float1":-70.78129,"float2":-34.394108},"lon":-70.78129,"longitude":-70.78129,"qrCode":"","reason":["timestamp"],"remainingTickets":0,"routeId":"65e8827b110e5655e1583a45","synced":true,"token":"","userId":"653ff52433d83952fafcf397","validated":true}
2024-06-06 13:31:37.130   981-981   ActiveDepa...eViewModel com.allride.buses                    D  Observer legType service
2024-06-06 13:31:37.130   981-981   ActiveDepa...eViewModel com.allride.buses                    D  addSource offlineMessage currentDeparture
2024-06-06 13:31:37.130   981-981   ActiveDepa...eViewModel com.allride.buses                    D  addSource checkPendingOfflineSync false false
2024-06-06 13:31:37.132   981-981   ActiveDepa...eViewModel com.allride.buses                    D  Observer legType service
2024-06-06 13:31:37.132   981-981   ActiveDepa...eViewModel com.allride.buses                    D  addSource offlineMessage currentDeparture
2024-06-06 13:31:37.132   981-981   ActiveDepa...eViewModel com.allride.buses                    D  addSource checkPendingOfflineSync false false
2024-06-06 13:31:37.133   981-981   UfReader                com.allride.buses                    D  positiveBeep
2024-06-06 13:31:37.133   981-981   UfReader                com.allride.buses                    D  positiveBeep: status 80 -> UFR_COMMUNICATION_BREAK
2024-06-06 13:31:37.316   981-32364 ActiveDepa...eViewModel com.allride.buses                    D  SocketClient - current : {"color":"2E7D32","capacity":3}
2024-06-06 13:31:37.316   981-32364 DepartureProvider       com.allride.buses                    D  setCapacity 3
2024-06-06 13:31:38.089   981-981   InputEventReceiver      com.allride.buses                    W  Attempted to finish an input event but the input event receiver has already been disposed.
2024-06-06 13:31:38.090   981-981   CapturePas...erActivity com.allride.buses                    D  hideDialogValidation
2024-06-06 13:31:38.090   981-981   CapturePas...erActivity com.allride.buses                    D  onResumeCamera
2024-06-06 13:31:38.090   981-981   ViewReaderQR            com.allride.buses                    D  onResumeCamera
2024-06-06 13:31:38.090   981-981   ViewReaderQR            com.allride.buses                    D  startQRAnalysis
2024-06-06 13:31:38.090   981-981   UfReader                com.allride.buses                    D  openReader
2024-06-06 13:31:38.091   981-981   UfReader                com.allride.buses                    D  openReader: status 84 -> UFR_READER_OPENING_ERROR
2024-06-06 13:31:38.095   981-4478  Camera2CameraImpl       com.allride.buses                    D  {Camera@bbb9b2a[id=0]} Use case androidx.camera.core.ImageAnalysis-f8fc32ee-2327-4682-9398-afab111f6113148588097 ACTIVE
2024-06-06 13:31:38.099   981-4478  UseCaseAttachState      com.allride.buses                    D  Active and attached use case: [androidx.camera.core.ImageCapture-7135f659-eaa9-49e3-a0f2-00e8cac596cc124848424, androidx.camera.core.Preview-989b1fa6-f135-4a1c-93a8-11126d498c9c224394059, androidx.camera.core.ImageAnalysis-f8fc32ee-2327-4682-9398-afab111f6113148588097] for camera: 0
2024-06-06 13:31:38.110   981-4478  CaptureSession          com.allride.buses                    D  Attempting to submit CaptureRequest after setting
2024-06-06 13:31:38.112   981-4478  CaptureSession          com.allride.buses                    D  Issuing request for session.
2024-06-06 13:31:38.112   981-4478  Camera2Cap...estBuilder com.allride.buses                    D  createCaptureRequest
2024-06-06 13:31:38.238   981-981   InputEventReceiver      com.allride.buses                    W  Attempted to finish an input event but the input event receiver has already been disposed.
2024-06-06 13:31:38.238   981-981   CapturePas...erActivity com.allride.buses                    D  hideDialogValidation
2024-06-06 13:31:38.238   981-981   CapturePas...erActivity com.allride.buses                    D  onResumeCamera
2024-06-06 13:31:38.238   981-981   ViewReaderQR            com.allride.buses                    D  onResumeCamera
2024-06-06 13:31:38.239   981-981   ViewReaderQR            com.allride.buses                    D  startQRAnalysis
2024-06-06 13:31:38.239   981-981   UfReader                com.allride.buses                    D  openReader
2024-06-06 13:31:38.241   981-981   UfReader                com.allride.buses                    D  openReader: status 84 -> UFR_READER_OPENING_ERROR
2024-06-06 13:31:38.298   981-32370 ActiveDepa...eViewModel com.allride.buses                    D  SocketClient - newDriverPosition: {"departureId":"6661f1e864b9a1f5a2e3033b","routeId":"65e8827b110e5655e1583a45","location":{"latitude":-34.3941121,"longitude":-70.7812892,"speed":0.06847262,"source":null},"busId":"ABCD12","state":"service","plate":"ABCD12","code":"1111","driverName":"Conductor Regular"}
2024-06-06 13:31:38.302   981-32371 ActiveDepa...eViewModel com.allride.buses                    D  SocketClient - newPosition : {"latitude":-34.3941121,"longitude":-70.7812892}
2024-06-06 13:31:38.844   981-981   ViewReaderQR            com.allride.buses                    D  barcodeScanner: 8804d83128a5f52c8cf9572adce8b5d0c15c2ed9f9152e3fb0c7d43f6091e51337f859645ac1885965881522824fc4248bca48a9212afc1bbd0fefc670b563dc653ff52433d83952fafcf397
2024-06-06 13:31:38.844   981-981   ViewReaderQR            com.allride.buses                    D  onPauseCamera
2024-06-06 13:31:38.845   981-4485  Camera2CameraImpl       com.allride.buses                    D  {Camera@bbb9b2a[id=0]} Use case androidx.camera.core.ImageAnalysis-f8fc32ee-2327-4682-9398-afab111f6113148588097 INACTIVE
2024-06-06 13:31:38.849   981-4485  UseCaseAttachState      com.allride.buses                    D  Active and attached use case: [androidx.camera.core.ImageCapture-7135f659-eaa9-49e3-a0f2-00e8cac596cc124848424, androidx.camera.core.Preview-989b1fa6-f135-4a1c-93a8-11126d498c9c224394059] for camera: 0
2024-06-06 13:31:38.859   981-4485  CaptureSession          com.allride.buses                    D  Attempting to submit CaptureRequest after setting
2024-06-06 13:31:38.859   981-4485  CaptureSession          com.allride.buses                    D  Issuing request for session.
2024-06-06 13:31:38.859   981-4485  Camera2Cap...estBuilder com.allride.buses                    D  createCaptureRequest
2024-06-06 13:31:40.629   981-981   CameraController        com.allride.buses                    D  Tap to focus started: 643.40424, 1213.3827
2024-06-06 13:31:40.630   981-981   ViewReaderQR            com.allride.buses                    D  onReFocusCamera
2024-06-06 13:31:40.630   981-981   ViewReaderQR            com.allride.buses                    D  onResumeCamera
2024-06-06 13:31:40.630   981-981   ViewReaderQR            com.allride.buses                    D  startQRAnalysis
2024-06-06 13:31:40.632   981-4485  UseCaseAttachState      com.allride.buses                    D  Active and attached use case: [androidx.camera.core.ImageCapture-7135f659-eaa9-49e3-a0f2-00e8cac596cc124848424, androidx.camera.core.Preview-989b1fa6-f135-4a1c-93a8-11126d498c9c224394059] for camera: 0
2024-06-06 13:31:40.636   981-4485  CaptureSession          com.allride.buses                    D  Attempting to submit CaptureRequest after setting
2024-06-06 13:31:40.636   981-4485  CaptureSession          com.allride.buses                    D  Issuing request for session.
2024-06-06 13:31:40.636   981-4485  Camera2Cap...estBuilder com.allride.buses                    D  createCaptureRequest
2024-06-06 13:31:40.641   981-4485  Camera2CameraImpl       com.allride.buses                    D  {Camera@bbb9b2a[id=0]} Issue capture request
2024-06-06 13:31:40.641   981-4485  CaptureSession          com.allride.buses                    D  Issuing capture request.
2024-06-06 13:31:40.643   981-4485  Camera2Cap...estBuilder com.allride.buses                    D  createCaptureRequest
2024-06-06 13:31:40.648   981-4485  Camera2CameraImpl       com.allride.buses                    D  {Camera@bbb9b2a[id=0]} Use case androidx.camera.core.ImageAnalysis-f8fc32ee-2327-4682-9398-afab111f6113148588097 ACTIVE
2024-06-06 13:31:40.650   981-4485  UseCaseAttachState      com.allride.buses                    D  Active and attached use case: [androidx.camera.core.ImageCapture-7135f659-eaa9-49e3-a0f2-00e8cac596cc124848424, androidx.camera.core.Preview-989b1fa6-f135-4a1c-93a8-11126d498c9c224394059, androidx.camera.core.ImageAnalysis-f8fc32ee-2327-4682-9398-afab111f6113148588097] for camera: 0
2024-06-06 13:31:40.654   981-4485  CaptureSession          com.allride.buses                    D  Attempting to submit CaptureRequest after setting
2024-06-06 13:31:40.654   981-4485  CaptureSession          com.allride.buses                    D  Issuing request for session.
2024-06-06 13:31:40.654   981-4485  Camera2Cap...estBuilder com.allride.buses                    D  createCaptureRequest
2024-06-06 13:31:40.801   981-981   CameraController        com.allride.buses                    D  Tap to focus started: 619.42645, 1230.3756
2024-06-06 13:31:40.802   981-981   ViewReaderQR            com.allride.buses                    D  onReFocusCamera
2024-06-06 13:31:40.802   981-981   ViewReaderQR            com.allride.buses                    D  onResumeCamera
2024-06-06 13:31:40.802   981-981   ViewReaderQR            com.allride.buses                    D  startQRAnalysis
2024-06-06 13:31:40.804   981-4478  CameraController        com.allride.buses                    D  Tap-to-focus is canceled by new action.
2024-06-06 13:31:40.805   981-4478  UseCaseAttachState      com.allride.buses                    D  Active and attached use case: [androidx.camera.core.ImageCapture-7135f659-eaa9-49e3-a0f2-00e8cac596cc124848424, androidx.camera.core.Preview-989b1fa6-f135-4a1c-93a8-11126d498c9c224394059, androidx.camera.core.ImageAnalysis-f8fc32ee-2327-4682-9398-afab111f6113148588097] for camera: 0
2024-06-06 13:31:40.818   981-4478  CaptureSession          com.allride.buses                    D  Attempting to submit CaptureRequest after setting
2024-06-06 13:31:40.818   981-4478  CaptureSession          com.allride.buses                    D  Issuing request for session.
2024-06-06 13:31:40.818   981-4478  Camera2Cap...estBuilder com.allride.buses                    D  createCaptureRequest
2024-06-06 13:31:40.833   981-4478  Camera2CameraImpl       com.allride.buses                    D  {Camera@bbb9b2a[id=0]} Issue capture request
2024-06-06 13:31:40.833   981-4478  CaptureSession          com.allride.buses                    D  Issuing capture request.
2024-06-06 13:31:40.838   981-4478  Camera2Cap...estBuilder com.allride.buses                    D  createCaptureRequest
2024-06-06 13:31:41.024   981-981   ViewReaderQR            com.allride.buses                    D  barcodeScanner: 8804d83128a5f52c8cf9572adce8b5d0c15c2ed9f9152e3fb0c7d43f6091e51337f859645ac1885965881522824fc4248bca48a9212afc1bbd0fefc670b563dc653ff52433d83952fafcf397
2024-06-06 13:31:41.025   981-981   ViewReaderQR            com.allride.buses                    D  onPauseCamera
2024-06-06 13:31:41.025   981-981   ActiveDepa...eViewModel com.allride.buses                    D  onlineValidationQR: 8804d83128a5f52c8cf9572adce8b5d0c15c2ed9f9152e3fb0c7d43f6091e51337f859645ac1885965881522824fc4248bca48a9212afc1bbd0fefc670b563dc653ff52433d83952fafcf397
2024-06-06 13:31:41.025   981-4485  Camera2CameraImpl       com.allride.buses                    D  {Camera@bbb9b2a[id=0]} Use case androidx.camera.core.ImageAnalysis-f8fc32ee-2327-4682-9398-afab111f6113148588097 INACTIVE
2024-06-06 13:31:41.026   981-4485  UseCaseAttachState      com.allride.buses                    D  Active and attached use case: [androidx.camera.core.ImageCapture-7135f659-eaa9-49e3-a0f2-00e8cac596cc124848424, androidx.camera.core.Preview-989b1fa6-f135-4a1c-93a8-11126d498c9c224394059] for camera: 0
2024-06-06 13:31:41.027   981-981   ActiveDepa...eViewModel com.allride.buses                    D  Pre validatePassenger {"communityId":"653fd68233d83952fafcd4be","timezone":"America/Santiago","validationInternalId":"b97dd492-d4b2-479b-b1ff-091693e927d8","validationLat":-34.3941123,"validationLon":-70.7812893,"validationString":"8804d83128a5f52c8cf9572adce8b5d0c15c2ed9f9152e3fb0c7d43f6091e51337f859645ac1885965881522824fc4248bca48a9212afc1bbd0fefc670b563dc653ff52433d83952fafcf397"}
2024-06-06 13:31:41.042   981-4485  CaptureSession          com.allride.buses                    D  Attempting to submit CaptureRequest after setting
2024-06-06 13:31:41.042   981-4485  CaptureSession          com.allride.buses                    D  Issuing request for session.
2024-06-06 13:31:41.042   981-4485  Camera2Cap...estBuilder com.allride.buses                    D  createCaptureRequest
2024-06-06 13:31:41.346   981-4485  CameraController        com.allride.buses                    D  Tap to focus onSuccess: true
2024-06-06 13:31:41.614   981-32391 AllRideDepartureService com.allride.buses                    I  getAccessToken 9f42e9e86984b85f2c3f6d0d3f4167be3311016ed4cd10f79e28a539350175f07ff7fa221a22158e0bbae1d194386357fc0a59ee7379d29cca95d6235382f99a
2024-06-06 13:31:42.073   981-32391 AllRideDepartureService com.allride.buses                    I  Response Code > 200
2024-06-06 13:31:42.074   981-32391 AllRideDepartureService com.allride.buses                    I  URL > Request{method=POST, url=https://stage.allrideapp.com/api/v2/pb/driver/departures/validate, tags={class retrofit2.Invocation=com.allride.buses.api.AllRideAPI.validatePassenger() [com.allride.buses.api.AllRideAPI$ValidatePassengerData@2dc0c74]}}
2024-06-06 13:31:42.081   981-981   ActiveDepa...eViewModel com.allride.buses                    E  Error validatePassenger: Socket closed
2024-06-06 13:31:42.082   981-981   UfReader                com.allride.buses                    D  negativeBeep
2024-06-06 13:31:42.082   981-981   UfReader                com.allride.buses                    D  negativeBeep: status 80 -> UFR_COMMUNICATION_BREAK
2024-06-06 13:31:42.272   981-32403 ActiveDepa...eViewModel com.allride.buses                    D  SocketClient - current : {"color":"2E7D32","capacity":3}
2024-06-06 13:31:42.273   981-32403 DepartureProvider       com.allride.buses                    D  setCapacity 3
2024-06-06 13:31:45.114   981-981   CapturePas...erActivity com.allride.buses                    D  hideDialogValidation
2024-06-06 13:31:45.114   981-981   CapturePas...erActivity com.allride.buses                    D  onResumeCamera
2024-06-06 13:31:45.114   981-981   ViewReaderQR            com.allride.buses                    D  onResumeCamera
2024-06-06 13:31:45.114   981-981   ViewReaderQR            com.allride.buses                    D  startQRAnalysis
2024-06-06 13:31:45.114   981-981   UfReader                com.allride.buses                    D  openReader
2024-06-06 13:31:45.115   981-4478  Camera2CameraImpl       com.allride.buses                    D  {Camera@bbb9b2a[id=0]} Use case androidx.camera.core.ImageAnalysis-f8fc32ee-2327-4682-9398-afab111f6113148588097 ACTIVE
2024-06-06 13:31:45.115   981-981   UfReader                com.allride.buses                    D  openReader: status 84 -> UFR_READER_OPENING_ERROR
2024-06-06 13:31:45.115   981-4478  UseCaseAttachState      com.allride.buses                    D  Active and attached use case: [androidx.camera.core.ImageCapture-7135f659-eaa9-49e3-a0f2-00e8cac596cc124848424, androidx.camera.core.Preview-989b1fa6-f135-4a1c-93a8-11126d498c9c224394059, androidx.camera.core.ImageAnalysis-f8fc32ee-2327-4682-9398-afab111f6113148588097] for camera: 0
2024-06-06 13:31:45.121   981-4478  CaptureSession          com.allride.buses                    D  Attempting to submit CaptureRequest after setting
2024-06-06 13:31:45.121   981-4478  CaptureSession          com.allride.buses                    D  Issuing request for session.
2024-06-06 13:31:45.121   981-4478  Camera2Cap...estBuilder com.allride.buses                    D  createCaptureRequest
2024-06-06 13:31:45.244   981-981   CapturePas...erActivity com.allride.buses                    D  hideDialogValidation
2024-06-06 13:31:45.244   981-981   CapturePas...erActivity com.allride.buses                    D  onResumeCamera
2024-06-06 13:31:45.244   981-981   ViewReaderQR            com.allride.buses                    D  onResumeCamera
2024-06-06 13:31:45.244   981-981   ViewReaderQR            com.allride.buses                    D  startQRAnalysis
2024-06-06 13:31:45.244   981-981   UfReader                com.allride.buses                    D  openReader
2024-06-06 13:31:45.246   981-981   UfReader                com.allride.buses                    D  openReader: status 84 -> UFR_READER_OPENING_ERROR
2024-06-06 13:31:45.865   981-4478  Camera2CameraImpl       com.allride.buses                    D  {Camera@bbb9b2a[id=0]} Issue capture request
2024-06-06 13:31:45.866   981-4478  CaptureSession          com.allride.buses                    D  Issuing capture request.
2024-06-06 13:31:45.867   981-4478  Camera2Cap...estBuilder com.allride.buses                    D  createCaptureRequest
2024-06-06 13:31:45.882   981-4478  UseCaseAttachState      com.allride.buses                    D  Active and attached use case: [androidx.camera.core.ImageCapture-7135f659-eaa9-49e3-a0f2-00e8cac596cc124848424, androidx.camera.core.Preview-989b1fa6-f135-4a1c-93a8-11126d498c9c224394059, androidx.camera.core.ImageAnalysis-f8fc32ee-2327-4682-9398-afab111f6113148588097] for camera: 0
2024-06-06 13:31:45.886   981-4478  CaptureSession          com.allride.buses                    D  Attempting to submit CaptureRequest after setting
2024-06-06 13:31:45.886   981-4478  CaptureSession          com.allride.buses                    D  Issuing request for session.
2024-06-06 13:31:45.886   981-4478  Camera2Cap...estBuilder com.allride.buses                    D  createCaptureRequest
