2024-06-06 13:29:14.660   981-981   ActiveDepa...eViewModel com.allride.buses                    D  addSource checkPendingOfflineSync false false
2024-06-06 13:29:14.698   981-981   MapActivity             com.allride.buses                    E  ADD HISTORY USE: NO_TYPE_MOBILE_DATA
2024-06-06 13:29:14.949   981-981   ProxyAndro...gerBackend com.allride.buses                    W  Too many Flogger logs received before configuration. Dropping old logs.
2024-06-06 13:29:14.957   981-981   ProxyAndro...gerBackend com.allride.buses                    W  Too many Flogger logs received before configuration. Dropping old logs.
2024-06-06 13:29:14.960   981-981   ProxyAndro...gerBackend com.allride.buses                    W  Too many Flogger logs received before configuration. Dropping old logs.
2024-06-06 13:29:14.963   981-30812 ProxyAndro...gerBackend com.allride.buses                    W  Too many Flogger logs received before configuration. Dropping old logs.
2024-06-06 13:29:14.981   981-981   ProxyAndro...gerBackend com.allride.buses                    W  Too many Flogger logs received before configuration. Dropping old logs.
2024-06-06 13:29:14.981   981-30813 ProxyAndro...gerBackend com.allride.buses                    W  Too many Flogger logs received before configuration. Dropping old logs.
2024-06-06 13:29:14.990   981-981   ProxyAndro...gerBackend com.allride.buses                    W  Too many Flogger logs received before configuration. Dropping old logs.
2024-06-06 13:29:14.991   981-981   ProxyAndro...gerBackend com.allride.buses                    W  Too many Flogger logs received before configuration. Dropping old logs.
2024-06-06 13:29:14.995   981-981   ProxyAndro...gerBackend com.allride.buses                    W  Too many Flogger logs received before configuration. Dropping old logs.
2024-06-06 13:29:14.995   981-981   ProxyAndro...gerBackend com.allride.buses                    W  Too many Flogger logs received before configuration. Dropping old logs.
2024-06-06 13:29:15.022   981-981   MapActivity             com.allride.buses                    D  onStart
2024-06-06 13:29:15.023   981-981   ActiveDepa...eViewModel com.allride.buses                    D  onResumeMap
2024-06-06 13:29:15.023   981-981   ActiveDepa...eViewModel com.allride.buses                    D  onResumeMap getCurrent
2024-06-06 13:29:15.023   981-981   MapActivity             com.allride.buses                    I  initViewModel
2024-06-06 13:29:15.025   981-981   MapActivity             com.allride.buses                    D  Success registerReceiver setupBroadcastReceiver
2024-06-06 13:29:15.025   981-981   ServiceConnectivity     com.allride.buses                    D  checkConnectivity
2024-06-06 13:29:15.025   981-981   ServiceConnectivity     com.allride.buses                    D  sendNotifyConnectivity true
2024-06-06 13:29:15.025   981-981   ServiceConnectivity     com.allride.buses                    D  checkInMap
2024-06-06 13:29:15.031   981-30754 AllRideOAuth2Service    com.allride.buses                    I  getAccessToken e920cc7af564caac331b95f5dba52ec9ba6492bfc4108346d81ba080c37742c4b6c23d017a028e5fb56ee6fff7df014a3f13b32e9d0695999739fe5980561215
2024-06-06 13:29:15.063   981-981   ServiceConnectivity     com.allride.buses                    I  checkSyncOffline current deviceHistory - [offline=false, images=false, departure=false, deviceHistory=true, driverMuc=false]
2024-06-06 13:29:15.078   981-30813 ProxyAndro...gerBackend com.allride.buses                    W  Too many Flogger logs received before configuration. Dropping old logs.
2024-06-06 13:29:15.078   981-30813 ProxyAndro...gerBackend com.allride.buses                    W  Too many Flogger logs received before configuration. Dropping old logs.
2024-06-06 13:29:15.082   981-30753 AllRideDepartureService com.allride.buses                    I  getAccessToken 9f42e9e86984b85f2c3f6d0d3f4167be3311016ed4cd10f79e28a539350175f07ff7fa221a22158e0bbae1d194386357fc0a59ee7379d29cca95d6235382f99a
2024-06-06 13:29:15.084   981-981   ServiceConnectivity     com.allride.buses                    D  Pre saveDeviceHistoryConnection: 2 - {"states":[{"activity":"MapActivity","createdAt":"Jun 6, 2024 1:29:14 PM","departureId":"6661f1e864b9a1f5a2e3033b","_id":"5afddddf-9153-4713-9044-a97d3f9bc09a","type":"BATTERY_OPTIMIZATION"},{"activity":"MapActivity","createdAt":"Jun 6, 2024 1:29:14 PM","departureId":"6661f1e864b9a1f5a2e3033b","_id":"1991a273-86dd-4bac-bd30-456c2ec3508f","type":"NO_TYPE_MOBILE_DATA"}]}
2024-06-06 13:29:15.088   981-981   MapActivity             com.allride.buses                    D  ActiveDepartureViewModel typeMap regular
2024-06-06 13:29:15.090   981-981   MapActivity             com.allride.buses                    D  ActiveDepartureViewModel capacity 3
2024-06-06 13:29:15.090   981-981   MapActivity             com.allride.buses                    D  ActiveDepartureViewModel capacityColor 2E7D32
2024-06-06 13:29:15.092   981-981   MapActivity             com.allride.buses                    D  activeDepartureViewModel.newPosition null true
2024-06-06 13:29:15.122   981-30811 ProxyAndro...gerBackend com.allride.buses                    W  Too many Flogger logs received before configuration. Dropping old logs.
2024-06-06 13:29:15.122   981-30811 ProxyAndro...gerBackend com.allride.buses                    W  Too many Flogger logs received before configuration. Dropping old logs.
2024-06-06 13:29:15.143   981-981   Choreographer           com.allride.buses                    I  Skipped 55 frames!  The application may be doing too much work on its main thread.
2024-06-06 13:29:15.218   981-30840 ActiveDepa...eViewModel com.allride.buses                    D  SocketClient - current : {"color":"2E7D32","capacity":3}
2024-06-06 13:29:15.218   981-30840 DepartureProvider       com.allride.buses                    D  setCapacity 3
2024-06-06 13:29:15.233   981-1946  TextToSpeech            com.allride.buses                    I  Connected to TTS engine
2024-06-06 13:29:15.340   981-1946  OpenGLRenderer          com.allride.buses                    I  Davey! duration=1102ms; Flags=1, FrameTimelineVsyncId=344502, IntendedVsync=6413871123813, Vsync=6414787790443, InputEventId=0, HandleInputStart=6414798775312, AnimationStart=6414798780364, PerformTraversalsStart=6414798861823, DrawStart=6414957693593, FrameDeadline=6413887790479, FrameInterval=6414798668802, FrameStartTime=16666666, SyncQueued=6414967947760, SyncStart=6414970236718, IssueDrawCommandsStart=6414970409948, SwapBuffers=6414974605416, FrameCompleted=6414976120416, DequeueBufferDuration=12448, QueueBufferDuration=770208, GpuCompleted=6414976120416, SwapBuffersCompleted=6414975596250, DisplayPresentTime=0, 
2024-06-06 13:29:15.343   981-30700 TextToSpeech            com.allride.buses                    I  Setting up the connection to TTS engine...
2024-06-06 13:29:15.345   981-981   MapActivity             com.allride.buses                    D  setupBroadcastReceiver onReceive connectivity true
2024-06-06 13:29:15.363   981-981   SocketClient            com.allride.buses                    D  initSocket true
2024-06-06 13:29:15.363   981-981   SocketClient            com.allride.buses                    D  Client already exists true
2024-06-06 13:29:15.363   981-981   ActiveDepa...eViewModel com.allride.buses                    I  Starting departure socket
2024-06-06 13:29:15.363   981-981   ActiveDepa...eViewModel com.allride.buses                    D  configSocket
2024-06-06 13:29:15.390   981-30811 ProxyAndro...gerBackend com.allride.buses                    W  Too many Flogger logs received before configuration. Dropping old logs.
2024-06-06 13:29:15.391   981-30811 ProxyAndro...gerBackend com.allride.buses                    W  Too many Flogger logs received before configuration. Dropping old logs.
2024-06-06 13:29:15.401   981-30813 ProxyAndro...gerBackend com.allride.buses                    W  Too many Flogger logs received before configuration. Dropping old logs.
2024-06-06 13:29:15.414   981-30813 ProxyAndro...gerBackend com.allride.buses                    W  Too many Flogger logs received before configuration. Dropping old logs.
2024-06-06 13:29:15.415   981-30753 AllRideDepartureService com.allride.buses                    I  Response Code > 200
2024-06-06 13:29:15.416   981-30753 AllRideDepartureService com.allride.buses                    I  URL > Request{method=GET, url=https://stage.allrideapp.com/api/v2/pb/driver/currentTime, tags={class retrofit2.Invocation=com.allride.buses.api.AllRideAPI.getCurrentTime() []}}
2024-06-06 13:29:15.438   981-30812 ProxyAndro...gerBackend com.allride.buses                    W  Too many Flogger logs received before configuration. Dropping old logs.
2024-06-06 13:29:15.438   981-30812 ProxyAndro...gerBackend com.allride.buses                    W  Too many Flogger logs received before configuration. Dropping old logs.
2024-06-06 13:29:15.447   981-30811 ProxyAndro...gerBackend com.allride.buses                    W  Too many Flogger logs received before configuration. Dropping old logs.
2024-06-06 13:29:15.447   981-30811 ProxyAndro...gerBackend com.allride.buses                    W  Too many Flogger logs received before configuration. Dropping old logs.
2024-06-06 13:29:15.466   981-30812 ProxyAndro...gerBackend com.allride.buses                    W  Too many Flogger logs received before configuration. Dropping old logs.
2024-06-06 13:29:15.466   981-30812 ProxyAndro...gerBackend com.allride.buses                    W  Too many Flogger logs received before configuration. Dropping old logs.
2024-06-06 13:29:15.491   981-30813 ProxyAndro...gerBackend com.allride.buses                    W  Too many Flogger logs received before configuration. Dropping old logs.
2024-06-06 13:29:15.492   981-30813 ProxyAndro...gerBackend com.allride.buses                    W  Too many Flogger logs received before configuration. Dropping old logs.
2024-06-06 13:29:15.494   981-981   MapActivity             com.allride.buses                    D  ActiveDepartureViewModel capacityColor 2E7D32
2024-06-06 13:29:15.529   981-1017  m.allride.buse          com.allride.buses                    I  Background young concurrent copying GC freed 234211(9230KB) AllocSpace objects, 53(2576KB) LOS objects, 10% free, 62MB/70MB, paused 94us,1.620ms total 178.542ms
2024-06-06 13:29:15.563   981-30754 AllRideOAuth2Service    com.allride.buses                    I  getAccessToken e920cc7af564caac331b95f5dba52ec9ba6492bfc4108346d81ba080c37742c4b6c23d017a028e5fb56ee6fff7df014a3f13b32e9d0695999739fe5980561215
2024-06-06 13:29:15.563   981-30754 AllRideOAuth2Service    com.allride.buses                    I  Response Code > 200
2024-06-06 13:29:15.563   981-30754 AllRideOAuth2Service    com.allride.buses                    I  URL > Request{method=GET, url=https://stage.allrideapp.com/api/v2/pb/driver/route/653fd68233d83952fafcd4be/65e8827b110e5655e1583a45, tags={class retrofit2.Invocation=com.allride.buses.api.AllRideAPI.getRoute() [653fd68233d83952fafcd4be, 65e8827b110e5655e1583a45]}}
2024-06-06 13:29:15.575   981-1019  PowerManager            com.allride.buses                    E  WakeLock finalized while still held: Buses::RTL
2024-06-06 13:29:15.581   981-30833 AllRideCommunityService com.allride.buses                    I  getAccessToken e920cc7af564caac331b95f5dba52ec9ba6492bfc4108346d81ba080c37742c4b6c23d017a028e5fb56ee6fff7df014a3f13b32e9d0695999739fe5980561215
2024-06-06 13:29:15.590   981-30849 ActiveDepa...eViewModel com.allride.buses                    D  SocketClient - current : {"color":"2E7D32","capacity":3}
2024-06-06 13:29:15.590   981-30849 DepartureProvider       com.allride.buses                    D  setCapacity 3
2024-06-06 13:29:15.606   981-30811 ProxyAndro...gerBackend com.allride.buses                    W  Too many Flogger logs received before configuration. Dropping old logs.
2024-06-06 13:29:15.607   981-30811 ProxyAndro...gerBackend com.allride.buses                    W  Too many Flogger logs received before configuration. Dropping old logs.
2024-06-06 13:29:15.616   981-30812 ProxyAndro...gerBackend com.allride.buses                    W  Too many Flogger logs received before configuration. Dropping old logs.
2024-06-06 13:29:15.616   981-30812 ProxyAndro...gerBackend com.allride.buses                    W  Too many Flogger logs received before configuration. Dropping old logs.
2024-06-06 13:29:15.995   981-30833 AllRideCommunityService com.allride.buses                    I  getAccessToken e920cc7af564caac331b95f5dba52ec9ba6492bfc4108346d81ba080c37742c4b6c23d017a028e5fb56ee6fff7df014a3f13b32e9d0695999739fe5980561215
2024-06-06 13:29:15.995   981-30833 AllRideCommunityService com.allride.buses                    I  Response Code > 200
2024-06-06 13:29:15.995   981-30833 AllRideCommunityService com.allride.buses                    I  URL > Request{method=POST, url=https://stage.allrideapp.com/api/v2/pb/driver/departure/device/history, tags={class retrofit2.Invocation=com.allride.buses.api.AllRideAPI.saveDeviceHistoryConnection() [com.allride.buses.api.AllRideAPI$HistoryUse@11bfd43]}}
2024-06-06 13:29:16.059   981-981   Choreographer           com.allride.buses                    I  Skipped 38 frames!  The application may be doing too much work on its main thread.
2024-06-06 13:29:16.067   981-1017  m.allride.buse          com.allride.buses                    I  Background concurrent copying GC freed 218702(9881KB) AllocSpace objects, 170(13MB) LOS objects, 28% free, 60MB/84MB, paused 1.023ms,131us total 373.491ms
2024-06-06 13:29:16.080   981-981   ActiveDepa...eViewModel com.allride.buses                    D  Success getCurrentTime: "1717694955323"
2024-06-06 13:29:16.117   981-981   ActiveDepa...eViewModel com.allride.buses                    D  Success getRoute: {"allowsManualValidation":true,"anchorStops":[],"color":"b24646","communities":["653fd601f90509541a748683"],"communityId":"653fd601f90509541a748683","customParams":{"enabled":false,"params":[]},"customParamsAtTheEnd":{"enabled":false,"params":[]},"description":"Prueba Flujo Tickets","dynamicSeatAssignment":false,"hasBeacons":false,"hasBoardings":true,"hasCapacity":false,"hasRounds":false,"hasUnboardings":true,"_id":"65e8827b110e5655e1583a45","internal":false,"labels":[],"legOptions":[],"name":"Prueba Flujo Tickets 2024-03-06","roundOrder":[],"scheduling":{"enabled":true},"shape":{"communities":["653fd601f90509541a748683"],"communityId":"653fd601f90509541a748683","_id":"658c42cff6f903bbee969242","name":"Trazado regular","points":[{"_id":"658c42cff6f903bbee969245","lat":-33.532540000000004,"lon":-70.78484},{"_id":"658c42cff6f903bbee969246","lat":-33.53269,"lon":-70.78282},{"_id":"658c42cff6f903bbee969247","lat":-33.53276,"lon":-70.78203},{"_id":"658c42cff6f903bbee969248","lat":-33.532790000000006,"lon":-70.78190000000001},{"_id":"658c42cff6f903bbee969249","lat":-33.53349,"lon":-70.78288},{"_id":"658c42cff6f903bbee96924a","lat":-33.533950000000004,"lon":-70.78357000000001},{"_id":"658c42cff6f903bbee96924b","lat":-33.53443,"lon":-70.78426},{"_id":"658c42cff6f903bbee96924c","lat":-33.535360000000004,"lon":-70.78561},{"_id":"658c42cff6f903bbee96924d","lat":-33.53584,"lon":-70.78636},{"_id":"658c42cff6f903bbee96924e","lat":-33.5364,"lon":-70.78716},{"_id":"658c42cff6f903bbee96924f","lat":-33.53708,"lon":-70.78811},{"_id":"658c42cff6f903bbee969250","lat":-33.537240000000004,"lon":-70.78832},{"_id":"658c42cff6f903bbee969251","lat":-33.53831,"lon":-70.78987000000001},{"_id":"658c42cff6f903bbee969252","lat":-33.53886,"lon":-70.79067},{"_id":"658c42cff6f903bbee969253","lat":-33.53922,"lon":-70.7912},{"_id":"658c42cff6f903bbee969254","lat":-33.53954,"lon":-70.79151},{"_id":"658c42cff6f903bbee969255","lat":-33.53954,"lon":-70.79151},{"_id":"658c42cff6f903bbee969256","lat":-33.5401,"lon":-70.79091000000001},{"_id":"658c42cff6f903bbee969257","lat":-33.54061,"lon":-70.79032000000001},{"_id":"658c42cff6f903bbee969258","lat":-33.54117,"lon":-70.78971},{"_id":"658c42cff6f903bbee969259","lat":-33.541720000000005,"lon":-70.78911000000001},{"_id":"658c42cff6f903bbee96925a","lat":-33.542440000000006,"lon":-70.78827000000001},{"_id":"658c42cff6f903bbee96925b","lat":-33.542440000000006,"lon":-70.78827000000001},{"_id":"658c42cff6f903bbee96925c","lat":-33.542750000000005,"lon":-70.78875000000001},{"_id":"658c42cff6f903bbee96925d","lat":-33.5431,"lon":-70.78926},{"_id":"658c42cff6f903bbee96925e","lat":-33.543200000000006,"lon":-70.78941},{"_id":"658c42cff6f903bbee96925f","lat":-33.54346,"lon":-70.78978000000001},{"_id":"658c42cff6f903bbee969260","lat":-33.543710000000004,"lon":-70.79016},{"_id":"658c42cff6f903bbee969261","lat":-33.54377,"lon":-70.79019000000001},{"_id":"658c42cff6f903bbee969262","lat":-33.54383,"lon":-70.79022},{"_id":"658c42cff6f903bbee969263","lat":-33.543910000000004,"lon":-70.79032000000001},{"_id":"658c42cff6f903bbee969264","lat":-33.54433,"lon":-70.79091000000001},{"_id":"658c42cff6f903bbee969265","lat":-33.54442,"lon":-70.79103},{"_id":"658c42cff6f903bbee969266","lat":-33.544900000000005,"lon":-70.79172000000001},{"_id":"658c42cff6f903bbee969267","lat":-33.545280000000005,"lon":-70.79225000000001},{"_id":"658c42cff6f903bbee969268","lat":-33.545590000000004,"lon":-70.79266000000001},{"_id":"658c42cff6f903bbee969269","lat":-33.546490000000006,"lon":-70.79149000000001},{"_id":"658c42cff6f903bbee96926a","lat":-33.546600000000005,"lon":-70.79161},{"_id":"658c42cff6f903bbee96926b","lat":-33.5469,"lon":-70.79131000000001},{"_id":"658c42cff6f903bbee96926c","lat":-33.547560000000004,"lon":-70.7904},{"_id":"658c42cff6f903bbee96926d","lat":-33.54786,"lon":-70.78999},{"_id":"658c42cff6f903bbee96926e","lat":-33.54788,"lon":-70.78996000000001},{"_id":"658c42cff6f903bbee96926f","lat":-33.54835,"lon":-70.78941},{"_id":"658c42cff6f903bbee969270","lat":-33.54905,"lon":-7
2024-06-06 13:29:16.158   981-981   ActiveDepa...eViewModel com.allride.buses                    D  Observer currentRoute PBRoute = proxy[{id:65faf386137abd9662f15a45},{name:2 Regular Route 2024-03-20},{shape:null},{description:Ruta Regular},{communityId:653fd601f90509541a748683},{superCommunityId:653fd68233d83952fafcd4be},{communities:RealmList<String>[1]},{superCommunities:RealmList<String>[1]},{color:cc6060},{hasCapacity:true},{usesBusCode:false},{needsReason:null},{usesVehicleQRLink:false},{usesVehicleList:true},{dynamicSeatAssignment:true},{usesDriverCode:false},{usesTickets:false},{hasBeacons:true},{hasRounds:false},{hasBoardings:true},{hasUnboardings:true},{allowsManualValidation:true},{internal:false},{roundOrder:RealmList<String>[2]},{anchorStops:RealmList<String>[2]},{labels:RealmList<String>[0]},{stops:RealmList<PBStop>[2]},{legOptions:RealmList<PBLegOption>[0]},{preTripChecklist:null},{customParams:PBCustomParamsRoute},{customParamsAtTheEnd:PBCustomParamsRoute},{validationParams:PBValidationParams},{scheduling:PBRouteScheduling}]
2024-06-06 13:29:16.158   981-981   ActiveDepa...eViewModel com.allride.buses                    D  Observer colorRoute cc6060
2024-06-06 13:29:16.159   981-981   ActiveDepa...eViewModel com.allride.buses                    D  Observer currentRoute PBRoute = proxy[{id:65e8827b110e5655e1583a45},{name:Prueba Flujo Tickets 2024-03-06},{shape:PBShape},{description:Prueba Flujo Tickets},{communityId:653fd601f90509541a748683},{superCommunityId:653fd68233d83952fafcd4be},{communities:RealmList<String>[1]},{superCommunities:RealmList<String>[1]},{color:b24646},{hasCapacity:false},{usesBusCode:false},{needsReason:null},{usesVehicleQRLink:false},{usesVehicleList:true},{dynamicSeatAssignment:false},{usesDriverCode:false},{usesTickets:true},{hasBeacons:false},{hasRounds:false},{hasBoardings:true},{hasUnboardings:true},{allowsManualValidation:true},{internal:false},{roundOrder:RealmList<String>[0]},{anchorStops:RealmList<String>[0]},{labels:RealmList<String>[0]},{stops:RealmList<PBStop>[2]},{legOptions:RealmList<PBLegOption>[0]},{preTripChecklist:null},{customParams:PBCustomParamsRoute},{customParamsAtTheEnd:PBCustomParamsRoute},{validationParams:PBValidationParams},{scheduling:PBRouteScheduling}]
2024-06-06 13:29:16.159   981-981   ActiveDepa...eViewModel com.allride.buses                    D  Observer colorRoute b24646
2024-06-06 13:29:16.197   981-981   ServiceConnectivity     com.allride.buses                    I  checkSyncOffline dataList isEmpty
2024-06-06 13:29:16.202   981-981   ServiceConnectivity     com.allride.buses                    D  Success saveDeviceHistoryConnection: 2 - {"states":[{"activity":"MapActivity","createdAt":"Jun 6, 2024 1:29:14 PM","departureId":"6661f1e864b9a1f5a2e3033b","_id":"5afddddf-9153-4713-9044-a97d3f9bc09a","type":"BATTERY_OPTIMIZATION"},{"activity":"MapActivity","createdAt":"Jun 6, 2024 1:29:14 PM","departureId":"6661f1e864b9a1f5a2e3033b","_id":"1991a273-86dd-4bac-bd30-456c2ec3508f","type":"NO_TYPE_MOBILE_DATA"}]}
2024-06-06 13:29:16.226   981-30812 ProxyAndro...gerBackend com.allride.buses                    W  Too many Flogger logs received before configuration. Dropping old logs.
2024-06-06 13:29:16.226   981-30812 ProxyAndro...gerBackend com.allride.buses                    W  Too many Flogger logs received before configuration. Dropping old logs.
2024-06-06 13:29:16.234   981-30811 ProxyAndro...gerBackend com.allride.buses                    W  Too many Flogger logs received before configuration. Dropping old logs.
2024-06-06 13:29:16.234   981-30811 ProxyAndro...gerBackend com.allride.buses                    W  Too many Flogger logs received before configuration. Dropping old logs.
2024-06-06 13:29:16.244   981-30812 ProxyAndro...gerBackend com.allride.buses                    W  Too many Flogger logs received before configuration. Dropping old logs.
2024-06-06 13:29:16.245   981-30812 ProxyAndro...gerBackend com.allride.buses                    W  Too many Flogger logs received before configuration. Dropping old logs.
2024-06-06 13:29:16.251   981-30812 ProxyAndro...gerBackend com.allride.buses                    W  Too many Flogger logs received before configuration. Dropping old logs.
2024-06-06 13:29:16.251   981-30812 ProxyAndro...gerBackend com.allride.buses                    W  Too many Flogger logs received before configuration. Dropping old logs.
2024-06-06 13:29:16.263   981-30812 ProxyAndro...gerBackend com.allride.buses                    W  Too many Flogger logs received before configuration. Dropping old logs.
2024-06-06 13:29:16.263   981-30812 ProxyAndro...gerBackend com.allride.buses                    W  Too many Flogger logs received before configuration. Dropping old logs.
2024-06-06 13:29:16.274   981-30813 ProxyAndro...gerBackend com.allride.buses                    W  Too many Flogger logs received before configuration. Dropping old logs.
2024-06-06 13:29:16.274   981-30813 ProxyAndro...gerBackend com.allride.buses                    W  Too many Flogger logs received before configuration. Dropping old logs.
2024-06-06 13:29:16.277   981-30811 ProxyAndro...gerBackend com.allride.buses                    W  Too many Flogger logs received before configuration. Dropping old logs.
2024-06-06 13:29:16.277   981-30811 ProxyAndro...gerBackend com.allride.buses                    W  Too many Flogger logs received before configuration. Dropping old logs.
2024-06-06 13:29:16.288   981-30812 ProxyAndro...gerBackend com.allride.buses                    W  Too many Flogger logs received before configuration. Dropping old logs.
2024-06-06 13:29:16.288   981-30812 ProxyAndro...gerBackend com.allride.buses                    W  Too many Flogger logs received before configuration. Dropping old logs.
2024-06-06 13:29:16.290   981-30813 ProxyAndro...gerBackend com.allride.buses                    W  Too many Flogger logs received before configuration. Dropping old logs.
2024-06-06 13:29:16.290   981-30813 ProxyAndro...gerBackend com.allride.buses                    W  Too many Flogger logs received before configuration. Dropping old logs.
2024-06-06 13:29:16.293   981-30813 ProxyAndro...gerBackend com.allride.buses                    W  Too many Flogger logs received before configuration. Dropping old logs.
2024-06-06 13:29:16.293   981-30813 ProxyAndro...gerBackend com.allride.buses                    W  Too many Flogger logs received before configuration. Dropping old logs.
2024-06-06 13:29:16.301   981-30812 ProxyAndro...gerBackend com.allride.buses                    W  Too many Flogger logs received before configuration. Dropping old logs.
2024-06-06 13:29:16.301   981-30812 ProxyAndro...gerBackend com.allride.buses                    W  Too many Flogger logs received before configuration. Dropping old logs.
2024-06-06 13:29:16.306   981-30811 ProxyAndro...gerBackend com.allride.buses                    W  Too many Flogger logs received before configuration. Dropping old logs.
2024-06-06 13:29:16.306   981-30811 ProxyAndro...gerBackend com.allride.buses                    W  Too many Flogger logs received before configuration. Dropping old logs.
2024-06-06 13:29:16.435   981-30813 ProxyAndro...gerBackend com.allride.buses                    W  Too many Flogger logs received before configuration. Dropping old logs.
2024-06-06 13:29:16.435   981-30813 ProxyAndro...gerBackend com.allride.buses                    W  Too many Flogger logs received before configuration. Dropping old logs.
2024-06-06 13:29:16.446   981-30816 ProxyAndro...gerBackend com.allride.buses                    W  Too many Flogger logs received before configuration. Dropping old logs.
2024-06-06 13:29:16.447   981-30812 ProxyAndro...gerBackend com.allride.buses                    W  Too many Flogger logs received before configuration. Dropping old logs.
2024-06-06 13:29:16.447   981-30812 ProxyAndro...gerBackend com.allride.buses                    W  Too many Flogger logs received before configuration. Dropping old logs.
2024-06-06 13:29:16.455   981-30811 ProxyAndro...gerBackend com.allride.buses                    W  Too many Flogger logs received before configuration. Dropping old logs.
2024-06-06 13:29:16.455   981-30811 ProxyAndro...gerBackend com.allride.buses                    W  Too many Flogger logs received before configuration. Dropping old logs.
2024-06-06 13:29:16.467   981-30813 ProxyAndro...gerBackend com.allride.buses                    W  Too many Flogger logs received before configuration. Dropping old logs.
2024-06-06 13:29:16.468   981-30813 ProxyAndro...gerBackend com.allride.buses                    W  Too many Flogger logs received before configuration. Dropping old logs.
2024-06-06 13:29:16.488   981-30812 ProxyAndro...gerBackend com.allride.buses                    W  Too many Flogger logs received before configuration. Dropping old logs.
2024-06-06 13:29:16.488   981-30812 ProxyAndro...gerBackend com.allride.buses                    W  Too many Flogger logs received before configuration. Dropping old logs.
2024-06-06 13:29:16.537   981-30812 ProxyAndro...gerBackend com.allride.buses                    W  Too many Flogger logs received before configuration. Dropping old logs.
2024-06-06 13:29:16.609   981-30812 ProxyAndro...gerBackend com.allride.buses                    W  Too many Flogger logs received before configuration. Dropping old logs.
2024-06-06 13:29:18.261   981-30877 ActiveDepa...eViewModel com.allride.buses                    D  SocketClient - newDriverPosition: {"departureId":"6661f1e864b9a1f5a2e3033b","routeId":"65e8827b110e5655e1583a45","location":{"latitude":-34.3941088,"longitude":-70.7812872,"speed":null,"source":null},"busId":"ABCD12","state":"service","plate":"ABCD12","code":"1111","driverName":"Conductor Regular"}
2024-06-06 13:29:18.265   981-30878 ActiveDepa...eViewModel com.allride.buses                    D  SocketClient - newPosition : {"latitude":-34.3941088,"longitude":-70.7812872}
2024-06-06 13:29:18.268   981-981   MapActivity             com.allride.buses                    D  activeDepartureViewModel.newPosition lat/lng: (-34.3941088,-70.7812872) true
2024-06-06 13:29:26.832   981-981   UserProvider            com.allride.buses                    D  isWorking false
2024-06-06 13:29:26.980   981-981   CapturePas...erActivity com.allride.buses                    E  ADD HISTORY USE: NO_TYPE_MOBILE_DATA
2024-06-06 13:29:26.990   981-981   CapturePas...erActivity com.allride.buses                    D  startCamera
2024-06-06 13:29:26.995   981-981   CamLifecycleController  com.allride.buses                    D  CameraProvider is not ready.
2024-06-06 13:29:26.995   981-981   CameraController        com.allride.buses                    D  Use cases not attached to camera.
2024-06-06 13:29:26.995   981-981   CameraController        com.allride.buses                    D  Set ScreenFlash instance to ImageCapture, provided by PREVIEW_VIEW
2024-06-06 13:29:26.996   981-30937 DynamiteModule          com.allride.buses                    I  Considering local module com.google.mlkit.dynamite.barcode:10000 and remote module com.google.mlkit.dynamite.barcode:0
2024-06-06 13:29:26.996   981-30937 DynamiteModule          com.allride.buses                    I  Selected local version of com.google.mlkit.dynamite.barcode
2024-06-06 13:29:26.996   981-981   ViewReaderQR            com.allride.buses                    D  startQRAnalysis
2024-06-06 13:29:27.011   981-981   CapturePas...erActivity com.allride.buses                    D  startService com.allride.buses.services.UsbSerialService
2024-06-06 13:29:27.014   981-981   UfReader                com.allride.buses                    D  openReader
2024-06-06 13:29:27.035   981-981   UfReader                com.allride.buses                    D  openReader: status 84 -> UFR_READER_OPENING_ERROR
2024-06-06 13:29:27.035   981-981   CapturePas...erActivity com.allride.buses                    D  OPEN READER FAILURE
2024-06-06 13:29:27.035   981-981   CapturePas...erActivity com.allride.buses                    D  onResumeCamera
2024-06-06 13:29:27.035   981-981   ViewReaderQR            com.allride.buses                    D  onResumeCamera
2024-06-06 13:29:27.035   981-981   ViewReaderQR            com.allride.buses                    D  startQRAnalysis
2024-06-06 13:29:27.035   981-981   CapturePas...erActivity com.allride.buses                    D  onResumeCamera
2024-06-06 13:29:27.035   981-981   ViewReaderQR            com.allride.buses                    D  onResumeCamera
2024-06-06 13:29:27.035   981-981   ViewReaderQR            com.allride.buses                    D  startQRAnalysis
2024-06-06 13:29:27.045   981-981   CameraController        com.allride.buses                    D  PreviewView not attached to CameraController.
2024-06-06 13:29:27.045   981-981   CameraController        com.allride.buses                    D  Use cases not attached to camera.
2024-06-06 13:29:27.047   981-981   UsbSerialService        com.allride.buses                    D  onCreate
2024-06-06 13:29:27.047   981-981   UsbSerialService        com.allride.buses                    D  setFilter
2024-06-06 13:29:27.049   981-981   UsbSerialService        com.allride.buses                    D  findSerialPortDevice
2024-06-06 13:29:27.049   981-981   UsbSerialService        com.allride.buses                    D  findSerialPortDevice() usbManager returned empty device list.
2024-06-06 13:29:27.051   981-981   UsbSerialService        com.allride.buses                    D  onStartCommand
2024-06-06 13:29:27.113   981-981   CameraOrientationUtil   com.allride.buses                    D  getRelativeImageRotation: destRotationDegrees=0, sourceRotationDegrees=90, isOppositeFacing=true, result=90
2024-06-06 13:29:27.113   981-981   CameraOrientationUtil   com.allride.buses                    D  getRelativeImageRotation: destRotationDegrees=0, sourceRotationDegrees=90, isOppositeFacing=true, result=90
2024-06-06 13:29:27.125   981-981   DynamicRangeResolver    com.allride.buses                    D  Resolved dynamic range for use case androidx.camera.core.Preview-989b1fa6-f135-4a1c-93a8-11126d498c9c to no compatible HDR dynamic ranges.
                                                                                                    DynamicRange@e13430e{encoding=UNSPECIFIED, bitDepth=0}
                                                                                                    ->
                                                                                                    DynamicRange@1bcf509{encoding=SDR, bitDepth=8}
2024-06-06 13:29:27.130   981-981   CameraOrientationUtil   com.allride.buses                    D  getRelativeImageRotation: destRotationDegrees=0, sourceRotationDegrees=90, isOppositeFacing=true, result=90
2024-06-06 13:29:27.133   981-981   CameraOrientationUtil   com.allride.buses                    D  getRelativeImageRotation: destRotationDegrees=0, sourceRotationDegrees=90, isOppositeFacing=true, result=90
2024-06-06 13:29:27.133   981-981   DeferrableSurface       com.allride.buses                    D  Surface created[total_surfaces=1, used_surfaces=0](androidx.camera.core.processing.SurfaceEdge$SettableSurface@855057d}
2024-06-06 13:29:27.136   981-981   DeferrableSurface       com.allride.buses                    D  Surface created[total_surfaces=2, used_surfaces=0](androidx.camera.core.SurfaceRequest$2@8b17c79}
2024-06-06 13:29:27.138   981-981   DeferrableSurface       com.allride.buses                    D  New surface in use[total_surfaces=2, used_surfaces=1](androidx.camera.core.SurfaceRequest$2@8b17c79}
2024-06-06 13:29:27.138   981-981   DeferrableSurface       com.allride.buses                    D  use count+1, useCount=1 androidx.camera.core.SurfaceRequest$2@8b17c79
2024-06-06 13:29:27.139   981-981   CameraOrientationUtil   com.allride.buses                    D  getRelativeImageRotation: destRotationDegrees=0, sourceRotationDegrees=90, isOppositeFacing=true, result=90
2024-06-06 13:29:27.142   981-981   ImageCapture            com.allride.buses                    D  createPipeline(cameraId: 0, streamSpec: StreamSpec{resolution=3264x2448, dynamicRange=DynamicRange@1bcf509{encoding=SDR, bitDepth=8}, expectedFrameRateRange=[0, 0], implementationOptions=androidx.camera.camera2.impl.Camera2ImplConfig@61047ca})
2024-06-06 13:29:27.148   981-981   DeferrableSurface       com.allride.buses                    D  Surface created[total_surfaces=3, used_surfaces=1](androidx.camera.core.impl.ImmediateSurface@b0a4d3b}
2024-06-06 13:29:27.154   981-4478  Camera2CameraImpl       com.allride.buses                    D  {Camera@bbb9b2a[id=0]} Use case androidx.camera.core.ImageCapture-7135f659-eaa9-49e3-a0f2-00e8cac596cc124848424 ACTIVE
2024-06-06 13:29:27.155   981-981   CameraOrientationUtil   com.allride.buses                    D  getRelativeImageRotation: destRotationDegrees=0, sourceRotationDegrees=90, isOppositeFacing=true, result=90
2024-06-06 13:29:27.155   981-4478  UseCaseAttachState      com.allride.buses                    D  Active and attached use case: [] for camera: 0
2024-06-06 13:29:27.155   981-981   CameraOrientationUtil   com.allride.buses                    D  getRelativeImageRotation: destRotationDegrees=0, sourceRotationDegrees=90, isOppositeFacing=true, result=90
2024-06-06 13:29:27.156   981-981   DeferrableSurface       com.allride.buses                    D  Surface created[total_surfaces=4, used_surfaces=1](androidx.camera.core.impl.ImmediateSurface@2e141b1}
2024-06-06 13:29:27.161   981-4485  Camera2CameraImpl       com.allride.buses                    D  {Camera@bbb9b2a[id=0]} Use case androidx.camera.core.Preview-989b1fa6-f135-4a1c-93a8-11126d498c9c224394059 ACTIVE
2024-06-06 13:29:27.161   981-4485  UseCaseAttachState      com.allride.buses                    D  Active and attached use case: [] for camera: 0
2024-06-06 13:29:27.167   981-4485  Camera2CameraImpl       com.allride.buses                    D  {Camera@bbb9b2a[id=0]} Use case androidx.camera.core.ImageCapture-7135f659-eaa9-49e3-a0f2-00e8cac596cc124848424 ACTIVE
2024-06-06 13:29:27.167   981-4485  UseCaseAttachState      com.allride.buses                    D  Active and attached use case: [] for camera: 0
2024-06-06 13:29:27.171   981-4485  Camera2CameraImpl       com.allride.buses                    D  {Camera@bbb9b2a[id=0]} Use case androidx.camera.core.ImageAnalysis-f8fc32ee-2327-4682-9398-afab111f6113148588097 ACTIVE
2024-06-06 13:29:27.171   981-4485  UseCaseAttachState      com.allride.buses                    D  Active and attached use case: [] for camera: 0
2024-06-06 13:29:27.176   981-4485  UseCaseAttachState      com.allride.buses                    D  Active and attached use case: [] for camera: 0
2024-06-06 13:29:27.181   981-4485  Camera2CameraImpl       com.allride.buses                    D  {Camera@bbb9b2a[id=0]} Use cases [androidx.camera.core.Preview-989b1fa6-f135-4a1c-93a8-11126d498c9c224394059, androidx.camera.core.ImageCapture-7135f659-eaa9-49e3-a0f2-00e8cac596cc124848424, androidx.camera.core.ImageAnalysis-f8fc32ee-2327-4682-9398-afab111f6113148588097] now ATTACHED
2024-06-06 13:29:27.182   981-4485  UseCaseAttachState      com.allride.buses                    D  All use case: [androidx.camera.core.ImageCapture-7135f659-eaa9-49e3-a0f2-00e8cac596cc124848424, androidx.camera.core.Preview-989b1fa6-f135-4a1c-93a8-11126d498c9c224394059, androidx.camera.core.ImageAnalysis-f8fc32ee-2327-4682-9398-afab111f6113148588097] for camera: 0
2024-06-06 13:29:27.183   981-4485  UseCaseAttachState      com.allride.buses                    D  Active and attached use case: [androidx.camera.core.ImageCapture-7135f659-eaa9-49e3-a0f2-00e8cac596cc124848424, androidx.camera.core.Preview-989b1fa6-f135-4a1c-93a8-11126d498c9c224394059, androidx.camera.core.ImageAnalysis-f8fc32ee-2327-4682-9398-afab111f6113148588097] for camera: 0
2024-06-06 13:29:27.186   981-4485  Camera2CameraImpl       com.allride.buses                    D  {Camera@bbb9b2a[id=0]} Resetting Capture Session
2024-06-06 13:29:27.186   981-4485  Camera2CameraImpl       com.allride.buses                    D  {Camera@bbb9b2a[id=0]} Releasing session in state INITIALIZED
2024-06-06 13:29:27.186   981-4485  Camera2CameraImpl       com.allride.buses                    D  {Camera@bbb9b2a[id=0]} Attempting to force open the camera.
2024-06-06 13:29:27.187   981-4485  CameraStateRegistry     com.allride.buses                    D  tryOpenCamera(Camera@bbb9b2a[id=0]) [Available Cameras: 1, Already Open: false (Previous state: CLOSED)] --> SUCCESS
2024-06-06 13:29:27.187   981-4485  CameraStateRegistry     com.allride.buses                    D  Recalculating open cameras:
                                                                                                    Camera                                       State                 
                                                                                                    -------------------------------------------------------------------
                                                                                                    Camera@bbb9b2a[id=0]                         OPENING               
                                                                                                    Camera@a5808cd[id=1]                         UNKNOWN               
                                                                                                    -------------------------------------------------------------------
                                                                                                    Open count: 1 (Max allowed: 1)
2024-06-06 13:29:27.188   981-4485  Camera2CameraImpl       com.allride.buses                    D  {Camera@bbb9b2a[id=0]} Opening camera.
2024-06-06 13:29:27.188   981-4485  Camera2CameraImpl       com.allride.buses                    D  {Camera@bbb9b2a[id=0]} Transitioning camera internal state: INITIALIZED --> OPENING
2024-06-06 13:29:27.188   981-4485  CameraStateMachine      com.allride.buses                    D  New public camera state CameraState{type=OPENING, error=null} from OPENING and null
2024-06-06 13:29:27.188   981-4485  CameraStateMachine      com.allride.buses                    D  Publishing new public camera state CameraState{type=OPENING, error=null}
2024-06-06 13:29:27.193   981-981   UfReader                com.allride.buses                    D  ResponseUFCoder
2024-06-06 13:29:27.193   981-981   UfReader                com.allride.buses                    D  closeReader: status 0 -> UFR_OK
2024-06-06 13:29:27.194   981-981   UfReader                com.allride.buses                    D  openReader
2024-06-06 13:29:27.194   981-981   UfReader                com.allride.buses                    D  openReader: status 84 -> UFR_READER_OPENING_ERROR
2024-06-06 13:29:27.194   981-981   CapturePas...erActivity com.allride.buses                    D  OPEN READER FAILURE
2024-06-06 13:29:27.194   981-981   CapturePas...erActivity com.allride.buses                    D  onResumeCamera
2024-06-06 13:29:27.194   981-981   ViewReaderQR            com.allride.buses                    D  onResumeCamera
2024-06-06 13:29:27.194   981-981   ViewReaderQR            com.allride.buses                    D  startQRAnalysis
2024-06-06 13:29:27.194   981-981   UsbSerialService        com.allride.buses                    D  UsbBinder.getService
2024-06-06 13:29:27.197   981-981   PreviewView             com.allride.buses                    D  Surface requested by Preview.
2024-06-06 13:29:27.197   981-4485  UseCaseAttachState      com.allride.buses                    D  All use case: [androidx.camera.core.ImageCapture-7135f659-eaa9-49e3-a0f2-00e8cac596cc124848424, androidx.camera.core.Preview-989b1fa6-f135-4a1c-93a8-11126d498c9c224394059, androidx.camera.core.ImageAnalysis-f8fc32ee-2327-4682-9398-afab111f6113148588097] for camera: 0
2024-06-06 13:29:27.212   981-981   SurfaceViewImpl         com.allride.buses                    D  Surface created.
2024-06-06 13:29:27.212   981-981   SurfaceViewImpl         com.allride.buses                    D  Surface changed. Size: 1600x1200
2024-06-06 13:29:27.215   981-981   PreviewView             com.allride.buses                    D  Preview transformation info updated. TransformationInfo{getCropRect=Rect(0, 116 - 1600, 1084), getRotationDegrees=90, getTargetRotation=-1, hasCameraTransform=true, getSensorToBufferTransform=Matrix{[0.39215687, 0.0, -1.5686275][0.0, 0.39215687, -3.9215686][0.0, 0.0, 1.0]}, isMirroring=false}
2024-06-06 13:29:27.216   981-981   PreviewTransform        com.allride.buses                    D  Transformation info set: TransformationInfo{getCropRect=Rect(0, 116 - 1600, 1084), getRotationDegrees=90, getTargetRotation=-1, hasCameraTransform=true, getSensorToBufferTransform=Matrix{[0.39215687, 0.0, -1.5686275][0.0, 0.39215687, -3.9215686][0.0, 0.0, 1.0]}, isMirroring=false} 1600x1200 false
2024-06-06 13:29:27.216   981-981   CameraOrientationUtil   com.allride.buses                    D  getRelativeImageRotation: destRotationDegrees=0, sourceRotationDegrees=90, isOppositeFacing=true, result=90
2024-06-06 13:29:27.217   981-981   SurfaceViewImpl         com.allride.buses                    D  Surface set on Preview.
2024-06-06 13:29:27.282   981-4485  Camera2CameraImpl       com.allride.buses                    D  {Camera@bbb9b2a[id=0]} Use case androidx.camera.core.Preview-989b1fa6-f135-4a1c-93a8-11126d498c9c224394059 ACTIVE
2024-06-06 13:29:27.283   981-4485  UseCaseAttachState      com.allride.buses                    D  Active and attached use case: [androidx.camera.core.ImageCapture-7135f659-eaa9-49e3-a0f2-00e8cac596cc124848424, androidx.camera.core.Preview-989b1fa6-f135-4a1c-93a8-11126d498c9c224394059, androidx.camera.core.ImageAnalysis-f8fc32ee-2327-4682-9398-afab111f6113148588097] for camera: 0
2024-06-06 13:29:27.286   981-4485  Camera2CameraImpl       com.allride.buses                    D  {Camera@bbb9b2a[id=0]} Use case androidx.camera.core.ImageCapture-7135f659-eaa9-49e3-a0f2-00e8cac596cc124848424 ACTIVE
2024-06-06 13:29:27.287   981-4485  UseCaseAttachState      com.allride.buses                    D  Active and attached use case: [androidx.camera.core.ImageCapture-7135f659-eaa9-49e3-a0f2-00e8cac596cc124848424, androidx.camera.core.Preview-989b1fa6-f135-4a1c-93a8-11126d498c9c224394059, androidx.camera.core.ImageAnalysis-f8fc32ee-2327-4682-9398-afab111f6113148588097] for camera: 0
2024-06-06 13:29:27.292   981-4485  Camera2CameraImpl       com.allride.buses                    D  {Camera@bbb9b2a[id=0]} Use case androidx.camera.core.ImageAnalysis-f8fc32ee-2327-4682-9398-afab111f6113148588097 ACTIVE
2024-06-06 13:29:27.294   981-4485  UseCaseAttachState      com.allride.buses                    D  Active and attached use case: [androidx.camera.core.ImageCapture-7135f659-eaa9-49e3-a0f2-00e8cac596cc124848424, androidx.camera.core.Preview-989b1fa6-f135-4a1c-93a8-11126d498c9c224394059, androidx.camera.core.ImageAnalysis-f8fc32ee-2327-4682-9398-afab111f6113148588097] for camera: 0
2024-06-06 13:29:27.300   981-4485  Camera2CameraImpl       com.allride.buses                    D  {Camera@bbb9b2a[id=0]} CameraDevice.onOpened()
2024-06-06 13:29:27.300   981-4485  Camera2CameraImpl       com.allride.buses                    D  {Camera@bbb9b2a[id=0]} Transitioning camera internal state: OPENING --> OPENED
2024-06-06 13:29:27.301   981-4485  CameraStateRegistry     com.allride.buses                    D  Recalculating open cameras:
                                                                                                    Camera                                       State                 
                                                                                                    -------------------------------------------------------------------
                                                                                                    Camera@bbb9b2a[id=0]                         OPEN                  
                                                                                                    Camera@a5808cd[id=1]                         UNKNOWN               
                                                                                                    -------------------------------------------------------------------
                                                                                                    Open count: 1 (Max allowed: 1)
2024-06-06 13:29:27.301   981-4485  CameraStateMachine      com.allride.buses                    D  New public camera state CameraState{type=OPEN, error=null} from OPEN and null
2024-06-06 13:29:27.301   981-4485  CameraStateMachine      com.allride.buses                    D  Publishing new public camera state CameraState{type=OPEN, error=null}
2024-06-06 13:29:27.302   981-4485  UseCaseAttachState      com.allride.buses                    D  All use case: [androidx.camera.core.ImageCapture-7135f659-eaa9-49e3-a0f2-00e8cac596cc124848424, androidx.camera.core.Preview-989b1fa6-f135-4a1c-93a8-11126d498c9c224394059, androidx.camera.core.ImageAnalysis-f8fc32ee-2327-4682-9398-afab111f6113148588097] for camera: 0
2024-06-06 13:29:27.303   981-4485  UseCaseAttachState      com.allride.buses                    D  Active and attached use case: [androidx.camera.core.ImageCapture-7135f659-eaa9-49e3-a0f2-00e8cac596cc124848424, androidx.camera.core.Preview-989b1fa6-f135-4a1c-93a8-11126d498c9c224394059, androidx.camera.core.ImageAnalysis-f8fc32ee-2327-4682-9398-afab111f6113148588097] for camera: 0
2024-06-06 13:29:27.306   981-4485  SyncCaptureSessionBase  com.allride.buses                    D  [androidx.camera.camera2.internal.SynchronizedCaptureSessionImpl@2dec200] getSurface done with results: [Surface(name=null)/@0xc1b40cd, Surface(name=null)/@0x9ee0b32, Surface(name=null)/@0xc703083]
2024-06-06 13:29:27.306   981-4485  CaptureSession          com.allride.buses                    D  Opening capture session.
2024-06-06 13:29:27.308   981-4485  SyncCaptureSessionImpl  com.allride.buses                    D  [androidx.camera.camera2.internal.SynchronizedCaptureSessionImpl@2dec200] start openCaptureSession
2024-06-06 13:29:27.308   981-4485  DeferrableSurface       com.allride.buses                    D  use count+1, useCount=2 androidx.camera.core.SurfaceRequest$2@8b17c79
2024-06-06 13:29:27.308   981-4485  DeferrableSurface       com.allride.buses                    D  New surface in use[total_surfaces=4, used_surfaces=2](androidx.camera.core.impl.ImmediateSurface@b0a4d3b}
2024-06-06 13:29:27.308   981-4485  DeferrableSurface       com.allride.buses                    D  use count+1, useCount=1 androidx.camera.core.impl.ImmediateSurface@b0a4d3b
2024-06-06 13:29:27.308   981-4485  DeferrableSurface       com.allride.buses                    D  New surface in use[total_surfaces=4, used_surfaces=3](androidx.camera.core.impl.ImmediateSurface@2e141b1}
2024-06-06 13:29:27.308   981-4485  DeferrableSurface       com.allride.buses                    D  use count+1, useCount=1 androidx.camera.core.impl.ImmediateSurface@2e141b1
2024-06-06 13:29:27.479   981-4485  SyncCaptureSessionImpl  com.allride.buses                    D  [androidx.camera.camera2.internal.SynchronizedCaptureSessionImpl@2dec200] Session onConfigured()
2024-06-06 13:29:27.479   981-4485  CaptureSession          com.allride.buses                    D  Attempting to send capture request onConfigured
2024-06-06 13:29:27.479   981-4485  CaptureSession          com.allride.buses                    D  Issuing request for session.
2024-06-06 13:29:27.479   981-4485  Camera2Cap...estBuilder com.allride.buses                    D  createCaptureRequest
2024-06-06 13:29:27.486   981-4485  CaptureSession          com.allride.buses                    D  CameraCaptureSession.onConfigured() mState=OPENED
