2024-07-09 10:19:14.039 16065-16065 MainActivityViewModel   com.allride.buses                    D  Success getDeparturesAssignedToMe: accepted 0 - pending 1 | [{"active":false,"boardings":0,"busCode":"","canResume":false,"capacity":5,"comments":"","communities":["6654ae4eba54fe502d4e4187"],"communityId":"6654ae4eba54fe502d4e4187","createdAt":"Jul 9, 2024 10:10:10 AM","destinationPlaceLongName":"Media luna cerrillos","destinationPlaceShortName":"Media Luna Cerrillos","direction":"in","driverCode":"159753","driverId":"6654cec2ba54fe502d4e6a0a","drivers":[],"enabledSeats":[],"endLocation":{"_id":"668d44c2d9f4e74159f198e9","internalId":"668d44c2d9f4e74159f198e9","lat":-34.3945,"lon":-70.7819,"stopId":"6654d4c8713b9a5184cfe1df"},"estimatedArrival":"Jul 9, 2024 11:23:14 AM","estimatedDistance":8784,"_id":"668d44c2d9f4e74159f198e4","internal":false,"legs":[],"name":"RDD finalizar servicio","odd":true,"oddType":"Taxis Nico","previouslyActive":false,"reason":"","reservations":[{"_id":"668d44c2d9f4e74159f198e6","order":0,"state":"","stopId":"","validated":false},{"_id":"668d44c2d9f4e74159f198e7","order":0,"state":"","stopId":"6654d4acba54fe502d4e6b6b","userId":"666078059a5ece0ee6e95904","validated":false}],"rounds":0,"routeId":"","scheduled":false,"serviceDate":"Jul 9, 2024 11:09:00 AM","startCapacity":5,"startLocation":{"_id":"668d44c2d9f4e74159f198e8","internalId":"668d44c2d9f4e74159f198e8","lat":-34.4111,"lon":-70.8537,"stopId":"6654d4acba54fe502d4e6b6b"},"state":"pending","superCommunityId":"653fd68233d83952fafcd4be","tickets":0,"token":"","unboardings":0,"vehicleId":"666941a7b8d6ea30f9281110"}]
2024-07-09 10:19:14.039 16065-16065 FlexibleFragment        com.allride.buses                    D  departuresPending [com.allride.buses.data.models.PBDeparture@5a73ceb]
2024-07-09 10:19:14.042 16065-16065 FlexibleFragment        com.allride.buses                    D  departuresPending [com.allride.buses.data.models.PBDeparture@5a73ceb]
2024-07-09 10:19:14.044 16065-16065 FlexibleFragment        com.allride.buses                    D  departuresPending [com.allride.buses.data.models.PBDeparture@5a73ceb]
2024-07-09 10:19:14.046 16065-16065 FlexibleFragment        com.allride.buses                    D  departuresPending [com.allride.buses.data.models.PBDeparture@5a73ceb]
2024-07-09 10:19:14.048 16065-16065 FlexibleFragment        com.allride.buses                    D  departuresPending [com.allride.buses.data.models.PBDeparture@5a73ceb]
2024-07-09 10:19:17.341 16065-16065 MapsInitializer         com.allride.buses                    D  preferredRenderer: null
2024-07-09 10:19:17.341 16065-16065 zzcc                    com.allride.buses                    D  preferredRenderer: null
2024-07-09 10:19:17.343 16065-16065 zzcc                    com.allride.buses                    I  Making Creator dynamically
2024-07-09 10:19:17.348 16065-16065 DynamiteModule          com.allride.buses                    I  Considering local module com.google.android.gms.maps_core_dynamite:0 and remote module com.google.android.gms.maps_core_dynamite:241610202
2024-07-09 10:19:17.348 16065-16065 DynamiteModule          com.allride.buses                    I  Selected remote version of com.google.android.gms.maps_core_dynamite, version >= 241610202
2024-07-09 10:19:17.348 16065-16065 DynamiteModule          com.allride.buses                    V  Dynamite loader version >= 2, using loadModule2NoCrashUtils
2024-07-09 10:19:17.361 16065-16065 m.allride.buse          com.allride.buses                    W  Accessing hidden method Ldalvik/system/VMStack;->getStackClass2()Ljava/lang/Class; (unsupported, reflection, allowed)
2024-07-09 10:19:17.363 16065-16065 nativeloader            com.allride.buses                    D  Configuring clns-7 for other apk . target_sdk_version=34, uses_libraries=ALL, library_path=/data/user_de/0/com.google.android.gms/app_chimera/m/00000148/dl-MapsCoreDynamite.integ_241610202100400.apk!/lib/arm64-v8a, permitted_path=/data:/mnt/expand
2024-07-09 10:19:17.363 16065-16065 nativeloader            com.allride.buses                    D  Extending system_exposed_libraries: libvraudio_client.qti.so:libbinauralrenderer_wrapper.qti.so:libhoaeffects.qti.so:libupdateprof.qti.so:libdiag_system.qti.so:libqape.qti.so:libqesdk_ndk_platform.qti.so:liblistenjni.qti.so:libimgTuner_jni.motoimagetuner.so:libjni_helper.motocameradesktop.so:libmcf_native_window_helper.motocamera.so
2024-07-09 10:19:17.366 16065-16065 native                  com.allride.buses                    I  I0000 00:00:1720534757.366087   16065 jni_init.cc:8] Initializing JNI...
2024-07-09 10:19:17.367 16065-16065 Google Android Maps SDK com.allride.buses                    I  Google Play services client version: 18020000
2024-07-09 10:19:17.387 16065-16065 Google Android Maps SDK com.allride.buses                    I  Google Play services package version: 242335038
2024-07-09 10:19:17.388 16065-16065 Google Android Maps SDK com.allride.buses                    I  Google Play services maps renderer version(maps_core): 241610202
2024-07-09 10:19:17.428 16065-16065 MapsInitializer         com.allride.buses                    D  loadedRenderer: LATEST
2024-07-09 10:19:17.428 16065-16065 zzcc                    com.allride.buses                    D  preferredRenderer: null
2024-07-09 10:19:17.430 16065-16065 Google Android Maps SDK com.allride.buses                    I  Google Play services package version: 242335038
2024-07-09 10:19:17.430 16065-16065 Google Android Maps SDK com.allride.buses                    I  Google Play services maps renderer version(maps_core): 241610202
2024-07-09 10:19:17.513 16065-16065 SingleShot...leProvider com.allride.buses                    D  requestSingleUpdate
2024-07-09 10:19:17.778 16065-16065 ProxyAndro...gerBackend com.allride.buses                    W  Too many Flogger logs received before configuration. Dropping old logs.
2024-07-09 10:19:17.779 16065-16065 ProxyAndro...gerBackend com.allride.buses                    W  Too many Flogger logs received before configuration. Dropping old logs.
2024-07-09 10:19:17.784 16065-16065 ProxyAndro...gerBackend com.allride.buses                    W  Too many Flogger logs received before configuration. Dropping old logs.
2024-07-09 10:19:17.785 16065-16065 ProxyAndro...gerBackend com.allride.buses                    W  Too many Flogger logs received before configuration. Dropping old logs.
2024-07-09 10:19:17.789 16065-16065 ProxyAndro...gerBackend com.allride.buses                    W  Too many Flogger logs received before configuration. Dropping old logs.
2024-07-09 10:19:17.794 16065-16065 ProxyAndro...gerBackend com.allride.buses                    W  Too many Flogger logs received before configuration. Dropping old logs.
2024-07-09 10:19:17.796 16065-16065 ProxyAndro...gerBackend com.allride.buses                    W  Too many Flogger logs received before configuration. Dropping old logs.
2024-07-09 10:19:17.806 16065-16065 ProxyAndro...gerBackend com.allride.buses                    W  Too many Flogger logs received before configuration. Dropping old logs.
2024-07-09 10:19:17.808 16065-16065 ProxyAndro...gerBackend com.allride.buses                    W  Too many Flogger logs received before configuration. Dropping old logs.
2024-07-09 10:19:17.808 16065-16279 ProxyAndro...gerBackend com.allride.buses                    W  Too many Flogger logs received before configuration. Dropping old logs.
2024-07-09 10:19:17.836 16065-16279 ProxyAndro...gerBackend com.allride.buses                    W  Too many Flogger logs received before configuration. Dropping old logs.
2024-07-09 10:19:17.872 16065-16065 SingleShot...leProvider com.allride.buses                    D  requestSingleUpdate addOnSuccessListener
2024-07-09 10:19:18.048 16065-16279 ProxyAndro...gerBackend com.allride.buses                    W  Too many Flogger logs received before configuration. Dropping old logs.
2024-07-09 10:19:18.102 16065-16075 m.allride.buse          com.allride.buses                    I  Background concurrent copying GC freed 219360(8742KB) AllocSpace objects, 55(3196KB) LOS objects, 45% free, 28MB/52MB, paused 541us,77us total 167.155ms
2024-07-09 10:19:18.136 16065-16275 ProxyAndro...gerBackend com.allride.buses                    W  Too many Flogger logs received before configuration. Dropping old logs.
2024-07-09 10:19:18.139 16065-16065 Utils                   com.allride.buses                    D  getCommunityFirst auth {"accessToken":"de2cabb2fbc5b4a12434123fb80e97e31fdb047df659eda54d5d912f92f937c395c8d1f6fef38b47b889bb1614edb3b55e5db93cf71bb9dfd6cd56112008204b","active":true,"canCreateRoutes":true,"code":"159753","communities":["6654ae4eba54fe502d4e4187","653fd601f90509541a748683"],"communityId":"6654ae4eba54fe502d4e4187","config":{"autoLogout":{"enabled":false,"enum":"afterDepartureEnd","timer":{"amount":0,"unit":"minutes"}}},"device":{"accessToken":"","build":"","communities":[],"communityId":"","_id":"","model":"moto g71 5G","notificationToken":"","superCommunityId":""},"email":"nicolas+conductor22@allrideapp.com","hasToChangePassword":false,"_id":"6654cec2ba54fe502d4e6a0a","name":"Conductor Comunidad 2","refreshToken":"","rtlToken":"6ae5d29224e21fff2b9fb058698ba45c88444abe67c4af0628fe19c488ab20909f365429b0c393cbc75fde75a001059de8d958d7f8b851edf8bf90734e5b4148","superCommunities":["653fd68233d83952fafcd4be"],"superCommunityId":"653fd68233d83952fafcd4be"}
2024-07-09 10:19:18.139 16065-16065 Utils                   com.allride.buses                    D  getCommunityFirst routeId 
2024-07-09 10:19:18.139 16065-16065 Utils                   com.allride.buses                    D  getCommunityFirst 4 - 6654ae4eba54fe502d4e4187 : Comunidad Automatización 2
2024-07-09 10:19:18.139 16065-16275 ProxyAndro...gerBackend com.allride.buses                    W  Too many Flogger logs received before configuration. Dropping old logs.
2024-07-09 10:19:18.140 16065-16275 ProxyAndro...gerBackend com.allride.buses                    W  Too many Flogger logs received before configuration. Dropping old logs.
2024-07-09 10:19:18.141 16065-16275 ProxyAndro...gerBackend com.allride.buses                    W  Too many Flogger logs received before configuration. Dropping old logs.
2024-07-09 10:19:18.142 16065-16275 ProxyAndro...gerBackend com.allride.buses                    W  Too many Flogger logs received before configuration. Dropping old logs.
2024-07-09 10:19:18.325 16065-16276 ProxyAndro...gerBackend com.allride.buses                    W  Too many Flogger logs received before configuration. Dropping old logs.
2024-07-09 10:19:18.326 16065-16276 ProxyAndro...gerBackend com.allride.buses                    W  Too many Flogger logs received before configuration. Dropping old logs.
2024-07-09 10:19:18.443 16065-16274 ProxyAndro...gerBackend com.allride.buses                    W  Too many Flogger logs received before configuration. Dropping old logs.
2024-07-09 10:19:18.443 16065-16274 ProxyAndro...gerBackend com.allride.buses                    W  Too many Flogger logs received before configuration. Dropping old logs.
2024-07-09 10:19:18.490 16065-16275 ProxyAndro...gerBackend com.allride.buses                    W  Too many Flogger logs received before configuration. Dropping old logs.
2024-07-09 10:19:18.491 16065-16275 ProxyAndro...gerBackend com.allride.buses                    W  Too many Flogger logs received before configuration. Dropping old logs.
2024-07-09 10:19:18.504 16065-16065 MainActivity            com.allride.buses                    D  Success unregisterReceiver setupBroadcastReceiver
2024-07-09 10:19:18.504 16065-16275 ProxyAndro...gerBackend com.allride.buses                    W  Too many Flogger logs received before configuration. Dropping old logs.
2024-07-09 10:19:18.505 16065-16275 ProxyAndro...gerBackend com.allride.buses                    W  Too many Flogger logs received before configuration. Dropping old logs.
2024-07-09 10:19:18.541 16065-16212 AllRideOAuth2Service    com.allride.buses                    I  getAccessToken de2cabb2fbc5b4a12434123fb80e97e31fdb047df659eda54d5d912f92f937c395c8d1f6fef38b47b889bb1614edb3b55e5db93cf71bb9dfd6cd56112008204b
2024-07-09 10:19:18.547 16065-16274 ProxyAndro...gerBackend com.allride.buses                    W  Too many Flogger logs received before configuration. Dropping old logs.
2024-07-09 10:19:18.548 16065-16274 ProxyAndro...gerBackend com.allride.buses                    W  Too many Flogger logs received before configuration. Dropping old logs.
2024-07-09 10:19:18.561 16065-16276 ProxyAndro...gerBackend com.allride.buses                    W  Too many Flogger logs received before configuration. Dropping old logs.
2024-07-09 10:19:18.561 16065-16276 ProxyAndro...gerBackend com.allride.buses                    W  Too many Flogger logs received before configuration. Dropping old logs.
2024-07-09 10:19:18.566 16065-16275 ProxyAndro...gerBackend com.allride.buses                    W  Too many Flogger logs received before configuration. Dropping old logs.
2024-07-09 10:19:18.566 16065-16275 ProxyAndro...gerBackend com.allride.buses                    W  Too many Flogger logs received before configuration. Dropping old logs.
2024-07-09 10:19:18.574 16065-16274 ProxyAndro...gerBackend com.allride.buses                    W  Too many Flogger logs received before configuration. Dropping old logs.
2024-07-09 10:19:18.574 16065-16274 ProxyAndro...gerBackend com.allride.buses                    W  Too many Flogger logs received before configuration. Dropping old logs.
2024-07-09 10:19:18.575 16065-16145 AllRideOAuth2Service    com.allride.buses                    I  getAccessToken de2cabb2fbc5b4a12434123fb80e97e31fdb047df659eda54d5d912f92f937c395c8d1f6fef38b47b889bb1614edb3b55e5db93cf71bb9dfd6cd56112008204b
2024-07-09 10:19:18.595 16065-16276 ProxyAndro...gerBackend com.allride.buses                    W  Too many Flogger logs received before configuration. Dropping old logs.
2024-07-09 10:19:18.595 16065-16276 ProxyAndro...gerBackend com.allride.buses                    W  Too many Flogger logs received before configuration. Dropping old logs.
2024-07-09 10:19:18.601 16065-16275 ProxyAndro...gerBackend com.allride.buses                    W  Too many Flogger logs received before configuration. Dropping old logs.
2024-07-09 10:19:18.602 16065-16275 ProxyAndro...gerBackend com.allride.buses                    W  Too many Flogger logs received before configuration. Dropping old logs.
2024-07-09 10:19:18.941 16065-16145 AllRideOAuth2Service    com.allride.buses                    I  getAccessToken de2cabb2fbc5b4a12434123fb80e97e31fdb047df659eda54d5d912f92f937c395c8d1f6fef38b47b889bb1614edb3b55e5db93cf71bb9dfd6cd56112008204b
2024-07-09 10:19:18.941 16065-16145 AllRideOAuth2Service    com.allride.buses                    I  Response Code > 200
2024-07-09 10:19:18.941 16065-16145 AllRideOAuth2Service    com.allride.buses                    I  URL > Request{method=GET, url=https://stage.allrideapp.com/api/v2/pb/driver/departures/668d44c2d9f4e74159f198e4, tags={class retrofit2.Invocation=com.allride.buses.api.AllRideAPI.getDetailsDepartureFlexible() [668d44c2d9f4e74159f198e4]}}
2024-07-09 10:19:18.942 16065-16212 AllRideOAuth2Service    com.allride.buses                    I  getAccessToken de2cabb2fbc5b4a12434123fb80e97e31fdb047df659eda54d5d912f92f937c395c8d1f6fef38b47b889bb1614edb3b55e5db93cf71bb9dfd6cd56112008204b
2024-07-09 10:19:18.942 16065-16212 AllRideOAuth2Service    com.allride.buses                    I  Response Code > 200
2024-07-09 10:19:18.943 16065-16212 AllRideOAuth2Service    com.allride.buses                    I  URL > Request{method=GET, url=https://stage.allrideapp.com/api/v2/pb/driver/oddepartures/stops/668d44c2d9f4e74159f198e4, tags={class retrofit2.Invocation=com.allride.buses.api.AllRideAPI.getStopsDepartureFlexible() [668d44c2d9f4e74159f198e4]}}
2024-07-09 10:19:18.967 16065-16074 m.allride.buse          com.allride.buses                    I  Compiler allocated 7551KB to compile void m.eiq.V(m.enc, m.fdq, android.content.res.Resources, m.ele, m.evm, boolean, m.dld, java.util.Map, boolean, boolean)
2024-07-09 10:19:18.993 16065-16065 DetailsDat...ActivityVM com.allride.buses                    D  Success getStopsDepartureFlexible: departureId 668d44c2d9f4e74159f198e4 - stops [null,{"address":"Hospital Rengo","communities":["6654ae4eba54fe502d4e4187"],"communityId":"6654ae4eba54fe502d4e4187","_id":"6654d4acba54fe502d4e6b6b","lat":-34.4111,"loc":{"float1":-70.8537,"float2":-34.4111},"lon":-70.8537,"name":"Hospital Rengo","order":0},{"address":"Media luna cerrillos","communities":["6654ae4eba54fe502d4e4187"],"communityId":"6654ae4eba54fe502d4e4187","_id":"6654d4c8713b9a5184cfe1df","lat":-34.3945,"loc":{"float1":-70.7819,"float2":-34.3945},"lon":-70.7819,"name":"Media Luna Cerrillos","order":0}]
2024-07-09 10:19:19.007 16065-16279 ProxyAndro...gerBackend com.allride.buses                    W  Too many Flogger logs received before configuration. Dropping old logs.
2024-07-09 10:19:19.035 16065-16074 m.allride.buse          com.allride.buses                    I  Compiler allocated 4647KB to compile void m.edh.b(m.dls, m.eca, m.eec, m.elq, boolean)
2024-07-09 10:19:19.431 16065-16255 DynamiteModule          com.allride.buses                    W  Local module descriptor class for com.google.android.gms.googlecertificates not found.
2024-07-09 10:19:19.438 16065-16255 DynamiteModule          com.allride.buses                    I  Considering local module com.google.android.gms.googlecertificates:0 and remote module com.google.android.gms.googlecertificates:7
2024-07-09 10:19:19.439 16065-16255 DynamiteModule          com.allride.buses                    I  Selected remote version of com.google.android.gms.googlecertificates, version >= 7
2024-07-09 10:19:19.444 16065-16255 m.allride.buse          com.allride.buses                    W  ClassLoaderContext classpath size mismatch. expected=12, found=6 (DLC[];PCL[base.apk*61578492:base.apk!classes2.dex*754617187:base.apk!classes3.dex*2136026185:base.apk!classes4.dex*536683883:base.apk!classes5.dex*2428116329:base.apk!classes6.dex*3311553477:base.apk!classes7.dex*546458987:base.apk!classes8.dex*1064795178:base.apk!classes9.dex*3205764977:base.apk!classes10.dex*2622192443:base.apk!classes11.dex*1514544215:base.apk!classes12.dex*2342603168]{PCL[/system/framework/org.apache.http.legacy.jar*2058259660]#PCL[/apex/com.android.extservices/javalib/android.ext.adservices.jar*2934814306]#PCL[/system/framework/com.android.media.remotedisplay.jar*3472798122]#PCL[/system/framework/com.android.location.provider.jar*3633238673]#PCL[/system/framework/org.apache.http.legacy.jar*2058259660]#PCL[/apex/com.android.extservices/javalib/android.ext.adservices.jar*2934814306]} | DLC[];PCL[/data/app/~~0qvbvwFL0iMdKjOllYUPOw==/com.allride.buses-wuTvxW24-omR0zyQ8SmPTA==/base.apk*2675345124:/data/app/~~0qvbvwFL0iMdKjOllYUPOw==/com.allride.buses-wuTvxW24-omR0zyQ8SmPTA==/base.apk!classes2.dex*753591263:/data/app/~~0qvbvwFL0iMdKjOllYUPOw==/com.allride.buses-wuTvxW24-omR0zyQ8SmPTA==/base.apk!classes3.dex*3875484248:/data/app/~~0qvbvwFL0iMdKjOllYUPOw==/com.allride.buses-wuTvxW24-omR0zyQ8SmPTA==/base.apk!classes4.dex*995451820:/data/app/~~0qvbvwFL0iMdKjOllYUPOw==/com.allride.buses-wuTvxW24-omR0zyQ8SmPTA==/base.apk!classes5.dex*1137825215:/data/app/~~0qvbvwFL0iMdKjOllYUPOw==/com.allride.buses-wuTvxW24-omR0zyQ8SmPTA==/base.apk!classes6.dex*1070273205]{PCL[/system/framework/org.apache.http.legacy.jar*2058259660]})
2024-07-09 10:19:19.944 16065-16065 AndroidRuntime          com.allride.buses                    E  FATAL EXCEPTION: main
                                                                                                    Process: com.allride.buses, PID: 16065
                                                                                                    java.lang.NullPointerException: Attempt to invoke virtual method 'java.lang.String com.allride.buses.data.models.PBStop.getId()' on a null object reference
                                                                                                    	at com.allride.buses.ui.viewmodel.activities.DetailsDeparturesFlexibleActivityViewModel.getShowStops(DetailsDeparturesFlexibleActivityViewModel.kt:654)
                                                                                                    	at com.allride.buses.ui.viewmodel.activities.DetailsDeparturesFlexibleActivityViewModel.access$getShowStops(DetailsDeparturesFlexibleActivityViewModel.kt:39)
                                                                                                    	at com.allride.buses.ui.viewmodel.activities.DetailsDeparturesFlexibleActivityViewModel$getWayPoints$4.invokeSuspend(DetailsDeparturesFlexibleActivityViewModel.kt:603)
                                                                                                    	at kotlin.coroutines.jvm.internal.BaseContinuationImpl.resumeWith(ContinuationImpl.kt:33)
                                                                                                    	at kotlinx.coroutines.DispatchedTask.run(DispatchedTask.kt:106)
                                                                                                    	at android.os.Handler.handleCallback(Handler.java:978)
                                                                                                    	at android.os.Handler.dispatchMessage(Handler.java:104)
                                                                                                    	at android.os.Looper.loopOnce(Looper.java:238)
                                                                                                    	at android.os.Looper.loop(Looper.java:357)
                                                                                                    	at android.app.ActivityThread.main(ActivityThread.java:8090)
                                                                                                    	at java.lang.reflect.Method.invoke(Native Method)
                                                                                                    	at com.android.internal.os.RuntimeInit$MethodAndArgsCaller.run(RuntimeInit.java:548)
                                                                                                    	at com.android.internal.os.ZygoteInit.main(ZygoteInit.java:1026)
                                                                                                    	Suppressed: kotlinx.coroutines.DiagnosticCoroutineContextException: [StandaloneCoroutine{Cancelling}@7d3b8e9, Dispatchers.Main.immediate]
2024-07-09 10:19:23.565 16317-16317 Compatibil...geReporter com.allride.buses                    D  Compat change id reported: 171979766; UID 10604; state: ENABLED
2024-07-09 10:19:23.579 16317-16317 nativeloader            com.allride.buses                    D  Configuring clns-4 for other apk /system/framework/org.apache.http.legacy.jar. target_sdk_version=34, uses_libraries=ALL, library_path=/data/app/~~0qvbvwFL0iMdKjOllYUPOw==/com.allride.buses-wuTvxW24-omR0zyQ8SmPTA==/lib/arm64:/data/app/~~0qvbvwFL0iMdKjOllYUPOw==/com.allride.buses-wuTvxW24-omR0zyQ8SmPTA==/base.apk!/lib/arm64-v8a, permitted_path=/data:/mnt/expand:/data/user/0/com.allride.buses
2024-07-09 10:19:23.579 16317-16317 nativeloader            com.allride.buses                    D  Extending system_exposed_libraries: libvraudio_client.qti.so:libbinauralrenderer_wrapper.qti.so:libhoaeffects.qti.so:libupdateprof.qti.so:libdiag_system.qti.so:libqape.qti.so:libqesdk_ndk_platform.qti.so:liblistenjni.qti.so:libimgTuner_jni.motoimagetuner.so:libjni_helper.motocameradesktop.so:libmcf_native_window_helper.motocamera.so
2024-07-09 10:19:23.581 16317-16317 ziparchive              com.allride.buses                    W  Unable to open '/data/app/~~0qvbvwFL0iMdKjOllYUPOw==/com.allride.buses-wuTvxW24-omR0zyQ8SmPTA==/base.dm': No such file or directory
2024-07-09 10:19:23.581 16317-16317 ziparchive              com.allride.buses                    W  Unable to open '/data/app/~~0qvbvwFL0iMdKjOllYUPOw==/com.allride.buses-wuTvxW24-omR0zyQ8SmPTA==/base.dm': No such file or directory
2024-07-09 10:19:23.945 16317-16317 nativeloader            com.allride.buses                    D  Configuring clns-5 for other apk /data/app/~~0qvbvwFL0iMdKjOllYUPOw==/com.allride.buses-wuTvxW24-omR0zyQ8SmPTA==/base.apk. target_sdk_version=34, uses_libraries=, library_path=/data/app/~~0qvbvwFL0iMdKjOllYUPOw==/com.allride.buses-wuTvxW24-omR0zyQ8SmPTA==/lib/arm64:/data/app/~~0qvbvwFL0iMdKjOllYUPOw==/com.allride.buses-wuTvxW24-omR0zyQ8SmPTA==/base.apk!/lib/arm64-v8a, permitted_path=/data:/mnt/expand:/data/user/0/com.allride.buses
2024-07-09 10:19:23.954 16317-16317 GraphicsEnvironment     com.allride.buses                    V  ANGLE Developer option for 'com.allride.buses' set to: 'default'
2024-07-09 10:19:23.955 16317-16317 GraphicsEnvironment     com.allride.buses                    V  ANGLE GameManagerService for com.allride.buses: false
2024-07-09 10:19:23.955 16317-16317 GraphicsEnvironment     com.allride.buses                    V  Neither updatable production driver nor prerelease driver is supported.
2024-07-09 10:19:23.956 16317-16317 NetworkSecurityConfig   com.allride.buses                    D  Using Network Security Config from resource network_security_config debugBuild: true
2024-07-09 10:19:23.960 16317-16317 NetworkSecurityConfig   com.allride.buses                    D  Using Network Security Config from resource network_security_config debugBuild: true
2024-07-09 10:19:23.996 16317-16317 FirebaseApp             com.allride.buses                    I  Device unlocked: initializing all Firebase APIs for app [DEFAULT]
2024-07-09 10:19:24.024 16317-16341 DynamiteModule          com.allride.buses                    I  Considering local module com.google.android.gms.measurement.dynamite:92 and remote module com.google.android.gms.measurement.dynamite:115
2024-07-09 10:19:24.024 16317-16341 DynamiteModule          com.allride.buses                    I  Selected remote version of com.google.android.gms.measurement.dynamite, version >= 115
2024-07-09 10:19:24.024 16317-16341 DynamiteModule          com.allride.buses                    V  Dynamite loader version >= 2, using loadModule2NoCrashUtils
2024-07-09 10:19:24.038 16317-16341 System                  com.allride.buses                    W  ClassLoader referenced unknown path: 
2024-07-09 10:19:24.039 16317-16341 nativeloader            com.allride.buses                    D  Configuring clns-6 for other apk . target_sdk_version=34, uses_libraries=, library_path=/data/app/~~Qy9ppx23TxXDF4V6qgC6nw==/com.google.android.gms-LtNRzaS76DzBnf14lbsOVw==/lib/arm64:/data/app/~~Qy9ppx23TxXDF4V6qgC6nw==/com.google.android.gms-LtNRzaS76DzBnf14lbsOVw==/base.apk!/lib/arm64-v8a, permitted_path=/data:/mnt/expand:/data/user/0/com.google.android.gms
2024-07-09 10:19:24.050 16317-16341 m.allride.buse          com.allride.buses                    W  ClassLoaderContext classpath size mismatch. expected=12, found=6 (DLC[];PCL[base.apk*61578492:base.apk!classes2.dex*754617187:base.apk!classes3.dex*2136026185:base.apk!classes4.dex*536683883:base.apk!classes5.dex*2428116329:base.apk!classes6.dex*3311553477:base.apk!classes7.dex*546458987:base.apk!classes8.dex*1064795178:base.apk!classes9.dex*3205764977:base.apk!classes10.dex*2622192443:base.apk!classes11.dex*1514544215:base.apk!classes12.dex*2342603168]{PCL[/system/framework/org.apache.http.legacy.jar*2058259660]#PCL[/apex/com.android.extservices/javalib/android.ext.adservices.jar*2934814306]#PCL[/system/framework/com.android.media.remotedisplay.jar*3472798122]#PCL[/system/framework/com.android.location.provider.jar*3633238673]#PCL[/system/framework/org.apache.http.legacy.jar*2058259660]#PCL[/apex/com.android.extservices/javalib/android.ext.adservices.jar*2934814306]} | DLC[];PCL[/data/app/~~0qvbvwFL0iMdKjOllYUPOw==/com.allride.buses-wuTvxW24-omR0zyQ8SmPTA==/base.apk*2675345124:/data/app/~~0qvbvwFL0iMdKjOllYUPOw==/com.allride.buses-wuTvxW24-omR0zyQ8SmPTA==/base.apk!classes2.dex*753591263:/data/app/~~0qvbvwFL0iMdKjOllYUPOw==/com.allride.buses-wuTvxW24-omR0zyQ8SmPTA==/base.apk!classes3.dex*3875484248:/data/app/~~0qvbvwFL0iMdKjOllYUPOw==/com.allride.buses-wuTvxW24-omR0zyQ8SmPTA==/base.apk!classes4.dex*995451820:/data/app/~~0qvbvwFL0iMdKjOllYUPOw==/com.allride.buses-wuTvxW24-omR0zyQ8SmPTA==/base.apk!classes5.dex*1137825215:/data/app/~~0qvbvwFL0iMdKjOllYUPOw==/com.allride.buses-wuTvxW24-omR0zyQ8SmPTA==/base.apk!classes6.dex*1070273205]{PCL[/system/framework/org.apache.http.legacy.jar*2058259660]})
2024-07-09 10:19:24.103 16317-16351 m.allride.buse          com.allride.buses                    E  No package ID 79 found for ID 0x790b0007.
2024-07-09 10:19:24.103 16317-16351 m.allride.buse          com.allride.buses                    E  No package ID 79 found for ID 0x790b0007.
2024-07-09 10:19:24.104 16317-16351 FA                      com.allride.buses                    I  App measurement initialized, version: 95014
2024-07-09 10:19:24.104 16317-16351 FA                      com.allride.buses                    I  To enable debug logging run: adb shell setprop log.tag.FA VERBOSE
2024-07-09 10:19:24.105 16317-16351 FA                      com.allride.buses                    I  To enable faster debug mode event logging run:
                                                                                                      adb shell setprop debug.firebase.analytics.app com.allride.buses
2024-07-09 10:19:24.131 16317-16317 FirebaseCrashlytics     com.allride.buses                    I  Initializing Firebase Crashlytics 18.4.1 for com.allride.buses
2024-07-09 10:19:24.141 16317-16317 FirebaseSessions        com.allride.buses                    D  Registering Sessions SDK subscriber with name: CRASHLYTICS, data collection enabled: true
2024-07-09 10:19:24.142 16317-16357 FirebaseSessions        com.allride.buses                    D  Data Collection is enabled for at least one Subscriber
2024-07-09 10:19:24.142 16317-16357 FirebaseSessions        com.allride.buses                    D  Sessions SDK disabled. Events will not be sent.
2024-07-09 10:19:24.171 16317-16317 FirebaseInitProvider    com.allride.buses                    I  FirebaseApp initialization successful
2024-07-09 10:19:24.187 16317-16317 WM-WrkMgrInitializer    com.allride.buses                    D  Initializing WorkManager with default configuration.
2024-07-09 10:19:24.196 16317-16358 FirebaseCrashlytics     com.allride.buses                    I  No version control information found
2024-07-09 10:19:24.209 16317-16317 AllRideBusesApplication com.allride.buses                    I  showInfoApp: MODEL moto g71 5G - BRAND motorola - MANUFACTURER motorola - VERSION_CODE 109
2024-07-09 10:19:24.234 16317-16366 Compatibil...geReporter com.allride.buses                    D  Compat change id reported: 160794467; UID 10604; state: ENABLED
2024-07-09 10:19:24.360 16317-16317 AllRideBusesApplication com.allride.buses                    D  Success initializeRealm
2024-07-09 10:19:24.391 16317-16317 Utils                   com.allride.buses                    D  Success adjustLocale CL - es
2024-07-09 10:19:24.435 16317-16317 SplashActivity          com.allride.buses                    D  onCreate
2024-07-09 10:19:24.489 16317-16317 m.allride.buse          com.allride.buses                    W  Accessing hidden method Landroid/view/View;->computeFitSystemWindows(Landroid/graphics/Rect;Landroid/graphics/Rect;)Z (unsupported, reflection, allowed)
2024-07-09 10:19:24.489 16317-16317 m.allride.buse          com.allride.buses                    W  Accessing hidden method Landroid/view/ViewGroup;->makeOptionalFitsSystemWindows()V (unsupported, reflection, allowed)
2024-07-09 10:19:24.521 16317-16317 m.allride.buse          com.allride.buses                    W  Accessing hidden method Ldalvik/system/CloseGuard;->get()Ldalvik/system/CloseGuard; (unsupported,core-platform-api, reflection, allowed)
2024-07-09 10:19:24.521 16317-16317 m.allride.buse          com.allride.buses                    W  Accessing hidden method Ldalvik/system/CloseGuard;->open(Ljava/lang/String;)V (unsupported,core-platform-api, reflection, allowed)
2024-07-09 10:19:24.521 16317-16317 m.allride.buse          com.allride.buses                    W  Accessing hidden method Ldalvik/system/CloseGuard;->warnIfOpen()V (unsupported,core-platform-api, reflection, allowed)
2024-07-09 10:19:24.537 16317-16317 m.allride.buse          com.allride.buses                    W  Accessing hidden method Ljava/lang/invoke/MethodHandles$Lookup;-><init>(Ljava/lang/Class;I)V (unsupported, reflection, allowed)
2024-07-09 10:19:24.554 16317-16351 FA                      com.allride.buses                    I  Tag Manager is not found and thus will not be used
2024-07-09 10:19:24.589 16317-16375 AdrenoGLES-0            com.allride.buses                    I  QUALCOMM build                   : 8699000cd8, I1027f1d7d9
                                                                                                    Build Date                       : 04/08/22
                                                                                                    OpenGL ES Shader Compiler Version: EV031.35.01.12
                                                                                                    Local Branch                     : 
                                                                                                    Remote Branch                    : 
                                                                                                    Remote Branch                    : 
                                                                                                    Reconstruct Branch               : 
2024-07-09 10:19:24.590 16317-16375 AdrenoGLES-0            com.allride.buses                    I  Build Config                     : S P 10.0.7 AArch64
2024-07-09 10:19:24.590 16317-16375 AdrenoGLES-0            com.allride.buses                    I  Driver Path                      : /vendor/lib64/egl/libGLESv2_adreno.so
2024-07-09 10:19:24.593 16317-16375 AdrenoGLES-0            com.allride.buses                    I  PFP: 0x016ee201, ME: 0x00000000
2024-07-09 10:19:24.602 16317-16375 hw-ProcessState         com.allride.buses                    D  Binder ioctl to enable oneway spam detection failed: Invalid argument
2024-07-09 10:19:25.284 16317-16378 AllRideOAuth2Service    com.allride.buses                    I  getAccessToken de2cabb2fbc5b4a12434123fb80e97e31fdb047df659eda54d5d912f92f937c395c8d1f6fef38b47b889bb1614edb3b55e5db93cf71bb9dfd6cd56112008204b
2024-07-09 10:19:26.017 16317-16378 AllRideOAuth2Service    com.allride.buses                    I  getAccessToken de2cabb2fbc5b4a12434123fb80e97e31fdb047df659eda54d5d912f92f937c395c8d1f6fef38b47b889bb1614edb3b55e5db93cf71bb9dfd6cd56112008204b
2024-07-09 10:19:26.017 16317-16378 AllRideOAuth2Service    com.allride.buses                    I  Response Code > 200
2024-07-09 10:19:26.025 16317-16378 AllRideOAuth2Service    com.allride.buses                    I  URL > Request{method=GET, url=https://stage.allrideapp.com/api/v1/services/config, tags={class retrofit2.Invocation=com.allride.buses.api.AllRideAPI.getAllRideConfig() []}}
2024-07-09 10:19:26.104 16317-16317 SplashViewModel         com.allride.buses                    D  Success getAllRideConfig: {"details":{"avatar":"https://s3.amazonaws.com/allride.uploads/communityAvatar_6654ae4eba54fe502d4e4187_1717603083265.png","communities":[],"country":"cl","_id":"6654ae4eba54fe502d4e4187","name":"Comunidad Automatización 2"},"general":{"hidePersonalInfoForSC":false,"use24hFormat":true},"_id":"1","privateBus":{"driverApp":{"visibleCode":"plate"},"driverCanCreateRoutes":true,"emergencyCallSettings":{"enabled":true},"internalLegs":{"enabled":false},"internalRoutes":{"enabled":false},"oDDServices":[{"enabled":true,"hideEstimatedTimes":false,"icon":"https://s3.amazonaws.com/allride.odd.icons/odd_taxi_icon.jpg","legOptions":[],"minimumConfirmationTime":{"amount":1,"enabled":false,"unit":"hours"},"name":"Taxis Nico","startLimit":{"amount":1,"enabled":false,"unit":"hours"}}],"odd":{"enabled":false,"hideEstimatedTimes":false,"legOptions":[],"minimumConfirmationTime":{"amount":1,"enabled":false,"unit":"hours"},"name":"","startLimit":{"amount":1,"enabled":false,"unit":"hours"}},"passengerList":{"data":{"community":false,"fullName":false,"phone":false,"validationParam":false},"enabled":false},"scheduling":{"enabled":true,"hideEstimatedTimes":false,"legOptions":[],"minimumConfirmationTime":{"amount":1,"enabled":false,"unit":"hours"},"name":"","startLimit":{"amount":1,"enabled":false,"unit":"hours"}},"showUserCustomParams":{"enabled":false},"startUnassignedDeparture":false,"usesPin":false,"validation":{"DNIValidation":{"enabled":true},"allowsStatic":false,"bCValidation":{"enabled":true,"field":"Rut"},"customQRValidation":{"enabled":true,"field":"Rut"},"customValidation":{"dataType":"text","description":"","enabled":false,"name":""},"dailyLimit":{"allowsSkip":false,"amount":1,"enabled":false,"time":0,"userSkip":[]},"departureLimit":{"allowsSkip":false,"amount":1,"enabled":true,"time":0,"userSkip":[]},"enabled":true,"secureNFCValidation":{"enabled":false},"timeLimit":{"allowsSkip":false,"amount":0,"enabled":false,"time":0,"unit":"","userSkip":[]},"timestamp":{"allowsSkip":false,"amount":0,"enabled":false,"time":0,"userSkip":[]},"usesInternalNFC":false,"usesTickets":true,"validationToken":""}}}
2024-07-09 10:19:26.514 16317-16378 AllRideOAuth2Service    com.allride.buses                    I  getAccessToken de2cabb2fbc5b4a12434123fb80e97e31fdb047df659eda54d5d912f92f937c395c8d1f6fef38b47b889bb1614edb3b55e5db93cf71bb9dfd6cd56112008204b
2024-07-09 10:19:26.857 16317-16378 AllRideOAuth2Service    com.allride.buses                    I  getAccessToken de2cabb2fbc5b4a12434123fb80e97e31fdb047df659eda54d5d912f92f937c395c8d1f6fef38b47b889bb1614edb3b55e5db93cf71bb9dfd6cd56112008204b
2024-07-09 10:19:26.857 16317-16378 AllRideOAuth2Service    com.allride.buses                    I  Response Code > 200
2024-07-09 10:19:26.860 16317-16378 AllRideOAuth2Service    com.allride.buses                    I  URL > Request{method=GET, url=https://stage.allrideapp.com/api/v2/pb/driver/appVersion/cl, tags={class retrofit2.Invocation=com.allride.buses.api.AllRideAPI.getAppVersion() [cl]}}
2024-07-09 10:19:26.880 16317-16317 SplashViewModel         com.allride.buses                    D  Success getAppVersion: com.allride.buses.api.AllRideAPI$AppVersionData@ee0febf
2024-07-09 10:19:26.942 16317-16317 SplashViewModel         com.allride.buses                    D  goActivity go to driver
2024-07-09 10:19:27.057 16317-16317 Compatibil...geReporter com.allride.buses                    D  Compat change id reported: 171228096; UID 10604; state: ENABLED
2024-07-09 10:19:27.399 16317-16317 MainActivityViewModel   com.allride.buses                    D  FirebaseMessaging getInstance
2024-07-09 10:19:27.403 16317-16317 SingleShot...leProvider com.allride.buses                    D  requestSingleUpdate
2024-07-09 10:19:27.520 16317-16317 FlexibleFragment        com.allride.buses                    D  setupTabLayout
2024-07-09 10:19:27.527 16317-16317 Glide                   com.allride.buses                    W  Failed to find GeneratedAppGlideModule. You should include an annotationProcessor compile dependency on com.github.bumptech.glide:compiler in your application and a @GlideModule annotated AppGlideModule implementation or LibraryGlideModules will be silently ignored
2024-07-09 10:19:27.553 16317-16317 FlexibleFragment        com.allride.buses                    D  departuresPending null
2024-07-09 10:19:27.557 16317-16317 MainActivity            com.allride.buses                    D  setupBroadcastReceiver
2024-07-09 10:19:27.559 16317-16317 MainActivity            com.allride.buses                    D  Success registerReceiver setupBroadcastReceiver
2024-07-09 10:19:27.563 16317-16317 Utils                   com.allride.buses                    D  Success startConnectivityService
2024-07-09 10:19:27.588 16317-16317 FlexibleFragment        com.allride.buses                    D  departuresPending [com.allride.buses.data.models.PBDeparture@78ca1f0]
2024-07-09 10:19:27.593 16317-16317 MainActivityViewModel   com.allride.buses                    D  Success getInstance token: cf4_wEhZR-WTjzcd-KVk6c:APA91bHvIDYid_5ezJNXD4IqZzxer7iSgjn-b8PWapPdPjdDMV1CfuctLz0_K5mATWDHhwidJ8f9KfJkzvR88-76GvRKAz-frz5ErJ6L6wzOyZMur12nAakARALUf-CXpoC6CmhsWV88
2024-07-09 10:19:27.616 16317-16317 connectionService       com.allride.buses                    D  start ConnectivityService
2024-07-09 10:19:27.616 16317-16317 connectionService       com.allride.buses                    D  setupBroadcastReceiver
2024-07-09 10:19:27.616 16317-16317 connectionService       com.allride.buses                    D  Success registerReceiver setupBroadcastReceiver
2024-07-09 10:19:27.618 16317-16317 connectionService       com.allride.buses                    D  Success registerReceiver ConnectivityReceiver
2024-07-09 10:19:27.618 16317-16317 connectionService       com.allride.buses                    D  checkConnectivity
2024-07-09 10:19:27.618 16317-16317 connectionService       com.allride.buses                    D  sendNotifyConnectivity false
2024-07-09 10:19:27.634 16317-16317 connectionService       com.allride.buses                    I  checkSyncOffline current 'departure' : [offline=false, images=false, departure=true, deviceHistory=false, driverMuc=false]
2024-07-09 10:19:27.635 16317-16317 connectionService       com.allride.buses                    I  checkOnlineDataAsync
2024-07-09 10:19:28.013 16317-16317 SingleShot...leProvider com.allride.buses                    D  requestSingleUpdate addOnSuccessListener
2024-07-09 10:19:28.014 16317-16317 MainActivity            com.allride.buses                    D  setupBroadcastReceiver onReceive connectivity false
2024-07-09 10:19:28.015 16317-16317 MainActivityViewModel   com.allride.buses                    D  checkOnlineDataAsync
2024-07-09 10:19:28.017 16317-16317 ConnectivityReceiver    com.allride.buses                    D  onReceive true
2024-07-09 10:19:28.019 16317-16348 MainActivityViewModel   com.allride.buses                    D  onlineDataAsyncList getAuthMe
2024-07-09 10:19:28.028 16317-16317 connectionService       com.allride.buses                    D  socketUpdateReceiver onReceive stateReceiver true
2024-07-09 10:19:28.028 16317-16317 connectionService       com.allride.buses                    D  checkConnectivity
2024-07-09 10:19:28.028 16317-16317 connectionService       com.allride.buses                    D  sendNotifyConnectivity true
2024-07-09 10:19:28.035 16317-16317 connectionService       com.allride.buses                    I  checkSyncOffline exit for loadingCheckOnlineData true - skipLoading false
2024-07-09 10:19:28.035 16317-16317 connectionService       com.allride.buses                    I  checkOnlineDataAsync
2024-07-09 10:19:28.035 16317-16317 connectionService       com.allride.buses                    D  sendNotifyConnectivity true
2024-07-09 10:19:28.036 16317-16317 MainActivity            com.allride.buses                    D  setupBroadcastReceiver onReceive connectivity true
2024-07-09 10:19:28.036 16317-16317 MainActivityViewModel   com.allride.buses                    D  checkOnlineDataAsync
2024-07-09 10:19:28.036 16317-16317 MainActivity            com.allride.buses                    D  setupBroadcastReceiver onReceive connectivity true
2024-07-09 10:19:28.036 16317-16317 MainActivityViewModel   com.allride.buses                    D  checkOnlineDataAsync
2024-07-09 10:19:28.070 16317-16378 AllRideOAuth2Service    com.allride.buses                    I  getAccessToken de2cabb2fbc5b4a12434123fb80e97e31fdb047df659eda54d5d912f92f937c395c8d1f6fef38b47b889bb1614edb3b55e5db93cf71bb9dfd6cd56112008204b
2024-07-09 10:19:28.096 16317-16419 AllRideOAuth2Service    com.allride.buses                    I  getAccessToken de2cabb2fbc5b4a12434123fb80e97e31fdb047df659eda54d5d912f92f937c395c8d1f6fef38b47b889bb1614edb3b55e5db93cf71bb9dfd6cd56112008204b
2024-07-09 10:19:28.459 16317-16317 SplashActivity          com.allride.buses                    D  onDestroy
2024-07-09 10:19:28.470 16317-16419 AllRideOAuth2Service    com.allride.buses                    I  getAccessToken de2cabb2fbc5b4a12434123fb80e97e31fdb047df659eda54d5d912f92f937c395c8d1f6fef38b47b889bb1614edb3b55e5db93cf71bb9dfd6cd56112008204b
2024-07-09 10:19:28.470 16317-16419 AllRideOAuth2Service    com.allride.buses                    I  Response Code > 410
2024-07-09 10:19:28.471 16317-16419 AllRideOAuth2Service    com.allride.buses                    I  URL > Request{method=GET, url=https://stage.allrideapp.com/api/v2/pb/driver/departures/current, tags={class retrofit2.Invocation=com.allride.buses.api.AllRideAPI.getCurrentDeparture() []}}
2024-07-09 10:19:28.476 16317-16378 AllRideOAuth2Service    com.allride.buses                    I  getAccessToken de2cabb2fbc5b4a12434123fb80e97e31fdb047df659eda54d5d912f92f937c395c8d1f6fef38b47b889bb1614edb3b55e5db93cf71bb9dfd6cd56112008204b
2024-07-09 10:19:28.476 16317-16378 AllRideOAuth2Service    com.allride.buses                    I  Response Code > 200
2024-07-09 10:19:28.476 16317-16378 AllRideOAuth2Service    com.allride.buses                    I  URL > Request{method=PUT, url=https://stage.allrideapp.com/api/v2/pb/driver/update, tags={class retrofit2.Invocation=com.allride.buses.api.AllRideAPI.updateDriverDevice() [com.allride.buses.api.AllRideAPI$NewDeviceData@6637ee9]}}
2024-07-09 10:19:28.477 16317-16432 connectionService       com.allride.buses                    E  Error getCurrentDeparture: HTTP 410 
2024-07-09 10:19:28.477 16317-16432 connectionService       com.allride.buses                    I  HttpException getCurrentDeparture: no_active_departure - no_active_departure
2024-07-09 10:19:28.483 16317-16317 MainActivityViewModel   com.allride.buses                    E  Error updateDeviceDriver: Socket is closed
2024-07-09 10:19:28.498 16317-16442 AllRideOAuth2Service    com.allride.buses                    I  getAccessToken de2cabb2fbc5b4a12434123fb80e97e31fdb047df659eda54d5d912f92f937c395c8d1f6fef38b47b889bb1614edb3b55e5db93cf71bb9dfd6cd56112008204b
2024-07-09 10:19:28.507 16317-16432 connectionService       com.allride.buses                    I  checkSyncOffline dataList isEmpty
2024-07-09 10:19:28.875 16317-16442 AllRideOAuth2Service    com.allride.buses                    I  getAccessToken de2cabb2fbc5b4a12434123fb80e97e31fdb047df659eda54d5d912f92f937c395c8d1f6fef38b47b889bb1614edb3b55e5db93cf71bb9dfd6cd56112008204b
2024-07-09 10:19:28.875 16317-16442 AllRideOAuth2Service    com.allride.buses                    I  Response Code > 200
2024-07-09 10:19:28.876 16317-16442 AllRideOAuth2Service    com.allride.buses                    I  URL > Request{method=GET, url=https://stage.allrideapp.com/api/v1/pb/provider/me, tags={class retrofit2.Invocation=com.allride.buses.api.AllRideAPI.getAuthMe() []}}
2024-07-09 10:19:28.909 16317-16317 MainActivityViewModel   com.allride.buses                    D  Success getAuthMe - {"auth":{"accessToken":"de2cabb2fbc5b4a12434123fb80e97e31fdb047df659eda54d5d912f92f937c395c8d1f6fef38b47b889bb1614edb3b55e5db93cf71bb9dfd6cd56112008204b","active":true,"canCreateRoutes":true,"code":"159753","communities":["6654ae4eba54fe502d4e4187","653fd601f90509541a748683"],"communityId":"6654ae4eba54fe502d4e4187","config":{"autoLogout":{"enabled":false,"enum":"afterDepartureEnd","timer":{"amount":0,"unit":"minutes"}}},"device":{"accessToken":"","build":"","communityId":"","_id":"","model":"moto g71 5G","notificationToken":"","superCommunityId":""},"email":"nicolas+conductor22@allrideapp.com","hasToChangePassword":false,"_id":"6654cec2ba54fe502d4e6a0a","name":"Conductor Comunidad 2","refreshToken":"","rtlToken":"6ae5d29224e21fff2b9fb058698ba45c88444abe67c4af0628fe19c488ab20909f365429b0c393cbc75fde75a001059de8d958d7f8b851edf8bf90734e5b4148","superCommunities":["653fd68233d83952fafcd4be"],"superCommunityId":"653fd68233d83952fafcd4be"},"type":"driver"}
2024-07-09 10:19:28.909 16317-16317 MainActivityViewModel   com.allride.buses                    D  Success getAuthMe Firebase.crashlytics
2024-07-09 10:19:31.194 16317-16317 MapsInitializer         com.allride.buses                    D  preferredRenderer: null
2024-07-09 10:19:31.194 16317-16317 zzcc                    com.allride.buses                    D  preferredRenderer: null
2024-07-09 10:19:31.195 16317-16317 zzcc                    com.allride.buses                    I  Making Creator dynamically
2024-07-09 10:19:31.200 16317-16317 DynamiteModule          com.allride.buses                    I  Considering local module com.google.android.gms.maps_core_dynamite:0 and remote module com.google.android.gms.maps_core_dynamite:241610202
2024-07-09 10:19:31.200 16317-16317 DynamiteModule          com.allride.buses                    I  Selected remote version of com.google.android.gms.maps_core_dynamite, version >= 241610202
2024-07-09 10:19:31.200 16317-16317 DynamiteModule          com.allride.buses                    V  Dynamite loader version >= 2, using loadModule2NoCrashUtils
2024-07-09 10:19:31.211 16317-16317 m.allride.buse          com.allride.buses                    W  Accessing hidden method Ldalvik/system/VMStack;->getStackClass2()Ljava/lang/Class; (unsupported, reflection, allowed)
