2024-06-06 13:29:27.487   981-4485  CaptureSession          com.allride.buses                    D  CameraCaptureSession.onReady() OPENED
2024-06-06 13:29:27.636   981-981   MapActivity             com.allride.buses                    D  onStop
2024-06-06 13:29:27.637   981-981   MapActivity             com.allride.buses                    I  clearObservers
2024-06-06 13:29:27.640   981-981   MapActivity             com.allride.buses                    D  Success unregisterReceiver setupBroadcastReceiver
2024-06-06 13:29:27.787   981-4485  StreamStateObserver     com.allride.buses                    D  Update Preview stream state to STREAMING
2024-06-06 13:29:27.887   981-981   ProxyAndro...gerBackend com.allride.buses                    W  Too many Flogger logs received before configuration. Dropping old logs.
2024-06-06 13:29:27.888   981-981   ProxyAndro...gerBackend com.allride.buses                    W  Too many Flogger logs received before configuration. Dropping old logs.
2024-06-06 13:29:27.888   981-981   ProxyAndro...gerBackend com.allride.buses                    W  Too many Flogger logs received before configuration. Dropping old logs.
2024-06-06 13:29:27.888   981-981   ProxyAndro...gerBackend com.allride.buses                    W  Too many Flogger logs received before configuration. Dropping old logs.
2024-06-06 13:29:28.045   981-30990 tflite                  com.allride.buses                    I  Replacing 43 out of 43 node(s) with delegate (TfLiteXNNPackDelegate) node, yielding 1 partitions for the whole graph.
2024-06-06 13:29:28.061   981-30990 tflite                  com.allride.buses                    I  Replacing 42 out of 47 node(s) with delegate (TfLiteXNNPackDelegate) node, yielding 11 partitions for the whole graph.
2024-06-06 13:29:28.068   981-30990 native                  com.allride.buses                    I  I0000 00:00:1717694968.064378   30990 oned_decoder_client.cc:695] barhopper::deep_learning::OnedDecoderClient is created successfully.
2024-06-06 13:29:29.070   981-981   ProxyAndro...gerBackend com.allride.buses                    W  Too many Flogger logs received before configuration. Dropping old logs.
2024-06-06 13:29:29.073   981-981   ProxyAndro...gerBackend com.allride.buses                    W  Too many Flogger logs received before configuration. Dropping old logs.
2024-06-06 13:29:29.074   981-981   ProxyAndro...gerBackend com.allride.buses                    W  Too many Flogger logs received before configuration. Dropping old logs.
2024-06-06 13:29:29.074   981-981   ProxyAndro...gerBackend com.allride.buses                    W  Too many Flogger logs received before configuration. Dropping old logs.
2024-06-06 13:29:33.306   981-31016 ActiveDepa...eViewModel com.allride.buses                    D  SocketClient - newDriverPosition: {"departureId":"6661f1e864b9a1f5a2e3033b","routeId":"65e8827b110e5655e1583a45","location":{"latitude":-34.3941112,"longitude":-70.7812877,"speed":0.043150052,"source":null},"busId":"ABCD12","state":"service","plate":"ABCD12","code":"1111","driverName":"Conductor Regular"}
2024-06-06 13:29:33.307   981-31016 ActiveDepa...eViewModel com.allride.buses                    D  SocketClient - newPosition : {"latitude":-34.3941112,"longitude":-70.7812877}
2024-06-06 13:29:36.692   981-31038 SocketClient            com.allride.buses                    D  Socket error
2024-06-06 13:29:36.693   981-31038 SocketClient            com.allride.buses                    D  Socket disconnected
2024-06-06 13:29:36.694   981-981   ServiceConnectivity     com.allride.buses                    D  socketUpdateReceiver onReceive stateSocket EVENT_ERROR false
2024-06-06 13:29:36.694   981-981   ServiceConnectivity     com.allride.buses                    D  sendNotifyConnectivity false
2024-06-06 13:29:36.695   981-981   DepartureProvider       com.allride.buses                    I  getActiveDeparture
2024-06-06 13:29:36.872   981-981   CameraOrientationUtil   com.allride.buses                    D  getRelativeImageRotation: destRotationDegrees=0, sourceRotationDegrees=90, isOppositeFacing=true, result=90
2024-06-06 13:29:36.875   981-981   CameraOrientationUtil   com.allride.buses                    D  getRelativeImageRotation: destRotationDegrees=0, sourceRotationDegrees=90, isOppositeFacing=true, result=90
2024-06-06 13:29:36.876   981-981   CameraOrientationUtil   com.allride.buses                    D  getRelativeImageRotation: destRotationDegrees=0, sourceRotationDegrees=90, isOppositeFacing=true, result=90
2024-06-06 13:29:36.878   981-981   CameraOrientationUtil   com.allride.buses                    D  getRelativeImageRotation: destRotationDegrees=0, sourceRotationDegrees=90, isOppositeFacing=true, result=90
2024-06-06 13:29:36.879   981-981   CameraOrientationUtil   com.allride.buses                    D  getRelativeImageRotation: destRotationDegrees=0, sourceRotationDegrees=90, isOppositeFacing=true, result=90
2024-06-06 13:29:37.034   981-981   ConnectivityReceiver    com.allride.buses                    D  onReceive true
2024-06-06 13:29:37.056   981-981   ProxyAndro...gerBackend com.allride.buses                    W  Too many Flogger logs received before configuration. Dropping old logs.
2024-06-06 13:29:37.057   981-981   ProxyAndro...gerBackend com.allride.buses                    W  Too many Flogger logs received before configuration. Dropping old logs.
2024-06-06 13:29:37.058   981-981   ProxyAndro...gerBackend com.allride.buses                    W  Too many Flogger logs received before configuration. Dropping old logs.
2024-06-06 13:29:37.059   981-981   ProxyAndro...gerBackend com.allride.buses                    W  Too many Flogger logs received before configuration. Dropping old logs.
2024-06-06 13:29:37.059   981-981   ProxyAndro...gerBackend com.allride.buses                    W  Too many Flogger logs received before configuration. Dropping old logs.
2024-06-06 13:29:37.308   981-981   ConnectivityReceiver    com.allride.buses                    D  onReceive true
2024-06-06 13:29:37.947   981-31104 SocketClient            com.allride.buses                    D  Socket reconnecting
2024-06-06 13:29:38.856   981-31152 SocketClient            com.allride.buses                    D  Socket reconnected
2024-06-06 13:29:38.873   981-981   CameraOrientationUtil   com.allride.buses                    D  getRelativeImageRotation: destRotationDegrees=0, sourceRotationDegrees=90, isOppositeFacing=true, result=90
2024-06-06 13:29:38.876   981-981   CameraOrientationUtil   com.allride.buses                    D  getRelativeImageRotation: destRotationDegrees=0, sourceRotationDegrees=90, isOppositeFacing=true, result=90
2024-06-06 13:29:38.876   981-981   CameraOrientationUtil   com.allride.buses                    D  getRelativeImageRotation: destRotationDegrees=0, sourceRotationDegrees=90, isOppositeFacing=true, result=90
2024-06-06 13:29:38.878   981-981   CameraOrientationUtil   com.allride.buses                    D  getRelativeImageRotation: destRotationDegrees=0, sourceRotationDegrees=90, isOppositeFacing=true, result=90
2024-06-06 13:29:38.879   981-981   CameraOrientationUtil   com.allride.buses                    D  getRelativeImageRotation: destRotationDegrees=0, sourceRotationDegrees=90, isOppositeFacing=true, result=90
2024-06-06 13:29:38.893   981-981   ServiceConnectivity     com.allride.buses                    D  socketUpdateReceiver onReceive stateSocket EVENT_RECONNECT true
2024-06-06 13:29:38.940   981-981   ServiceConnectivity     com.allride.buses                    I  checkSyncOffline current deviceHistory - [offline=false, images=false, departure=false, deviceHistory=true, driverMuc=false]
2024-06-06 13:29:38.971   981-981   ServiceConnectivity     com.allride.buses                    D  Pre saveDeviceHistoryConnection: 2 - {"states":[{"activity":"CapturePassengerActivity","createdAt":"Jun 6, 2024 1:29:26 PM","departureId":"6661f1e864b9a1f5a2e3033b","_id":"dbc3f007-c4e2-4929-8d71-5b66afb5fef6","type":"NO_TYPE_MOBILE_DATA"},{"activity":"TripService","createdAt":"Jun 6, 2024 1:29:36 PM","departureId":"6661f1e864b9a1f5a2e3033b","_id":"bafe88e8-9c7c-4c99-a367-4e55df94b615","type":"SOCKET_EVENT_DISCONNECT"}]}
2024-06-06 13:29:38.971   981-981   ServiceConnectivity     com.allride.buses                    D  sendNotifyConnectivity true
2024-06-06 13:29:39.063   981-31168 TripActivity            com.allride.buses                    I  Starting departure socket
2024-06-06 13:29:39.063   981-31168 SocketClient            com.allride.buses                    D  Socket connected
2024-06-06 13:29:39.065   981-31160 m.allride.buse          com.allride.buses                    W  No such thread id for suspend: 79
2024-06-06 13:29:39.316   981-30833 AllRideCommunityService com.allride.buses                    I  getAccessToken e920cc7af564caac331b95f5dba52ec9ba6492bfc4108346d81ba080c37742c4b6c23d017a028e5fb56ee6fff7df014a3f13b32e9d0695999739fe5980561215
2024-06-06 13:29:39.402   981-981   IStopCheckProvider      com.allride.buses                    D  Success getAll: 0
2024-06-06 13:29:39.686   981-30833 AllRideCommunityService com.allride.buses                    I  getAccessToken e920cc7af564caac331b95f5dba52ec9ba6492bfc4108346d81ba080c37742c4b6c23d017a028e5fb56ee6fff7df014a3f13b32e9d0695999739fe5980561215
2024-06-06 13:29:39.687   981-30833 AllRideCommunityService com.allride.buses                    I  Response Code > 200
2024-06-06 13:29:39.689   981-30833 AllRideCommunityService com.allride.buses                    I  URL > Request{method=POST, url=https://stage.allrideapp.com/api/v2/pb/driver/departure/device/history, tags={class retrofit2.Invocation=com.allride.buses.api.AllRideAPI.saveDeviceHistoryConnection() [com.allride.buses.api.AllRideAPI$HistoryUse@89b9e5a]}}
2024-06-06 13:29:39.742   981-981   ServiceConnectivity     com.allride.buses                    I  checkSyncOffline dataList isEmpty
2024-06-06 13:29:39.747   981-981   ServiceConnectivity     com.allride.buses                    D  Success saveDeviceHistoryConnection: 2 - {"states":[{"activity":"CapturePassengerActivity","createdAt":"Jun 6, 2024 1:29:26 PM","departureId":"6661f1e864b9a1f5a2e3033b","_id":"dbc3f007-c4e2-4929-8d71-5b66afb5fef6","type":"NO_TYPE_MOBILE_DATA"},{"activity":"TripService","createdAt":"Jun 6, 2024 1:29:36 PM","departureId":"6661f1e864b9a1f5a2e3033b","_id":"bafe88e8-9c7c-4c99-a367-4e55df94b615","type":"SOCKET_EVENT_DISCONNECT"}]}
2024-06-06 13:29:39.808   981-981   ViewReaderQR            com.allride.buses                    D  barcodeScanner: 8804d83128a5f52c8cf9572adce8b5d0c15c2ed9f9152e3fb0c7d43f6091e51337f859645ac1885965881522824fc4248bca48a9212afc1bbd0fefc670b563dc653ff52433d83952fafcf397
2024-06-06 13:29:39.808   981-981   ViewReaderQR            com.allride.buses                    D  onPauseCamera
2024-06-06 13:29:39.810   981-4478  Camera2CameraImpl       com.allride.buses                    D  {Camera@bbb9b2a[id=0]} Use case androidx.camera.core.ImageAnalysis-f8fc32ee-2327-4682-9398-afab111f6113148588097 INACTIVE
2024-06-06 13:29:39.810   981-981   ActiveDepa...eViewModel com.allride.buses                    D  onlineValidationQR: 8804d83128a5f52c8cf9572adce8b5d0c15c2ed9f9152e3fb0c7d43f6091e51337f859645ac1885965881522824fc4248bca48a9212afc1bbd0fefc670b563dc653ff52433d83952fafcf397
2024-06-06 13:29:39.811   981-4478  UseCaseAttachState      com.allride.buses                    D  Active and attached use case: [androidx.camera.core.ImageCapture-7135f659-eaa9-49e3-a0f2-00e8cac596cc124848424, androidx.camera.core.Preview-989b1fa6-f135-4a1c-93a8-11126d498c9c224394059] for camera: 0
2024-06-06 13:29:39.816   981-981   ActiveDepa...eViewModel com.allride.buses                    D  Pre validatePassenger {"communityId":"653fd68233d83952fafcd4be","timezone":"America/Santiago","validationInternalId":"833dc75c-a7ee-44d4-a315-36b6209bde4f","validationLat":-34.3941112,"validationLon":-70.7812877,"validationString":"8804d83128a5f52c8cf9572adce8b5d0c15c2ed9f9152e3fb0c7d43f6091e51337f859645ac1885965881522824fc4248bca48a9212afc1bbd0fefc670b563dc653ff52433d83952fafcf397"}
2024-06-06 13:29:39.819   981-4478  CaptureSession          com.allride.buses                    D  Attempting to submit CaptureRequest after setting
2024-06-06 13:29:39.820   981-4478  CaptureSession          com.allride.buses                    D  Issuing request for session.
2024-06-06 13:29:39.820   981-4478  Camera2Cap...estBuilder com.allride.buses                    D  createCaptureRequest
2024-06-06 13:29:39.850   981-981   ViewReaderQR            com.allride.buses                    D  barcodeScanner: 8804d83128a5f52c8cf9572adce8b5d0c15c2ed9f9152e3fb0c7d43f6091e51337f859645ac1885965881522824fc4248bca48a9212afc1bbd0fefc670b563dc653ff52433d83952fafcf397
2024-06-06 13:29:39.851   981-981   ViewReaderQR            com.allride.buses                    D  onPauseCamera
2024-06-06 13:29:40.159   981-31188 AllRideDepartureService com.allride.buses                    I  getAccessToken 9f42e9e86984b85f2c3f6d0d3f4167be3311016ed4cd10f79e28a539350175f07ff7fa221a22158e0bbae1d194386357fc0a59ee7379d29cca95d6235382f99a
2024-06-06 13:29:40.585   981-31188 AllRideDepartureService com.allride.buses                    I  Response Code > 200
2024-06-06 13:29:40.586   981-31188 AllRideDepartureService com.allride.buses                    I  URL > Request{method=POST, url=https://stage.allrideapp.com/api/v2/pb/driver/departures/validate, tags={class retrofit2.Invocation=com.allride.buses.api.AllRideAPI.validatePassenger() [com.allride.buses.api.AllRideAPI$ValidatePassengerData@f0ce937]}}
2024-06-06 13:29:40.600   981-981   ActiveDepa...eViewModel com.allride.buses                    D  Success validatePassenger {"assignedSeat":"","communityId":"653fd601f90509541a748683","createdAt":"Jun 6, 2024 1:29:40 PM","departureId":"6661f1e864b9a1f5a2e3033b","_id":"6661f20464b9a1f5a2e3035c","isDNI":false,"lat":-34.39411,"latitude":-34.39411,"loc":{"float1":-70.78129,"float2":-34.39411},"lon":-70.78129,"longitude":-70.78129,"qrCode":"","reason":["timestamp"],"remainingTickets":0,"routeId":"65e8827b110e5655e1583a45","synced":true,"token":"","userId":"653ff52433d83952fafcf397","validated":true}
2024-06-06 13:29:40.631   981-981   ActiveDepa...eViewModel com.allride.buses                    D  Observer legType service
2024-06-06 13:29:40.631   981-981   ActiveDepa...eViewModel com.allride.buses                    D  addSource offlineMessage currentDeparture
2024-06-06 13:29:40.631   981-981   ActiveDepa...eViewModel com.allride.buses                    D  addSource checkPendingOfflineSync false false
2024-06-06 13:29:40.632   981-981   ActiveDepa...eViewModel com.allride.buses                    D  Observer legType service
2024-06-06 13:29:40.632   981-981   ActiveDepa...eViewModel com.allride.buses                    D  addSource offlineMessage currentDeparture
2024-06-06 13:29:40.632   981-981   ActiveDepa...eViewModel com.allride.buses                    D  addSource checkPendingOfflineSync false false
2024-06-06 13:29:40.632   981-981   ActiveDepa...eViewModel com.allride.buses                    D  Observer legType service
2024-06-06 13:29:40.632   981-981   ActiveDepa...eViewModel com.allride.buses                    D  addSource offlineMessage currentDeparture
2024-06-06 13:29:40.632   981-981   ActiveDepa...eViewModel com.allride.buses                    D  addSource checkPendingOfflineSync false false
2024-06-06 13:29:40.651   981-981   UfReader                com.allride.buses                    D  positiveBeep
2024-06-06 13:29:40.663   981-981   UfReader                com.allride.buses                    D  positiveBeep: status 80 -> UFR_COMMUNICATION_BREAK
2024-06-06 13:29:40.828   981-31201 ActiveDepa...eViewModel com.allride.buses                    D  SocketClient - current : {"color":"2E7D32","capacity":3}
2024-06-06 13:29:40.828   981-31201 DepartureProvider       com.allride.buses                    D  setCapacity 3
2024-06-06 13:29:41.895   981-31218 ActiveDepa...eViewModel com.allride.buses                    D  SocketClient - newDriverPosition: {"departureId":"6661f1e864b9a1f5a2e3033b","routeId":"65e8827b110e5655e1583a45","location":{"latitude":-34.3941116,"longitude":-70.7812894,"speed":0.02730801,"source":null},"busId":"ABCD12","state":"service","plate":"ABCD12","code":"1111","driverName":"Conductor Regular"}
2024-06-06 13:29:41.897   981-31218 ActiveDepa...eViewModel com.allride.buses                    D  SocketClient - newPosition : {"latitude":-34.3941116,"longitude":-70.7812894}
2024-06-06 13:29:42.089   981-981   InputEventReceiver      com.allride.buses                    W  Attempted to finish an input event but the input event receiver has already been disposed.
2024-06-06 13:29:42.090   981-981   CapturePas...erActivity com.allride.buses                    D  hideDialogValidation
2024-06-06 13:29:42.090   981-981   CapturePas...erActivity com.allride.buses                    D  onResumeCamera
2024-06-06 13:29:42.090   981-981   ViewReaderQR            com.allride.buses                    D  onResumeCamera
2024-06-06 13:29:42.090   981-981   ViewReaderQR            com.allride.buses                    D  startQRAnalysis
2024-06-06 13:29:42.090   981-981   UfReader                com.allride.buses                    D  openReader
2024-06-06 13:29:42.091   981-4478  Camera2CameraImpl       com.allride.buses                    D  {Camera@bbb9b2a[id=0]} Use case androidx.camera.core.ImageAnalysis-f8fc32ee-2327-4682-9398-afab111f6113148588097 ACTIVE
2024-06-06 13:29:42.091   981-981   UfReader                com.allride.buses                    D  openReader: status 84 -> UFR_READER_OPENING_ERROR
2024-06-06 13:29:42.092   981-4478  UseCaseAttachState      com.allride.buses                    D  Active and attached use case: [androidx.camera.core.ImageCapture-7135f659-eaa9-49e3-a0f2-00e8cac596cc124848424, androidx.camera.core.Preview-989b1fa6-f135-4a1c-93a8-11126d498c9c224394059, androidx.camera.core.ImageAnalysis-f8fc32ee-2327-4682-9398-afab111f6113148588097] for camera: 0
2024-06-06 13:29:42.094   981-4478  CaptureSession          com.allride.buses                    D  Attempting to submit CaptureRequest after setting
2024-06-06 13:29:42.094   981-4478  CaptureSession          com.allride.buses                    D  Issuing request for session.
2024-06-06 13:29:42.094   981-4478  Camera2Cap...estBuilder com.allride.buses                    D  createCaptureRequest
2024-06-06 13:29:42.678   981-981   InputEventReceiver      com.allride.buses                    W  Attempted to finish an input event but the input event receiver has already been disposed.
2024-06-06 13:29:42.679   981-981   CapturePas...erActivity com.allride.buses                    D  hideDialogValidation
2024-06-06 13:29:42.679   981-981   CapturePas...erActivity com.allride.buses                    D  onResumeCamera
2024-06-06 13:29:42.679   981-981   ViewReaderQR            com.allride.buses                    D  onResumeCamera
2024-06-06 13:29:42.679   981-981   ViewReaderQR            com.allride.buses                    D  startQRAnalysis
2024-06-06 13:29:42.679   981-981   UfReader                com.allride.buses                    D  openReader
2024-06-06 13:29:42.680   981-981   UfReader                com.allride.buses                    D  openReader: status 84 -> UFR_READER_OPENING_ERROR
2024-06-06 13:29:43.371   981-981   ViewReaderQR            com.allride.buses                    D  barcodeScanner: 8804d83128a5f52c8cf9572adce8b5d0c15c2ed9f9152e3fb0c7d43f6091e51337f859645ac1885965881522824fc4248bca48a9212afc1bbd0fefc670b563dc653ff52433d83952fafcf397
2024-06-06 13:29:43.371   981-981   ViewReaderQR            com.allride.buses                    D  onPauseCamera
2024-06-06 13:29:43.372   981-981   ActiveDepa...eViewModel com.allride.buses                    D  onlineValidationQR: 8804d83128a5f52c8cf9572adce8b5d0c15c2ed9f9152e3fb0c7d43f6091e51337f859645ac1885965881522824fc4248bca48a9212afc1bbd0fefc670b563dc653ff52433d83952fafcf397
2024-06-06 13:29:43.372   981-4485  Camera2CameraImpl       com.allride.buses                    D  {Camera@bbb9b2a[id=0]} Use case androidx.camera.core.ImageAnalysis-f8fc32ee-2327-4682-9398-afab111f6113148588097 INACTIVE
2024-06-06 13:29:43.374   981-4485  UseCaseAttachState      com.allride.buses                    D  Active and attached use case: [androidx.camera.core.ImageCapture-7135f659-eaa9-49e3-a0f2-00e8cac596cc124848424, androidx.camera.core.Preview-989b1fa6-f135-4a1c-93a8-11126d498c9c224394059] for camera: 0
2024-06-06 13:29:43.375   981-981   ActiveDepa...eViewModel com.allride.buses                    D  Pre validatePassenger {"communityId":"653fd68233d83952fafcd4be","timezone":"America/Santiago","validationInternalId":"ac5269a7-8f7e-4376-8415-1e0afa58b5ba","validationLat":-34.3941116,"validationLon":-70.7812894,"validationString":"8804d83128a5f52c8cf9572adce8b5d0c15c2ed9f9152e3fb0c7d43f6091e51337f859645ac1885965881522824fc4248bca48a9212afc1bbd0fefc670b563dc653ff52433d83952fafcf397"}
2024-06-06 13:29:43.380   981-4485  CaptureSession          com.allride.buses                    D  Attempting to submit CaptureRequest after setting
2024-06-06 13:29:43.380   981-4485  CaptureSession          com.allride.buses                    D  Issuing request for session.
2024-06-06 13:29:43.380   981-4485  Camera2Cap...estBuilder com.allride.buses                    D  createCaptureRequest
2024-06-06 13:29:43.730   981-31232 AllRideDepartureService com.allride.buses                    I  getAccessToken 9f42e9e86984b85f2c3f6d0d3f4167be3311016ed4cd10f79e28a539350175f07ff7fa221a22158e0bbae1d194386357fc0a59ee7379d29cca95d6235382f99a
2024-06-06 13:29:44.128   981-31232 AllRideDepartureService com.allride.buses                    I  Response Code > 200
2024-06-06 13:29:44.129   981-31232 AllRideDepartureService com.allride.buses                    I  URL > Request{method=POST, url=https://stage.allrideapp.com/api/v2/pb/driver/departures/validate, tags={class retrofit2.Invocation=com.allride.buses.api.AllRideAPI.validatePassenger() [com.allride.buses.api.AllRideAPI$ValidatePassengerData@8f2bd11]}}
2024-06-06 13:29:44.144   981-981   ActiveDepa...eViewModel com.allride.buses                    D  Success validatePassenger {"assignedSeat":"","communityId":"653fd601f90509541a748683","createdAt":"Jun 6, 2024 1:29:44 PM","departureId":"6661f1e864b9a1f5a2e3033b","_id":"6661f20782cf88ed3fd66b32","isDNI":false,"lat":-34.39411,"latitude":-34.39411,"loc":{"float1":-70.78129,"float2":-34.39411},"lon":-70.78129,"longitude":-70.78129,"qrCode":"","reason":["timestamp"],"remainingTickets":0,"routeId":"65e8827b110e5655e1583a45","synced":true,"token":"","userId":"653ff52433d83952fafcf397","validated":true}
2024-06-06 13:29:44.187   981-981   ActiveDepa...eViewModel com.allride.buses                    D  Observer legType service
2024-06-06 13:29:44.187   981-981   ActiveDepa...eViewModel com.allride.buses                    D  addSource offlineMessage currentDeparture
2024-06-06 13:29:44.187   981-981   ActiveDepa...eViewModel com.allride.buses                    D  addSource checkPendingOfflineSync false false
2024-06-06 13:29:44.187   981-981   ActiveDepa...eViewModel com.allride.buses                    D  Observer legType service
2024-06-06 13:29:44.188   981-981   ActiveDepa...eViewModel com.allride.buses                    D  addSource offlineMessage currentDeparture
2024-06-06 13:29:44.188   981-981   ActiveDepa...eViewModel com.allride.buses                    D  addSource checkPendingOfflineSync false false
2024-06-06 13:29:44.188   981-981   ActiveDepa...eViewModel com.allride.buses                    D  Observer legType service
2024-06-06 13:29:44.188   981-981   ActiveDepa...eViewModel com.allride.buses                    D  addSource offlineMessage currentDeparture
2024-06-06 13:29:44.188   981-981   ActiveDepa...eViewModel com.allride.buses                    D  addSource checkPendingOfflineSync false false
2024-06-06 13:29:44.189   981-981   UfReader                com.allride.buses                    D  positiveBeep
2024-06-06 13:29:44.190   981-981   UfReader                com.allride.buses                    D  positiveBeep: status 80 -> UFR_COMMUNICATION_BREAK
2024-06-06 13:29:44.349   981-31241 ActiveDepa...eViewModel com.allride.buses                    D  SocketClient - current : {"color":"2E7D32","capacity":3}
2024-06-06 13:29:44.349   981-31241 DepartureProvider       com.allride.buses                    D  setCapacity 3
2024-06-06 13:29:45.115   981-981   InputEventReceiver      com.allride.buses                    W  Attempted to finish an input event but the input event receiver has already been disposed.
2024-06-06 13:29:45.115   981-981   CapturePas...erActivity com.allride.buses                    D  hideDialogValidation
2024-06-06 13:29:45.115   981-981   CapturePas...erActivity com.allride.buses                    D  onResumeCamera
2024-06-06 13:29:45.115   981-981   ViewReaderQR            com.allride.buses                    D  onResumeCamera
2024-06-06 13:29:45.115   981-981   ViewReaderQR            com.allride.buses                    D  startQRAnalysis
2024-06-06 13:29:45.116   981-981   UfReader                com.allride.buses                    D  openReader
2024-06-06 13:29:45.117   981-4485  Camera2CameraImpl       com.allride.buses                    D  {Camera@bbb9b2a[id=0]} Use case androidx.camera.core.ImageAnalysis-f8fc32ee-2327-4682-9398-afab111f6113148588097 ACTIVE
2024-06-06 13:29:45.117   981-981   UfReader                com.allride.buses                    D  openReader: status 84 -> UFR_READER_OPENING_ERROR
2024-06-06 13:29:45.121   981-4485  UseCaseAttachState      com.allride.buses                    D  Active and attached use case: [androidx.camera.core.ImageCapture-7135f659-eaa9-49e3-a0f2-00e8cac596cc124848424, androidx.camera.core.Preview-989b1fa6-f135-4a1c-93a8-11126d498c9c224394059, androidx.camera.core.ImageAnalysis-f8fc32ee-2327-4682-9398-afab111f6113148588097] for camera: 0
2024-06-06 13:29:45.133   981-4485  CaptureSession          com.allride.buses                    D  Attempting to submit CaptureRequest after setting
2024-06-06 13:29:45.133   981-4485  CaptureSession          com.allride.buses                    D  Issuing request for session.
2024-06-06 13:29:45.133   981-4485  Camera2Cap...estBuilder com.allride.buses                    D  createCaptureRequest
2024-06-06 13:29:45.333   981-1017  m.allride.buse          com.allride.buses                    I  NativeAlloc concurrent copying GC freed 551619(23MB) AllocSpace objects, 113(9592KB) LOS objects, 35% free, 43MB/67MB, paused 186us,60us total 195.071ms
2024-06-06 13:29:45.488   981-981   InputEventReceiver      com.allride.buses                    W  Attempted to finish an input event but the input event receiver has already been disposed.
2024-06-06 13:29:45.488   981-981   CapturePas...erActivity com.allride.buses                    D  hideDialogValidation
2024-06-06 13:29:45.488   981-981   CapturePas...erActivity com.allride.buses                    D  onResumeCamera
2024-06-06 13:29:45.488   981-981   ViewReaderQR            com.allride.buses                    D  onResumeCamera
2024-06-06 13:29:45.488   981-981   ViewReaderQR            com.allride.buses                    D  startQRAnalysis
2024-06-06 13:29:45.488   981-981   UfReader                com.allride.buses                    D  openReader
2024-06-06 13:29:45.489   981-981   UfReader                com.allride.buses                    D  openReader: status 84 -> UFR_READER_OPENING_ERROR
2024-06-06 13:29:45.981   981-981   ViewReaderQR            com.allride.buses                    D  barcodeScanner: 8804d83128a5f52c8cf9572adce8b5d0c15c2ed9f9152e3fb0c7d43f6091e51337f859645ac1885965881522824fc4248bca48a9212afc1bbd0fefc670b563dc653ff52433d83952fafcf397
2024-06-06 13:29:45.981   981-981   ViewReaderQR            com.allride.buses                    D  onPauseCamera
2024-06-06 13:29:45.982   981-4478  Camera2CameraImpl       com.allride.buses                    D  {Camera@bbb9b2a[id=0]} Use case androidx.camera.core.ImageAnalysis-f8fc32ee-2327-4682-9398-afab111f6113148588097 INACTIVE
2024-06-06 13:29:45.983   981-4478  UseCaseAttachState      com.allride.buses                    D  Active and attached use case: [androidx.camera.core.ImageCapture-7135f659-eaa9-49e3-a0f2-00e8cac596cc124848424, androidx.camera.core.Preview-989b1fa6-f135-4a1c-93a8-11126d498c9c224394059] for camera: 0
2024-06-06 13:29:45.987   981-4478  CaptureSession          com.allride.buses                    D  Attempting to submit CaptureRequest after setting
2024-06-06 13:29:45.987   981-4478  CaptureSession          com.allride.buses                    D  Issuing request for session.
2024-06-06 13:29:45.987   981-4478  Camera2Cap...estBuilder com.allride.buses                    D  createCaptureRequest
2024-06-06 13:29:49.509   981-981   CameraController        com.allride.buses                    D  Tap to focus started: 808.25165, 1153.4077
2024-06-06 13:29:49.510   981-981   ViewReaderQR            com.allride.buses                    D  onReFocusCamera
2024-06-06 13:29:49.510   981-981   ViewReaderQR            com.allride.buses                    D  onResumeCamera
2024-06-06 13:29:49.510   981-981   ViewReaderQR            com.allride.buses                    D  startQRAnalysis
2024-06-06 13:29:49.512   981-4485  UseCaseAttachState      com.allride.buses                    D  Active and attached use case: [androidx.camera.core.ImageCapture-7135f659-eaa9-49e3-a0f2-00e8cac596cc124848424, androidx.camera.core.Preview-989b1fa6-f135-4a1c-93a8-11126d498c9c224394059] for camera: 0
2024-06-06 13:29:49.515   981-4485  CaptureSession          com.allride.buses                    D  Attempting to submit CaptureRequest after setting
2024-06-06 13:29:49.515   981-4485  CaptureSession          com.allride.buses                    D  Issuing request for session.
2024-06-06 13:29:49.515   981-4485  Camera2Cap...estBuilder com.allride.buses                    D  createCaptureRequest
2024-06-06 13:29:49.524   981-4485  Camera2CameraImpl       com.allride.buses                    D  {Camera@bbb9b2a[id=0]} Issue capture request
2024-06-06 13:29:49.525   981-4485  CaptureSession          com.allride.buses                    D  Issuing capture request.
2024-06-06 13:29:49.527   981-4485  Camera2Cap...estBuilder com.allride.buses                    D  createCaptureRequest
2024-06-06 13:29:49.531   981-4485  Camera2CameraImpl       com.allride.buses                    D  {Camera@bbb9b2a[id=0]} Use case androidx.camera.core.ImageAnalysis-f8fc32ee-2327-4682-9398-afab111f6113148588097 ACTIVE
2024-06-06 13:29:49.532   981-4485  UseCaseAttachState      com.allride.buses                    D  Active and attached use case: [androidx.camera.core.ImageCapture-7135f659-eaa9-49e3-a0f2-00e8cac596cc124848424, androidx.camera.core.Preview-989b1fa6-f135-4a1c-93a8-11126d498c9c224394059, androidx.camera.core.ImageAnalysis-f8fc32ee-2327-4682-9398-afab111f6113148588097] for camera: 0
2024-06-06 13:29:49.536   981-4485  CaptureSession          com.allride.buses                    D  Attempting to submit CaptureRequest after setting
2024-06-06 13:29:49.536   981-4485  CaptureSession          com.allride.buses                    D  Issuing request for session.
2024-06-06 13:29:49.536   981-4485  Camera2Cap...estBuilder com.allride.buses                    D  createCaptureRequest
2024-06-06 13:29:49.732   981-981   CameraController        com.allride.buses                    D  Tap to focus started: 793.2655, 1181.396
2024-06-06 13:29:49.732   981-981   ViewReaderQR            com.allride.buses                    D  onReFocusCamera
2024-06-06 13:29:49.732   981-981   ViewReaderQR            com.allride.buses                    D  onResumeCamera
2024-06-06 13:29:49.732   981-981   ViewReaderQR            com.allride.buses                    D  startQRAnalysis
2024-06-06 13:29:49.733   981-4478  CameraController        com.allride.buses                    D  Tap-to-focus is canceled by new action.
2024-06-06 13:29:49.734   981-4478  UseCaseAttachState      com.allride.buses                    D  Active and attached use case: [androidx.camera.core.ImageCapture-7135f659-eaa9-49e3-a0f2-00e8cac596cc124848424, androidx.camera.core.Preview-989b1fa6-f135-4a1c-93a8-11126d498c9c224394059, androidx.camera.core.ImageAnalysis-f8fc32ee-2327-4682-9398-afab111f6113148588097] for camera: 0
2024-06-06 13:29:49.745   981-4478  CaptureSession          com.allride.buses                    D  Attempting to submit CaptureRequest after setting
2024-06-06 13:29:49.745   981-4478  CaptureSession          com.allride.buses                    D  Issuing request for session.
2024-06-06 13:29:49.745   981-4478  Camera2Cap...estBuilder com.allride.buses                    D  createCaptureRequest
2024-06-06 13:29:49.748   981-4478  Camera2CameraImpl       com.allride.buses                    D  {Camera@bbb9b2a[id=0]} Issue capture request
2024-06-06 13:29:49.749   981-4478  CaptureSession          com.allride.buses                    D  Issuing capture request.
2024-06-06 13:29:49.750   981-4478  Camera2Cap...estBuilder com.allride.buses                    D  createCaptureRequest
2024-06-06 13:29:49.909   981-981   ViewReaderQR            com.allride.buses                    D  barcodeScanner: 8804d83128a5f52c8cf9572adce8b5d0c15c2ed9f9152e3fb0c7d43f6091e51337f859645ac1885965881522824fc4248bca48a9212afc1bbd0fefc670b563dc653ff52433d83952fafcf397
2024-06-06 13:29:49.909   981-981   ViewReaderQR            com.allride.buses                    D  onPauseCamera
2024-06-06 13:29:49.910   981-981   ActiveDepa...eViewModel com.allride.buses                    D  onlineValidationQR: 8804d83128a5f52c8cf9572adce8b5d0c15c2ed9f9152e3fb0c7d43f6091e51337f859645ac1885965881522824fc4248bca48a9212afc1bbd0fefc670b563dc653ff52433d83952fafcf397
2024-06-06 13:29:49.910   981-4485  Camera2CameraImpl       com.allride.buses                    D  {Camera@bbb9b2a[id=0]} Use case androidx.camera.core.ImageAnalysis-f8fc32ee-2327-4682-9398-afab111f6113148588097 INACTIVE
2024-06-06 13:29:49.911   981-4485  UseCaseAttachState      com.allride.buses                    D  Active and attached use case: [androidx.camera.core.ImageCapture-7135f659-eaa9-49e3-a0f2-00e8cac596cc124848424, androidx.camera.core.Preview-989b1fa6-f135-4a1c-93a8-11126d498c9c224394059] for camera: 0
2024-06-06 13:29:49.912   981-981   ActiveDepa...eViewModel com.allride.buses                    D  Pre validatePassenger {"communityId":"653fd68233d83952fafcd4be","timezone":"America/Santiago","validationInternalId":"3d91f208-500d-46d6-b3b7-b0a594b9e1b7","validationLat":-34.394112,"validationLon":-70.7813098,"validationString":"8804d83128a5f52c8cf9572adce8b5d0c15c2ed9f9152e3fb0c7d43f6091e51337f859645ac1885965881522824fc4248bca48a9212afc1bbd0fefc670b563dc653ff52433d83952fafcf397"}
2024-06-06 13:29:49.926   981-4485  CaptureSession          com.allride.buses                    D  Attempting to submit CaptureRequest after setting
2024-06-06 13:29:49.927   981-4485  CaptureSession          com.allride.buses                    D  Issuing request for session.
2024-06-06 13:29:49.927   981-4485  Camera2Cap...estBuilder com.allride.buses                    D  createCaptureRequest
2024-06-06 13:29:50.253   981-31266 AllRideDepartureService com.allride.buses                    I  getAccessToken 9f42e9e86984b85f2c3f6d0d3f4167be3311016ed4cd10f79e28a539350175f07ff7fa221a22158e0bbae1d194386357fc0a59ee7379d29cca95d6235382f99a
2024-06-06 13:29:50.270   981-4478  CameraController        com.allride.buses                    D  Tap to focus onSuccess: true
2024-06-06 13:29:50.767   981-31266 AllRideDepartureService com.allride.buses                    I  Response Code > 200
2024-06-06 13:29:50.767   981-31266 AllRideDepartureService com.allride.buses                    I  URL > Request{method=POST, url=https://stage.allrideapp.com/api/v2/pb/driver/departures/validate, tags={class retrofit2.Invocation=com.allride.buses.api.AllRideAPI.validatePassenger() [com.allride.buses.api.AllRideAPI$ValidatePassengerData@173d966]}}
2024-06-06 13:29:50.791   981-981   ActiveDepa...eViewModel com.allride.buses                    D  Success validatePassenger {"assignedSeat":"","communityId":"653fd601f90509541a748683","createdAt":"Jun 6, 2024 1:29:50 PM","departureId":"6661f1e864b9a1f5a2e3033b","_id":"6661f20e82cf88ed3fd66b5b","isDNI":false,"lat":-34.39411,"latitude":-34.39411,"loc":{"float1":-70.78131,"float2":-34.39411},"lon":-70.78131,"longitude":-70.78131,"qrCode":"","reason":["timestamp"],"remainingTickets":0,"routeId":"65e8827b110e5655e1583a45","synced":true,"token":"","userId":"653ff52433d83952fafcf397","validated":true}
2024-06-06 13:29:50.807   981-981   ActiveDepa...eViewModel com.allride.buses                    D  Observer legType service
2024-06-06 13:29:50.807   981-981   ActiveDepa...eViewModel com.allride.buses                    D  addSource offlineMessage currentDeparture
2024-06-06 13:29:50.807   981-981   ActiveDepa...eViewModel com.allride.buses                    D  addSource checkPendingOfflineSync false false
2024-06-06 13:29:50.808   981-981   ActiveDepa...eViewModel com.allride.buses                    D  Observer legType service
2024-06-06 13:29:50.808   981-981   ActiveDepa...eViewModel com.allride.buses                    D  addSource offlineMessage currentDeparture
2024-06-06 13:29:50.808   981-981   ActiveDepa...eViewModel com.allride.buses                    D  addSource checkPendingOfflineSync false false
2024-06-06 13:29:50.809   981-981   ActiveDepa...eViewModel com.allride.buses                    D  Observer legType service
2024-06-06 13:29:50.809   981-981   ActiveDepa...eViewModel com.allride.buses                    D  addSource offlineMessage currentDeparture
2024-06-06 13:29:50.809   981-981   ActiveDepa...eViewModel com.allride.buses                    D  addSource checkPendingOfflineSync false false
2024-06-06 13:29:50.811   981-981   UfReader                com.allride.buses                    D  positiveBeep
2024-06-06 13:29:50.811   981-981   UfReader                com.allride.buses                    D  positiveBeep: status 80 -> UFR_COMMUNICATION_BREAK
2024-06-06 13:29:50.974   981-31278 ActiveDepa...eViewModel com.allride.buses                    D  SocketClient - current : {"color":"2E7D32","capacity":3}
2024-06-06 13:29:50.975   981-31278 DepartureProvider       com.allride.buses                    D  setCapacity 3
2024-06-06 13:29:51.199   981-4612  OpenGLRenderer          com.allride.buses                    I  Davey! duration=9223365586045ms; Flags=0, FrameTimelineVsyncId=348341, IntendedVsync=6450809508096, Vsync=6450826174762, InputEventId=0, HandleInputStart=6450828913007, AnimationStart=6450828918111, PerformTraversalsStart=6450830699257, DrawStart=6450838560090, FrameDeadline=6450826174762, FrameInterval=6450828890299, FrameStartTime=16666666, SyncQueued=6450840386132, SyncStart=6450840513476, IssueDrawCommandsStart=6450840606392, SwapBuffers=6450841642434, FrameCompleted=9223372036854775807, DequeueBufferDuration=14896, QueueBufferDuration=2209895, GpuCompleted=9223372036854775807, SwapBuffersCompleted=6450844190507, DisplayPresentTime=50631266754650994, 
2024-06-06 13:29:51.513   981-4762  OpenGLRenderer          com.allride.buses                    I  Davey! duration=9223365585711ms; Flags=2, FrameTimelineVsyncId=348401, IntendedVsync=6451143617083, Vsync=6451143617083, InputEventId=0, HandleInputStart=6451143617083, AnimationStart=6451143617083, PerformTraversalsStart=6451143617083, DrawStart=6451143617083, FrameDeadline=6451176950415, FrameInterval=0, FrameStartTime=16666666, SyncQueued=6451157859153, SyncStart=6451157859934, IssueDrawCommandsStart=6451157928163, SwapBuffers=6451158592434, FrameCompleted=9223372036854775807, DequeueBufferDuration=16354, QueueBufferDuration=649062, GpuCompleted=9223372036854775807, SwapBuffersCompleted=6451159489309, DisplayPresentTime=1135275203114494289, 
2024-06-06 13:29:51.547   981-1024  OpenGLRenderer          com.allride.buses                    I  Davey! duration=9223365585677ms; Flags=2, FrameTimelineVsyncId=348405, IntendedVsync=6451177024336, Vsync=6451177024336, InputEventId=0, HandleInputStart=6451177024336, AnimationStart=6451177024336, PerformTraversalsStart=6451177024336, DrawStart=6451177024336, FrameDeadline=6451210357668, FrameInterval=0, FrameStartTime=16666666, SyncQueued=6451190733684, SyncStart=6451190734413, IssueDrawCommandsStart=6451190802278, SwapBuffers=6451191670663, FrameCompleted=9223372036854775807, DequeueBufferDuration=16041, QueueBufferDuration=625729, GpuCompleted=9223372036854775807, SwapBuffersCompleted=6451192691340, DisplayPresentTime=560084274631975513, 
2024-06-06 13:29:51.798   981-981   InputEventReceiver      com.allride.buses                    W  Attempted to finish an input event but the input event receiver has already been disposed.
2024-06-06 13:29:51.798   981-981   CapturePas...erActivity com.allride.buses                    D  hideDialogValidation
2024-06-06 13:29:51.798   981-981   CapturePas...erActivity com.allride.buses                    D  onResumeCamera
2024-06-06 13:29:51.798   981-981   ViewReaderQR            com.allride.buses                    D  onResumeCamera
2024-06-06 13:29:51.799   981-981   ViewReaderQR            com.allride.buses                    D  startQRAnalysis
2024-06-06 13:29:51.799   981-981   UfReader                com.allride.buses                    D  openReader
2024-06-06 13:29:51.800   981-981   UfReader                com.allride.buses                    D  openReader: status 84 -> UFR_READER_OPENING_ERROR
2024-06-06 13:29:51.800   981-4478  Camera2CameraImpl       com.allride.buses                    D  {Camera@bbb9b2a[id=0]} Use case androidx.camera.core.ImageAnalysis-f8fc32ee-2327-4682-9398-afab111f6113148588097 ACTIVE
2024-06-06 13:29:51.804   981-4478  UseCaseAttachState      com.allride.buses                    D  Active and attached use case: [androidx.camera.core.ImageCapture-7135f659-eaa9-49e3-a0f2-00e8cac596cc124848424, androidx.camera.core.Preview-989b1fa6-f135-4a1c-93a8-11126d498c9c224394059, androidx.camera.core.ImageAnalysis-f8fc32ee-2327-4682-9398-afab111f6113148588097] for camera: 0
2024-06-06 13:29:51.815   981-4478  CaptureSession          com.allride.buses                    D  Attempting to submit CaptureRequest after setting
2024-06-06 13:29:51.816   981-4478  CaptureSession          com.allride.buses                    D  Issuing request for session.
2024-06-06 13:29:51.816   981-4478  Camera2Cap...estBuilder com.allride.buses                    D  createCaptureRequest
2024-06-06 13:29:51.973   981-981   InputEventReceiver      com.allride.buses                    W  Attempted to finish an input event but the input event receiver has already been disposed.
2024-06-06 13:29:51.974   981-981   CapturePas...erActivity com.allride.buses                    D  hideDialogValidation
2024-06-06 13:29:51.974   981-981   CapturePas...erActivity com.allride.buses                    D  onResumeCamera
2024-06-06 13:29:51.974   981-981   ViewReaderQR            com.allride.buses                    D  onResumeCamera
2024-06-06 13:29:51.974   981-981   ViewReaderQR            com.allride.buses                    D  startQRAnalysis
2024-06-06 13:29:51.974   981-981   UfReader                com.allride.buses                    D  openReader
2024-06-06 13:29:51.976   981-981   UfReader                com.allride.buses                    D  openReader: status 84 -> UFR_READER_OPENING_ERROR
2024-06-06 13:29:52.568   981-981   ViewReaderQR            com.allride.buses                    D  barcodeScanner: 8804d83128a5f52c8cf9572adce8b5d0c15c2ed9f9152e3fb0c7d43f6091e51337f859645ac1885965881522824fc4248bca48a9212afc1bbd0fefc670b563dc653ff52433d83952fafcf397
2024-06-06 13:29:52.568   981-981   ViewReaderQR            com.allride.buses                    D  onPauseCamera
2024-06-06 13:29:52.574   981-4478  Camera2CameraImpl       com.allride.buses                    D  {Camera@bbb9b2a[id=0]} Use case androidx.camera.core.ImageAnalysis-f8fc32ee-2327-4682-9398-afab111f6113148588097 INACTIVE
2024-06-06 13:29:52.575   981-4478  UseCaseAttachState      com.allride.buses                    D  Active and attached use case: [androidx.camera.core.ImageCapture-7135f659-eaa9-49e3-a0f2-00e8cac596cc124848424, androidx.camera.core.Preview-989b1fa6-f135-4a1c-93a8-11126d498c9c224394059] for camera: 0
2024-06-06 13:29:52.586   981-4478  CaptureSession          com.allride.buses                    D  Attempting to submit CaptureRequest after setting
2024-06-06 13:29:52.586   981-4478  CaptureSession          com.allride.buses                    D  Issuing request for session.
2024-06-06 13:29:52.586   981-4478  Camera2Cap...estBuilder com.allride.buses                    D  createCaptureRequest
2024-06-06 13:29:53.552   981-981   CameraController        com.allride.buses                    D  Tap to focus started: 765.2914, 1171.4003
2024-06-06 13:29:53.553   981-981   ViewReaderQR            com.allride.buses                    D  onReFocusCamera
2024-06-06 13:29:53.553   981-981   ViewReaderQR            com.allride.buses                    D  onResumeCamera
2024-06-06 13:29:53.553   981-981   ViewReaderQR            com.allride.buses                    D  startQRAnalysis
2024-06-06 13:29:53.553   981-4478  UseCaseAttachState      com.allride.buses                    D  Active and attached use case: [androidx.camera.core.ImageCapture-7135f659-eaa9-49e3-a0f2-00e8cac596cc124848424, androidx.camera.core.Preview-989b1fa6-f135-4a1c-93a8-11126d498c9c224394059] for camera: 0
2024-06-06 13:29:53.556   981-4478  CaptureSession          com.allride.buses                    D  Attempting to submit CaptureRequest after setting
2024-06-06 13:29:53.556   981-4478  CaptureSession          com.allride.buses                    D  Issuing request for session.
2024-06-06 13:29:53.556   981-4478  Camera2Cap...estBuilder com.allride.buses                    D  createCaptureRequest
2024-06-06 13:29:53.563   981-4478  Camera2CameraImpl       com.allride.buses                    D  {Camera@bbb9b2a[id=0]} Issue capture request
2024-06-06 13:29:53.563   981-4478  CaptureSession          com.allride.buses                    D  Issuing capture request.
2024-06-06 13:29:53.565   981-4478  Camera2Cap...estBuilder com.allride.buses                    D  createCaptureRequest
2024-06-06 13:29:53.569   981-4478  Camera2CameraImpl       com.allride.buses                    D  {Camera@bbb9b2a[id=0]} Use case androidx.camera.core.ImageAnalysis-f8fc32ee-2327-4682-9398-afab111f6113148588097 ACTIVE
2024-06-06 13:29:53.571   981-4478  UseCaseAttachState      com.allride.buses                    D  Active and attached use case: [androidx.camera.core.ImageCapture-7135f659-eaa9-49e3-a0f2-00e8cac596cc124848424, androidx.camera.core.Preview-989b1fa6-f135-4a1c-93a8-11126d498c9c224394059, androidx.camera.core.ImageAnalysis-f8fc32ee-2327-4682-9398-afab111f6113148588097] for camera: 0
2024-06-06 13:29:53.579   981-4478  CaptureSession          com.allride.buses                    D  Attempting to submit CaptureRequest after setting
2024-06-06 13:29:53.579   981-4478  CaptureSession          com.allride.buses                    D  Issuing request for session.
2024-06-06 13:29:53.579   981-4478  Camera2Cap...estBuilder com.allride.buses                    D  createCaptureRequest
2024-06-06 13:29:53.717   981-981   CameraController        com.allride.buses                    D  Tap to focus started: 752.3034, 1191.3918
2024-06-06 13:29:53.717   981-981   ViewReaderQR            com.allride.buses                    D  onReFocusCamera
2024-06-06 13:29:53.717   981-981   ViewReaderQR            com.allride.buses                    D  onResumeCamera
2024-06-06 13:29:53.717   981-981   ViewReaderQR            com.allride.buses                    D  startQRAnalysis
2024-06-06 13:29:53.718   981-4485  CameraController        com.allride.buses                    D  Tap-to-focus is canceled by new action.
2024-06-06 13:29:53.719   981-4485  UseCaseAttachState      com.allride.buses                    D  Active and attached use case: [androidx.camera.core.ImageCapture-7135f659-eaa9-49e3-a0f2-00e8cac596cc124848424, androidx.camera.core.Preview-989b1fa6-f135-4a1c-93a8-11126d498c9c224394059, androidx.camera.core.ImageAnalysis-f8fc32ee-2327-4682-9398-afab111f6113148588097] for camera: 0
2024-06-06 13:29:53.723   981-4485  CaptureSession          com.allride.buses                    D  Attempting to submit CaptureRequest after setting
2024-06-06 13:29:53.723   981-4485  CaptureSession          com.allride.buses                    D  Issuing request for session.
2024-06-06 13:29:53.723   981-4485  Camera2Cap...estBuilder com.allride.buses                    D  createCaptureRequest
2024-06-06 13:29:53.727   981-4485  Camera2CameraImpl       com.allride.buses                    D  {Camera@bbb9b2a[id=0]} Issue capture request
2024-06-06 13:29:53.727   981-4485  CaptureSession          com.allride.buses                    D  Issuing capture request.
2024-06-06 13:29:53.729   981-4485  Camera2Cap...estBuilder com.allride.buses                    D  createCaptureRequest
2024-06-06 13:29:53.931   981-981   ViewReaderQR            com.allride.buses                    D  barcodeScanner: 8804d83128a5f52c8cf9572adce8b5d0c15c2ed9f9152e3fb0c7d43f6091e51337f859645ac1885965881522824fc4248bca48a9212afc1bbd0fefc670b563dc653ff52433d83952fafcf397
2024-06-06 13:29:53.931   981-981   ViewReaderQR            com.allride.buses                    D  onPauseCamera
