2024-07-09 10:19:31.213 16317-16317 nativeloader            com.allride.buses                    D  Configuring clns-7 for other apk . target_sdk_version=34, uses_libraries=ALL, library_path=/data/user_de/0/com.google.android.gms/app_chimera/m/00000148/dl-MapsCoreDynamite.integ_241610202100400.apk!/lib/arm64-v8a, permitted_path=/data:/mnt/expand
2024-07-09 10:19:31.213 16317-16317 nativeloader            com.allride.buses                    D  Extending system_exposed_libraries: libvraudio_client.qti.so:libbinauralrenderer_wrapper.qti.so:libhoaeffects.qti.so:libupdateprof.qti.so:libdiag_system.qti.so:libqape.qti.so:libqesdk_ndk_platform.qti.so:liblistenjni.qti.so:libimgTuner_jni.motoimagetuner.so:libjni_helper.motocameradesktop.so:libmcf_native_window_helper.motocamera.so
2024-07-09 10:19:31.216 16317-16317 native                  com.allride.buses                    I  I0000 00:00:1720534771.216180   16317 jni_init.cc:8] Initializing JNI...
2024-07-09 10:19:31.217 16317-16317 Google Android Maps SDK com.allride.buses                    I  Google Play services client version: 18020000
2024-07-09 10:19:31.237 16317-16317 Google Android Maps SDK com.allride.buses                    I  Google Play services package version: 242335038
2024-07-09 10:19:31.237 16317-16317 Google Android Maps SDK com.allride.buses                    I  Google Play services maps renderer version(maps_core): 241610202
2024-07-09 10:19:31.276 16317-16317 MapsInitializer         com.allride.buses                    D  loadedRenderer: LATEST
2024-07-09 10:19:31.276 16317-16317 zzcc                    com.allride.buses                    D  preferredRenderer: null
2024-07-09 10:19:31.278 16317-16317 Google Android Maps SDK com.allride.buses                    I  Google Play services package version: 242335038
2024-07-09 10:19:31.278 16317-16317 Google Android Maps SDK com.allride.buses                    I  Google Play services maps renderer version(maps_core): 241610202
2024-07-09 10:19:31.356 16317-16317 SingleShot...leProvider com.allride.buses                    D  requestSingleUpdate
2024-07-09 10:19:31.636 16317-16317 ProxyAndro...gerBackend com.allride.buses                    W  Too many Flogger logs received before configuration. Dropping old logs.
2024-07-09 10:19:31.637 16317-16317 ProxyAndro...gerBackend com.allride.buses                    W  Too many Flogger logs received before configuration. Dropping old logs.
2024-07-09 10:19:31.643 16317-16317 ProxyAndro...gerBackend com.allride.buses                    W  Too many Flogger logs received before configuration. Dropping old logs.
2024-07-09 10:19:31.643 16317-16317 ProxyAndro...gerBackend com.allride.buses                    W  Too many Flogger logs received before configuration. Dropping old logs.
2024-07-09 10:19:31.647 16317-16317 ProxyAndro...gerBackend com.allride.buses                    W  Too many Flogger logs received before configuration. Dropping old logs.
2024-07-09 10:19:31.652 16317-16317 ProxyAndro...gerBackend com.allride.buses                    W  Too many Flogger logs received before configuration. Dropping old logs.
2024-07-09 10:19:31.654 16317-16317 ProxyAndro...gerBackend com.allride.buses                    W  Too many Flogger logs received before configuration. Dropping old logs.
2024-07-09 10:19:31.669 16317-16317 ProxyAndro...gerBackend com.allride.buses                    W  Too many Flogger logs received before configuration. Dropping old logs.
2024-07-09 10:19:31.670 16317-16498 ProxyAndro...gerBackend com.allride.buses                    W  Too many Flogger logs received before configuration. Dropping old logs.
2024-07-09 10:19:31.671 16317-16317 ProxyAndro...gerBackend com.allride.buses                    W  Too many Flogger logs received before configuration. Dropping old logs.
2024-07-09 10:19:31.708 16317-16498 ProxyAndro...gerBackend com.allride.buses                    W  Too many Flogger logs received before configuration. Dropping old logs.
2024-07-09 10:19:31.751 16317-16317 SingleShot...leProvider com.allride.buses                    D  requestSingleUpdate addOnSuccessListener
2024-07-09 10:19:31.888 16317-16498 ProxyAndro...gerBackend com.allride.buses                    W  Too many Flogger logs received before configuration. Dropping old logs.
2024-07-09 10:19:31.914 16317-16494 ProxyAndro...gerBackend com.allride.buses                    W  Too many Flogger logs received before configuration. Dropping old logs.
2024-07-09 10:19:31.915 16317-16494 ProxyAndro...gerBackend com.allride.buses                    W  Too many Flogger logs received before configuration. Dropping old logs.
2024-07-09 10:19:31.915 16317-16494 ProxyAndro...gerBackend com.allride.buses                    W  Too many Flogger logs received before configuration. Dropping old logs.
2024-07-09 10:19:31.916 16317-16494 ProxyAndro...gerBackend com.allride.buses                    W  Too many Flogger logs received before configuration. Dropping old logs.
2024-07-09 10:19:31.916 16317-16494 ProxyAndro...gerBackend com.allride.buses                    W  Too many Flogger logs received before configuration. Dropping old logs.
2024-07-09 10:19:31.947 16317-16317 Utils                   com.allride.buses                    D  getCommunityFirst auth {"accessToken":"de2cabb2fbc5b4a12434123fb80e97e31fdb047df659eda54d5d912f92f937c395c8d1f6fef38b47b889bb1614edb3b55e5db93cf71bb9dfd6cd56112008204b","active":true,"canCreateRoutes":true,"code":"159753","communities":["6654ae4eba54fe502d4e4187","653fd601f90509541a748683"],"communityId":"6654ae4eba54fe502d4e4187","config":{"autoLogout":{"enabled":false,"enum":"afterDepartureEnd","timer":{"amount":0,"unit":"minutes"}}},"device":{"accessToken":"","build":"","communities":[],"communityId":"","_id":"","model":"moto g71 5G","notificationToken":"","superCommunityId":""},"email":"nicolas+conductor22@allrideapp.com","hasToChangePassword":false,"_id":"6654cec2ba54fe502d4e6a0a","name":"Conductor Comunidad 2","refreshToken":"","rtlToken":"6ae5d29224e21fff2b9fb058698ba45c88444abe67c4af0628fe19c488ab20909f365429b0c393cbc75fde75a001059de8d958d7f8b851edf8bf90734e5b4148","superCommunities":["653fd68233d83952fafcd4be"],"superCommunityId":"653fd68233d83952fafcd4be"}
2024-07-09 10:19:31.947 16317-16317 Utils                   com.allride.buses                    D  getCommunityFirst routeId 
2024-07-09 10:19:31.947 16317-16317 Utils                   com.allride.buses                    D  getCommunityFirst 4 - 6654ae4eba54fe502d4e4187 : Comunidad Automatización 2
2024-07-09 10:19:32.163 16317-16495 ProxyAndro...gerBackend com.allride.buses                    W  Too many Flogger logs received before configuration. Dropping old logs.
2024-07-09 10:19:32.163 16317-16495 ProxyAndro...gerBackend com.allride.buses                    W  Too many Flogger logs received before configuration. Dropping old logs.
2024-07-09 10:19:32.279 16317-16493 ProxyAndro...gerBackend com.allride.buses                    W  Too many Flogger logs received before configuration. Dropping old logs.
2024-07-09 10:19:32.279 16317-16493 ProxyAndro...gerBackend com.allride.buses                    W  Too many Flogger logs received before configuration. Dropping old logs.
2024-07-09 10:19:32.326 16317-16494 ProxyAndro...gerBackend com.allride.buses                    W  Too many Flogger logs received before configuration. Dropping old logs.
2024-07-09 10:19:32.326 16317-16494 ProxyAndro...gerBackend com.allride.buses                    W  Too many Flogger logs received before configuration. Dropping old logs.
2024-07-09 10:19:32.328 16317-16317 MainActivity            com.allride.buses                    D  Success unregisterReceiver setupBroadcastReceiver
2024-07-09 10:19:32.339 16317-16494 ProxyAndro...gerBackend com.allride.buses                    W  Too many Flogger logs received before configuration. Dropping old logs.
2024-07-09 10:19:32.339 16317-16494 ProxyAndro...gerBackend com.allride.buses                    W  Too many Flogger logs received before configuration. Dropping old logs.
2024-07-09 10:19:32.342 16317-16378 AllRideOAuth2Service    com.allride.buses                    I  getAccessToken de2cabb2fbc5b4a12434123fb80e97e31fdb047df659eda54d5d912f92f937c395c8d1f6fef38b47b889bb1614edb3b55e5db93cf71bb9dfd6cd56112008204b
2024-07-09 10:19:32.367 16317-16493 ProxyAndro...gerBackend com.allride.buses                    W  Too many Flogger logs received before configuration. Dropping old logs.
2024-07-09 10:19:32.367 16317-16493 ProxyAndro...gerBackend com.allride.buses                    W  Too many Flogger logs received before configuration. Dropping old logs.
2024-07-09 10:19:32.372 16317-16493 ProxyAndro...gerBackend com.allride.buses                    W  Too many Flogger logs received before configuration. Dropping old logs.
2024-07-09 10:19:32.372 16317-16493 ProxyAndro...gerBackend com.allride.buses                    W  Too many Flogger logs received before configuration. Dropping old logs.
2024-07-09 10:19:32.376 16317-16494 ProxyAndro...gerBackend com.allride.buses                    W  Too many Flogger logs received before configuration. Dropping old logs.
2024-07-09 10:19:32.376 16317-16494 ProxyAndro...gerBackend com.allride.buses                    W  Too many Flogger logs received before configuration. Dropping old logs.
2024-07-09 10:19:32.390 16317-16495 ProxyAndro...gerBackend com.allride.buses                    W  Too many Flogger logs received before configuration. Dropping old logs.
2024-07-09 10:19:32.391 16317-16495 ProxyAndro...gerBackend com.allride.buses                    W  Too many Flogger logs received before configuration. Dropping old logs.
2024-07-09 10:19:32.392 16317-16419 AllRideOAuth2Service    com.allride.buses                    I  getAccessToken de2cabb2fbc5b4a12434123fb80e97e31fdb047df659eda54d5d912f92f937c395c8d1f6fef38b47b889bb1614edb3b55e5db93cf71bb9dfd6cd56112008204b
2024-07-09 10:19:32.404 16317-16493 ProxyAndro...gerBackend com.allride.buses                    W  Too many Flogger logs received before configuration. Dropping old logs.
2024-07-09 10:19:32.404 16317-16493 ProxyAndro...gerBackend com.allride.buses                    W  Too many Flogger logs received before configuration. Dropping old logs.
2024-07-09 10:19:32.411 16317-16494 ProxyAndro...gerBackend com.allride.buses                    W  Too many Flogger logs received before configuration. Dropping old logs.
2024-07-09 10:19:32.411 16317-16494 ProxyAndro...gerBackend com.allride.buses                    W  Too many Flogger logs received before configuration. Dropping old logs.
2024-07-09 10:19:32.745 16317-16419 AllRideOAuth2Service    com.allride.buses                    I  getAccessToken de2cabb2fbc5b4a12434123fb80e97e31fdb047df659eda54d5d912f92f937c395c8d1f6fef38b47b889bb1614edb3b55e5db93cf71bb9dfd6cd56112008204b
2024-07-09 10:19:32.745 16317-16419 AllRideOAuth2Service    com.allride.buses                    I  Response Code > 200
2024-07-09 10:19:32.747 16317-16419 AllRideOAuth2Service    com.allride.buses                    I  URL > Request{method=GET, url=https://stage.allrideapp.com/api/v2/pb/driver/oddepartures/stops/668d44c2d9f4e74159f198e4, tags={class retrofit2.Invocation=com.allride.buses.api.AllRideAPI.getStopsDepartureFlexible() [668d44c2d9f4e74159f198e4]}}
2024-07-09 10:19:32.772 16317-16378 AllRideOAuth2Service    com.allride.buses                    I  getAccessToken de2cabb2fbc5b4a12434123fb80e97e31fdb047df659eda54d5d912f92f937c395c8d1f6fef38b47b889bb1614edb3b55e5db93cf71bb9dfd6cd56112008204b
2024-07-09 10:19:32.772 16317-16378 AllRideOAuth2Service    com.allride.buses                    I  Response Code > 200
2024-07-09 10:19:32.774 16317-16378 AllRideOAuth2Service    com.allride.buses                    I  URL > Request{method=GET, url=https://stage.allrideapp.com/api/v2/pb/driver/departures/668d44c2d9f4e74159f198e4, tags={class retrofit2.Invocation=com.allride.buses.api.AllRideAPI.getDetailsDepartureFlexible() [668d44c2d9f4e74159f198e4]}}
2024-07-09 10:19:32.838 16317-16317 DetailsDat...ActivityVM com.allride.buses                    D  Success getStopsDepartureFlexible: departureId 668d44c2d9f4e74159f198e4 - stops [null,{"address":"Hospital Rengo","communities":["6654ae4eba54fe502d4e4187"],"communityId":"6654ae4eba54fe502d4e4187","_id":"6654d4acba54fe502d4e6b6b","lat":-34.4111,"loc":{"float1":-70.8537,"float2":-34.4111},"lon":-70.8537,"name":"Hospital Rengo","order":0},{"address":"Media luna cerrillos","communities":["6654ae4eba54fe502d4e4187"],"communityId":"6654ae4eba54fe502d4e4187","_id":"6654d4c8713b9a5184cfe1df","lat":-34.3945,"loc":{"float1":-70.7819,"float2":-34.3945},"lon":-70.7819,"name":"Media Luna Cerrillos","order":0}]
2024-07-09 10:19:32.848 16317-16325 m.allride.buse          com.allride.buses                    I  Compiler allocated 7551KB to compile void m.eiq.V(m.enc, m.fdq, android.content.res.Resources, m.ele, m.evm, boolean, m.dld, java.util.Map, boolean, boolean)
2024-07-09 10:19:32.894 16317-16325 m.allride.buse          com.allride.buses                    I  Compiler allocated 5183KB to compile void m.ezm.e()
2024-07-09 10:19:33.279 16317-16475 DynamiteModule          com.allride.buses                    W  Local module descriptor class for com.google.android.gms.googlecertificates not found.
2024-07-09 10:19:33.285 16317-16475 DynamiteModule          com.allride.buses                    I  Considering local module com.google.android.gms.googlecertificates:0 and remote module com.google.android.gms.googlecertificates:7
2024-07-09 10:19:33.287 16317-16475 DynamiteModule          com.allride.buses                    I  Selected remote version of com.google.android.gms.googlecertificates, version >= 7
2024-07-09 10:19:33.293 16317-16475 m.allride.buse          com.allride.buses                    W  ClassLoaderContext classpath size mismatch. expected=12, found=6 (DLC[];PCL[base.apk*61578492:base.apk!classes2.dex*754617187:base.apk!classes3.dex*2136026185:base.apk!classes4.dex*536683883:base.apk!classes5.dex*2428116329:base.apk!classes6.dex*3311553477:base.apk!classes7.dex*546458987:base.apk!classes8.dex*1064795178:base.apk!classes9.dex*3205764977:base.apk!classes10.dex*2622192443:base.apk!classes11.dex*1514544215:base.apk!classes12.dex*2342603168]{PCL[/system/framework/org.apache.http.legacy.jar*2058259660]#PCL[/apex/com.android.extservices/javalib/android.ext.adservices.jar*2934814306]#PCL[/system/framework/com.android.media.remotedisplay.jar*3472798122]#PCL[/system/framework/com.android.location.provider.jar*3633238673]#PCL[/system/framework/org.apache.http.legacy.jar*2058259660]#PCL[/apex/com.android.extservices/javalib/android.ext.adservices.jar*2934814306]} | DLC[];PCL[/data/app/~~0qvbvwFL0iMdKjOllYUPOw==/com.allride.buses-wuTvxW24-omR0zyQ8SmPTA==/base.apk*2675345124:/data/app/~~0qvbvwFL0iMdKjOllYUPOw==/com.allride.buses-wuTvxW24-omR0zyQ8SmPTA==/base.apk!classes2.dex*753591263:/data/app/~~0qvbvwFL0iMdKjOllYUPOw==/com.allride.buses-wuTvxW24-omR0zyQ8SmPTA==/base.apk!classes3.dex*3875484248:/data/app/~~0qvbvwFL0iMdKjOllYUPOw==/com.allride.buses-wuTvxW24-omR0zyQ8SmPTA==/base.apk!classes4.dex*995451820:/data/app/~~0qvbvwFL0iMdKjOllYUPOw==/com.allride.buses-wuTvxW24-omR0zyQ8SmPTA==/base.apk!classes5.dex*1137825215:/data/app/~~0qvbvwFL0iMdKjOllYUPOw==/com.allride.buses-wuTvxW24-omR0zyQ8SmPTA==/base.apk!classes6.dex*1070273205]{PCL[/system/framework/org.apache.http.legacy.jar*2058259660]})
2024-07-09 10:19:33.604 16317-16326 m.allride.buse          com.allride.buses                    W  Cleared Reference was only reachable from finalizer (only reported once)
2024-07-09 10:19:34.131 16317-16317 AndroidRuntime          com.allride.buses                    E  FATAL EXCEPTION: main
                                                                                                    Process: com.allride.buses, PID: 16317
                                                                                                    java.lang.NullPointerException: Attempt to invoke virtual method 'java.lang.String com.allride.buses.data.models.PBStop.getId()' on a null object reference
                                                                                                    	at com.allride.buses.ui.viewmodel.activities.DetailsDeparturesFlexibleActivityViewModel.getShowStops(DetailsDeparturesFlexibleActivityViewModel.kt:654)
                                                                                                    	at com.allride.buses.ui.viewmodel.activities.DetailsDeparturesFlexibleActivityViewModel.access$getShowStops(DetailsDeparturesFlexibleActivityViewModel.kt:39)
                                                                                                    	at com.allride.buses.ui.viewmodel.activities.DetailsDeparturesFlexibleActivityViewModel$getWayPoints$4.invokeSuspend(DetailsDeparturesFlexibleActivityViewModel.kt:603)
                                                                                                    	at kotlin.coroutines.jvm.internal.BaseContinuationImpl.resumeWith(ContinuationImpl.kt:33)
                                                                                                    	at kotlinx.coroutines.DispatchedTask.run(DispatchedTask.kt:106)
                                                                                                    	at android.os.Handler.handleCallback(Handler.java:978)
                                                                                                    	at android.os.Handler.dispatchMessage(Handler.java:104)
                                                                                                    	at android.os.Looper.loopOnce(Looper.java:238)
                                                                                                    	at android.os.Looper.loop(Looper.java:357)
                                                                                                    	at android.app.ActivityThread.main(ActivityThread.java:8090)
                                                                                                    	at java.lang.reflect.Method.invoke(Native Method)
                                                                                                    	at com.android.internal.os.RuntimeInit$MethodAndArgsCaller.run(RuntimeInit.java:548)
                                                                                                    	at com.android.internal.os.ZygoteInit.main(ZygoteInit.java:1026)
                                                                                                    	Suppressed: kotlinx.coroutines.DiagnosticCoroutineContextException: [StandaloneCoroutine{Cancelling}@94a65e0, Dispatchers.Main.immediate]
2024-07-09 10:19:34.161 16317-16317 Process                 com.allride.buses                    I  Sending signal. PID: 16317 SIG: 9
2024-07-09 10:19:34.358 16524-16524 Compatibil...geReporter com.allride.buses                    D  Compat change id reported: 171979766; UID 10604; state: ENABLED
2024-07-09 10:19:34.369 16524-16524 nativeloader            com.allride.buses                    D  Configuring clns-4 for other apk /system/framework/org.apache.http.legacy.jar. target_sdk_version=34, uses_libraries=ALL, library_path=/data/app/~~0qvbvwFL0iMdKjOllYUPOw==/com.allride.buses-wuTvxW24-omR0zyQ8SmPTA==/lib/arm64:/data/app/~~0qvbvwFL0iMdKjOllYUPOw==/com.allride.buses-wuTvxW24-omR0zyQ8SmPTA==/base.apk!/lib/arm64-v8a, permitted_path=/data:/mnt/expand:/data/user/0/com.allride.buses
2024-07-09 10:19:34.369 16524-16524 nativeloader            com.allride.buses                    D  Extending system_exposed_libraries: libvraudio_client.qti.so:libbinauralrenderer_wrapper.qti.so:libhoaeffects.qti.so:libupdateprof.qti.so:libdiag_system.qti.so:libqape.qti.so:libqesdk_ndk_platform.qti.so:liblistenjni.qti.so:libimgTuner_jni.motoimagetuner.so:libjni_helper.motocameradesktop.so:libmcf_native_window_helper.motocamera.so
2024-07-09 10:19:34.371 16524-16524 ziparchive              com.allride.buses                    W  Unable to open '/data/app/~~0qvbvwFL0iMdKjOllYUPOw==/com.allride.buses-wuTvxW24-omR0zyQ8SmPTA==/base.dm': No such file or directory
2024-07-09 10:19:34.371 16524-16524 ziparchive              com.allride.buses                    W  Unable to open '/data/app/~~0qvbvwFL0iMdKjOllYUPOw==/com.allride.buses-wuTvxW24-omR0zyQ8SmPTA==/base.dm': No such file or directory
2024-07-09 10:19:34.733 16524-16524 nativeloader            com.allride.buses                    D  Configuring clns-5 for other apk /data/app/~~0qvbvwFL0iMdKjOllYUPOw==/com.allride.buses-wuTvxW24-omR0zyQ8SmPTA==/base.apk. target_sdk_version=34, uses_libraries=, library_path=/data/app/~~0qvbvwFL0iMdKjOllYUPOw==/com.allride.buses-wuTvxW24-omR0zyQ8SmPTA==/lib/arm64:/data/app/~~0qvbvwFL0iMdKjOllYUPOw==/com.allride.buses-wuTvxW24-omR0zyQ8SmPTA==/base.apk!/lib/arm64-v8a, permitted_path=/data:/mnt/expand:/data/user/0/com.allride.buses
2024-07-09 10:19:34.749 16524-16524 GraphicsEnvironment     com.allride.buses                    V  ANGLE Developer option for 'com.allride.buses' set to: 'default'
2024-07-09 10:19:34.750 16524-16524 GraphicsEnvironment     com.allride.buses                    V  ANGLE GameManagerService for com.allride.buses: false
2024-07-09 10:19:34.750 16524-16524 GraphicsEnvironment     com.allride.buses                    V  Neither updatable production driver nor prerelease driver is supported.
2024-07-09 10:19:34.752 16524-16524 NetworkSecurityConfig   com.allride.buses                    D  Using Network Security Config from resource network_security_config debugBuild: true
2024-07-09 10:19:34.755 16524-16524 NetworkSecurityConfig   com.allride.buses                    D  Using Network Security Config from resource network_security_config debugBuild: true
2024-07-09 10:19:34.791 16524-16524 FirebaseApp             com.allride.buses                    I  Device unlocked: initializing all Firebase APIs for app [DEFAULT]
2024-07-09 10:19:34.820 16524-16553 DynamiteModule          com.allride.buses                    I  Considering local module com.google.android.gms.measurement.dynamite:92 and remote module com.google.android.gms.measurement.dynamite:115
2024-07-09 10:19:34.820 16524-16553 DynamiteModule          com.allride.buses                    I  Selected remote version of com.google.android.gms.measurement.dynamite, version >= 115
2024-07-09 10:19:34.820 16524-16553 DynamiteModule          com.allride.buses                    V  Dynamite loader version >= 2, using loadModule2NoCrashUtils
2024-07-09 10:19:34.835 16524-16553 System                  com.allride.buses                    W  ClassLoader referenced unknown path: 
2024-07-09 10:19:34.837 16524-16553 nativeloader            com.allride.buses                    D  Configuring clns-6 for other apk . target_sdk_version=34, uses_libraries=, library_path=/data/app/~~Qy9ppx23TxXDF4V6qgC6nw==/com.google.android.gms-LtNRzaS76DzBnf14lbsOVw==/lib/arm64:/data/app/~~Qy9ppx23TxXDF4V6qgC6nw==/com.google.android.gms-LtNRzaS76DzBnf14lbsOVw==/base.apk!/lib/arm64-v8a, permitted_path=/data:/mnt/expand:/data/user/0/com.google.android.gms
2024-07-09 10:19:34.847 16524-16553 m.allride.buse          com.allride.buses                    W  ClassLoaderContext classpath size mismatch. expected=12, found=6 (DLC[];PCL[base.apk*61578492:base.apk!classes2.dex*754617187:base.apk!classes3.dex*2136026185:base.apk!classes4.dex*536683883:base.apk!classes5.dex*2428116329:base.apk!classes6.dex*3311553477:base.apk!classes7.dex*546458987:base.apk!classes8.dex*1064795178:base.apk!classes9.dex*3205764977:base.apk!classes10.dex*2622192443:base.apk!classes11.dex*1514544215:base.apk!classes12.dex*2342603168]{PCL[/system/framework/org.apache.http.legacy.jar*2058259660]#PCL[/apex/com.android.extservices/javalib/android.ext.adservices.jar*2934814306]#PCL[/system/framework/com.android.media.remotedisplay.jar*3472798122]#PCL[/system/framework/com.android.location.provider.jar*3633238673]#PCL[/system/framework/org.apache.http.legacy.jar*2058259660]#PCL[/apex/com.android.extservices/javalib/android.ext.adservices.jar*2934814306]} | DLC[];PCL[/data/app/~~0qvbvwFL0iMdKjOllYUPOw==/com.allride.buses-wuTvxW24-omR0zyQ8SmPTA==/base.apk*2675345124:/data/app/~~0qvbvwFL0iMdKjOllYUPOw==/com.allride.buses-wuTvxW24-omR0zyQ8SmPTA==/base.apk!classes2.dex*753591263:/data/app/~~0qvbvwFL0iMdKjOllYUPOw==/com.allride.buses-wuTvxW24-omR0zyQ8SmPTA==/base.apk!classes3.dex*3875484248:/data/app/~~0qvbvwFL0iMdKjOllYUPOw==/com.allride.buses-wuTvxW24-omR0zyQ8SmPTA==/base.apk!classes4.dex*995451820:/data/app/~~0qvbvwFL0iMdKjOllYUPOw==/com.allride.buses-wuTvxW24-omR0zyQ8SmPTA==/base.apk!classes5.dex*1137825215:/data/app/~~0qvbvwFL0iMdKjOllYUPOw==/com.allride.buses-wuTvxW24-omR0zyQ8SmPTA==/base.apk!classes6.dex*1070273205]{PCL[/system/framework/org.apache.http.legacy.jar*2058259660]})
2024-07-09 10:19:34.899 16524-16563 m.allride.buse          com.allride.buses                    E  No package ID 79 found for ID 0x790b0007.
2024-07-09 10:19:34.899 16524-16563 m.allride.buse          com.allride.buses                    E  No package ID 79 found for ID 0x790b0007.
2024-07-09 10:19:34.900 16524-16563 FA                      com.allride.buses                    I  App measurement initialized, version: 95014
2024-07-09 10:19:34.900 16524-16563 FA                      com.allride.buses                    I  To enable debug logging run: adb shell setprop log.tag.FA VERBOSE
2024-07-09 10:19:34.900 16524-16563 FA                      com.allride.buses                    I  To enable faster debug mode event logging run:
                                                                                                      adb shell setprop debug.firebase.analytics.app com.allride.buses
2024-07-09 10:19:34.944 16524-16524 FirebaseCrashlytics     com.allride.buses                    I  Initializing Firebase Crashlytics 18.4.1 for com.allride.buses
2024-07-09 10:19:34.954 16524-16524 FirebaseSessions        com.allride.buses                    D  Registering Sessions SDK subscriber with name: CRASHLYTICS, data collection enabled: true
2024-07-09 10:19:34.955 16524-16569 FirebaseSessions        com.allride.buses                    D  Data Collection is enabled for at least one Subscriber
2024-07-09 10:19:34.955 16524-16569 FirebaseSessions        com.allride.buses                    D  Sessions SDK disabled. Events will not be sent.
2024-07-09 10:19:34.989 16524-16524 FirebaseInitProvider    com.allride.buses                    I  FirebaseApp initialization successful
2024-07-09 10:19:35.003 16524-16524 WM-WrkMgrInitializer    com.allride.buses                    D  Initializing WorkManager with default configuration.
2024-07-09 10:19:35.024 16524-16524 AllRideBusesApplication com.allride.buses                    I  showInfoApp: MODEL moto g71 5G - BRAND motorola - MANUFACTURER motorola - VERSION_CODE 109
2024-07-09 10:19:35.026 16524-16570 FirebaseCrashlytics     com.allride.buses                    I  No version control information found
2024-07-09 10:19:35.048 16524-16577 Compatibil...geReporter com.allride.buses                    D  Compat change id reported: 160794467; UID 10604; state: ENABLED
2024-07-09 10:19:35.183 16524-16524 AllRideBusesApplication com.allride.buses                    D  Success initializeRealm
2024-07-09 10:19:35.219 16524-16524 Utils                   com.allride.buses                    D  Success adjustLocale CL - es
2024-07-09 10:19:35.659 16524-16524 Compatibil...geReporter com.allride.buses                    D  Compat change id reported: 171228096; UID 10604; state: ENABLED
2024-07-09 10:19:35.752 16524-16524 m.allride.buse          com.allride.buses                    W  Accessing hidden method Landroid/view/View;->computeFitSystemWindows(Landroid/graphics/Rect;Landroid/graphics/Rect;)Z (unsupported, reflection, allowed)
2024-07-09 10:19:35.752 16524-16524 m.allride.buse          com.allride.buses                    W  Accessing hidden method Landroid/view/ViewGroup;->makeOptionalFitsSystemWindows()V (unsupported, reflection, allowed)
2024-07-09 10:19:35.792 16524-16524 MainActivityViewModel   com.allride.buses                    D  FirebaseMessaging getInstance
2024-07-09 10:19:35.798 16524-16524 SingleShot...leProvider com.allride.buses                    D  requestSingleUpdate
2024-07-09 10:19:35.914 16524-16524 FlexibleFragment        com.allride.buses                    D  setupTabLayout
2024-07-09 10:19:36.290 16524-16524 FlexibleFragment        com.allride.buses                    D  setupTabLayout
2024-07-09 10:19:36.295 16524-16524 Glide                   com.allride.buses                    W  Failed to find GeneratedAppGlideModule. You should include an annotationProcessor compile dependency on com.github.bumptech.glide:compiler in your application and a @GlideModule annotated AppGlideModule implementation or LibraryGlideModules will be silently ignored
2024-07-09 10:19:36.322 16524-16524 FlexibleFragment        com.allride.buses                    D  departuresPending null
2024-07-09 10:19:36.327 16524-16524 FlexibleFragment        com.allride.buses                    D  departuresPending null
2024-07-09 10:19:36.329 16524-16524 MainActivity            com.allride.buses                    D  setupBroadcastReceiver
2024-07-09 10:19:36.332 16524-16524 MainActivity            com.allride.buses                    D  Success registerReceiver setupBroadcastReceiver
2024-07-09 10:19:36.355 16524-16524 Utils                   com.allride.buses                    D  Success startConnectivityService
2024-07-09 10:19:36.358 16524-16563 FA                      com.allride.buses                    I  Tag Manager is not found and thus will not be used
2024-07-09 10:19:36.406 16524-16524 FlexibleFragment        com.allride.buses                    D  departuresPending [com.allride.buses.data.models.PBDeparture@a3c917f]
2024-07-09 10:19:36.410 16524-16524 FlexibleFragment        com.allride.buses                    D  departuresPending [com.allride.buses.data.models.PBDeparture@a3c917f]
2024-07-09 10:19:36.412 16524-16524 MainActivityViewModel   com.allride.buses                    D  Success getInstance token: cf4_wEhZR-WTjzcd-KVk6c:APA91bHvIDYid_5ezJNXD4IqZzxer7iSgjn-b8PWapPdPjdDMV1CfuctLz0_K5mATWDHhwidJ8f9KfJkzvR88-76GvRKAz-frz5ErJ6L6wzOyZMur12nAakARALUf-CXpoC6CmhsWV88
2024-07-09 10:19:36.425 16524-16524 m.allride.buse          com.allride.buses                    W  Accessing hidden method Ldalvik/system/CloseGuard;->get()Ldalvik/system/CloseGuard; (unsupported,core-platform-api, reflection, allowed)
2024-07-09 10:19:36.425 16524-16524 m.allride.buse          com.allride.buses                    W  Accessing hidden method Ldalvik/system/CloseGuard;->open(Ljava/lang/String;)V (unsupported,core-platform-api, reflection, allowed)
2024-07-09 10:19:36.425 16524-16524 m.allride.buse          com.allride.buses                    W  Accessing hidden method Ldalvik/system/CloseGuard;->warnIfOpen()V (unsupported,core-platform-api, reflection, allowed)
2024-07-09 10:19:36.432 16524-16524 m.allride.buse          com.allride.buses                    W  Accessing hidden method Ljava/lang/invoke/MethodHandles$Lookup;-><init>(Ljava/lang/Class;I)V (unsupported, reflection, allowed)
2024-07-09 10:19:36.441 16524-16524 connectionService       com.allride.buses                    D  start ConnectivityService
2024-07-09 10:19:36.441 16524-16524 connectionService       com.allride.buses                    D  setupBroadcastReceiver
2024-07-09 10:19:36.441 16524-16524 connectionService       com.allride.buses                    D  Success registerReceiver setupBroadcastReceiver
2024-07-09 10:19:36.442 16524-16524 connectionService       com.allride.buses                    D  Success registerReceiver ConnectivityReceiver
2024-07-09 10:19:36.442 16524-16524 connectionService       com.allride.buses                    D  checkConnectivity
2024-07-09 10:19:36.442 16524-16524 connectionService       com.allride.buses                    D  sendNotifyConnectivity false
2024-07-09 10:19:36.462 16524-16524 connectionService       com.allride.buses                    I  checkSyncOffline current 'departure' : [offline=false, images=false, departure=true, deviceHistory=false, driverMuc=false]
2024-07-09 10:19:36.463 16524-16524 connectionService       com.allride.buses                    I  checkOnlineDataAsync
2024-07-09 10:19:36.959 16524-16586 AdrenoGLES-0            com.allride.buses                    I  QUALCOMM build                   : 8699000cd8, I1027f1d7d9
                                                                                                    Build Date                       : 04/08/22
                                                                                                    OpenGL ES Shader Compiler Version: EV031.35.01.12
                                                                                                    Local Branch                     : 
                                                                                                    Remote Branch                    : 
                                                                                                    Remote Branch                    : 
                                                                                                    Reconstruct Branch               : 
2024-07-09 10:19:36.959 16524-16586 AdrenoGLES-0            com.allride.buses                    I  Build Config                     : S P 10.0.7 AArch64
2024-07-09 10:19:36.959 16524-16586 AdrenoGLES-0            com.allride.buses                    I  Driver Path                      : /vendor/lib64/egl/libGLESv2_adreno.so
2024-07-09 10:19:36.979 16524-16586 AdrenoGLES-0            com.allride.buses                    I  PFP: 0x016ee201, ME: 0x00000000
2024-07-09 10:19:36.993 16524-16586 hw-ProcessState         com.allride.buses                    D  Binder ioctl to enable oneway spam detection failed: Invalid argument
2024-07-09 10:19:37.143 16524-16607 AllRideOAuth2Service    com.allride.buses                    I  getAccessToken de2cabb2fbc5b4a12434123fb80e97e31fdb047df659eda54d5d912f92f937c395c8d1f6fef38b47b889bb1614edb3b55e5db93cf71bb9dfd6cd56112008204b
2024-07-09 10:19:37.176 16524-16606 AllRideOAuth2Service    com.allride.buses                    I  getAccessToken de2cabb2fbc5b4a12434123fb80e97e31fdb047df659eda54d5d912f92f937c395c8d1f6fef38b47b889bb1614edb3b55e5db93cf71bb9dfd6cd56112008204b
2024-07-09 10:19:37.183 16524-16524 MainActivity            com.allride.buses                    D  setupBroadcastReceiver onReceive connectivity false
2024-07-09 10:19:37.184 16524-16524 MainActivityViewModel   com.allride.buses                    D  checkOnlineDataAsync
2024-07-09 10:19:37.185 16524-16524 ConnectivityReceiver    com.allride.buses                    D  onReceive true
2024-07-09 10:19:37.186 16524-16524 SingleShot...leProvider com.allride.buses                    D  requestSingleUpdate addOnSuccessListener
2024-07-09 10:19:37.187 16524-16562 MainActivityViewModel   com.allride.buses                    D  onlineDataAsyncList getAuthMe
2024-07-09 10:19:37.188 16524-16524 Choreographer           com.allride.buses                    I  Skipped 41 frames!  The application may be doing too much work on its main thread.
2024-07-09 10:19:37.201 16524-16524 connectionService       com.allride.buses                    D  socketUpdateReceiver onReceive stateReceiver true
2024-07-09 10:19:37.201 16524-16524 connectionService       com.allride.buses                    D  checkConnectivity
2024-07-09 10:19:37.201 16524-16524 connectionService       com.allride.buses                    D  sendNotifyConnectivity true
2024-07-09 10:19:37.206 16524-16541 OpenGLRenderer          com.allride.buses                    I  Davey! duration=791ms; Flags=1, FrameTimelineVsyncId=5284252, IntendedVsync=75160147334128, Vsync=75160214000792, InputEventId=0, HandleInputStart=75160228812994, AnimationStart=75160228817681, PerformTraversalsStart=75160228820598, DrawStart=75160891232681, FrameDeadline=75160164000794, FrameInterval=75160228772785, FrameStartTime=16666666, SyncQueued=75160918299921, SyncStart=75160918388827, IssueDrawCommandsStart=75160919312525, SwapBuffers=75160931786900, FrameCompleted=75160938552004, DequeueBufferDuration=12136, QueueBufferDuration=2879740, GpuCompleted=75160938552004, SwapBuffersCompleted=75160935156483, DisplayPresentTime=0, 
2024-07-09 10:19:37.207 16524-16524 connectionService       com.allride.buses                    I  checkSyncOffline exit for loadingCheckOnlineData true - skipLoading false
2024-07-09 10:19:37.207 16524-16524 connectionService       com.allride.buses                    I  checkOnlineDataAsync
2024-07-09 10:19:37.207 16524-16524 connectionService       com.allride.buses                    D  sendNotifyConnectivity true
2024-07-09 10:19:37.207 16524-16524 MainActivity            com.allride.buses                    D  setupBroadcastReceiver onReceive connectivity true
2024-07-09 10:19:37.207 16524-16524 MainActivityViewModel   com.allride.buses                    D  checkOnlineDataAsync
2024-07-09 10:19:37.207 16524-16524 MainActivity            com.allride.buses                    D  setupBroadcastReceiver onReceive connectivity true
2024-07-09 10:19:37.207 16524-16524 MainActivityViewModel   com.allride.buses                    D  checkOnlineDataAsync
2024-07-09 10:19:37.235 16524-16541 OpenGLRenderer          com.allride.buses                    I  Davey! duration=710ms; Flags=0, FrameTimelineVsyncId=5284262, IntendedVsync=75160247222664, Vsync=75160930555970, InputEventId=0, HandleInputStart=75160946209868, AnimationStart=75160946215233, PerformTraversalsStart=75160947307993, DrawStart=75160951544764, FrameDeadline=75160280555996, FrameInterval=75160946065285, FrameStartTime=16666666, SyncQueued=75160953328098, SyncStart=75160953392421, IssueDrawCommandsStart=75160953512473, SwapBuffers=75160954689452, FrameCompleted=75160958251535, DequeueBufferDuration=11094, QueueBufferDuration=1562187, GpuCompleted=75160958251535, SwapBuffersCompleted=75160956491014, DisplayPresentTime=0, 
2024-07-09 10:19:37.250 16524-16540 OpenGLRenderer          com.allride.buses                    I  Davey! duration=9223296875904ms; Flags=0, FrameTimelineVsyncId=5284319, IntendedVsync=75160949783817, Vsync=75160966450483, InputEventId=0, HandleInputStart=75160970024295, AnimationStart=75160970028775, PerformTraversalsStart=75160971054295, DrawStart=75160987145858, FrameDeadline=75160983117149, FrameInterval=75160970009608, FrameStartTime=16666666, SyncQueued=75160990908723, SyncStart=75160991011431, IssueDrawCommandsStart=75160991583410, SwapBuffers=75160998971848, FrameCompleted=9223372036854775807, DequeueBufferDuration=28072, QueueBufferDuration=570625, GpuCompleted=9223372036854775807, SwapBuffersCompleted=75160999984139, DisplayPresentTime=0, 
2024-07-09 10:19:37.687 16524-16607 AllRideOAuth2Service    com.allride.buses                    I  getAccessToken de2cabb2fbc5b4a12434123fb80e97e31fdb047df659eda54d5d912f92f937c395c8d1f6fef38b47b889bb1614edb3b55e5db93cf71bb9dfd6cd56112008204b
2024-07-09 10:19:37.687 16524-16607 AllRideOAuth2Service    com.allride.buses                    I  Response Code > 410
2024-07-09 10:19:37.688 16524-16607 AllRideOAuth2Service    com.allride.buses                    I  URL > Request{method=GET, url=https://stage.allrideapp.com/api/v2/pb/driver/departures/current, tags={class retrofit2.Invocation=com.allride.buses.api.AllRideAPI.getCurrentDeparture() []}}
2024-07-09 10:19:37.692 16524-16606 AllRideOAuth2Service    com.allride.buses                    I  getAccessToken de2cabb2fbc5b4a12434123fb80e97e31fdb047df659eda54d5d912f92f937c395c8d1f6fef38b47b889bb1614edb3b55e5db93cf71bb9dfd6cd56112008204b
2024-07-09 10:19:37.692 16524-16606 AllRideOAuth2Service    com.allride.buses                    I  Response Code > 200
2024-07-09 10:19:37.693 16524-16606 AllRideOAuth2Service    com.allride.buses                    I  URL > Request{method=PUT, url=https://stage.allrideapp.com/api/v2/pb/driver/update, tags={class retrofit2.Invocation=com.allride.buses.api.AllRideAPI.updateDriverDevice() [com.allride.buses.api.AllRideAPI$NewDeviceData@888b84c]}}
2024-07-09 10:19:37.695 16524-16561 connectionService       com.allride.buses                    E  Error getCurrentDeparture: HTTP 410 
2024-07-09 10:19:37.696 16524-16561 connectionService       com.allride.buses                    I  HttpException getCurrentDeparture: no_active_departure - no_active_departure
2024-07-09 10:19:37.705 16524-16524 MainActivityViewModel   com.allride.buses                    E  Error updateDeviceDriver: Socket is closed
2024-07-09 10:19:37.723 16524-16640 AllRideOAuth2Service    com.allride.buses                    I  getAccessToken de2cabb2fbc5b4a12434123fb80e97e31fdb047df659eda54d5d912f92f937c395c8d1f6fef38b47b889bb1614edb3b55e5db93cf71bb9dfd6cd56112008204b
2024-07-09 10:19:37.740 16524-16561 connectionService       com.allride.buses                    I  checkSyncOffline dataList isEmpty
2024-07-09 10:19:38.095 16524-16640 AllRideOAuth2Service    com.allride.buses                    I  getAccessToken de2cabb2fbc5b4a12434123fb80e97e31fdb047df659eda54d5d912f92f937c395c8d1f6fef38b47b889bb1614edb3b55e5db93cf71bb9dfd6cd56112008204b
2024-07-09 10:19:38.096 16524-16640 AllRideOAuth2Service    com.allride.buses                    I  Response Code > 200
2024-07-09 10:19:38.097 16524-16640 AllRideOAuth2Service    com.allride.buses                    I  URL > Request{method=GET, url=https://stage.allrideapp.com/api/v1/pb/provider/me, tags={class retrofit2.Invocation=com.allride.buses.api.AllRideAPI.getAuthMe() []}}
2024-07-09 10:19:38.166 16524-16524 MainActivityViewModel   com.allride.buses                    D  Success getAuthMe - {"auth":{"accessToken":"de2cabb2fbc5b4a12434123fb80e97e31fdb047df659eda54d5d912f92f937c395c8d1f6fef38b47b889bb1614edb3b55e5db93cf71bb9dfd6cd56112008204b","active":true,"canCreateRoutes":true,"code":"159753","communities":["6654ae4eba54fe502d4e4187","653fd601f90509541a748683"],"communityId":"6654ae4eba54fe502d4e4187","config":{"autoLogout":{"enabled":false,"enum":"afterDepartureEnd","timer":{"amount":0,"unit":"minutes"}}},"device":{"accessToken":"","build":"","communityId":"","_id":"","model":"moto g71 5G","notificationToken":"","superCommunityId":""},"email":"nicolas+conductor22@allrideapp.com","hasToChangePassword":false,"_id":"6654cec2ba54fe502d4e6a0a","name":"Conductor Comunidad 2","refreshToken":"","rtlToken":"6ae5d29224e21fff2b9fb058698ba45c88444abe67c4af0628fe19c488ab20909f365429b0c393cbc75fde75a001059de8d958d7f8b851edf8bf90734e5b4148","superCommunities":["653fd68233d83952fafcd4be"],"superCommunityId":"653fd68233d83952fafcd4be"},"type":"driver"}
2024-07-09 10:19:38.168 16524-16524 MainActivityViewModel   com.allride.buses                    D  Success getAuthMe Firebase.crashlytics
