2024-06-06 13:30:09.744   981-31420 ActiveDepa...eViewModel com.allride.buses                    D  SocketClient - stop : {"departureId":"6661f1e864b9a1f5a2e3033b","routeId":"65e8827b110e5655e1583a45","disconnected":true}
2024-06-06 13:30:09.896   981-981   ViewReaderQR            com.allride.buses                    D  barcodeScanner: 8804d83128a5f52c8cf9572adce8b5d0c15c2ed9f9152e3fb0c7d43f6091e51337f859645ac1885965881522824fc4248bca48a9212afc1bbd0fefc670b563dc653ff52433d83952fafcf397
2024-06-06 13:30:09.896   981-981   ViewReaderQR            com.allride.buses                    D  onPauseCamera
2024-06-06 13:30:09.897   981-4478  Camera2CameraImpl       com.allride.buses                    D  {Camera@bbb9b2a[id=0]} Use case androidx.camera.core.ImageAnalysis-f8fc32ee-2327-4682-9398-afab111f6113148588097 INACTIVE
2024-06-06 13:30:09.897   981-4478  UseCaseAttachState      com.allride.buses                    D  Active and attached use case: [androidx.camera.core.ImageCapture-7135f659-eaa9-49e3-a0f2-00e8cac596cc124848424, androidx.camera.core.Preview-989b1fa6-f135-4a1c-93a8-11126d498c9c224394059] for camera: 0
2024-06-06 13:30:09.907   981-4478  CaptureSession          com.allride.buses                    D  Attempting to submit CaptureRequest after setting
2024-06-06 13:30:09.907   981-4478  CaptureSession          com.allride.buses                    D  Issuing request for session.
2024-06-06 13:30:09.907   981-4478  Camera2Cap...estBuilder com.allride.buses                    D  createCaptureRequest
2024-06-06 13:30:11.367   981-981   CameraController        com.allride.buses                    D  Tap to focus started: 691.35986, 1491.267
2024-06-06 13:30:11.367   981-981   ViewReaderQR            com.allride.buses                    D  onReFocusCamera
2024-06-06 13:30:11.367   981-981   ViewReaderQR            com.allride.buses                    D  onResumeCamera
2024-06-06 13:30:11.367   981-981   ViewReaderQR            com.allride.buses                    D  startQRAnalysis
2024-06-06 13:30:11.369   981-4485  UseCaseAttachState      com.allride.buses                    D  Active and attached use case: [androidx.camera.core.ImageCapture-7135f659-eaa9-49e3-a0f2-00e8cac596cc124848424, androidx.camera.core.Preview-989b1fa6-f135-4a1c-93a8-11126d498c9c224394059] for camera: 0
2024-06-06 13:30:11.378   981-4485  CaptureSession          com.allride.buses                    D  Attempting to submit CaptureRequest after setting
2024-06-06 13:30:11.378   981-4485  CaptureSession          com.allride.buses                    D  Issuing request for session.
2024-06-06 13:30:11.378   981-4485  Camera2Cap...estBuilder com.allride.buses                    D  createCaptureRequest
2024-06-06 13:30:11.383   981-4485  Camera2CameraImpl       com.allride.buses                    D  {Camera@bbb9b2a[id=0]} Issue capture request
2024-06-06 13:30:11.383   981-4485  CaptureSession          com.allride.buses                    D  Issuing capture request.
2024-06-06 13:30:11.384   981-4485  Camera2Cap...estBuilder com.allride.buses                    D  createCaptureRequest
2024-06-06 13:30:11.388   981-4485  Camera2CameraImpl       com.allride.buses                    D  {Camera@bbb9b2a[id=0]} Use case androidx.camera.core.ImageAnalysis-f8fc32ee-2327-4682-9398-afab111f6113148588097 ACTIVE
2024-06-06 13:30:11.388   981-4485  UseCaseAttachState      com.allride.buses                    D  Active and attached use case: [androidx.camera.core.ImageCapture-7135f659-eaa9-49e3-a0f2-00e8cac596cc124848424, androidx.camera.core.Preview-989b1fa6-f135-4a1c-93a8-11126d498c9c224394059, androidx.camera.core.ImageAnalysis-f8fc32ee-2327-4682-9398-afab111f6113148588097] for camera: 0
2024-06-06 13:30:11.393   981-4485  CaptureSession          com.allride.buses                    D  Attempting to submit CaptureRequest after setting
2024-06-06 13:30:11.393   981-4485  CaptureSession          com.allride.buses                    D  Issuing request for session.
2024-06-06 13:30:11.393   981-4485  Camera2Cap...estBuilder com.allride.buses                    D  createCaptureRequest
2024-06-06 13:30:11.581   981-981   CameraController        com.allride.buses                    D  Tap to focus started: 678.3719, 1508.2599
2024-06-06 13:30:11.582   981-981   ViewReaderQR            com.allride.buses                    D  onReFocusCamera
2024-06-06 13:30:11.582   981-981   ViewReaderQR            com.allride.buses                    D  onResumeCamera
2024-06-06 13:30:11.582   981-981   ViewReaderQR            com.allride.buses                    D  startQRAnalysis
2024-06-06 13:30:11.582   981-4485  CameraController        com.allride.buses                    D  Tap-to-focus is canceled by new action.
2024-06-06 13:30:11.583   981-4485  UseCaseAttachState      com.allride.buses                    D  Active and attached use case: [androidx.camera.core.ImageCapture-7135f659-eaa9-49e3-a0f2-00e8cac596cc124848424, androidx.camera.core.Preview-989b1fa6-f135-4a1c-93a8-11126d498c9c224394059, androidx.camera.core.ImageAnalysis-f8fc32ee-2327-4682-9398-afab111f6113148588097] for camera: 0
2024-06-06 13:30:11.588   981-4485  CaptureSession          com.allride.buses                    D  Attempting to submit CaptureRequest after setting
2024-06-06 13:30:11.588   981-4485  CaptureSession          com.allride.buses                    D  Issuing request for session.
2024-06-06 13:30:11.588   981-4485  Camera2Cap...estBuilder com.allride.buses                    D  createCaptureRequest
2024-06-06 13:30:11.593   981-4485  Camera2CameraImpl       com.allride.buses                    D  {Camera@bbb9b2a[id=0]} Issue capture request
2024-06-06 13:30:11.596   981-4485  CaptureSession          com.allride.buses                    D  Issuing capture request.
2024-06-06 13:30:11.601   981-4485  Camera2Cap...estBuilder com.allride.buses                    D  createCaptureRequest
2024-06-06 13:30:11.766   981-981   ViewReaderQR            com.allride.buses                    D  barcodeScanner: 8804d83128a5f52c8cf9572adce8b5d0c15c2ed9f9152e3fb0c7d43f6091e51337f859645ac1885965881522824fc4248bca48a9212afc1bbd0fefc670b563dc653ff52433d83952fafcf397
2024-06-06 13:30:11.766   981-981   ViewReaderQR            com.allride.buses                    D  onPauseCamera
2024-06-06 13:30:11.767   981-4478  Camera2CameraImpl       com.allride.buses                    D  {Camera@bbb9b2a[id=0]} Use case androidx.camera.core.ImageAnalysis-f8fc32ee-2327-4682-9398-afab111f6113148588097 INACTIVE
2024-06-06 13:30:11.768   981-4478  UseCaseAttachState      com.allride.buses                    D  Active and attached use case: [androidx.camera.core.ImageCapture-7135f659-eaa9-49e3-a0f2-00e8cac596cc124848424, androidx.camera.core.Preview-989b1fa6-f135-4a1c-93a8-11126d498c9c224394059] for camera: 0
2024-06-06 13:30:11.773   981-981   ActiveDepa...eViewModel com.allride.buses                    D  onlineValidationQR: 8804d83128a5f52c8cf9572adce8b5d0c15c2ed9f9152e3fb0c7d43f6091e51337f859645ac1885965881522824fc4248bca48a9212afc1bbd0fefc670b563dc653ff52433d83952fafcf397
2024-06-06 13:30:11.776   981-981   ActiveDepa...eViewModel com.allride.buses                    D  Pre validatePassenger {"communityId":"653fd68233d83952fafcd4be","timezone":"America/Santiago","validationInternalId":"e81d3c84-0068-4dd8-9306-b794e894a335","validationLat":-34.3941116,"validationLon":-70.7812883,"validationString":"8804d83128a5f52c8cf9572adce8b5d0c15c2ed9f9152e3fb0c7d43f6091e51337f859645ac1885965881522824fc4248bca48a9212afc1bbd0fefc670b563dc653ff52433d83952fafcf397"}
2024-06-06 13:30:11.783   981-981   CameraController        com.allride.buses                    D  Tap to focus started: 676.3737, 1520.2549
2024-06-06 13:30:11.784   981-981   ViewReaderQR            com.allride.buses                    D  onReFocusCamera
2024-06-06 13:30:11.784   981-981   ViewReaderQR            com.allride.buses                    D  onResumeCamera
2024-06-06 13:30:11.784   981-981   ViewReaderQR            com.allride.buses                    D  startQRAnalysis
2024-06-06 13:30:11.786   981-4478  CaptureSession          com.allride.buses                    D  Attempting to submit CaptureRequest after setting
2024-06-06 13:30:11.786   981-4478  CaptureSession          com.allride.buses                    D  Issuing request for session.
2024-06-06 13:30:11.786   981-4478  Camera2Cap...estBuilder com.allride.buses                    D  createCaptureRequest
2024-06-06 13:30:11.802   981-4478  CameraController        com.allride.buses                    D  Tap-to-focus is canceled by new action.
2024-06-06 13:30:11.805   981-4478  UseCaseAttachState      com.allride.buses                    D  Active and attached use case: [androidx.camera.core.ImageCapture-7135f659-eaa9-49e3-a0f2-00e8cac596cc124848424, androidx.camera.core.Preview-989b1fa6-f135-4a1c-93a8-11126d498c9c224394059] for camera: 0
2024-06-06 13:30:11.818   981-4478  CaptureSession          com.allride.buses                    D  Attempting to submit CaptureRequest after setting
2024-06-06 13:30:11.818   981-4478  CaptureSession          com.allride.buses                    D  Issuing request for session.
2024-06-06 13:30:11.818   981-4478  Camera2Cap...estBuilder com.allride.buses                    D  createCaptureRequest
2024-06-06 13:30:11.829   981-4478  Camera2CameraImpl       com.allride.buses                    D  {Camera@bbb9b2a[id=0]} Issue capture request
2024-06-06 13:30:11.829   981-4478  CaptureSession          com.allride.buses                    D  Issuing capture request.
2024-06-06 13:30:11.834   981-981   ViewReaderQR            com.allride.buses                    D  barcodeScanner: 8804d83128a5f52c8cf9572adce8b5d0c15c2ed9f9152e3fb0c7d43f6091e51337f859645ac1885965881522824fc4248bca48a9212afc1bbd0fefc670b563dc653ff52433d83952fafcf397
2024-06-06 13:30:11.834   981-981   ViewReaderQR            com.allride.buses                    D  onPauseCamera
2024-06-06 13:30:11.838   981-4478  Camera2Cap...estBuilder com.allride.buses                    D  createCaptureRequest
2024-06-06 13:30:11.849   981-4478  Camera2CameraImpl       com.allride.buses                    D  {Camera@bbb9b2a[id=0]} Use case androidx.camera.core.ImageAnalysis-f8fc32ee-2327-4682-9398-afab111f6113148588097 ACTIVE
2024-06-06 13:30:11.851   981-4478  UseCaseAttachState      com.allride.buses                    D  Active and attached use case: [androidx.camera.core.ImageCapture-7135f659-eaa9-49e3-a0f2-00e8cac596cc124848424, androidx.camera.core.Preview-989b1fa6-f135-4a1c-93a8-11126d498c9c224394059, androidx.camera.core.ImageAnalysis-f8fc32ee-2327-4682-9398-afab111f6113148588097] for camera: 0
2024-06-06 13:30:11.861   981-4478  CaptureSession          com.allride.buses                    D  Attempting to submit CaptureRequest after setting
2024-06-06 13:30:11.861   981-4478  CaptureSession          com.allride.buses                    D  Issuing request for session.
2024-06-06 13:30:11.861   981-4478  Camera2Cap...estBuilder com.allride.buses                    D  createCaptureRequest
2024-06-06 13:30:11.872   981-4478  Camera2CameraImpl       com.allride.buses                    D  {Camera@bbb9b2a[id=0]} Use case androidx.camera.core.ImageAnalysis-f8fc32ee-2327-4682-9398-afab111f6113148588097 INACTIVE
2024-06-06 13:30:11.872   981-4478  UseCaseAttachState      com.allride.buses                    D  Active and attached use case: [androidx.camera.core.ImageCapture-7135f659-eaa9-49e3-a0f2-00e8cac596cc124848424, androidx.camera.core.Preview-989b1fa6-f135-4a1c-93a8-11126d498c9c224394059] for camera: 0
2024-06-06 13:30:11.878   981-4478  CaptureSession          com.allride.buses                    D  Attempting to submit CaptureRequest after setting
2024-06-06 13:30:11.878   981-4478  CaptureSession          com.allride.buses                    D  Issuing request for session.
2024-06-06 13:30:11.878   981-4478  Camera2Cap...estBuilder com.allride.buses                    D  createCaptureRequest
2024-06-06 13:30:11.896   981-31433 ActiveDepa...eViewModel com.allride.buses                    D  SocketClient - newDriverPosition: {"departureId":"6661f1e864b9a1f5a2e3033b","routeId":"65e8827b110e5655e1583a45","location":{"latitude":-34.3941116,"longitude":-70.7812883,"speed":0.070535384,"source":null},"busId":"ABCD12","state":"service","plate":"ABCD12","code":"1111","driverName":"Conductor Regular"}
2024-06-06 13:30:11.898   981-31433 ActiveDepa...eViewModel com.allride.buses                    D  SocketClient - newPosition : {"latitude":-34.3941116,"longitude":-70.7812883}
2024-06-06 13:30:12.108   981-31430 AllRideDepartureService com.allride.buses                    I  getAccessToken 9f42e9e86984b85f2c3f6d0d3f4167be3311016ed4cd10f79e28a539350175f07ff7fa221a22158e0bbae1d194386357fc0a59ee7379d29cca95d6235382f99a
2024-06-06 13:30:12.363   981-4485  CameraController        com.allride.buses                    D  Tap to focus onSuccess: true
2024-06-06 13:30:12.499   981-31430 AllRideDepartureService com.allride.buses                    I  Response Code > 200
2024-06-06 13:30:12.500   981-31430 AllRideDepartureService com.allride.buses                    I  URL > Request{method=POST, url=https://stage.allrideapp.com/api/v2/pb/driver/departures/validate, tags={class retrofit2.Invocation=com.allride.buses.api.AllRideAPI.validatePassenger() [com.allride.buses.api.AllRideAPI$ValidatePassengerData@1c806c0]}}
2024-06-06 13:30:12.530   981-981   ActiveDepa...eViewModel com.allride.buses                    D  Success validatePassenger {"assignedSeat":"","communityId":"653fd601f90509541a748683","createdAt":"Jun 6, 2024 1:30:12 PM","departureId":"6661f1e864b9a1f5a2e3033b","_id":"6661f22482cf88ed3fd66bb1","isDNI":false,"lat":-34.39411,"latitude":-34.39411,"loc":{"float1":-70.78129,"float2":-34.39411},"lon":-70.78129,"longitude":-70.78129,"qrCode":"","reason":["timestamp"],"remainingTickets":0,"routeId":"65e8827b110e5655e1583a45","synced":true,"token":"","userId":"653ff52433d83952fafcf397","validated":true}
2024-06-06 13:30:12.547   981-981   ActiveDepa...eViewModel com.allride.buses                    D  Observer legType service
2024-06-06 13:30:12.547   981-981   ActiveDepa...eViewModel com.allride.buses                    D  addSource offlineMessage currentDeparture
2024-06-06 13:30:12.547   981-981   ActiveDepa...eViewModel com.allride.buses                    D  addSource checkPendingOfflineSync false false
2024-06-06 13:30:12.549   981-981   ActiveDepa...eViewModel com.allride.buses                    D  Observer legType service
2024-06-06 13:30:12.549   981-981   ActiveDepa...eViewModel com.allride.buses                    D  addSource offlineMessage currentDeparture
2024-06-06 13:30:12.549   981-981   ActiveDepa...eViewModel com.allride.buses                    D  addSource checkPendingOfflineSync false false
2024-06-06 13:30:12.549   981-981   UfReader                com.allride.buses                    D  positiveBeep
2024-06-06 13:30:12.550   981-981   UfReader                com.allride.buses                    D  positiveBeep: status 80 -> UFR_COMMUNICATION_BREAK
2024-06-06 13:30:12.704   981-31442 ActiveDepa...eViewModel com.allride.buses                    D  SocketClient - current : {"color":"2E7D32","capacity":3}
2024-06-06 13:30:12.705   981-31442 DepartureProvider       com.allride.buses                    D  setCapacity 3
2024-06-06 13:30:13.275   981-981   InputEventReceiver      com.allride.buses                    W  Attempted to finish an input event but the input event receiver has already been disposed.
2024-06-06 13:30:13.275   981-981   CapturePas...erActivity com.allride.buses                    D  hideDialogValidation
2024-06-06 13:30:13.276   981-981   CapturePas...erActivity com.allride.buses                    D  onResumeCamera
2024-06-06 13:30:13.276   981-981   ViewReaderQR            com.allride.buses                    D  onResumeCamera
2024-06-06 13:30:13.276   981-981   ViewReaderQR            com.allride.buses                    D  startQRAnalysis
2024-06-06 13:30:13.276   981-981   UfReader                com.allride.buses                    D  openReader
2024-06-06 13:30:13.277   981-981   UfReader                com.allride.buses                    D  openReader: status 84 -> UFR_READER_OPENING_ERROR
2024-06-06 13:30:13.277   981-4485  Camera2CameraImpl       com.allride.buses                    D  {Camera@bbb9b2a[id=0]} Use case androidx.camera.core.ImageAnalysis-f8fc32ee-2327-4682-9398-afab111f6113148588097 ACTIVE
2024-06-06 13:30:13.278   981-4485  UseCaseAttachState      com.allride.buses                    D  Active and attached use case: [androidx.camera.core.ImageCapture-7135f659-eaa9-49e3-a0f2-00e8cac596cc124848424, androidx.camera.core.Preview-989b1fa6-f135-4a1c-93a8-11126d498c9c224394059, androidx.camera.core.ImageAnalysis-f8fc32ee-2327-4682-9398-afab111f6113148588097] for camera: 0
2024-06-06 13:30:13.288   981-4485  CaptureSession          com.allride.buses                    D  Attempting to submit CaptureRequest after setting
2024-06-06 13:30:13.288   981-4485  CaptureSession          com.allride.buses                    D  Issuing request for session.
2024-06-06 13:30:13.288   981-4485  Camera2Cap...estBuilder com.allride.buses                    D  createCaptureRequest
2024-06-06 13:30:13.472   981-981   InputEventReceiver      com.allride.buses                    W  Attempted to finish an input event but the input event receiver has already been disposed.
2024-06-06 13:30:13.472   981-981   CapturePas...erActivity com.allride.buses                    D  hideDialogValidation
2024-06-06 13:30:13.472   981-981   CapturePas...erActivity com.allride.buses                    D  onResumeCamera
2024-06-06 13:30:13.472   981-981   ViewReaderQR            com.allride.buses                    D  onResumeCamera
2024-06-06 13:30:13.473   981-981   ViewReaderQR            com.allride.buses                    D  startQRAnalysis
2024-06-06 13:30:13.473   981-981   UfReader                com.allride.buses                    D  openReader
2024-06-06 13:30:13.475   981-981   UfReader                com.allride.buses                    D  openReader: status 84 -> UFR_READER_OPENING_ERROR
2024-06-06 13:30:14.136   981-981   ViewReaderQR            com.allride.buses                    D  barcodeScanner: 8804d83128a5f52c8cf9572adce8b5d0c15c2ed9f9152e3fb0c7d43f6091e51337f859645ac1885965881522824fc4248bca48a9212afc1bbd0fefc670b563dc653ff52433d83952fafcf397
2024-06-06 13:30:14.136   981-981   ViewReaderQR            com.allride.buses                    D  onPauseCamera
2024-06-06 13:30:14.137   981-4485  Camera2CameraImpl       com.allride.buses                    D  {Camera@bbb9b2a[id=0]} Use case androidx.camera.core.ImageAnalysis-f8fc32ee-2327-4682-9398-afab111f6113148588097 INACTIVE
2024-06-06 13:30:14.138   981-4485  UseCaseAttachState      com.allride.buses                    D  Active and attached use case: [androidx.camera.core.ImageCapture-7135f659-eaa9-49e3-a0f2-00e8cac596cc124848424, androidx.camera.core.Preview-989b1fa6-f135-4a1c-93a8-11126d498c9c224394059] for camera: 0
2024-06-06 13:30:14.149   981-4485  CaptureSession          com.allride.buses                    D  Attempting to submit CaptureRequest after setting
2024-06-06 13:30:14.150   981-4485  CaptureSession          com.allride.buses                    D  Issuing request for session.
2024-06-06 13:30:14.150   981-4485  Camera2Cap...estBuilder com.allride.buses                    D  createCaptureRequest
2024-06-06 13:30:15.412   981-981   CameraController        com.allride.buses                    D  Tap to focus started: 714.33856, 1390.309
2024-06-06 13:30:15.412   981-981   ViewReaderQR            com.allride.buses                    D  onReFocusCamera
2024-06-06 13:30:15.413   981-981   ViewReaderQR            com.allride.buses                    D  onResumeCamera
2024-06-06 13:30:15.413   981-981   ViewReaderQR            com.allride.buses                    D  startQRAnalysis
2024-06-06 13:30:15.413   981-4485  UseCaseAttachState      com.allride.buses                    D  Active and attached use case: [androidx.camera.core.ImageCapture-7135f659-eaa9-49e3-a0f2-00e8cac596cc124848424, androidx.camera.core.Preview-989b1fa6-f135-4a1c-93a8-11126d498c9c224394059] for camera: 0
2024-06-06 13:30:15.416   981-4485  CaptureSession          com.allride.buses                    D  Attempting to submit CaptureRequest after setting
2024-06-06 13:30:15.416   981-4485  CaptureSession          com.allride.buses                    D  Issuing request for session.
2024-06-06 13:30:15.416   981-4485  Camera2Cap...estBuilder com.allride.buses                    D  createCaptureRequest
2024-06-06 13:30:15.427   981-4485  Camera2CameraImpl       com.allride.buses                    D  {Camera@bbb9b2a[id=0]} Issue capture request
2024-06-06 13:30:15.427   981-4485  CaptureSession          com.allride.buses                    D  Issuing capture request.
2024-06-06 13:30:15.430   981-4485  Camera2Cap...estBuilder com.allride.buses                    D  createCaptureRequest
2024-06-06 13:30:15.433   981-4485  Camera2CameraImpl       com.allride.buses                    D  {Camera@bbb9b2a[id=0]} Use case androidx.camera.core.ImageAnalysis-f8fc32ee-2327-4682-9398-afab111f6113148588097 ACTIVE
2024-06-06 13:30:15.434   981-4485  UseCaseAttachState      com.allride.buses                    D  Active and attached use case: [androidx.camera.core.ImageCapture-7135f659-eaa9-49e3-a0f2-00e8cac596cc124848424, androidx.camera.core.Preview-989b1fa6-f135-4a1c-93a8-11126d498c9c224394059, androidx.camera.core.ImageAnalysis-f8fc32ee-2327-4682-9398-afab111f6113148588097] for camera: 0
2024-06-06 13:30:15.440   981-4485  CaptureSession          com.allride.buses                    D  Attempting to submit CaptureRequest after setting
2024-06-06 13:30:15.440   981-4485  CaptureSession          com.allride.buses                    D  Issuing request for session.
2024-06-06 13:30:15.440   981-4485  Camera2Cap...estBuilder com.allride.buses                    D  createCaptureRequest
2024-06-06 13:30:15.601   981-981   CameraController        com.allride.buses                    D  Tap to focus started: 691.35986, 1407.3019
2024-06-06 13:30:15.602   981-981   ViewReaderQR            com.allride.buses                    D  onReFocusCamera
2024-06-06 13:30:15.602   981-981   ViewReaderQR            com.allride.buses                    D  onResumeCamera
2024-06-06 13:30:15.602   981-981   ViewReaderQR            com.allride.buses                    D  startQRAnalysis
2024-06-06 13:30:15.602   981-4478  CameraController        com.allride.buses                    D  Tap-to-focus is canceled by new action.
2024-06-06 13:30:15.603   981-4478  UseCaseAttachState      com.allride.buses                    D  Active and attached use case: [androidx.camera.core.ImageCapture-7135f659-eaa9-49e3-a0f2-00e8cac596cc124848424, androidx.camera.core.Preview-989b1fa6-f135-4a1c-93a8-11126d498c9c224394059, androidx.camera.core.ImageAnalysis-f8fc32ee-2327-4682-9398-afab111f6113148588097] for camera: 0
2024-06-06 13:30:15.611   981-4478  CaptureSession          com.allride.buses                    D  Attempting to submit CaptureRequest after setting
2024-06-06 13:30:15.611   981-4478  CaptureSession          com.allride.buses                    D  Issuing request for session.
2024-06-06 13:30:15.611   981-4478  Camera2Cap...estBuilder com.allride.buses                    D  createCaptureRequest
2024-06-06 13:30:15.616   981-4478  Camera2CameraImpl       com.allride.buses                    D  {Camera@bbb9b2a[id=0]} Issue capture request
2024-06-06 13:30:15.616   981-4478  CaptureSession          com.allride.buses                    D  Issuing capture request.
2024-06-06 13:30:15.619   981-4478  Camera2Cap...estBuilder com.allride.buses                    D  createCaptureRequest
2024-06-06 13:30:15.779   981-981   ViewReaderQR            com.allride.buses                    D  barcodeScanner: 8804d83128a5f52c8cf9572adce8b5d0c15c2ed9f9152e3fb0c7d43f6091e51337f859645ac1885965881522824fc4248bca48a9212afc1bbd0fefc670b563dc653ff52433d83952fafcf397
2024-06-06 13:30:15.779   981-981   ViewReaderQR            com.allride.buses                    D  onPauseCamera
2024-06-06 13:30:15.780   981-981   ActiveDepa...eViewModel com.allride.buses                    D  onlineValidationQR: 8804d83128a5f52c8cf9572adce8b5d0c15c2ed9f9152e3fb0c7d43f6091e51337f859645ac1885965881522824fc4248bca48a9212afc1bbd0fefc670b563dc653ff52433d83952fafcf397
2024-06-06 13:30:15.782   981-981   ActiveDepa...eViewModel com.allride.buses                    D  Pre validatePassenger {"communityId":"653fd68233d83952fafcd4be","timezone":"America/Santiago","validationInternalId":"c61825ee-faea-4d09-9b65-c8078bcc93f8","validationLat":-34.3941116,"validationLon":-70.7812883,"validationString":"8804d83128a5f52c8cf9572adce8b5d0c15c2ed9f9152e3fb0c7d43f6091e51337f859645ac1885965881522824fc4248bca48a9212afc1bbd0fefc670b563dc653ff52433d83952fafcf397"}
2024-06-06 13:30:15.784   981-4478  Camera2CameraImpl       com.allride.buses                    D  {Camera@bbb9b2a[id=0]} Use case androidx.camera.core.ImageAnalysis-f8fc32ee-2327-4682-9398-afab111f6113148588097 INACTIVE
2024-06-06 13:30:15.784   981-4478  UseCaseAttachState      com.allride.buses                    D  Active and attached use case: [androidx.camera.core.ImageCapture-7135f659-eaa9-49e3-a0f2-00e8cac596cc124848424, androidx.camera.core.Preview-989b1fa6-f135-4a1c-93a8-11126d498c9c224394059] for camera: 0
2024-06-06 13:30:15.787   981-4478  CaptureSession          com.allride.buses                    D  Attempting to submit CaptureRequest after setting
2024-06-06 13:30:15.787   981-4478  CaptureSession          com.allride.buses                    D  Issuing request for session.
2024-06-06 13:30:15.787   981-4478  Camera2Cap...estBuilder com.allride.buses                    D  createCaptureRequest
2024-06-06 13:30:16.144   981-31454 AllRideDepartureService com.allride.buses                    I  getAccessToken 9f42e9e86984b85f2c3f6d0d3f4167be3311016ed4cd10f79e28a539350175f07ff7fa221a22158e0bbae1d194386357fc0a59ee7379d29cca95d6235382f99a
2024-06-06 13:30:16.540   981-31454 AllRideDepartureService com.allride.buses                    I  Response Code > 200
2024-06-06 13:30:16.541   981-31454 AllRideDepartureService com.allride.buses                    I  URL > Request{method=POST, url=https://stage.allrideapp.com/api/v2/pb/driver/departures/validate, tags={class retrofit2.Invocation=com.allride.buses.api.AllRideAPI.validatePassenger() [com.allride.buses.api.AllRideAPI$ValidatePassengerData@d29fc18]}}
2024-06-06 13:30:16.556   981-981   ActiveDepa...eViewModel com.allride.buses                    D  Success validatePassenger {"assignedSeat":"","communityId":"653fd601f90509541a748683","createdAt":"Jun 6, 2024 1:30:16 PM","departureId":"6661f1e864b9a1f5a2e3033b","_id":"6661f22864b9a1f5a2e3044f","isDNI":false,"lat":-34.39411,"latitude":-34.39411,"loc":{"float1":-70.78129,"float2":-34.39411},"lon":-70.78129,"longitude":-70.78129,"qrCode":"","reason":["timestamp"],"remainingTickets":0,"routeId":"65e8827b110e5655e1583a45","synced":true,"token":"","userId":"653ff52433d83952fafcf397","validated":true}
2024-06-06 13:30:16.575   981-981   ActiveDepa...eViewModel com.allride.buses                    D  Observer legType service
2024-06-06 13:30:16.575   981-981   ActiveDepa...eViewModel com.allride.buses                    D  addSource offlineMessage currentDeparture
2024-06-06 13:30:16.575   981-981   ActiveDepa...eViewModel com.allride.buses                    D  addSource checkPendingOfflineSync false false
2024-06-06 13:30:16.577   981-981   ActiveDepa...eViewModel com.allride.buses                    D  Observer legType service
2024-06-06 13:30:16.577   981-981   ActiveDepa...eViewModel com.allride.buses                    D  addSource offlineMessage currentDeparture
2024-06-06 13:30:16.577   981-981   ActiveDepa...eViewModel com.allride.buses                    D  addSource checkPendingOfflineSync false false
2024-06-06 13:30:16.577   981-981   UfReader                com.allride.buses                    D  positiveBeep
2024-06-06 13:30:16.578   981-981   UfReader                com.allride.buses                    D  positiveBeep: status 80 -> UFR_COMMUNICATION_BREAK
2024-06-06 13:30:16.737   981-31470 ActiveDepa...eViewModel com.allride.buses                    D  SocketClient - current : {"color":"2E7D32","capacity":3}
2024-06-06 13:30:16.738   981-31470 DepartureProvider       com.allride.buses                    D  setCapacity 3
2024-06-06 13:30:16.929   981-4485  CameraController        com.allride.buses                    D  Tap to focus onSuccess: false
2024-06-06 13:30:17.039   981-31475 ActiveDepa...eViewModel com.allride.buses                    D  SocketClient - newDriverPosition: {"departureId":"6661f1e864b9a1f5a2e3033b","routeId":"65e8827b110e5655e1583a45","location":{"latitude":-34.3941124,"longitude":-70.7812937,"speed":0.14508395,"source":null},"busId":"ABCD12","state":"service","plate":"ABCD12","code":"1111","driverName":"Conductor Regular"}
2024-06-06 13:30:17.043   981-31476 ActiveDepa...eViewModel com.allride.buses                    D  SocketClient - newPosition : {"latitude":-34.3941124,"longitude":-70.7812937}
2024-06-06 13:30:17.491   981-981   InputEventReceiver      com.allride.buses                    W  Attempted to finish an input event but the input event receiver has already been disposed.
2024-06-06 13:30:17.491   981-981   CapturePas...erActivity com.allride.buses                    D  hideDialogValidation
2024-06-06 13:30:17.491   981-981   CapturePas...erActivity com.allride.buses                    D  onResumeCamera
2024-06-06 13:30:17.491   981-981   ViewReaderQR            com.allride.buses                    D  onResumeCamera
2024-06-06 13:30:17.491   981-981   ViewReaderQR            com.allride.buses                    D  startQRAnalysis
2024-06-06 13:30:17.492   981-981   UfReader                com.allride.buses                    D  openReader
2024-06-06 13:30:17.493   981-4478  Camera2CameraImpl       com.allride.buses                    D  {Camera@bbb9b2a[id=0]} Use case androidx.camera.core.ImageAnalysis-f8fc32ee-2327-4682-9398-afab111f6113148588097 ACTIVE
2024-06-06 13:30:17.494   981-981   UfReader                com.allride.buses                    D  openReader: status 84 -> UFR_READER_OPENING_ERROR
2024-06-06 13:30:17.496   981-4478  UseCaseAttachState      com.allride.buses                    D  Active and attached use case: [androidx.camera.core.ImageCapture-7135f659-eaa9-49e3-a0f2-00e8cac596cc124848424, androidx.camera.core.Preview-989b1fa6-f135-4a1c-93a8-11126d498c9c224394059, androidx.camera.core.ImageAnalysis-f8fc32ee-2327-4682-9398-afab111f6113148588097] for camera: 0
2024-06-06 13:30:17.499   981-4478  CaptureSession          com.allride.buses                    D  Attempting to submit CaptureRequest after setting
2024-06-06 13:30:17.499   981-4478  CaptureSession          com.allride.buses                    D  Issuing request for session.
2024-06-06 13:30:17.499   981-4478  Camera2Cap...estBuilder com.allride.buses                    D  createCaptureRequest
2024-06-06 13:30:17.663   981-981   InputEventReceiver      com.allride.buses                    W  Attempted to finish an input event but the input event receiver has already been disposed.
2024-06-06 13:30:17.663   981-981   CapturePas...erActivity com.allride.buses                    D  hideDialogValidation
2024-06-06 13:30:17.663   981-981   CapturePas...erActivity com.allride.buses                    D  onResumeCamera
2024-06-06 13:30:17.663   981-981   ViewReaderQR            com.allride.buses                    D  onResumeCamera
2024-06-06 13:30:17.663   981-981   ViewReaderQR            com.allride.buses                    D  startQRAnalysis
2024-06-06 13:30:17.664   981-981   UfReader                com.allride.buses                    D  openReader
2024-06-06 13:30:17.664   981-981   UfReader                com.allride.buses                    D  openReader: status 84 -> UFR_READER_OPENING_ERROR
2024-06-06 13:30:20.648   981-4478  Camera2CameraImpl       com.allride.buses                    D  {Camera@bbb9b2a[id=0]} Issue capture request
2024-06-06 13:30:20.648   981-4478  CaptureSession          com.allride.buses                    D  Issuing capture request.
2024-06-06 13:30:20.670   981-4478  Camera2Cap...estBuilder com.allride.buses                    D  createCaptureRequest
2024-06-06 13:30:20.682   981-4478  UseCaseAttachState      com.allride.buses                    D  Active and attached use case: [androidx.camera.core.ImageCapture-7135f659-eaa9-49e3-a0f2-00e8cac596cc124848424, androidx.camera.core.Preview-989b1fa6-f135-4a1c-93a8-11126d498c9c224394059, androidx.camera.core.ImageAnalysis-f8fc32ee-2327-4682-9398-afab111f6113148588097] for camera: 0
2024-06-06 13:30:20.713   981-4478  CaptureSession          com.allride.buses                    D  Attempting to submit CaptureRequest after setting
2024-06-06 13:30:20.713   981-4478  CaptureSession          com.allride.buses                    D  Issuing request for session.
2024-06-06 13:30:20.714   981-4478  Camera2Cap...estBuilder com.allride.buses                    D  createCaptureRequest
2024-06-06 13:30:22.951   981-981   ConnectivityReceiver    com.allride.buses                    D  onReceive false
2024-06-06 13:30:23.114   981-31637 SocketClient            com.allride.buses                    D  Socket error
2024-06-06 13:30:23.117   981-31637 SocketClient            com.allride.buses                    D  Socket disconnected
2024-06-06 13:30:23.120   981-981   ServiceConnectivity     com.allride.buses                    D  socketUpdateReceiver onReceive stateSocket EVENT_ERROR false
2024-06-06 13:30:23.120   981-981   ServiceConnectivity     com.allride.buses                    D  sendNotifyConnectivity false
2024-06-06 13:30:23.121   981-981   DepartureProvider       com.allride.buses                    I  getActiveDeparture
2024-06-06 13:30:23.185   981-981   CameraOrientationUtil   com.allride.buses                    D  getRelativeImageRotation: destRotationDegrees=0, sourceRotationDegrees=90, isOppositeFacing=true, result=90
2024-06-06 13:30:23.196   981-981   CameraOrientationUtil   com.allride.buses                    D  getRelativeImageRotation: destRotationDegrees=0, sourceRotationDegrees=90, isOppositeFacing=true, result=90
2024-06-06 13:30:23.204   981-981   CameraOrientationUtil   com.allride.buses                    D  getRelativeImageRotation: destRotationDegrees=0, sourceRotationDegrees=90, isOppositeFacing=true, result=90
2024-06-06 13:30:23.213   981-981   CameraOrientationUtil   com.allride.buses                    D  getRelativeImageRotation: destRotationDegrees=0, sourceRotationDegrees=90, isOppositeFacing=true, result=90
2024-06-06 13:30:23.215   981-981   CameraOrientationUtil   com.allride.buses                    D  getRelativeImageRotation: destRotationDegrees=0, sourceRotationDegrees=90, isOppositeFacing=true, result=90
2024-06-06 13:30:24.051   981-981   DepartureProvider       com.allride.buses                    I  getActiveDeparture
2024-06-06 13:30:24.081   981-981   ActiveDepa...eViewModel com.allride.buses                    D  socketUpdateReceiver onReceive EVENT_GPS_NEW_POSITION [-34.3941098,-70.7813077]
2024-06-06 13:30:24.544   981-31660 SocketClient            com.allride.buses                    D  Socket reconnecting
2024-06-06 13:30:24.582   981-31664 SocketClient            com.allride.buses                    D  Socket connect error
2024-06-06 13:30:25.288   981-981   ConnectivityReceiver    com.allride.buses                    D  onReceive true
2024-06-06 13:30:25.946   981-31715 SocketClient            com.allride.buses                    D  Socket reconnecting
2024-06-06 13:30:26.414   981-1017  m.allride.buse          com.allride.buses                    I  NativeAlloc concurrent copying GC freed 316713(11MB) AllocSpace objects, 22(440KB) LOS objects, 35% free, 43MB/67MB, paused 88us,740us total 259.358ms
2024-06-06 13:30:26.627   981-31731 SocketClient            com.allride.buses                    D  Socket reconnected
2024-06-06 13:30:26.647   981-981   CameraOrientationUtil   com.allride.buses                    D  getRelativeImageRotation: destRotationDegrees=0, sourceRotationDegrees=90, isOppositeFacing=true, result=90
2024-06-06 13:30:26.655   981-981   CameraOrientationUtil   com.allride.buses                    D  getRelativeImageRotation: destRotationDegrees=0, sourceRotationDegrees=90, isOppositeFacing=true, result=90
2024-06-06 13:30:26.657   981-981   CameraOrientationUtil   com.allride.buses                    D  getRelativeImageRotation: destRotationDegrees=0, sourceRotationDegrees=90, isOppositeFacing=true, result=90
2024-06-06 13:30:26.659   981-981   CameraOrientationUtil   com.allride.buses                    D  getRelativeImageRotation: destRotationDegrees=0, sourceRotationDegrees=90, isOppositeFacing=true, result=90
2024-06-06 13:30:26.660   981-981   CameraOrientationUtil   com.allride.buses                    D  getRelativeImageRotation: destRotationDegrees=0, sourceRotationDegrees=90, isOppositeFacing=true, result=90
2024-06-06 13:30:26.671   981-981   ServiceConnectivity     com.allride.buses                    D  socketUpdateReceiver onReceive stateSocket EVENT_RECONNECT true
2024-06-06 13:30:26.703   981-981   ServiceConnectivity     com.allride.buses                    I  checkSyncOffline current deviceHistory - [offline=false, images=false, departure=false, deviceHistory=true, driverMuc=false]
2024-06-06 13:30:26.734   981-981   ServiceConnectivity     com.allride.buses                    D  Pre saveDeviceHistoryConnection: 1 - {"states":[{"activity":"TripService","createdAt":"Jun 6, 2024 1:30:23 PM","departureId":"6661f1e864b9a1f5a2e3033b","_id":"c7dd56a0-8631-45ed-8b64-93b52aa2e0f2","type":"SOCKET_EVENT_DISCONNECT"}]}
2024-06-06 13:30:26.735   981-981   ServiceConnectivity     com.allride.buses                    D  sendNotifyConnectivity true
2024-06-06 13:30:26.823   981-31734 TripActivity            com.allride.buses                    I  Starting departure socket
2024-06-06 13:30:26.823   981-31734 SocketClient            com.allride.buses                    D  Socket connected
2024-06-06 13:30:27.097   981-30833 AllRideCommunityService com.allride.buses                    I  getAccessToken e920cc7af564caac331b95f5dba52ec9ba6492bfc4108346d81ba080c37742c4b6c23d017a028e5fb56ee6fff7df014a3f13b32e9d0695999739fe5980561215
2024-06-06 13:30:27.184   981-981   IStopCheckProvider      com.allride.buses                    D  Success getAll: 0
2024-06-06 13:30:27.459   981-30833 AllRideCommunityService com.allride.buses                    I  getAccessToken e920cc7af564caac331b95f5dba52ec9ba6492bfc4108346d81ba080c37742c4b6c23d017a028e5fb56ee6fff7df014a3f13b32e9d0695999739fe5980561215
2024-06-06 13:30:27.459   981-30833 AllRideCommunityService com.allride.buses                    I  Response Code > 200
2024-06-06 13:30:27.460   981-30833 AllRideCommunityService com.allride.buses                    I  URL > Request{method=POST, url=https://stage.allrideapp.com/api/v2/pb/driver/departure/device/history, tags={class retrofit2.Invocation=com.allride.buses.api.AllRideAPI.saveDeviceHistoryConnection() [com.allride.buses.api.AllRideAPI$HistoryUse@7503a8]}}
2024-06-06 13:30:27.577   981-981   ServiceConnectivity     com.allride.buses                    I  checkSyncOffline dataList isEmpty
2024-06-06 13:30:27.583   981-981   ServiceConnectivity     com.allride.buses                    D  Success saveDeviceHistoryConnection: 1 - {"states":[{"activity":"TripService","createdAt":"Jun 6, 2024 1:30:23 PM","departureId":"6661f1e864b9a1f5a2e3033b","_id":"c7dd56a0-8631-45ed-8b64-93b52aa2e0f2","type":"SOCKET_EVENT_DISCONNECT"}]}
2024-06-06 13:30:27.976   981-981   ViewReaderQR            com.allride.buses                    D  barcodeScanner: 8804d83128a5f52c8cf9572adce8b5d0c15c2ed9f9152e3fb0c7d43f6091e51337f859645ac1885965881522824fc4248bca48a9212afc1bbd0fefc670b563dc653ff52433d83952fafcf397
2024-06-06 13:30:27.976   981-981   ViewReaderQR            com.allride.buses                    D  onPauseCamera
2024-06-06 13:30:27.976   981-981   ActiveDepa...eViewModel com.allride.buses                    D  onlineValidationQR: 8804d83128a5f52c8cf9572adce8b5d0c15c2ed9f9152e3fb0c7d43f6091e51337f859645ac1885965881522824fc4248bca48a9212afc1bbd0fefc670b563dc653ff52433d83952fafcf397
2024-06-06 13:30:27.977   981-4485  Camera2CameraImpl       com.allride.buses                    D  {Camera@bbb9b2a[id=0]} Use case androidx.camera.core.ImageAnalysis-f8fc32ee-2327-4682-9398-afab111f6113148588097 INACTIVE
2024-06-06 13:30:27.978   981-4485  UseCaseAttachState      com.allride.buses                    D  Active and attached use case: [androidx.camera.core.ImageCapture-7135f659-eaa9-49e3-a0f2-00e8cac596cc124848424, androidx.camera.core.Preview-989b1fa6-f135-4a1c-93a8-11126d498c9c224394059] for camera: 0
2024-06-06 13:30:27.979   981-981   ActiveDepa...eViewModel com.allride.buses                    D  Pre validatePassenger {"communityId":"653fd68233d83952fafcd4be","timezone":"America/Santiago","validationInternalId":"cb5dd3bf-dcfc-4043-9490-5bcaeeb745a1","validationLat":-34.3941098,"validationLon":-70.7813077,"validationString":"8804d83128a5f52c8cf9572adce8b5d0c15c2ed9f9152e3fb0c7d43f6091e51337f859645ac1885965881522824fc4248bca48a9212afc1bbd0fefc670b563dc653ff52433d83952fafcf397"}
2024-06-06 13:30:27.980   981-4485  CaptureSession          com.allride.buses                    D  Attempting to submit CaptureRequest after setting
2024-06-06 13:30:27.980   981-4485  CaptureSession          com.allride.buses                    D  Issuing request for session.
2024-06-06 13:30:27.980   981-4485  Camera2Cap...estBuilder com.allride.buses                    D  createCaptureRequest
2024-06-06 13:30:28.305   981-31751 AllRideDepartureService com.allride.buses                    I  getAccessToken 9f42e9e86984b85f2c3f6d0d3f4167be3311016ed4cd10f79e28a539350175f07ff7fa221a22158e0bbae1d194386357fc0a59ee7379d29cca95d6235382f99a
2024-06-06 13:30:28.698   981-31751 AllRideDepartureService com.allride.buses                    I  Response Code > 200
2024-06-06 13:30:28.699   981-31751 AllRideDepartureService com.allride.buses                    I  URL > Request{method=POST, url=https://stage.allrideapp.com/api/v2/pb/driver/departures/validate, tags={class retrofit2.Invocation=com.allride.buses.api.AllRideAPI.validatePassenger() [com.allride.buses.api.AllRideAPI$ValidatePassengerData@2d329aa]}}
2024-06-06 13:30:28.717   981-981   ActiveDepa...eViewModel com.allride.buses                    D  Success validatePassenger {"assignedSeat":"","communityId":"653fd601f90509541a748683","createdAt":"Jun 6, 2024 1:30:28 PM","departureId":"6661f1e864b9a1f5a2e3033b","_id":"6661f23464b9a1f5a2e30474","isDNI":false,"lat":-34.39411,"latitude":-34.39411,"loc":{"float1":-70.78131,"float2":-34.39411},"lon":-70.78131,"longitude":-70.78131,"qrCode":"","reason":["timestamp"],"remainingTickets":0,"routeId":"65e8827b110e5655e1583a45","synced":true,"token":"","userId":"653ff52433d83952fafcf397","validated":true}
2024-06-06 13:30:28.738   981-981   ActiveDepa...eViewModel com.allride.buses                    D  Observer legType service
2024-06-06 13:30:28.738   981-981   ActiveDepa...eViewModel com.allride.buses                    D  addSource offlineMessage currentDeparture
2024-06-06 13:30:28.738   981-981   ActiveDepa...eViewModel com.allride.buses                    D  addSource checkPendingOfflineSync false false
2024-06-06 13:30:28.746   981-981   ActiveDepa...eViewModel com.allride.buses                    D  Observer legType service
2024-06-06 13:30:28.746   981-981   ActiveDepa...eViewModel com.allride.buses                    D  addSource offlineMessage currentDeparture
2024-06-06 13:30:28.746   981-981   ActiveDepa...eViewModel com.allride.buses                    D  addSource checkPendingOfflineSync false false
2024-06-06 13:30:28.751   981-981   UfReader                com.allride.buses                    D  positiveBeep
2024-06-06 13:30:28.752   981-981   UfReader                com.allride.buses                    D  positiveBeep: status 80 -> UFR_COMMUNICATION_BREAK
2024-06-06 13:30:28.906   981-31767 ActiveDepa...eViewModel com.allride.buses                    D  SocketClient - current : {"color":"2E7D32","capacity":3}
2024-06-06 13:30:28.906   981-31767 DepartureProvider       com.allride.buses                    D  setCapacity 3
2024-06-06 13:30:29.158   981-1024  OpenGLRenderer          com.allride.buses                    I  Davey! duration=9223365548070ms; Flags=2, FrameTimelineVsyncId=353096, IntendedVsync=6488783933441, Vsync=6488783933441, InputEventId=0, HandleInputStart=6488783933441, AnimationStart=6488783933441, PerformTraversalsStart=6488783933441, DrawStart=6488783933441, FrameDeadline=6488800600107, FrameInterval=0, FrameStartTime=16666666, SyncQueued=6488797721586, SyncStart=6488797722367, IssueDrawCommandsStart=6488797787628, SwapBuffers=6488798826274, FrameCompleted=9223372036854775807, DequeueBufferDuration=10208, QueueBufferDuration=486198, GpuCompleted=9223372036854775807, SwapBuffersCompleted=6488799564919, DisplayPresentTime=1463082477055357189, 
2024-06-06 13:30:29.566   981-981   InputEventReceiver      com.allride.buses                    W  Attempted to finish an input event but the input event receiver has already been disposed.
2024-06-06 13:30:29.566   981-981   CapturePas...erActivity com.allride.buses                    D  hideDialogValidation
2024-06-06 13:30:29.566   981-981   CapturePas...erActivity com.allride.buses                    D  onResumeCamera
2024-06-06 13:30:29.566   981-981   ViewReaderQR            com.allride.buses                    D  onResumeCamera
2024-06-06 13:30:29.566   981-981   ViewReaderQR            com.allride.buses                    D  startQRAnalysis
2024-06-06 13:30:29.567   981-981   UfReader                com.allride.buses                    D  openReader
2024-06-06 13:30:29.568   981-981   UfReader                com.allride.buses                    D  openReader: status 84 -> UFR_READER_OPENING_ERROR
2024-06-06 13:30:29.570   981-4478  Camera2CameraImpl       com.allride.buses                    D  {Camera@bbb9b2a[id=0]} Use case androidx.camera.core.ImageAnalysis-f8fc32ee-2327-4682-9398-afab111f6113148588097 ACTIVE
2024-06-06 13:30:29.574   981-4478  UseCaseAttachState      com.allride.buses                    D  Active and attached use case: [androidx.camera.core.ImageCapture-7135f659-eaa9-49e3-a0f2-00e8cac596cc124848424, androidx.camera.core.Preview-989b1fa6-f135-4a1c-93a8-11126d498c9c224394059, androidx.camera.core.ImageAnalysis-f8fc32ee-2327-4682-9398-afab111f6113148588097] for camera: 0
2024-06-06 13:30:29.585   981-4478  CaptureSession          com.allride.buses                    D  Attempting to submit CaptureRequest after setting
2024-06-06 13:30:29.585   981-4478  CaptureSession          com.allride.buses                    D  Issuing request for session.
2024-06-06 13:30:29.585   981-4478  Camera2Cap...estBuilder com.allride.buses                    D  createCaptureRequest
2024-06-06 13:30:29.742   981-981   InputEventReceiver      com.allride.buses                    W  Attempted to finish an input event but the input event receiver has already been disposed.
2024-06-06 13:30:29.742   981-981   CapturePas...erActivity com.allride.buses                    D  hideDialogValidation
2024-06-06 13:30:29.742   981-981   CapturePas...erActivity com.allride.buses                    D  onResumeCamera
2024-06-06 13:30:29.742   981-981   ViewReaderQR            com.allride.buses                    D  onResumeCamera
2024-06-06 13:30:29.742   981-981   ViewReaderQR            com.allride.buses                    D  startQRAnalysis
2024-06-06 13:30:29.742   981-981   UfReader                com.allride.buses                    D  openReader
2024-06-06 13:30:29.743   981-981   UfReader                com.allride.buses                    D  openReader: status 84 -> UFR_READER_OPENING_ERROR
2024-06-06 13:30:30.086   981-981   ViewReaderQR            com.allride.buses                    D  barcodeScanner: 8804d83128a5f52c8cf9572adce8b5d0c15c2ed9f9152e3fb0c7d43f6091e51337f859645ac1885965881522824fc4248bca48a9212afc1bbd0fefc670b563dc653ff52433d83952fafcf397
2024-06-06 13:30:30.087   981-981   ViewReaderQR            com.allride.buses                    D  onPauseCamera
2024-06-06 13:30:30.089   981-4485  Camera2CameraImpl       com.allride.buses                    D  {Camera@bbb9b2a[id=0]} Use case androidx.camera.core.ImageAnalysis-f8fc32ee-2327-4682-9398-afab111f6113148588097 INACTIVE
2024-06-06 13:30:30.090   981-4485  UseCaseAttachState      com.allride.buses                    D  Active and attached use case: [androidx.camera.core.ImageCapture-7135f659-eaa9-49e3-a0f2-00e8cac596cc124848424, androidx.camera.core.Preview-989b1fa6-f135-4a1c-93a8-11126d498c9c224394059] for camera: 0
2024-06-06 13:30:30.100   981-4485  CaptureSession          com.allride.buses                    D  Attempting to submit CaptureRequest after setting
2024-06-06 13:30:30.100   981-4485  CaptureSession          com.allride.buses                    D  Issuing request for session.
2024-06-06 13:30:30.101   981-4485  Camera2Cap...estBuilder com.allride.buses                    D  createCaptureRequest
2024-06-06 13:30:32.484   981-981   CameraController        com.allride.buses                    D  Tap to focus started: 783.2748, 1070.4423
2024-06-06 13:30:32.485   981-981   ViewReaderQR            com.allride.buses                    D  onReFocusCamera
