2024-07-09 12:42:13.932 24717-24717 connectionService       com.allride.buses                    D  sendNotifyConnectivity false
2024-07-09 12:42:13.933 24717-24717 connectionService       com.allride.buses                    D  checkPendingOfflineSync true false false
2024-07-09 12:42:13.933 24717-24717 connectionService       com.allride.buses                    D  sendNotifyPendingOfflineSync false - Tienes una salida pendiente de sincronizacin
2024-07-09 12:42:13.981 24717-24717 connectionService       com.allride.buses                    I  checkSyncOffline current 'offline' : [offline=true, images=false, departure=false, deviceHistory=true, driverMuc=false]
2024-07-09 12:42:14.002 24717-24717 IStopCheckProvider      com.allride.buses                    D  Success getAll: 0
2024-07-09 12:42:14.002 24717-24717 connectionService       com.allride.buses                    D  Pre syncDepartures: departures 1 - validations 2 - checkStops 0 - events 0
2024-07-09 12:42:14.050 24717-24717 connectionService       com.allride.buses                    D  Pre syncDepartures: departure e1075709-6e75-499e-83a4-5ba8982daf1a {"active":true,"boardings":0,"busCode":"1111","canResume":false,"capacity":5,"communities":["653fd601f90509541a748683"],"communityId":"653fd601f90509541a748683","createdAt":"Jul 9, 2024 12:41:57 PM","customParams":[],"customParamsAtTheEnd":[],"direction":"","driverCode":"159159","driverId":"668309b8bb41bfd79a461dc3","drivers":[],"enabledSeats":[{"available":true,"_id":"2931b641-4309-4fa1-9cf1-749b4685d682","seat":"1","userId":""},{"available":true,"_id":"ba6e3df5-1633-4993-ba89-add1f067c47d","seat":"2","userId":""},{"available":true,"_id":"3251c6ce-0848-4c3f-9fba-06268fa25b70","seat":"3","userId":""},{"available":true,"_id":"0b9eedd6-4e23-4ff9-a7f8-a62f79d7c252","seat":"4","userId":""},{"available":true,"_id":"31268509-bd46-4fb4-b70b-f8f510023b44","seat":"5","userId":""}],"estimatedDistance":0,"_id":"","internal":false,"legs":[{"customParamsAtStart":[],"customParamsAtTheEnd":[],"driverId":"668309b8bb41bfd79a461dc3","preTripChecklist":[],"realStartLocation":{"_id":"","internalId":"b994da08-1c0c-46e7-9b20-9285b0205ca4","lat":-34.394093,"lon":-70.78136},"startedAt":"Jul 9, 2024 12:41:57 PM","type":"service"}],"name":"","odd":false,"oddType":"","offlineSync":{"historical":[],"internalId":"e1075709-6e75-499e-83a4-5ba8982daf1a","synced":false},"passengersLinked":[],"passengersToLink":[],"preTripChecklist":[],"previouslyActive":false,"realStartLocation":{"_id":"","internalId":"a1691a21-b8c0-43c5-8ac1-43790134cdbe","lat":-34.394093,"lon":-70.78136},"reason":"","reservations":[],"rounds":0,"routeId":"65afaf24460a727c5449987c","scheduled":false,"startCapacity":5,"startLocation":{"_id":"","internalId":"b994da08-1c0c-46e7-9b20-9285b0205ca4","lat":-34.394093,"lon":-70.78136},"startedAt":"Jul 9, 2024 12:41:57 PM","state":"","superCommunityId":"653fd68233d83952fafcd4be","tickets":0,"token":"","unboardings":0,"validations":[],"vehicleId":"666941a7b8d6ea30f9281110"}
2024-07-09 12:42:14.055 24717-24717 MapActivity             com.allride.buses                    D  showLoading false
2024-07-09 12:42:14.056 24717-24717 MapActivity             com.allride.buses                    D  ActiveDepartureViewModel typeMap regular
2024-07-09 12:42:14.056 24717-24717 MapActivity             com.allride.buses                    D  ActiveDepartureViewModel capacity 5
2024-07-09 12:42:14.057 24717-24717 MapActivity             com.allride.buses                    D  ActiveDepartureViewModel capacityColor 2E7D32
2024-07-09 12:42:14.070 24717-24717 MapActivity             com.allride.buses                    D  showLoading false
2024-07-09 12:42:14.071 24717-24717 Utils                   com.allride.buses                    D  startConnectivityService is exits - MainActivity
2024-07-09 12:42:14.136 24717-13993 connectionService       com.allride.buses                    E  Error syncDepartures: Unable to resolve host "stage.allrideapp.com": No address associated with hostname
2024-07-09 12:42:14.166 24717-24717 MapActivity             com.allride.buses                    D  setupBroadcastReceiver onReceive connectivity false
2024-07-09 12:42:14.169 24717-24717 MapActivity             com.allride.buses                    D  setupBroadcastReceiver onReceive pendingOfflineSync false
2024-07-09 12:42:14.380 24717-24717 TripService             com.allride.buses                    E  Error send event 'newPosition' socket: sharingLocation true - socket null - [-34.394094,-70.7813563]
2024-07-09 12:42:14.381 24717-24717 TripService             com.allride.buses                    D  Difference last seconds 5 - distance 0.0 - velocity 0.0
2024-07-09 12:42:14.381 24717-24717 TripService             com.allride.buses                    D  *** checkStopsLocally [-34.394094,-70.7813563] ***
2024-07-09 12:42:14.381 24717-24717 TripService             com.allride.buses                    I  checkStopsLocally nearby 65e86c6267149fcca382630a - distance 92281.84
2024-07-09 12:42:14.382 24717-24717 TripService             com.allride.buses                    D  socketUpdateReceiver onReceive newPosition
2024-07-09 12:42:14.382 24717-24717 ActiveDepa...eViewModel com.allride.buses                    D  socketUpdateReceiver onReceive EVENT_GPS_NEW_POSITION [-34.394094,-70.7813563]
2024-07-09 12:42:14.593 24717-24717 SurfaceViewImpl         com.allride.buses                    D  Surface destroyed.
2024-07-09 12:42:14.593 24717-24717 SurfaceViewImpl         com.allride.buses                    D  Surface invalidated androidx.camera.core.SurfaceRequest@622027f
2024-07-09 12:42:14.594 24717-24717 DeferrableSurface       com.allride.buses                    D  surface closed,  useCount=1 closed=true androidx.camera.core.SurfaceRequest$2@677f24c
2024-07-09 12:42:14.607 24717-28232 BufferQueueProducer     com.allride.buses                    E  [SurfaceView[com.allride.buses/com.allride.buses.ui.view.activities.drivers.CapturePassengerActivity]#84(BLAST Consumer)84](id:608d00000066,api:4,p:1389,c:24717) dequeueBuffer: BufferQueue has been abandoned
2024-07-09 12:42:14.617 24717-27439 Camera2CameraImpl       com.allride.buses                    D  {Camera@321c71f[id=0]} Use cases [androidx.camera.core.Preview-73ec5417-2411-4bc4-8860-aeeae2a5875d220697821, androidx.camera.core.ImageCapture-0751dc92-74f4-43b2-a409-d8cd805fbfc7153348178, androidx.camera.core.ImageAnalysis-9d5ea72d-9d58-447e-b4d4-53bf4ca4acaa108992291] now DETACHED for camera
2024-07-09 12:42:14.617 24717-27439 UseCaseAttachState      com.allride.buses                    D  All use case: [] for camera: 0
2024-07-09 12:42:14.617 24717-27439 Camera2CameraImpl       com.allride.buses                    D  {Camera@321c71f[id=0]} Resetting Capture Session
2024-07-09 12:42:14.620 24717-27439 Camera2CameraImpl       com.allride.buses                    D  {Camera@321c71f[id=0]} Releasing session in state OPENED
2024-07-09 12:42:14.623 24717-27439 UseCaseAttachState      com.allride.buses                    D  Active and attached use case: [] for camera: 0
2024-07-09 12:42:14.627 24717-24717 DeferrableSurface       com.allride.buses                    D  surface closed,  useCount=1 closed=true androidx.camera.core.impl.ImmediateSurface@ede479b
2024-07-09 12:42:14.628 24717-24717 DeferrableSurface       com.allride.buses                    D  surface closed,  useCount=1 closed=true androidx.camera.core.impl.ImmediateSurface@4fc277
2024-07-09 12:42:14.628 24717-27439 UseCaseAttachState      com.allride.buses                    D  Active and attached use case: [] for camera: 0
2024-07-09 12:42:14.628 24717-24717 CapturePas...erActivity com.allride.buses                    D  onDestroyCamera
2024-07-09 12:42:14.632 24717-8522  BufferQueueProducer     com.allride.buses                    E  [SurfaceView[com.allride.buses/com.allride.buses.ui.view.activities.drivers.CapturePassengerActivity]#84(BLAST Consumer)84](id:608d00000066,api:4,p:1389,c:24717) queueBuffer: BufferQueue has been abandoned
2024-07-09 12:42:14.633 24717-27439 Camera2CameraImpl       com.allride.buses                    D  {Camera@321c71f[id=0]} Closing camera.
2024-07-09 12:42:14.634 24717-27439 Camera2CameraImpl       com.allride.buses                    D  {Camera@321c71f[id=0]} Transitioning camera internal state: OPENED --> CLOSING
2024-07-09 12:42:14.637 24717-28232 TextToSpeech            com.allride.buses                    I  Disconnected from TTS engine
2024-07-09 12:42:14.642 24717-27439 CameraStateRegistry     com.allride.buses                    D  Recalculating open cameras:
                                                                                                    Camera                                       State                 
                                                                                                    -------------------------------------------------------------------
                                                                                                    Camera@9e8bb39[id=1]                         UNKNOWN               
                                                                                                    Camera@321c71f[id=0]                         CLOSING               
                                                                                                    -------------------------------------------------------------------
                                                                                                    Open count: 1 (Max allowed: 1)
2024-07-09 12:42:14.642 24717-27439 CameraStateMachine      com.allride.buses                    D  New public camera state CameraState{type=CLOSING, error=null} from CLOSING and null
2024-07-09 12:42:14.643 24717-27439 CameraStateMachine      com.allride.buses                    D  Publishing new public camera state CameraState{type=CLOSING, error=null}
2024-07-09 12:42:14.644 24717-27439 Camera2CameraImpl       com.allride.buses                    D  {Camera@321c71f[id=0]} Resetting Capture Session
2024-07-09 12:42:14.646 24717-27439 Camera2CameraImpl       com.allride.buses                    D  {Camera@321c71f[id=0]} Releasing session in state CLOSING
2024-07-09 12:42:14.646 24717-27439 CaptureSession          com.allride.buses                    D  onSessionFinished()
2024-07-09 12:42:14.648 24717-24717 StreamStateObserver     com.allride.buses                    D  Update Preview stream state to IDLE
2024-07-09 12:42:14.683 24717-24738 BufferQueueProducer     com.allride.buses                    E  [SurfaceView[com.allride.buses/com.allride.buses.ui.view.activities.drivers.CapturePassengerActivity]#84(BLAST Consumer)84](id:608d00000066,api:4,p:1389,c:24717) cancelBuffer: BufferQueue has been abandoned
2024-07-09 12:42:14.685 24717-24738 BufferQueueProducer     com.allride.buses                    E  [SurfaceView[com.allride.buses/com.allride.buses.ui.view.activities.drivers.CapturePassengerActivity]#84(BLAST Consumer)84](id:608d00000066,api:4,p:1389,c:24717) cancelBuffer: BufferQueue has been abandoned
2024-07-09 12:42:14.688 24717-24738 BufferQueueProducer     com.allride.buses                    E  [SurfaceView[com.allride.buses/com.allride.buses.ui.view.activities.drivers.CapturePassengerActivity]#84(BLAST Consumer)84](id:608d00000066,api:4,p:1389,c:24717) cancelBuffer: BufferQueue has been abandoned
2024-07-09 12:42:14.693 24717-8522  BufferQueueProducer     com.allride.buses                    E  [SurfaceView[com.allride.buses/com.allride.buses.ui.view.activities.drivers.CapturePassengerActivity]#84(BLAST Consumer)84](id:608d00000066,api:4,p:1389,c:24717) cancelBuffer: BufferQueue has been abandoned
2024-07-09 12:42:14.696 24717-8522  BufferQueueProducer     com.allride.buses                    E  [SurfaceView[com.allride.buses/com.allride.buses.ui.view.activities.drivers.CapturePassengerActivity]#84(BLAST Consumer)84](id:608d00000066,api:4,p:1389,c:24717) cancelBuffer: BufferQueue has been abandoned
2024-07-09 12:42:14.698 24717-8522  BufferQueueProducer     com.allride.buses                    E  [SurfaceView[com.allride.buses/com.allride.buses.ui.view.activities.drivers.CapturePassengerActivity]#84(BLAST Consumer)84](id:608d00000066,api:4,p:1389,c:24717) cancelBuffer: BufferQueue has been abandoned
2024-07-09 12:42:14.903 24717-27439 UseCaseAttachState      com.allride.buses                    D  Active and attached use case: [] for camera: 0
2024-07-09 12:42:14.907 24717-27439 DeferrableSurface       com.allride.buses                    D  use count-1,  useCount=0 closed=true androidx.camera.core.SurfaceRequest$2@677f24c
2024-07-09 12:42:14.907 24717-27439 DeferrableSurface       com.allride.buses                    D  Surface no longer in use[total_surfaces=3, used_surfaces=2](androidx.camera.core.SurfaceRequest$2@677f24c}
2024-07-09 12:42:14.908 24717-27439 DeferrableSurface       com.allride.buses                    D  Surface terminated[total_surfaces=2, used_surfaces=2](androidx.camera.core.SurfaceRequest$2@677f24c}
2024-07-09 12:42:14.909 24717-27439 DeferrableSurface       com.allride.buses                    D  use count-1,  useCount=0 closed=true androidx.camera.core.impl.ImmediateSurface@ede479b
2024-07-09 12:42:14.909 24717-27439 DeferrableSurface       com.allride.buses                    D  Surface no longer in use[total_surfaces=2, used_surfaces=1](androidx.camera.core.impl.ImmediateSurface@ede479b}
2024-07-09 12:42:14.909 24717-27439 DeferrableSurface       com.allride.buses                    D  Surface terminated[total_surfaces=1, used_surfaces=1](androidx.camera.core.impl.ImmediateSurface@ede479b}
2024-07-09 12:42:14.910 24717-27439 DeferrableSurface       com.allride.buses                    D  use count-1,  useCount=0 closed=true androidx.camera.core.impl.ImmediateSurface@4fc277
2024-07-09 12:42:14.910 24717-24717 SurfaceViewImpl         com.allride.buses                    D  Safe to release surface.
2024-07-09 12:42:14.910 24717-27439 DeferrableSurface       com.allride.buses                    D  Surface no longer in use[total_surfaces=1, used_surfaces=0](androidx.camera.core.impl.ImmediateSurface@4fc277}
2024-07-09 12:42:14.910 24717-27439 DeferrableSurface       com.allride.buses                    D  Surface terminated[total_surfaces=0, used_surfaces=0](androidx.camera.core.impl.ImmediateSurface@4fc277}
2024-07-09 12:42:14.912 24717-27439 Camera2CameraImpl       com.allride.buses                    D  {Camera@321c71f[id=0]} CameraDevice.onClosed()
2024-07-09 12:42:14.914 24717-27439 Camera2CameraImpl       com.allride.buses                    D  {Camera@321c71f[id=0]} Transitioning camera internal state: CLOSING --> INITIALIZED
2024-07-09 12:42:14.917 24717-27439 CameraStateRegistry     com.allride.buses                    D  Recalculating open cameras:
                                                                                                    Camera                                       State                 
                                                                                                    -------------------------------------------------------------------
                                                                                                    Camera@9e8bb39[id=1]                         UNKNOWN               
                                                                                                    Camera@321c71f[id=0]                         CLOSED                
                                                                                                    -------------------------------------------------------------------
                                                                                                    Open count: 0 (Max allowed: 1)
2024-07-09 12:42:14.917 24717-27439 CameraStateMachine      com.allride.buses                    D  New public camera state CameraState{type=CLOSED, error=null} from CLOSED and null
2024-07-09 12:42:14.917 24717-27439 CameraStateMachine      com.allride.buses                    D  Publishing new public camera state CameraState{type=CLOSED, error=null}
2024-07-09 12:42:16.162 24717-24717 Utils                   com.allride.buses                    D  getCommunityFirst auth {"accessToken":"d21e9ea7b01da0863eacef17a69598e85b571b7bd1b06a6ceb780542df2ee1c394c251a687bbba1be45745f121eebd186c66b8f5ca3485825096595049cf0c70","active":true,"canCreateRoutes":false,"code":"159159","communities":["653fd601f90509541a748683","6654ae4eba54fe502d4e4187"],"communityId":"653fd601f90509541a748683","config":{"autoLogout":{"enabled":false,"enum":"afterDepartureEnd","timer":{"amount":0,"unit":"minutes"}}},"device":{"accessToken":"","build":"","communities":[],"communityId":"","_id":"","model":"moto g71 5G","notificationToken":"","superCommunityId":""},"email":"nicolas+conductorsc1@allrideapp.com","hasToChangePassword":false,"_id":"668309b8bb41bfd79a461dc3","name":"Conductor Super Comunidad","refreshToken":"","rtlToken":"f8a9cfd98bf36aac0209af699ed4b5becee67ddddc1af1bca57e22847e00393a28d461fece011e97ea44464229832786d29f2bd19bc7c1c02cd5a23b9d210380","superCommunities":["653fd68233d83952fafcd4be"],"superCommunityId":"653fd68233d83952fafcd4be"}
2024-07-09 12:42:16.162 24717-24717 Utils                   com.allride.buses                    D  getCommunityFirst routeId 65afaf24460a727c5449987c
2024-07-09 12:42:16.173 24717-24717 Utils                   com.allride.buses                    D  getCommunityFirst 1 - 653fd601f90509541a748683 : Pruebas Automatizacin
2024-07-09 12:42:17.154 24717-24717 DialogInternalLeg       com.allride.buses                    D  getParams service - end 0
2024-07-09 12:42:18.022 24717-24717 DepartureProvider       com.allride.buses                    D  updateLegDeparture EndService e1075709-6e75-499e-83a4-5ba8982daf1a
2024-07-09 12:42:18.041 24717-24717 ActiveDepa...eViewModel com.allride.buses                    D  Observer legType service
2024-07-09 12:42:18.041 24717-24717 ActiveDepa...eViewModel com.allride.buses                    D  addSource offlineMessage currentDeparture
2024-07-09 12:42:18.041 24717-24717 ActiveDepa...eViewModel com.allride.buses                    D  addSource checkPendingOfflineSync false true
2024-07-09 12:42:18.042 24717-24717 connectionService       com.allride.buses                    D  checkPendingOfflineSync false true false
2024-07-09 12:42:18.042 24717-24717 connectionService       com.allride.buses                    D  sendNotifyPendingOfflineSync false - Tienes validaciones pendientes de sincronizacin
2024-07-09 12:42:18.042 24717-24717 MapActivity             com.allride.buses                    D  ActiveDepartureViewModel capacity 0
2024-07-09 12:42:18.043 24717-24717 ActiveDepa...eViewModel com.allride.buses                    D  typeMap null
2024-07-09 12:42:18.043 24717-24717 MapActivity             com.allride.buses                    D  ActiveDepartureViewModel typeMap loading
2024-07-09 12:42:18.043 24717-24717 MapActivity             com.allride.buses                    D  showLoading true
2024-07-09 12:42:18.044 24717-24717 ActiveDepa...eViewModel com.allride.buses                    D  currentStop departure IS NULL
2024-07-09 12:42:18.045 24717-24717 ActiveDepa...eViewModel com.allride.buses                    D  stopDeparture
2024-07-09 12:42:18.049 24717-24717 TripService             com.allride.buses                    I  Stopping service
2024-07-09 12:42:18.049 24717-24717 SocketClient            com.allride.buses                    I  STOPPING SOCKET
2024-07-09 12:42:18.090 24717-13993 connectionService       com.allride.buses                    E  Error getStatisticsDeparture: Unable to resolve host "stage.allrideapp.com": No address associated with hostname
2024-07-09 12:42:18.142 24717-24896 OpenGLRenderer          com.allride.buses                    D  endAllActiveAnimators on 0xb400007a448ffa00 (RippleDrawable) with handle 0xb4000079543b3c00
2024-07-09 12:42:18.149 24717-24717 MapActivity             com.allride.buses                    D  showLoading true
2024-07-09 12:42:18.178 24717-24717 MapActivity             com.allride.buses                    D  setupBroadcastReceiver onReceive pendingOfflineSync false
2024-07-09 12:42:18.179 24717-24717 TripService             com.allride.buses                    D  onDestroy
2024-07-09 12:42:18.179 24717-24717 TripService             com.allride.buses                    D  Success unregisterReceiver socketUpdateReceiver
2024-07-09 12:42:18.342 24717-24717 SocketClient            com.allride.buses                    I  STOPPING SOCKET
2024-07-09 12:42:18.453 24717-24717 MainActivityViewModel   com.allride.buses                    D  FirebaseMessaging getInstance
2024-07-09 12:42:18.454 24717-24717 SingleShot...leProvider com.allride.buses                    D  requestSingleUpdate
2024-07-09 12:42:18.463 24717-24717 MapsInitializer         com.allride.buses                    D  preferredRenderer: null
2024-07-09 12:42:18.463 24717-24717 zzcc                    com.allride.buses                    D  preferredRenderer: null
2024-07-09 12:42:18.465 24717-24717 Google Android Maps SDK com.allride.buses                    I  Google Play services package version: 242335038
2024-07-09 12:42:18.465 24717-24717 Google Android Maps SDK com.allride.buses                    I  Google Play services maps renderer version(maps_core): 241610202
2024-07-09 12:42:18.559 24717-24717 ProxyAndro...gerBackend com.allride.buses                    W  Too many Flogger logs received before configuration. Dropping old logs.
2024-07-09 12:42:18.567 24717-24717 ProxyAndro...gerBackend com.allride.buses                    W  Too many Flogger logs received before configuration. Dropping old logs.
2024-07-09 12:42:18.570 24717-24717 ProxyAndro...gerBackend com.allride.buses                    W  Too many Flogger logs received before configuration. Dropping old logs.
2024-07-09 12:42:18.573 24717-20729 ProxyAndro...gerBackend com.allride.buses                    W  Too many Flogger logs received before configuration. Dropping old logs.
2024-07-09 12:42:18.574 24717-24717 ProxyAndro...gerBackend com.allride.buses                    W  Too many Flogger logs received before configuration. Dropping old logs.
2024-07-09 12:42:18.574 24717-20728 ProxyAndro...gerBackend com.allride.buses                    W  Too many Flogger logs received before configuration. Dropping old logs.
2024-07-09 12:42:18.576 24717-24717 ProxyAndro...gerBackend com.allride.buses                    W  Too many Flogger logs received before configuration. Dropping old logs.
2024-07-09 12:42:18.577 24717-24717 ProxyAndro...gerBackend com.allride.buses                    W  Too many Flogger logs received before configuration. Dropping old logs.
2024-07-09 12:42:18.580 24717-24717 ProxyAndro...gerBackend com.allride.buses                    W  Too many Flogger logs received before configuration. Dropping old logs.
2024-07-09 12:42:18.581 24717-24717 ProxyAndro...gerBackend com.allride.buses                    W  Too many Flogger logs received before configuration. Dropping old logs.
2024-07-09 12:42:18.582 24717-24717 ProxyAndro...gerBackend com.allride.buses                    W  Too many Flogger logs received before configuration. Dropping old logs.
2024-07-09 12:42:18.583 24717-24717 ProxyAndro...gerBackend com.allride.buses                    W  Too many Flogger logs received before configuration. Dropping old logs.
2024-07-09 12:42:18.674 24717-24717 FlexibleFragment        com.allride.buses                    D  setupTabLayout
2024-07-09 12:42:18.683 24717-24717 FlexibleFragment        com.allride.buses                    D  departuresPending null
2024-07-09 12:42:18.687 24717-24717 MainActivity            com.allride.buses                    D  setupBroadcastReceiver
2024-07-09 12:42:18.687 24717-24717 connectionService       com.allride.buses                    D  checkConnectivity
2024-07-09 12:42:18.687 24717-24717 connectionService       com.allride.buses                    D  sendNotifyConnectivity false
2024-07-09 12:42:18.687 24717-24717 connectionService       com.allride.buses                    D  checkPendingOfflineSync true true false
2024-07-09 12:42:18.687 24717-24717 connectionService       com.allride.buses                    D  sendNotifyPendingOfflineSync false - Tienes una salida y validaciones pendientes de sincronizacin
2024-07-09 12:42:18.719 24717-24717 connectionService       com.allride.buses                    I  checkSyncOffline current 'offline' : [offline=true, images=false, departure=false, deviceHistory=true, driverMuc=false]
2024-07-09 12:42:18.724 24717-24717 IStopCheckProvider      com.allride.buses                    D  Success getAll: 0
2024-07-09 12:42:18.724 24717-24717 connectionService       com.allride.buses                    D  Pre syncDepartures: departures 1 - validations 2 - checkStops 0 - events 0
2024-07-09 12:42:18.751 24717-24730 m.allride.buse          com.allride.buses                    I  Background concurrent copying GC freed 715671(25MB) AllocSpace objects, 86(4616KB) LOS objects, 33% free, 48MB/72MB, paused 142us,111us total 109.297ms
2024-07-09 12:42:18.764 24717-24717 connectionService       com.allride.buses                    D  Pre syncDepartures: departure e1075709-6e75-499e-83a4-5ba8982daf1a {"active":false,"boardings":0,"busCode":"1111","canResume":false,"capacity":5,"communities":["653fd601f90509541a748683"],"communityId":"653fd601f90509541a748683","createdAt":"Jul 9, 2024 12:41:57 PM","customParams":[],"customParamsAtTheEnd":[],"direction":"","driverCode":"159159","driverId":"668309b8bb41bfd79a461dc3","drivers":[],"enabledSeats":[{"available":true,"_id":"2931b641-4309-4fa1-9cf1-749b4685d682","seat":"1","userId":""},{"available":true,"_id":"ba6e3df5-1633-4993-ba89-add1f067c47d","seat":"2","userId":""},{"available":true,"_id":"3251c6ce-0848-4c3f-9fba-06268fa25b70","seat":"3","userId":""},{"available":true,"_id":"0b9eedd6-4e23-4ff9-a7f8-a62f79d7c252","seat":"4","userId":""},{"available":true,"_id":"31268509-bd46-4fb4-b70b-f8f510023b44","seat":"5","userId":""}],"endLocation":{"_id":"","internalId":"f1b2f1b8-cebf-49fd-bbc0-e234bb680ab2","lat":-34.394093,"lon":-70.78136},"endedAt":"Jul 9, 2024 12:42:18 PM","estimatedDistance":0,"_id":"","internal":false,"legs":[{"customParamsAtStart":[],"customParamsAtTheEnd":[],"driverId":"668309b8bb41bfd79a461dc3","endedAt":"Jul 9, 2024 12:42:18 PM","preTripChecklist":[],"realEndLocation":{"_id":"","internalId":"f1b2f1b8-cebf-49fd-bbc0-e234bb680ab2","lat":-34.394093,"lon":-70.78136},"realStartLocation":{"_id":"","internalId":"b994da08-1c0c-46e7-9b20-9285b0205ca4","lat":-34.394093,"lon":-70.78136},"startedAt":"Jul 9, 2024 12:41:57 PM","type":"service"}],"name":"","odd":false,"oddType":"","offlineSync":{"historical":[],"internalId":"e1075709-6e75-499e-83a4-5ba8982daf1a","synced":false},"passengersLinked":[],"passengersToLink":[],"preTripChecklist":[],"previouslyActive":false,"realEndLocation":{"_id":"","internalId":"f1b2f1b8-cebf-49fd-bbc0-e234bb680ab2","lat":-34.394093,"lon":-70.78136},"realStartLocation":{"_id":"","internalId":"a1691a21-b8c0-43c5-8ac1-43790134cdbe","lat":-34.394093,"lon":-70.78136},"reason":"","reservations":[],"rounds":0,"routeId":"65afaf24460a727c5449987c","scheduled":false,"startCapacity":5,"startLocation":{"_id":"","internalId":"b994da08-1c0c-46e7-9b20-9285b0205ca4","lat":-34.394093,"lon":-70.78136},"startedAt":"Jul 9, 2024 12:41:57 PM","state":"","superCommunityId":"653fd68233d83952fafcd4be","tickets":0,"token":"","unboardings":0,"validations":[],"vehicleId":"666941a7b8d6ea30f9281110"}
2024-07-09 12:42:18.764 24717-24717 connectionService       com.allride.buses                    I  checkOnlineDataAsync
2024-07-09 12:42:18.764 24717-24717 MainActivity            com.allride.buses                    D  Success registerReceiver setupBroadcastReceiver
2024-07-09 12:42:18.767 24717-24717 Utils                   com.allride.buses                    D  startConnectivityService is exits - MainActivity
2024-07-09 12:42:18.814 24717-24717 FlexibleFragment        com.allride.buses                    D  departuresPending []
2024-07-09 12:42:18.815 24717-24717 MainActivityViewModel   com.allride.buses                    D  Success getInstance token: cf4_wEhZR-WTjzcd-KVk6c:APA91bFPDR8QyldLzmZt6loJfmJJo4qH9klrM7oBHAnpbDvxEK2RVh2kYkMKf5lkP4DCagPk10ouJI8pGSnEIQ8_dQyXPZLLsj8y8OkJBRI9g14GSbF1CIBJR0GEtQXFiJ1Sdp59CoKC
2024-07-09 12:42:18.818 24717-24717 SingleShot...leProvider com.allride.buses                    D  requestSingleUpdate addOnSuccessListener
2024-07-09 12:42:18.829 24717-17367 connectionService       com.allride.buses                    E  Error syncDepartures: Unable to resolve host "stage.allrideapp.com": No address associated with hostname
2024-07-09 12:42:18.973 24717-24717 DepartureF...ViewHolder com.allride.buses                    D  route 65ef5d3dbe0acad9ce58e64e 204
2024-07-09 12:42:19.149 24717-24717 ProxyAndro...gerBackend com.allride.buses                    W  Too many Flogger logs received before configuration. Dropping old logs.
2024-07-09 12:42:19.158 24717-24717 ProxyAndro...gerBackend com.allride.buses                    W  Too many Flogger logs received before configuration. Dropping old logs.
2024-07-09 12:42:19.178 24717-24717 MapActivity             com.allride.buses                    D  setupBroadcastReceiver onReceive connectivity false
2024-07-09 12:42:19.181 24717-24717 MainActivity            com.allride.buses                    D  setupBroadcastReceiver onReceive connectivity false
2024-07-09 12:42:19.182 24717-24717 MapActivity             com.allride.buses                    D  setupBroadcastReceiver onReceive pendingOfflineSync false
2024-07-09 12:42:19.182 24717-24717 MainActivity            com.allride.buses                    D  setupBroadcastReceiver onReceive pendingOfflineSync false
2024-07-09 12:42:19.184 24717-24717 MainActivityViewModel   com.allride.buses                    E  Error updateDeviceDriver: Unable to resolve host "stage.allrideapp.com": No address associated with hostname
2024-07-09 12:42:19.233 24717-25142 OpenGLRenderer          com.allride.buses                    I  Davey! duration=9223288545895ms; Flags=0, FrameTimelineVsyncId=5933382, IntendedVsync=83490949967710, Vsync=83491299967696, InputEventId=0, HandleInputStart=83491301715284, AnimationStart=83491301719139, PerformTraversalsStart=83491302489555, DrawStart=83491319358618, FrameDeadline=83490983301042, FrameInterval=83491301698670, FrameStartTime=16666666, SyncQueued=83491322120857, SyncStart=83491331062628, IssueDrawCommandsStart=83491331215805, SwapBuffers=83491333000701, FrameCompleted=9223372036854775807, DequeueBufferDuration=12865, QueueBufferDuration=618802, GpuCompleted=9223372036854775807, SwapBuffersCompleted=83491333911951, DisplayPresentTime=520187963728, 
2024-07-09 12:42:19.304 24717-24717 MapActivity             com.allride.buses                    D  onStop
2024-07-09 12:42:19.304 24717-24717 MapActivity             com.allride.buses                    I  clearObservers
2024-07-09 12:42:19.306 24717-24717 MapActivity             com.allride.buses                    D  Success unregisterReceiver setupBroadcastReceiver
2024-07-09 12:42:19.308 24717-24717 TextToSpeech            com.allride.buses                    W  isSpeaking failed: not bound to TTS engine
2024-07-09 12:42:19.308 24717-24717 TextToSpeech            com.allride.buses                    W  shutdown failed: not bound to TTS engine
2024-07-09 12:42:19.309 24717-24717 ActiveDepa...eViewModel com.allride.buses                    D  onCleared
2024-07-09 12:42:19.309 24717-24717 ActiveDepa...eViewModel com.allride.buses                    D  Success unregisterReceiver socketUpdateReceiver
2024-07-09 12:42:19.309 24717-24717 ActiveDepa...eViewModel com.allride.buses                    D  Success unregisterReceiver setupBroadcastReceiver
2024-07-09 12:42:19.313 24717-24717 Google Android Maps SDK com.allride.buses                    D  For capability in capabilities, log:
                                                                                                    "AdvancedMarkers: false: Capabilities unavailable without a Map ID."Data-driven styling: false
2024-07-09 12:42:19.322 24717-24717 ProxyAndro...gerBackend com.allride.buses                    W  Too many Flogger logs received before configuration. Dropping old logs.
2024-07-09 12:42:19.324 24717-24717 ProxyAndro...gerBackend com.allride.buses                    W  Too many Flogger logs received before configuration. Dropping old logs.
2024-07-09 12:42:19.326 24717-24717 ProxyAndro...gerBackend com.allride.buses                    W  Too many Flogger logs received before configuration. Dropping old logs.
2024-07-09 12:42:19.326 24717-24717 ProxyAndro...gerBackend com.allride.buses                    W  Too many Flogger logs received before configuration. Dropping old logs.
2024-07-09 12:42:19.326 24717-24717 ProxyAndro...gerBackend com.allride.buses                    W  Too many Flogger logs received before configuration. Dropping old logs.
2024-07-09 12:42:19.327 24717-24717 ProxyAndro...gerBackend com.allride.buses                    W  Too many Flogger logs received before configuration. Dropping old logs.
2024-07-09 12:42:19.327 24717-24717 ProxyAndro...gerBackend com.allride.buses                    W  Too many Flogger logs received before configuration. Dropping old logs.
2024-07-09 12:42:19.327 24717-24717 ProxyAndro...gerBackend com.allride.buses                    W  Too many Flogger logs received before configuration. Dropping old logs.
2024-07-09 12:42:25.075 24717-24717 ConnectivityReceiver    com.allride.buses                    D  onReceive true
2024-07-09 12:42:25.076 24717-24717 connectionService       com.allride.buses                    D  socketUpdateReceiver onReceive stateReceiver true
2024-07-09 12:42:25.076 24717-24717 connectionService       com.allride.buses                    D  checkConnectivity
2024-07-09 12:42:25.076 24717-24717 connectionService       com.allride.buses                    D  sendNotifyConnectivity true
2024-07-09 12:42:25.076 24717-24717 connectionService       com.allride.buses                    D  checkPendingOfflineSync true true false
2024-07-09 12:42:25.076 24717-24717 connectionService       com.allride.buses                    D  sendNotifyPendingOfflineSync false - Tienes una salida y validaciones pendientes de sincronizacin
2024-07-09 12:42:25.287 24717-24717 connectionService       com.allride.buses                    I  checkSyncOffline current 'offline' : [offline=true, images=false, departure=false, deviceHistory=true, driverMuc=false]
2024-07-09 12:42:25.361 24717-24717 IStopCheckProvider      com.allride.buses                    D  Success getAll: 0
2024-07-09 12:42:25.361 24717-24717 connectionService       com.allride.buses                    D  Pre syncDepartures: departures 1 - validations 2 - checkStops 0 - events 0
2024-07-09 12:42:25.411 24717-24717 connectionService       com.allride.buses                    D  Pre syncDepartures: departure e1075709-6e75-499e-83a4-5ba8982daf1a {"active":false,"boardings":0,"busCode":"1111","canResume":false,"capacity":5,"communities":["653fd601f90509541a748683"],"communityId":"653fd601f90509541a748683","createdAt":"Jul 9, 2024 12:41:57 PM","customParams":[],"customParamsAtTheEnd":[],"direction":"","driverCode":"159159","driverId":"668309b8bb41bfd79a461dc3","drivers":[],"enabledSeats":[{"available":true,"_id":"2931b641-4309-4fa1-9cf1-749b4685d682","seat":"1","userId":""},{"available":true,"_id":"ba6e3df5-1633-4993-ba89-add1f067c47d","seat":"2","userId":""},{"available":true,"_id":"3251c6ce-0848-4c3f-9fba-06268fa25b70","seat":"3","userId":""},{"available":true,"_id":"0b9eedd6-4e23-4ff9-a7f8-a62f79d7c252","seat":"4","userId":""},{"available":true,"_id":"31268509-bd46-4fb4-b70b-f8f510023b44","seat":"5","userId":""}],"endLocation":{"_id":"","internalId":"f1b2f1b8-cebf-49fd-bbc0-e234bb680ab2","lat":-34.394093,"lon":-70.78136},"endedAt":"Jul 9, 2024 12:42:18 PM","estimatedDistance":0,"_id":"","internal":false,"legs":[{"customParamsAtStart":[],"customParamsAtTheEnd":[],"driverId":"668309b8bb41bfd79a461dc3","endedAt":"Jul 9, 2024 12:42:18 PM","preTripChecklist":[],"realEndLocation":{"_id":"","internalId":"f1b2f1b8-cebf-49fd-bbc0-e234bb680ab2","lat":-34.394093,"lon":-70.78136},"realStartLocation":{"_id":"","internalId":"b994da08-1c0c-46e7-9b20-9285b0205ca4","lat":-34.394093,"lon":-70.78136},"startedAt":"Jul 9, 2024 12:41:57 PM","type":"service"}],"name":"","odd":false,"oddType":"","offlineSync":{"historical":[],"internalId":"e1075709-6e75-499e-83a4-5ba8982daf1a","synced":false},"passengersLinked":[],"passengersToLink":[],"preTripChecklist":[],"previouslyActive":false,"realEndLocation":{"_id":"","internalId":"f1b2f1b8-cebf-49fd-bbc0-e234bb680ab2","lat":-34.394093,"lon":-70.78136},"realStartLocation":{"_id":"","internalId":"a1691a21-b8c0-43c5-8ac1-43790134cdbe","lat":-34.394093,"lon":-70.78136},"reason":"","reservations":[],"rounds":0,"routeId":"65afaf24460a727c5449987c","scheduled":false,"startCapacity":5,"startLocation":{"_id":"","internalId":"b994da08-1c0c-46e7-9b20-9285b0205ca4","lat":-34.394093,"lon":-70.78136},"startedAt":"Jul 9, 2024 12:41:57 PM","state":"","superCommunityId":"653fd68233d83952fafcd4be","tickets":0,"token":"","unboardings":0,"validations":[],"vehicleId":"666941a7b8d6ea30f9281110"}
2024-07-09 12:42:25.411 24717-24717 connectionService       com.allride.buses                    I  checkOnlineDataAsync
2024-07-09 12:42:25.411 24717-24717 connectionService       com.allride.buses                    D  sendNotifyConnectivity true
2024-07-09 12:42:25.411 24717-24717 MainActivity            com.allride.buses                    D  setupBroadcastReceiver onReceive connectivity true
2024-07-09 12:42:25.412 24717-24717 MainActivityViewModel   com.allride.buses                    D  checkOnlineDataAsync
2024-07-09 12:42:25.412 24717-24717 MainActivity            com.allride.buses                    D  setupBroadcastReceiver onReceive pendingOfflineSync false
2024-07-09 12:42:25.413 24717-24717 MainActivity            com.allride.buses                    D  setupBroadcastReceiver onReceive connectivity true
2024-07-09 12:42:25.413 24717-24717 MainActivityViewModel   com.allride.buses                    D  checkOnlineDataAsync
2024-07-09 12:42:25.414 24717-17374 MainActivityViewModel   com.allride.buses                    D  onlineDataAsyncList getAuthMe
2024-07-09 12:42:25.414 24717-14000 MainActivityViewModel   com.allride.buses                    D  onlineDataAsyncList getRoutes
2024-07-09 12:42:25.414 24717-14000 MainActivityViewModel   com.allride.buses                    D  onlineDataAsyncList internalRoutes
2024-07-09 12:42:25.428 24717-17373 MainActivityViewModel   com.allride.buses                    D  onlineDataAsyncList getDeparturesNotAssigned
2024-07-09 12:42:25.433 24717-17374 MainActivityViewModel   com.allride.buses                    D  onlineDataAsyncList getAllVehicles
2024-07-09 12:42:25.970 24717-17419 AllRideOAuth2Service    com.allride.buses                    I  getAccessToken d21e9ea7b01da0863eacef17a69598e85b571b7bd1b06a6ceb780542df2ee1c394c251a687bbba1be45745f121eebd186c66b8f5ca3485825096595049cf0c70
2024-07-09 12:42:26.022 24717-20973 AllRideOAuth2Service    com.allride.buses                    I  getAccessToken d21e9ea7b01da0863eacef17a69598e85b571b7bd1b06a6ceb780542df2ee1c394c251a687bbba1be45745f121eebd186c66b8f5ca3485825096595049cf0c70
2024-07-09 12:42:26.038 24717-17383 AllRideOAuth2Service    com.allride.buses                    I  getAccessToken d21e9ea7b01da0863eacef17a69598e85b571b7bd1b06a6ceb780542df2ee1c394c251a687bbba1be45745f121eebd186c66b8f5ca3485825096595049cf0c70
2024-07-09 12:42:26.071 24717-21041 ProxyAndro...gerBackend com.allride.buses                    W  Too many Flogger logs received before configuration. Dropping old logs.
2024-07-09 12:42:26.131 24717-17378 AllRideOAuth2Service    com.allride.buses                    I  getAccessToken d21e9ea7b01da0863eacef17a69598e85b571b7bd1b06a6ceb780542df2ee1c394c251a687bbba1be45745f121eebd186c66b8f5ca3485825096595049cf0c70
2024-07-09 12:42:26.181 24717-14015 AllRideOAuth2Service    com.allride.buses                    I  getAccessToken d21e9ea7b01da0863eacef17a69598e85b571b7bd1b06a6ceb780542df2ee1c394c251a687bbba1be45745f121eebd186c66b8f5ca3485825096595049cf0c70
2024-07-09 12:42:26.240 24717-17382 AllRideOAuth2Service    com.allride.buses                    I  getAccessToken d21e9ea7b01da0863eacef17a69598e85b571b7bd1b06a6ceb780542df2ee1c394c251a687bbba1be45745f121eebd186c66b8f5ca3485825096595049cf0c70
2024-07-09 12:42:26.308 24717-17419 AllRideOAuth2Service    com.allride.buses                    I  getAccessToken d21e9ea7b01da0863eacef17a69598e85b571b7bd1b06a6ceb780542df2ee1c394c251a687bbba1be45745f121eebd186c66b8f5ca3485825096595049cf0c70
2024-07-09 12:42:26.309 24717-17419 AllRideOAuth2Service    com.allride.buses                    I  Response Code > 200
2024-07-09 12:42:26.310 24717-17419 AllRideOAuth2Service    com.allride.buses                    I  URL > Request{method=GET, url=https://stage.allrideapp.com/api/v2/pb/driver/internal, tags={class retrofit2.Invocation=com.allride.buses.api.AllRideAPI.getCommunityRoutesInternal() []}}
2024-07-09 12:42:26.317 24717-24717 MainActivityViewModel   com.allride.buses                    D  Success getCommunityRoutesInternal: 0 - []
2024-07-09 12:42:26.403 24717-21041 ProxyAndro...gerBackend com.allride.buses                    W  Too many Flogger logs received before configuration. Dropping old logs.
2024-07-09 12:42:26.532 24717-21047 ProxyAndro...gerBackend com.allride.buses                    W  Too many Flogger logs received before configuration. Dropping old logs.
2024-07-09 12:42:26.629 24717-21047 ProxyAndro...gerBackend com.allride.buses                    W  Too many Flogger logs received before configuration. Dropping old logs.
2024-07-09 12:42:26.667 24717-17378 AllRideOAuth2Service    com.allride.buses                    I  getAccessToken d21e9ea7b01da0863eacef17a69598e85b571b7bd1b06a6ceb780542df2ee1c394c251a687bbba1be45745f121eebd186c66b8f5ca3485825096595049cf0c70
2024-07-09 12:42:26.667 24717-17378 AllRideOAuth2Service    com.allride.buses                    I  Response Code > 200
2024-07-09 12:42:26.667 24717-17378 AllRideOAuth2Service    com.allride.buses                    I  URL > Request{method=GET, url=https://stage.allrideapp.com/api/v1/pb/provider/me, tags={class retrofit2.Invocation=com.allride.buses.api.AllRideAPI.getAuthMe() []}}
2024-07-09 12:42:26.710 24717-24717 MainActivityViewModel   com.allride.buses                    D  Success getAuthMe - {"auth":{"accessToken":"d21e9ea7b01da0863eacef17a69598e85b571b7bd1b06a6ceb780542df2ee1c394c251a687bbba1be45745f121eebd186c66b8f5ca3485825096595049cf0c70","active":true,"canCreateRoutes":false,"code":"159159","communities":["653fd601f90509541a748683","6654ae4eba54fe502d4e4187"],"communityId":"653fd601f90509541a748683","config":{"autoLogout":{"enabled":false,"enum":"afterDepartureEnd","timer":{"amount":0,"unit":"minutes"}}},"device":{"accessToken":"","build":"","communityId":"","_id":"","model":"moto g71 5G","notificationToken":"","superCommunityId":""},"email":"nicolas+conductorsc1@allrideapp.com","hasToChangePassword":false,"_id":"668309b8bb41bfd79a461dc3","name":"Conductor Super Comunidad","refreshToken":"","rtlToken":"f8a9cfd98bf36aac0209af699ed4b5becee67ddddc1af1bca57e22847e00393a28d461fece011e97ea44464229832786d29f2bd19bc7c1c02cd5a23b9d210380","superCommunities":["653fd68233d83952fafcd4be"],"superCommunityId":"653fd68233d83952fafcd4be"},"type":"driver"}
2024-07-09 12:42:26.710 24717-24717 MainActivityViewModel   com.allride.buses                    D  Success getAuthMe Firebase.crashlytics
2024-07-09 12:42:26.800 24717-17383 AllRideOAuth2Service    com.allride.buses                    I  getAccessToken d21e9ea7b01da0863eacef17a69598e85b571b7bd1b06a6ceb780542df2ee1c394c251a687bbba1be45745f121eebd186c66b8f5ca3485825096595049cf0c70
2024-07-09 12:42:26.801 24717-17383 AllRideOAuth2Service    com.allride.buses                    I  Response Code > 200
2024-07-09 12:42:26.801 24717-17383 AllRideOAuth2Service    com.allride.buses                    I  URL > Request{method=GET, url=https://stage.allrideapp.com/api/v2/pb/driver/routes/653fd68233d83952fafcd4be, tags={class retrofit2.Invocation=com.allride.buses.api.AllRideAPI.getCommunityRoutesSimple() [653fd68233d83952fafcd4be]}}
2024-07-09 12:42:27.055 24717-20973 AllRideOAuth2Service    com.allride.buses                    I  getAccessToken d21e9ea7b01da0863eacef17a69598e85b571b7bd1b06a6ceb780542df2ee1c394c251a687bbba1be45745f121eebd186c66b8f5ca3485825096595049cf0c70
2024-07-09 12:42:27.055 24717-20973 AllRideOAuth2Service    com.allride.buses                    I  Response Code > 200
2024-07-09 12:42:27.056 24717-20973 AllRideOAuth2Service    com.allride.buses                    I  URL > Request{method=POST, url=https://stage.allrideapp.com/api/v2/pb/driver/departures/sync/653fd68233d83952fafcd4be, tags={class retrofit2.Invocation=com.allride.buses.api.AllRideAPI.syncDepartures() [653fd68233d83952fafcd4be, com.allride.buses.data.models.utils.ResponseSyncDeparture@e73b343]}}
2024-07-09 12:42:27.067 24717-20973 AdapterJsonToModel      com.allride.buses                    E  Error !has _id PBDepartureTypeAdapter in com.allride.buses.data.models.adapters.PBDepartureTypeAdapter@608b61d
2024-07-09 12:42:27.069 24717-20973 AdapterJsonToModel      com.allride.buses                    D  Success send FirebaseCrashlytics: AdapterJsonToModel - Error !has _id PBDepartureTypeAdapter in com.allride.buses.data.models.adapters.PBDepartureTypeAdapter@608b61d
2024-07-09 12:42:27.089 24717-17367 IStopCheckProvider      com.allride.buses                    D  deleteStopsCheck is empty
2024-07-09 12:42:27.089 24717-17367 DepartureProvider       com.allride.buses                    I  updateWhenOfflineSync
2024-07-09 12:42:27.108 24717-17367 connectionService       com.allride.buses                    D  Success syncDepartures: departures 1 - validations 0 - checkStops 0
2024-07-09 12:42:27.108 24717-17367 connectionService       com.allride.buses                    D  checkPendingOfflineSync false false true
2024-07-09 12:42:27.108 24717-17367 connectionService       com.allride.buses                    D  sendNotifyPendingOfflineSync true - 
2024-07-09 12:42:27.109 24717-24717 MainActivity            com.allride.buses                    D  setupBroadcastReceiver onReceive pendingOfflineSync true
2024-07-09 12:42:27.133 24717-14015 AllRideOAuth2Service    com.allride.buses                    I  getAccessToken d21e9ea7b01da0863eacef17a69598e85b571b7bd1b06a6ceb780542df2ee1c394c251a687bbba1be45745f121eebd186c66b8f5ca3485825096595049cf0c70
2024-07-09 12:42:27.133 24717-14015 AllRideOAuth2Service    com.allride.buses                    I  Response Code > 200
2024-07-09 12:42:27.133 24717-14015 AllRideOAuth2Service    com.allride.buses                    I  URL > Request{method=GET, url=https://stage.allrideapp.com/api/v2/pb/driver/services/routes, tags={class retrofit2.Invocation=com.allride.buses.api.AllRideAPI.getDeparturesNotAssigned() []}}
2024-07-09 12:42:27.134 24717-17382 AllRideOAuth2Service    com.allride.buses                    I  getAccessToken d21e9ea7b01da0863eacef17a69598e85b571b7bd1b06a6ceb780542df2ee1c394c251a687bbba1be45745f121eebd186c66b8f5ca3485825096595049cf0c70
2024-07-09 12:42:27.134 24717-17382 AllRideOAuth2Service    com.allride.buses                    I  Response Code > 200
2024-07-09 12:42:27.135 24717-17382 AllRideOAuth2Service    com.allride.buses                    I  URL > Request{method=GET, url=https://stage.allrideapp.com/api/v2/pb/driver/vehicles, tags={class retrofit2.Invocation=com.allride.buses.api.AllRideAPI.getAllVehicles() []}}
2024-07-09 12:42:27.193 24717-17367 connectionService       com.allride.buses                    I  checkSyncOffline current 'departure' : [offline=false, images=false, departure=true, deviceHistory=true, driverMuc=false]
