2024-12-26 15:16:52.805 21433-21433 AssistStructure         com.allride.buses                    I  Flattened final assist data: 7096 bytes, containing 1 windows, 53 views
2024-12-26 15:16:53.253 21433-21433 TripActivityViewModel   com.allride.buses                    D  Pre startTrip: {"busCode":"171222","capacity":46,"communityId":"653fd68233d83952fafcd4be","driverCode":"159159","reason":"","routeId":"66f310608e6c377a3f43968e","shareToUsers":true,"startLat":-34.3941107,"startLon":-70.7812889,"vehicleId":"66830b98bb41bfd79a4620ac"}
2024-12-26 15:16:53.255 21433-25631 AllRideOAuth2Service    com.allride.buses                    I  getAccessToken 838ef4e481d12aa90c6c11a538997f7a6fa4e013b319bfb86d801d41a935528dde1f77b88e88411352868ef4c83db841c3ef4cd0816d6f9ca75ec20682d87d43
2024-12-26 15:16:54.443 21433-25631 AllRideOAuth2Service    com.allride.buses                    I  Response Code > 200 - Request > Request{method=POST, url=https://stage.allrideapp.com/api/v2/pb/driver/departure, tags={class retrofit2.Invocation=com.allride.buses.api.AllRideAPI.createDepartureNew() [com.allride.buses.api.AllRideAPI$CreateDepartureData@617b828]}}
2024-12-26 15:16:54.461 21433-21433 TripActivityViewModel   com.allride.buses                    D  Response createDeparture: 676d9d97abfef8bf4eafbbbf
2024-12-26 15:16:54.465 21433-21433 DepartureRealm          com.allride.buses                    I  update 676d9d97abfef8bf4eafbbbf
2024-12-26 15:16:54.521 21433-21433 TripActivityViewModel   com.allride.buses                    D  Success createDeparture: 676d9d97abfef8bf4eafbbbf
2024-12-26 15:16:54.524 21433-21433 SocketClient            com.allride.buses                    D  initSocket null
2024-12-26 15:16:54.524 21433-21433 SocketClient            com.allride.buses                    D  https://stage.allrideapp.com/pbDriver
2024-12-26 15:16:54.524 21433-21433 SocketClient            com.allride.buses                    D  CONNECTING SOCKET token=04a56a5605fe7a3735ea449ae1e8875178f40391d0e09e42a99284262756f836e91a2111a6559863fc3bab98bce5910ea36d5f18f97f4300953d902dc65ea587
2024-12-26 15:16:54.563 21433-21433 TripService             com.allride.buses                    D  Start Command null
2024-12-26 15:16:54.563 21433-21433 TripService             com.allride.buses                    D  setupBroadcastReceiver
2024-12-26 15:16:54.563 21433-21433 TripService             com.allride.buses                    D  Success registerReceiver socketUpdateReceiver
2024-12-26 15:16:54.566 21433-21433 TripService             com.allride.buses                    D  Start Location com.allride.buses.services.TripService@48f51da
2024-12-26 15:16:54.566 21433-21433 TripService             com.allride.buses                    D  Sending event 'start' socket: null
2024-12-26 15:16:54.577 21433-21482 SessionLifecycleClient  com.allride.buses                    D  Sending lifecycle 2 to service
2024-12-26 15:16:54.579 21433-21578 SessionLifecycleService com.allride.buses                    D  Activity backgrounding at 223271636
2024-12-26 15:16:54.586 21433-21433 Google Android Maps SDK com.allride.buses                    D  For capability in capabilities, log:
                                                                                                    "AdvancedMarkers: false: Capabilities unavailable without a Map ID."Data-driven styling: false
2024-12-26 15:16:54.589 21433-21433 ProxyAndro...gerBackend com.allride.buses                    W  Too many Flogger logs received before configuration. Dropping old logs.
2024-12-26 15:16:54.612 21433-21433 MainActivity            com.allride.buses                    D  onDestroy
2024-12-26 15:16:54.632 21433-21433 MapsInitializer         com.allride.buses                    D  preferredRenderer: null
2024-12-26 15:16:54.632 21433-21433 zzcc                    com.allride.buses                    D  preferredRenderer: null
2024-12-26 15:16:54.633 21433-21433 Google Android Maps SDK com.allride.buses                    I  Google Play services package version: 244738029
2024-12-26 15:16:54.633 21433-21433 Google Android Maps SDK com.allride.buses                    I  Google Play services maps renderer version(maps_core): 244125202
2024-12-26 15:16:54.775 21433-21433 Utils                   com.allride.buses                    D  getCommunityFirst auth {"accessToken":"838ef4e481d12aa90c6c11a538997f7a6fa4e013b319bfb86d801d41a935528dde1f77b88e88411352868ef4c83db841c3ef4cd0816d6f9ca75ec20682d87d43","active":true,"canCreateRoutes":false,"canReleaseReservations":true,"code":"159159","communities":["653fd601f90509541a748683","6654ae4eba54fe502d4e4187"],"communityId":"653fd601f90509541a748683","config":{"autoLogout":{"enabled":false,"enum":"afterDepartureEnd","timer":{"amount":0,"unit":"minutes"}}},"device":{"accessToken":"","build":"","communities":[],"communityId":"","_id":"","model":"moto g71 5G","notificationToken":"","superCommunityId":""},"email":"nicolas+conductorsc1@allrideapp.com","hasToChangePassword":false,"_id":"668309b8bb41bfd79a461dc3","name":"Conductor Super Comunidad","refreshToken":"","rtlToken":"9e7ceac1b71173d5ee4d3095804f3f52df1a06595b2a17dc87a9fa61d36cd5dfe98e61635ef1b999adc4745acd67261b014fa1375eddabf13220004d247833ed","superCommunities":["653fd68233d83952fafcd4be"],"superCommunityId":"653fd68233d83952fafcd4be"}
2024-12-26 15:16:54.775 21433-21433 Utils                   com.allride.buses                    D  getCommunityFirst routeId 66f310608e6c377a3f43968e
2024-12-26 15:16:54.786 21433-21433 Utils                   com.allride.buses                    D  getCommunityFirst 1 - 6654ae4eba54fe502d4e4187 : Comunidad Automatización 2
2024-12-26 15:16:54.791 21433-21433 ActiveDepa...eViewModel com.allride.buses                    D  getVehicleName: MORISC
2024-12-26 15:16:54.796 21433-21433 ActiveDepa...eViewModel com.allride.buses                    D  configSocket
2024-12-26 15:16:54.797 21433-21433 ActiveDepa...eViewModel com.allride.buses                    D  Success registerReceiver setupBroadcastReceiver
2024-12-26 15:16:54.801 21433-21433 TextToSpeech            com.allride.buses                    I  Sucessfully bound to com.google.android.tts
2024-12-26 15:16:54.801 21433-21433 ActiveDepa...eViewModel com.allride.buses                    D  dataAsyncList getTimeServer - list is [time, route, stopsOdd, users, auth, validatableUsers]
2024-12-26 15:16:54.801 21433-21433 ActiveDepa...eViewModel com.allride.buses                    D  dataAsyncList getRoute - list is [time, route, stopsOdd, users, auth, validatableUsers]
2024-12-26 15:16:54.801 21433-21433 UserRealm               com.allride.buses                    D  isWorking false
2024-12-26 15:16:54.801 21433-21433 ActiveDepa...eViewModel com.allride.buses                    D  dataAsyncList getCommunityUsers - list is [time, route, stopsOdd, users, auth, validatableUsers]
2024-12-26 15:16:54.802 21433-21433 UserRealm               com.allride.buses                    D  Validatable false
2024-12-26 15:16:54.803 21433-21433 SocketClientAsap        com.allride.buses                    D  STOPPING SOCKET
2024-12-26 15:16:54.803 21433-25632 AllRideOAuth2Service    com.allride.buses                    I  getAccessToken 838ef4e481d12aa90c6c11a538997f7a6fa4e013b319bfb86d801d41a935528dde1f77b88e88411352868ef4c83db841c3ef4cd0816d6f9ca75ec20682d87d43
2024-12-26 15:16:54.804 21433-27513 AllRideOAuth2Service    com.allride.buses                    I  getAccessToken 838ef4e481d12aa90c6c11a538997f7a6fa4e013b319bfb86d801d41a935528dde1f77b88e88411352868ef4c83db841c3ef4cd0816d6f9ca75ec20682d87d43
2024-12-26 15:16:54.808 21433-25631 AllRideOAuth2Service    com.allride.buses                    I  getAccessToken 838ef4e481d12aa90c6c11a538997f7a6fa4e013b319bfb86d801d41a935528dde1f77b88e88411352868ef4c83db841c3ef4cd0816d6f9ca75ec20682d87d43
2024-12-26 15:16:54.810 21433-28427 AllRideOAuth2Service    com.allride.buses                    I  getAccessToken 838ef4e481d12aa90c6c11a538997f7a6fa4e013b319bfb86d801d41a935528dde1f77b88e88411352868ef4c83db841c3ef4cd0816d6f9ca75ec20682d87d43
2024-12-26 15:16:54.817 21433-21433 Utils                   com.allride.buses                    D  BroadcastReceiver registered successfully
2024-12-26 15:16:54.821 21433-21433 MapActivity             com.allride.buses                    E  ADD HISTORY USE: BATTERY_OPTIMIZATION
2024-12-26 15:16:54.842 21433-21433 MapActivity             com.allride.buses                    E  ADD HISTORY USE: NO_TYPE_MOBILE_DATA
2024-12-26 15:16:54.859 21433-21433 MapActivity             com.allride.buses                    I  initViewModel
2024-12-26 15:16:54.875 21433-21433 ProxyAndro...gerBackend com.allride.buses                    W  Too many Flogger logs received before configuration. Dropping old logs.
2024-12-26 15:16:54.878 21433-21433 ProxyAndro...gerBackend com.allride.buses                    W  Too many Flogger logs received before configuration. Dropping old logs.
2024-12-26 15:16:54.879 21433-21433 ProxyAndro...gerBackend com.allride.buses                    W  Too many Flogger logs received before configuration. Dropping old logs.
2024-12-26 15:16:54.879 21433-21433 ProxyAndro...gerBackend com.allride.buses                    W  Too many Flogger logs received before configuration. Dropping old logs.
2024-12-26 15:16:54.880 21433-28438 ProxyAndro...gerBackend com.allride.buses                    W  Too many Flogger logs received before configuration. Dropping old logs.
2024-12-26 15:16:54.881 21433-21433 ProxyAndro...gerBackend com.allride.buses                    W  Too many Flogger logs received before configuration. Dropping old logs.
2024-12-26 15:16:54.881 21433-21433 ProxyAndro...gerBackend com.allride.buses                    W  Too many Flogger logs received before configuration. Dropping old logs.
2024-12-26 15:16:54.882 21433-21433 ProxyAndro...gerBackend com.allride.buses                    W  Too many Flogger logs received before configuration. Dropping old logs.
2024-12-26 15:16:54.882 21433-28439 ProxyAndro...gerBackend com.allride.buses                    W  Too many Flogger logs received before configuration. Dropping old logs.
2024-12-26 15:16:54.883 21433-21433 ProxyAndro...gerBackend com.allride.buses                    W  Too many Flogger logs received before configuration. Dropping old logs.
2024-12-26 15:16:54.883 21433-21433 ProxyAndro...gerBackend com.allride.buses                    W  Too many Flogger logs received before configuration. Dropping old logs.
2024-12-26 15:16:54.893 21433-21433 MapActivity             com.allride.buses                    D  onStart
2024-12-26 15:16:54.893 21433-21433 ActiveDepa...eViewModel com.allride.buses                    D  onResumeMap
2024-12-26 15:16:54.893 21433-21433 MapActivity             com.allride.buses                    D  Success registerReceiver setupBroadcastReceiver
2024-12-26 15:16:54.894 21433-21433 ActiveDepa...eViewModel com.allride.buses                    D  typeMap com.allride.buses.data.models.PBDeparture@c5133b
2024-12-26 15:16:54.894 21433-21433 MapActivity             com.allride.buses                    D  ActiveDepartureViewModel typeMap regular
2024-12-26 15:16:54.894 21433-21433 MapActivity             com.allride.buses                    D  ActiveDepartureViewModel capacity 46
2024-12-26 15:16:54.894 21433-21433 MapActivity             com.allride.buses                    D  ActiveDepartureViewModel capacityColor 2E7D32
2024-12-26 15:16:54.899 21433-21433 Utils                   com.allride.buses                    D  Success startConnectivityService
2024-12-26 15:16:54.902 21433-21481 SessionLifecycleClient  com.allride.buses                    D  Sending lifecycle 1 to service
2024-12-26 15:16:54.903 21433-21578 SessionLifecycleService com.allride.buses                    D  Activity foregrounding at 223271959.
2024-12-26 15:16:55.006 21433-28439 ProxyAndro...gerBackend com.allride.buses                    W  Too many Flogger logs received before configuration. Dropping old logs.
2024-12-26 15:16:55.006 21433-28439 ProxyAndro...gerBackend com.allride.buses                    W  Too many Flogger logs received before configuration. Dropping old logs.
2024-12-26 15:16:55.029 21433-21433 connectionService       com.allride.buses                    D  start ConnectivityService
2024-12-26 15:16:55.029 21433-21433 connectionService       com.allride.buses                    D  setupBroadcastReceiver
2024-12-26 15:16:55.029 21433-21433 connectionService       com.allride.buses                    D  Success registerReceiver setupBroadcastReceiver
2024-12-26 15:16:55.030 21433-21433 Utils                   com.allride.buses                    D  BroadcastReceiver registered successfully
2024-12-26 15:16:55.030 21433-21433 connectionService       com.allride.buses                    D  checkConnectivity: true
2024-12-26 15:16:55.030 21433-21433 connectionService       com.allride.buses                    D  sendNotifyConnectivity true
2024-12-26 15:16:55.047 21433-28438 ProxyAndro...gerBackend com.allride.buses                    W  Too many Flogger logs received before configuration. Dropping old logs.
2024-12-26 15:16:55.048 21433-28438 ProxyAndro...gerBackend com.allride.buses                    W  Too many Flogger logs received before configuration. Dropping old logs.
2024-12-26 15:16:55.057 21433-28437 ProxyAndro...gerBackend com.allride.buses                    W  Too many Flogger logs received before configuration. Dropping old logs.
2024-12-26 15:16:55.057 21433-28437 ProxyAndro...gerBackend com.allride.buses                    W  Too many Flogger logs received before configuration. Dropping old logs.
2024-12-26 15:16:55.057 21433-21433 connectionService       com.allride.buses                    D  checkInMap false
2024-12-26 15:16:55.062 21433-28439 ProxyAndro...gerBackend com.allride.buses                    W  Too many Flogger logs received before configuration. Dropping old logs.
2024-12-26 15:16:55.062 21433-28439 ProxyAndro...gerBackend com.allride.buses                    W  Too many Flogger logs received before configuration. Dropping old logs.
2024-12-26 15:16:55.069 21433-28438 ProxyAndro...gerBackend com.allride.buses                    W  Too many Flogger logs received before configuration. Dropping old logs.
2024-12-26 15:16:55.069 21433-28438 ProxyAndro...gerBackend com.allride.buses                    W  Too many Flogger logs received before configuration. Dropping old logs.
2024-12-26 15:16:55.076 21433-28437 ProxyAndro...gerBackend com.allride.buses                    W  Too many Flogger logs received before configuration. Dropping old logs.
2024-12-26 15:16:55.076 21433-28437 ProxyAndro...gerBackend com.allride.buses                    W  Too many Flogger logs received before configuration. Dropping old logs.
2024-12-26 15:16:55.079 21433-28439 ProxyAndro...gerBackend com.allride.buses                    W  Too many Flogger logs received before configuration. Dropping old logs.
2024-12-26 15:16:55.079 21433-28439 ProxyAndro...gerBackend com.allride.buses                    W  Too many Flogger logs received before configuration. Dropping old logs.
2024-12-26 15:16:55.085 21433-28439 ProxyAndro...gerBackend com.allride.buses                    W  Too many Flogger logs received before configuration. Dropping old logs.
2024-12-26 15:16:55.085 21433-28439 ProxyAndro...gerBackend com.allride.buses                    W  Too many Flogger logs received before configuration. Dropping old logs.
2024-12-26 15:16:55.088 21433-28437 ProxyAndro...gerBackend com.allride.buses                    W  Too many Flogger logs received before configuration. Dropping old logs.
2024-12-26 15:16:55.089 21433-28437 ProxyAndro...gerBackend com.allride.buses                    W  Too many Flogger logs received before configuration. Dropping old logs.
2024-12-26 15:16:55.089 21433-21433 connectionService       com.allride.buses                    D  checkPendingOfflineSync false false true
2024-12-26 15:16:55.090 21433-21433 connectionService       com.allride.buses                    D  sendNotifyPendingOfflineSync true - 
2024-12-26 15:16:55.090 21433-21433 connectionService       com.allride.buses                    I  checkSyncOffline current 'departure' : [offline=false, validations=false, images=false, departure=true, deviceHistory=true, driverMuc=true]
2024-12-26 15:16:55.091 21433-21433 connectionService       com.allride.buses                    I  checkOnlineDataAsync
2024-12-26 15:16:55.093 21433-27397 AllRideOAuth2Service    com.allride.buses                    I  getAccessToken 838ef4e481d12aa90c6c11a538997f7a6fa4e013b319bfb86d801d41a935528dde1f77b88e88411352868ef4c83db841c3ef4cd0816d6f9ca75ec20682d87d43
2024-12-26 15:16:55.093 21433-25608 connectionService       com.allride.buses                    D  dataAsyncList getCommunity 653fd68233d83952fafcd4be - list is [community=true, users=true]
2024-12-26 15:16:55.093 21433-25610 UserRealm               com.allride.buses                    D  isWorking false
2024-12-26 15:16:55.094 21433-25610 connectionService       com.allride.buses                    D  dataAsyncList getUsers 653fd68233d83952fafcd4be - list is [community=true, users=true]
2024-12-26 15:16:55.096 21433-27417 AllRideOAuth2Service    com.allride.buses                    I  getAccessToken 838ef4e481d12aa90c6c11a538997f7a6fa4e013b319bfb86d801d41a935528dde1f77b88e88411352868ef4c83db841c3ef4cd0816d6f9ca75ec20682d87d43
2024-12-26 15:16:55.098 21433-28447 AllRideOAuth2Service    com.allride.buses                    I  getAccessToken 838ef4e481d12aa90c6c11a538997f7a6fa4e013b319bfb86d801d41a935528dde1f77b88e88411352868ef4c83db841c3ef4cd0816d6f9ca75ec20682d87d43
2024-12-26 15:16:55.100 21433-28437 ProxyAndro...gerBackend com.allride.buses                    W  Too many Flogger logs received before configuration. Dropping old logs.
2024-12-26 15:16:55.100 21433-28437 ProxyAndro...gerBackend com.allride.buses                    W  Too many Flogger logs received before configuration. Dropping old logs.
2024-12-26 15:16:55.105 21433-21433 MapActivity             com.allride.buses                    D  setupBroadcastReceiver onReceive connectivity true
2024-12-26 15:16:55.106 21433-21433 MapActivity             com.allride.buses                    D  setupBroadcastReceiver onReceive pendingOfflineSync true
2024-12-26 15:16:55.106 21433-21433 ConnectivityReceiver    com.allride.buses                    D  onReceive true
2024-12-26 15:16:55.108 21433-28438 ProxyAndro...gerBackend com.allride.buses                    W  Too many Flogger logs received before configuration. Dropping old logs.
2024-12-26 15:16:55.108 21433-28438 ProxyAndro...gerBackend com.allride.buses                    W  Too many Flogger logs received before configuration. Dropping old logs.
2024-12-26 15:16:55.111 21433-28439 ProxyAndro...gerBackend com.allride.buses                    W  Too many Flogger logs received before configuration. Dropping old logs.
2024-12-26 15:16:55.112 21433-28439 ProxyAndro...gerBackend com.allride.buses                    W  Too many Flogger logs received before configuration. Dropping old logs.
2024-12-26 15:16:55.113 21433-21433 connectionService       com.allride.buses                    D  socketUpdateReceiver onReceive stateReceiver true
2024-12-26 15:16:55.139 21433-28439 ProxyAndro...gerBackend com.allride.buses                    W  Too many Flogger logs received before configuration. Dropping old logs.
2024-12-26 15:16:55.139 21433-28439 ProxyAndro...gerBackend com.allride.buses                    W  Too many Flogger logs received before configuration. Dropping old logs.
2024-12-26 15:16:55.143 21433-25582 AllRideDepartureService com.allride.buses                    I  Departure token: 04a56a5605fe7a3735ea449ae1e8875178f40391d0e09e42a99284262756f836e91a2111a6559863fc3bab98bce5910ea36d5f18f97f4300953d902dc65ea587
2024-12-26 15:16:55.146 21433-21433 SocketClient            com.allride.buses                    D  initSocket null
2024-12-26 15:16:55.146 21433-21433 SocketClient            com.allride.buses                    D  https://stage.allrideapp.com/pbDriver
2024-12-26 15:16:55.147 21433-28437 ProxyAndro...gerBackend com.allride.buses                    W  Too many Flogger logs received before configuration. Dropping old logs.
2024-12-26 15:16:55.147 21433-28437 ProxyAndro...gerBackend com.allride.buses                    W  Too many Flogger logs received before configuration. Dropping old logs.
2024-12-26 15:16:55.147 21433-21433 SocketClient            com.allride.buses                    D  CONNECTING SOCKET token=04a56a5605fe7a3735ea449ae1e8875178f40391d0e09e42a99284262756f836e91a2111a6559863fc3bab98bce5910ea36d5f18f97f4300953d902dc65ea587
2024-12-26 15:16:55.164 21433-27606 OpenGLRenderer          com.allride.buses                    I  Davey! duration=9223148764661ms; Flags=0, FrameTimelineVsyncId=17473817, IntendedVsync=223272192967251, Vsync=223272192967251, InputEventId=0, HandleInputStart=223272205973784, AnimationStart=223272205978003, PerformTraversalsStart=223272206542898, DrawStart=223272206665971, FrameDeadline=223272209633917, FrameInterval=223272205965190, FrameStartTime=16666666, SyncQueued=223272206832378, SyncStart=223272207397378, IssueDrawCommandsStart=223272207538055, SwapBuffers=223272208597742, FrameCompleted=9223372036854775807, DequeueBufferDuration=15417, QueueBufferDuration=663542, GpuCompleted=9223372036854775807, SwapBuffersCompleted=223272209550815, DisplayPresentTime=0, 
2024-12-26 15:16:55.249 21433-28442 ProxyAndro...gerBackend com.allride.buses                    W  Too many Flogger logs received before configuration. Dropping old logs.
2024-12-26 15:16:55.277 21433-21439 m.allride.buse          com.allride.buses                    I  Background young concurrent copying GC freed 15MB AllocSpace bytes, 48(2004KB) LOS objects, 22% free, 53MB/68MB, paused 783us,255us total 113.155ms
2024-12-26 15:16:55.280 21433-28438 ProxyAndro...gerBackend com.allride.buses                    W  Too many Flogger logs received before configuration. Dropping old logs.
2024-12-26 15:16:55.280 21433-28438 ProxyAndro...gerBackend com.allride.buses                    W  Too many Flogger logs received before configuration. Dropping old logs.
2024-12-26 15:16:55.284 21433-28437 ProxyAndro...gerBackend com.allride.buses                    W  Too many Flogger logs received before configuration. Dropping old logs.
2024-12-26 15:16:55.284 21433-28437 ProxyAndro...gerBackend com.allride.buses                    W  Too many Flogger logs received before configuration. Dropping old logs.
2024-12-26 15:16:55.297 21433-21441 PowerManager            com.allride.buses                    E  WakeLock finalized while still held: Buses::RTL
2024-12-26 15:16:55.297 21433-28439 ProxyAndro...gerBackend com.allride.buses                    W  Too many Flogger logs received before configuration. Dropping old logs.
2024-12-26 15:16:55.297 21433-28439 ProxyAndro...gerBackend com.allride.buses                    W  Too many Flogger logs received before configuration. Dropping old logs.
2024-12-26 15:16:55.306 21433-28438 ProxyAndro...gerBackend com.allride.buses                    W  Too many Flogger logs received before configuration. Dropping old logs.
2024-12-26 15:16:55.306 21433-28438 ProxyAndro...gerBackend com.allride.buses                    W  Too many Flogger logs received before configuration. Dropping old logs.
2024-12-26 15:16:55.316 21433-28437 ProxyAndro...gerBackend com.allride.buses                    W  Too many Flogger logs received before configuration. Dropping old logs.
2024-12-26 15:16:55.316 21433-28437 ProxyAndro...gerBackend com.allride.buses                    W  Too many Flogger logs received before configuration. Dropping old logs.
2024-12-26 15:16:55.393 21433-28466 SocketClient            com.allride.buses                    D  Socket connected
2024-12-26 15:16:55.394 21433-21433 connectionService       com.allride.buses                    D  socketUpdateReceiver onReceive CONNECT true
2024-12-26 15:16:55.396 21433-21800 TextToSpeech            com.allride.buses                    I  Connected to TTS engine
2024-12-26 15:16:55.412 21433-28385 TextToSpeech            com.allride.buses                    I  Setting up the connection to TTS engine...
2024-12-26 15:16:55.466 21433-27513 AllRideOAuth2Service    com.allride.buses                    I  Response Code > 200 - Request > Request{method=GET, url=https://stage.allrideapp.com/api/v1/pb/provider/me, tags={class retrofit2.Invocation=com.allride.buses.api.AllRideAPI.getAuthMe() []}}
2024-12-26 15:16:55.475 21433-21433 ActiveDepa...eViewModel com.allride.buses                    D  Success getAuthMe - {"auth":{"accessToken":"838ef4e481d12aa90c6c11a538997f7a6fa4e013b319bfb86d801d41a935528dde1f77b88e88411352868ef4c83db841c3ef4cd0816d6f9ca75ec20682d87d43","active":true,"canCreateRoutes":false,"canReleaseReservations":true,"code":"159159","communities":["653fd601f90509541a748683","6654ae4eba54fe502d4e4187"],"communityId":"653fd601f90509541a748683","config":{"autoLogout":{"enabled":false,"enum":"afterDepartureEnd","timer":{"amount":0,"unit":"minutes"}}},"device":{"accessToken":"","build":"","communityId":"","_id":"","model":"moto g71 5G","notificationToken":"","superCommunityId":""},"email":"nicolas+conductorsc1@allrideapp.com","hasToChangePassword":false,"_id":"668309b8bb41bfd79a461dc3","name":"Conductor Super Comunidad","refreshToken":"","rtlToken":"9e7ceac1b71173d5ee4d3095804f3f52df1a06595b2a17dc87a9fa61d36cd5dfe98e61635ef1b999adc4745acd67261b014fa1375eddabf13220004d247833ed","superCommunities":["653fd68233d83952fafcd4be"],"superCommunityId":"653fd68233d83952fafcd4be"},"type":"driver"}
2024-12-26 15:16:55.476 21433-25582 AllRideDepartureService com.allride.buses                    I  Response Code > 200
2024-12-26 15:16:55.476 21433-25582 AllRideDepartureService com.allride.buses                    I  URL > Request{method=GET, url=https://stage.allrideapp.com/api/v1/pb/provider/currentTime, tags={class retrofit2.Invocation=com.allride.buses.api.AllRideAPI.getTimeServer() []}}
2024-12-26 15:16:55.479 21433-21433 ActiveDepa...eViewModel com.allride.buses                    D  Success getTimeServer: "1735237016398"
2024-12-26 15:16:55.484 21433-28427 AllRideOAuth2Service    com.allride.buses                    I  Response Code > 500 - Request > Request{method=GET, url=https://stage.allrideapp.com/api/v1/pb/provider/validatableUsers/66f310608e6c377a3f43968e?usesPasses=false&usesTickets=true, tags={class retrofit2.Invocation=com.allride.buses.api.AllRideAPI.validatableUsers() [66f310608e6c377a3f43968e, false, true]}}
2024-12-26 15:16:55.484 21433-21433 ActiveDepa...eViewModel com.allride.buses                    E  Error validatableUsers: HTTP 500 
2024-12-26 15:16:55.510 21433-25631 AllRideOAuth2Service    com.allride.buses                    I  Response Code > 200 - Request > Request{method=GET, url=https://stage.allrideapp.com/api/v1/pb/provider/route/653fd68233d83952fafcd4be/66f310608e6c377a3f43968e, tags={class retrofit2.Invocation=com.allride.buses.api.AllRideAPI.getRoute() [653fd68233d83952fafcd4be, 66f310608e6c377a3f43968e]}}
2024-12-26 15:16:55.541 21433-21433 ActiveDepa...eViewModel com.allride.buses                    D  Success getRoute 66f310608e6c377a3f43968e
2024-12-26 15:16:55.642 21433-27397 AllRideOAuth2Service    com.allride.buses                    I  Response Code > 200 - Request > Request{method=GET, url=https://stage.allrideapp.com/api/v2/pb/driver/departures/current, tags={class retrofit2.Invocation=com.allride.buses.api.AllRideAPI.getCurrentDeparture() []}}
2024-12-26 15:16:55.645 21433-25610 connectionService       com.allride.buses                    D  Success getCurrentDeparture
2024-12-26 15:16:55.645 21433-25610 DepartureRealm          com.allride.buses                    I  update 676d9d97abfef8bf4eafbbbf
2024-12-26 15:16:55.663 21433-21433 ActiveDepa...eViewModel com.allride.buses                    D  typeMap com.allride.buses.data.models.PBDeparture@bdb175a
2024-12-26 15:16:55.663 21433-21433 MapActivity             com.allride.buses                    D  ActiveDepartureViewModel typeMap regular
2024-12-26 15:16:55.663 21433-21433 MapActivity             com.allride.buses                    D  ActiveDepartureViewModel capacity 46
2024-12-26 15:16:55.664 21433-25610 connectionService       com.allride.buses                    D  sendUpdateDeparture
2024-12-26 15:16:55.665 21433-25610 connectionService       com.allride.buses                    D  startActivityMap
2024-12-26 15:16:55.673 21433-21433 TripService             com.allride.buses                    D  socketUpdateReceiver onReceive UPDATE_DEPARTURE
2024-12-26 15:16:55.673 21433-21433 ActiveDepa...eViewModel com.allride.buses                    D  socketUpdateReceiver onReceive UPDATE_DEPARTURE
2024-12-26 15:16:55.673 21433-21433 ActiveDepa...eViewModel com.allride.buses                    D  socketUpdateReceiver onReceive UPDATE_DEPARTURE
2024-12-26 15:16:55.673 21433-21433 MapActivity             com.allride.buses                    D  setupBroadcastReceiver onReceive UPDATE_DEPARTURE false
2024-12-26 15:16:55.698 21433-25610 connectionService       com.allride.buses                    D  checkPendingOfflineSync false false true
2024-12-26 15:16:55.698 21433-25610 connectionService       com.allride.buses                    D  sendNotifyPendingOfflineSync true - 
2024-12-26 15:16:55.698 21433-25610 connectionService       com.allride.buses                    I  checkSyncOffline current 'deviceHistory' : [offline=false, validations=false, images=false, departure=false, deviceHistory=true, driverMuc=true]
2024-12-26 15:16:55.700 21433-27397 AllRideOAuth2Service    com.allride.buses                    I  getAccessToken 838ef4e481d12aa90c6c11a538997f7a6fa4e013b319bfb86d801d41a935528dde1f77b88e88411352868ef4c83db841c3ef4cd0816d6f9ca75ec20682d87d43
2024-12-26 15:16:55.705 21433-21433 MapActivity             com.allride.buses                    D  setupBroadcastReceiver onReceive pendingOfflineSync true
2024-12-26 15:16:55.857 21433-28447 AllRideOAuth2Service    com.allride.buses                    I  Response Code > 200 - Request > Request{method=GET, url=https://stage.allrideapp.com/api/v1/pb/provider/user/653fd68233d83952fafcd4be, tags={class retrofit2.Invocation=com.allride.buses.api.AllRideAPI.getCommunityUsers() [653fd68233d83952fafcd4be]}}
2024-12-26 15:16:55.895 21433-21433 connectionService       com.allride.buses                    D  checkConnectivity: true
2024-12-26 15:16:55.895 21433-21433 connectionService       com.allride.buses                    D  sendNotifyConnectivity true
2024-12-26 15:16:55.922 21433-21433 connectionService       com.allride.buses                    D  checkInMap exit for loadingCheckOnlineData
2024-12-26 15:16:55.922 21433-21433 connectionService       com.allride.buses                    D  sendNotifyConnectivity true
2024-12-26 15:16:55.922 21433-21433 MapActivity             com.allride.buses                    D  setupBroadcastReceiver onReceive connectivity true
2024-12-26 15:16:55.924 21433-21433 MapActivity             com.allride.buses                    D  setupBroadcastReceiver onReceive connectivity true
2024-12-26 15:16:56.002 21433-27417 AllRideOAuth2Service    com.allride.buses                    I  Response Code > 200 - Request > Request{method=GET, url=https://stage.allrideapp.com/api/v2/pb/driver/community/653fd68233d83952fafcd4be, tags={class retrofit2.Invocation=com.allride.buses.api.AllRideAPI.getCommunity() [653fd68233d83952fafcd4be]}}
2024-12-26 15:16:56.012 21433-25610 CommunityRealm          com.allride.buses                    D  updateCommunity
2024-12-26 15:16:56.021 21433-25610 connectionService       com.allride.buses                    D  Success getCommunity
2024-12-26 15:16:56.233 21433-25632 AllRideOAuth2Service    com.allride.buses                    I  Response Code > 200 - Request > Request{method=GET, url=https://stage.allrideapp.com/api/v1/pb/provider/user/653fd68233d83952fafcd4be, tags={class retrofit2.Invocation=com.allride.buses.api.AllRideAPI.getCommunityUsers() [653fd68233d83952fafcd4be]}}
2024-12-26 15:16:56.260 21433-25610 UserRealm               com.allride.buses                    D  updateCommunityUsers started with 2586 users
2024-12-26 15:16:56.263 21433-25610 UserRealm               com.allride.buses                    D  updateCommunityUsers inserting/updating users.
2024-12-26 15:16:56.339 21433-21433 ActiveDepa...eViewModel com.allride.buses                    D  Success getCommunityUsers 653fd68233d83952fafcd4be
2024-12-26 15:16:56.416 21433-25610 UserRealm               com.allride.buses                    D  updateCommunityUsers inserted successfully.
2024-12-26 15:16:56.422 21433-27397 AllRideOAuth2Service    com.allride.buses                    I  Response Code > 200 - Request > Request{method=POST, url=https://stage.allrideapp.com/api/v2/pb/driver/departure/device/history, tags={class retrofit2.Invocation=com.allride.buses.api.AllRideAPI.saveDeviceHistoryConnection() [com.allride.buses.api.AllRideAPI$HistoryUse@ce8fb95]}}
2024-12-26 15:16:56.427 21433-28490 ActiveDepa...eViewModel com.allride.buses                    I  Starting departure socket
2024-12-26 15:16:56.428 21433-28490 ActiveDepa...eViewModel com.allride.buses                    D  configSocket
2024-12-26 15:16:56.429 21433-28490 SocketClient            com.allride.buses                    D  Socket connected
2024-12-26 15:16:56.430 21433-21433 connectionService       com.allride.buses                    D  socketUpdateReceiver onReceive CONNECT true
2024-12-26 15:16:56.878 21433-27408 UserRealm               com.allride.buses                    D  updateCommunityUsers finding users to delete.
2024-12-26 15:16:56.930 21433-21433 connectionService       com.allride.buses                    D  checkConnectivity: true
2024-12-26 15:16:56.930 21433-21433 connectionService       com.allride.buses                    D  sendNotifyConnectivity true
2024-12-26 15:16:56.943 21433-27408 UserRealm               com.allride.buses                    D  updateCommunityUsers deleteAllFromRealm successfully.
2024-12-26 15:16:56.985 21433-27408 UserRealm               com.allride.buses                    D  updateCommunityUsers completed in 726 ms
2024-12-26 15:16:56.986 21433-27408 connectionService       com.allride.buses                    D  Success getCommunityUsers: 2586
2024-12-26 15:16:57.008 21433-21433 connectionService       com.allride.buses                    D  checkInMap exit for loadingCheckOnlineData
2024-12-26 15:16:57.008 21433-21433 connectionService       com.allride.buses                    D  sendNotifyConnectivity true
2024-12-26 15:16:57.010 21433-21433 MapActivity             com.allride.buses                    D  setupBroadcastReceiver onReceive connectivity true
2024-12-26 15:16:57.012 21433-21433 MapActivity             com.allride.buses                    D  setupBroadcastReceiver onReceive connectivity true
2024-12-26 15:16:57.015 21433-28221 connectionService       com.allride.buses                    D  checkPendingOfflineSync false false true
2024-12-26 15:16:57.015 21433-28221 connectionService       com.allride.buses                    D  sendNotifyPendingOfflineSync true - 
2024-12-26 15:16:57.015 21433-28221 connectionService       com.allride.buses                    I  checkSyncOffline current 'driverMuc' : [offline=false, validations=false, images=false, departure=false, deviceHistory=false, driverMuc=true]
2024-12-26 15:16:57.016 21433-28221 connectionService       com.allride.buses                    D  Success saveDeviceHistoryConnection: 2
2024-12-26 15:16:57.016 21433-27397 AllRideOAuth2Service    com.allride.buses                    I  getAccessToken 838ef4e481d12aa90c6c11a538997f7a6fa4e013b319bfb86d801d41a935528dde1f77b88e88411352868ef4c83db841c3ef4cd0816d6f9ca75ec20682d87d43
2024-12-26 15:16:57.024 21433-21433 MapActivity             com.allride.buses                    D  setupBroadcastReceiver onReceive pendingOfflineSync true
2024-12-26 15:16:57.736 21433-27397 AllRideOAuth2Service    com.allride.buses                    I  Response Code > 200 - Request > Request{method=GET, url=https://stage.allrideapp.com/api/v2/pb/driver/mucs, tags={class retrofit2.Invocation=com.allride.buses.api.AllRideAPI.getDriverMuc() []}}
2024-12-26 15:16:57.752 21433-28265 connectionService       com.allride.buses                    D  Success getDriverMuc: 2 - [MUC_sha25620000$668309b8bb41bfd79a461dc3$/fjrXXqTg/5EIiIh8zkBBsIMQ4K1Y1QQOE6VYzLDR0Y=, MUC_sha25620000$66022046a5d051546e0426fd$5ZoiUVAREmq/5YdR57fux4QZnKIXCo5A9O7IeRg4ILE=]
2024-12-26 15:16:57.830 21433-28265 connectionService       com.allride.buses                    D  checkPendingOfflineSync false false true
2024-12-26 15:16:57.830 21433-28265 connectionService       com.allride.buses                    D  sendNotifyPendingOfflineSync true - 
2024-12-26 15:16:57.830 21433-28265 connectionService       com.allride.buses                    I  checkSyncOffline dataList isEmpty
2024-12-26 15:16:57.830 21433-21433 MapActivity             com.allride.buses                    D  setupBroadcastReceiver onReceive pendingOfflineSync true
2024-12-26 15:16:58.047 21433-21433 TripService             com.allride.buses                    D  Sending event 'newPosition' socket: f883917f-04c0-4932-ad27-721ab0721e12 - [-34.3941091,-70.7812717]
2024-12-26 15:16:59.146 21433-21433 UserRealm               com.allride.buses                    D  isWorking false
2024-12-26 15:16:59.169 21433-21481 SessionLifecycleClient  com.allride.buses                    D  Sending lifecycle 2 to service
2024-12-26 15:16:59.170 21433-21578 SessionLifecycleService com.allride.buses                    D  Activity backgrounding at 223276227
2024-12-26 15:16:59.224 21433-21433 Utils                   com.allride.buses                    D  BroadcastReceiver registered successfully
2024-12-26 15:16:59.225 21433-21433 CapturePas...erActivity com.allride.buses                    E  ADD HISTORY USE: NO_TYPE_MOBILE_DATA
2024-12-26 15:16:59.237 21433-21433 CapturePas...erActivity com.allride.buses                    D  startCamera
2024-12-26 15:16:59.239 21433-21433 CamLifecycleController  com.allride.buses                    D  CameraProvider is not ready.
2024-12-26 15:16:59.239 21433-21433 CameraController        com.allride.buses                    D  Use cases not attached to camera.
2024-12-26 15:16:59.240 21433-25945 DynamiteModule          com.allride.buses                    I  Considering local module com.google.mlkit.dynamite.barcode:10000 and remote module com.google.mlkit.dynamite.barcode:0
2024-12-26 15:16:59.240 21433-21433 ViewReaderQR            com.allride.buses                    D  startQRAnalysis
2024-12-26 15:16:59.240 21433-25945 DynamiteModule          com.allride.buses                    I  Selected local version of com.google.mlkit.dynamite.barcode
2024-12-26 15:16:59.248 21433-21478 SessionLifecycleClient  com.allride.buses                    D  Sending lifecycle 1 to service
2024-12-26 15:16:59.248 21433-21578 SessionLifecycleService com.allride.buses                    D  Activity foregrounding at 223276305.
2024-12-26 15:16:59.249 21433-21433 CapturePas...erActivity com.allride.buses                    D  onResumeCamera
2024-12-26 15:16:59.249 21433-21433 ViewReaderQR            com.allride.buses                    D  onResumeCamera
2024-12-26 15:16:59.249 21433-21433 ViewReaderQR            com.allride.buses                    D  startQRAnalysis
2024-12-26 15:16:59.250 21433-21433 Utils                   com.allride.buses                    D  BroadcastReceiver registered successfully
2024-12-26 15:16:59.303 21433-21433 LoginActivity           com.allride.buses                    D  getNetworkStatus: {"pingTime":50,"signalStrength":3,"status":true,"type":"wifi"}
2024-12-26 15:16:59.325 21433-21433 CamLifecycleController  com.allride.buses                    D  CameraProvider is not ready.
2024-12-26 15:16:59.325 21433-21433 CameraController        com.allride.buses                    D  Use cases not attached to camera.
2024-12-26 15:16:59.336 21433-21433 CameraOrientationUtil   com.allride.buses                    D  getRelativeImageRotation: destRotationDegrees=0, sourceRotationDegrees=90, isOppositeFacing=true, result=90
2024-12-26 15:16:59.336 21433-21433 CameraOrientationUtil   com.allride.buses                    D  getRelativeImageRotation: destRotationDegrees=0, sourceRotationDegrees=90, isOppositeFacing=true, result=90
2024-12-26 15:16:59.339 21433-21433 DynamicRangeResolver    com.allride.buses                    D  Resolved dynamic range for use case androidx.camera.core.Preview-60736b90-9ca6-4684-9743-bd27c9b2f6c7 to no compatible HDR dynamic ranges.
                                                                                                    DynamicRange@ed8e517{encoding=UNSPECIFIED, bitDepth=0}
                                                                                                    ->
                                                                                                    DynamicRange@1f52596{encoding=SDR, bitDepth=8}
2024-12-26 15:16:59.340 21433-21433 CameraOrientationUtil   com.allride.buses                    D  getRelativeImageRotation: destRotationDegrees=0, sourceRotationDegrees=90, isOppositeFacing=true, result=90
2024-12-26 15:16:59.341 21433-21433 CameraOrientationUtil   com.allride.buses                    D  getRelativeImageRotation: destRotationDegrees=0, sourceRotationDegrees=90, isOppositeFacing=true, result=90
2024-12-26 15:16:59.341 21433-21433 DeferrableSurface       com.allride.buses                    D  Surface created[total_surfaces=1, used_surfaces=0](androidx.camera.core.processing.SurfaceEdge$SettableSurface@ca7f992}
2024-12-26 15:16:59.342 21433-21433 DeferrableSurface       com.allride.buses                    D  Surface created[total_surfaces=2, used_surfaces=0](androidx.camera.core.SurfaceRequest$2@7c81cde}
2024-12-26 15:16:59.343 21433-21433 DeferrableSurface       com.allride.buses                    D  New surface in use[total_surfaces=2, used_surfaces=1](androidx.camera.core.SurfaceRequest$2@7c81cde}
2024-12-26 15:16:59.343 21433-21433 DeferrableSurface       com.allride.buses                    D  use count+1, useCount=1 androidx.camera.core.SurfaceRequest$2@7c81cde
2024-12-26 15:16:59.343 21433-21433 CameraOrientationUtil   com.allride.buses                    D  getRelativeImageRotation: destRotationDegrees=0, sourceRotationDegrees=90, isOppositeFacing=true, result=90
2024-12-26 15:16:59.344 21433-21433 ImageCapture            com.allride.buses                    D  createPipeline(cameraId: 0, streamSpec: StreamSpec{resolution=3264x2448, dynamicRange=DynamicRange@1f52596{encoding=SDR, bitDepth=8}, expectedFrameRateRange=[0, 0], implementationOptions=androidx.camera.camera2.impl.Camera2ImplConfig@215e7db})
2024-12-26 15:16:59.345 21433-21433 DeferrableSurface       com.allride.buses                    D  Surface created[total_surfaces=3, used_surfaces=1](androidx.camera.core.impl.ImmediateSurface@e5aa278}
2024-12-26 15:16:59.347 21433-21433 CameraOrientationUtil   com.allride.buses                    D  getRelativeImageRotation: destRotationDegrees=0, sourceRotationDegrees=90, isOppositeFacing=true, result=90
2024-12-26 15:16:59.347 21433-21433 CameraOrientationUtil   com.allride.buses                    D  getRelativeImageRotation: destRotationDegrees=0, sourceRotationDegrees=90, isOppositeFacing=true, result=90
2024-12-26 15:16:59.348 21433-22793 Camera2CameraImpl       com.allride.buses                    D  {Camera@f00f3d4[id=0]} Use case androidx.camera.core.ImageCapture-2233098a-04b7-49a0-80cd-eabb70ad0e0c166316513 ACTIVE
2024-12-26 15:16:59.348 21433-21433 DeferrableSurface       com.allride.buses                    D  Surface created[total_surfaces=4, used_surfaces=1](androidx.camera.core.impl.ImmediateSurface@cb4e9b6}
2024-12-26 15:16:59.349 21433-22793 UseCaseAttachState      com.allride.buses                    D  Active and attached use case: [] for camera: 0
2024-12-26 15:16:59.350 21433-21433 UsbSerialService        com.allride.buses                    D  onCreate
2024-12-26 15:16:59.350 21433-22793 Camera2CameraImpl       com.allride.buses                    D  {Camera@f00f3d4[id=0]} Use case androidx.camera.core.Preview-60736b90-9ca6-4684-9743-bd27c9b2f6c760741448 ACTIVE
2024-12-26 15:16:59.350 21433-22793 UseCaseAttachState      com.allride.buses                    D  Active and attached use case: [] for camera: 0
2024-12-26 15:16:59.351 21433-21433 UsbSerialService        com.allride.buses                    D  findSerialPortDevice: []
2024-12-26 15:16:59.351 21433-21433 UsbSerialService        com.allride.buses                    D  No compatible USB device found
2024-12-26 15:16:59.351 21433-22793 Camera2CameraImpl       com.allride.buses                    D  {Camera@f00f3d4[id=0]} Use case androidx.camera.core.ImageCapture-2233098a-04b7-49a0-80cd-eabb70ad0e0c166316513 ACTIVE
2024-12-26 15:16:59.352 21433-22793 UseCaseAttachState      com.allride.buses                    D  Active and attached use case: [] for camera: 0
2024-12-26 15:16:59.353 21433-22793 Camera2CameraImpl       com.allride.buses                    D  {Camera@f00f3d4[id=0]} Use case androidx.camera.core.ImageAnalysis-526d4be2-484f-40da-b12d-a357c04081a9152285958 ACTIVE
2024-12-26 15:16:59.353 21433-22793 UseCaseAttachState      com.allride.buses                    D  Active and attached use case: [] for camera: 0
2024-12-26 15:16:59.353 21433-21433 PreviewView             com.allride.buses                    D  Surface requested by Preview.
2024-12-26 15:16:59.356 21433-21433 PreviewView             com.allride.buses                    D  Preview transformation info updated. TransformationInfo{getCropRect=Rect(0, 117 - 1600, 1083), getRotationDegrees=90, getTargetRotation=-1, hasCameraTransform=true, getSensorToBufferTransform=Matrix{[0.39215687, 0.0, -1.5686275][0.0, 0.39215687, -3.9215686][0.0, 0.0, 1.0]}, getMirroring=false}
2024-12-26 15:16:59.356 21433-21433 PreviewTransform        com.allride.buses                    D  Transformation info set: TransformationInfo{getCropRect=Rect(0, 117 - 1600, 1083), getRotationDegrees=90, getTargetRotation=-1, hasCameraTransform=true, getSensorToBufferTransform=Matrix{[0.39215687, 0.0, -1.5686275][0.0, 0.39215687, -3.9215686][0.0, 0.0, 1.0]}, getMirroring=false} 1600x1200 false
2024-12-26 15:16:59.356 21433-21433 CameraOrientationUtil   com.allride.buses                    D  getRelativeImageRotation: destRotationDegrees=0, sourceRotationDegrees=90, isOppositeFacing=true, result=90
2024-12-26 15:16:59.356 21433-22793 UseCaseAttachState      com.allride.buses                    D  Active and attached use case: [] for camera: 0
2024-12-26 15:16:59.358 21433-22793 Camera2CameraImpl       com.allride.buses                    D  {Camera@f00f3d4[id=0]} Use cases [androidx.camera.core.Preview-60736b90-9ca6-4684-9743-bd27c9b2f6c760741448, androidx.camera.core.ImageCapture-2233098a-04b7-49a0-80cd-eabb70ad0e0c166316513, androidx.camera.core.ImageAnalysis-526d4be2-484f-40da-b12d-a357c04081a9152285958] now ATTACHED
2024-12-26 15:16:59.359 21433-22793 UseCaseAttachState      com.allride.buses                    D  All use case: [androidx.camera.core.ImageCapture-2233098a-04b7-49a0-80cd-eabb70ad0e0c166316513, androidx.camera.core.Preview-60736b90-9ca6-4684-9743-bd27c9b2f6c760741448, androidx.camera.core.ImageAnalysis-526d4be2-484f-40da-b12d-a357c04081a9152285958] for camera: 0
2024-12-26 15:16:59.359 21433-22793 UseCaseAttachState      com.allride.buses                    D  Active and attached use case: [androidx.camera.core.ImageCapture-2233098a-04b7-49a0-80cd-eabb70ad0e0c166316513, androidx.camera.core.Preview-60736b90-9ca6-4684-9743-bd27c9b2f6c760741448, androidx.camera.core.ImageAnalysis-526d4be2-484f-40da-b12d-a357c04081a9152285958] for camera: 0
2024-12-26 15:16:59.361 21433-22793 Camera2CameraImpl       com.allride.buses                    D  {Camera@f00f3d4[id=0]} Resetting Capture Session
2024-12-26 15:16:59.361 21433-22793 Camera2CameraImpl       com.allride.buses                    D  {Camera@f00f3d4[id=0]} Releasing session in state INITIALIZED
2024-12-26 15:16:59.361 21433-22793 Camera2CameraImpl       com.allride.buses                    D  {Camera@f00f3d4[id=0]} Attempting to force open the camera.
2024-12-26 15:16:59.361 21433-22793 CameraStateRegistry     com.allride.buses                    D  tryOpenCamera(Camera@f00f3d4[id=0]) [Available Cameras: 1, Already Open: false (Previous state: CLOSED)] --> SUCCESS
2024-12-26 15:16:59.362 21433-22793 CameraStateRegistry     com.allride.buses                    D  Recalculating open cameras:
                                                                                                    Camera                                       State                 
                                                                                                    -------------------------------------------------------------------
                                                                                                    Camera@f00f3d4[id=0]                         OPENING               
                                                                                                    Camera@a7f9ba5[id=1]                         UNKNOWN               
                                                                                                    -------------------------------------------------------------------
                                                                                                    Open count: 1 (Max allowed: 1)
