2024-12-26 15:16:59.362 21433-22793 Camera2CameraImpl       com.allride.buses                    D  {Camera@f00f3d4[id=0]} Opening camera.
2024-12-26 15:16:59.362 21433-22793 Camera2CameraImpl       com.allride.buses                    D  {Camera@f00f3d4[id=0]} Transitioning camera internal state: INITIALIZED --> OPENING
2024-12-26 15:16:59.362 21433-22793 CameraStateMachine      com.allride.buses                    D  New public camera state CameraState{type=OPENING, error=null} from OPENING and null
2024-12-26 15:16:59.362 21433-22793 CameraStateMachine      com.allride.buses                    D  Publishing new public camera state CameraState{type=OPENING, error=null}
2024-12-26 15:16:59.363 21433-22793 UseCaseAttachState      com.allride.buses                    D  All use case: [androidx.camera.core.ImageCapture-2233098a-04b7-49a0-80cd-eabb70ad0e0c166316513, androidx.camera.core.Preview-60736b90-9ca6-4684-9743-bd27c9b2f6c760741448, androidx.camera.core.ImageAnalysis-526d4be2-484f-40da-b12d-a357c04081a9152285958] for camera: 0
2024-12-26 15:16:59.371 21433-21433 SurfaceViewImpl         com.allride.buses                    D  Surface created.
2024-12-26 15:16:59.371 21433-21433 SurfaceViewImpl         com.allride.buses                    D  Surface changed. Size: 1600x1200
2024-12-26 15:16:59.372 21433-21433 SurfaceViewImpl         com.allride.buses                    D  Surface set on Preview.
2024-12-26 15:16:59.386 21433-22793 Camera2CameraImpl       com.allride.buses                    D  {Camera@f00f3d4[id=0]} Use case androidx.camera.core.Preview-60736b90-9ca6-4684-9743-bd27c9b2f6c760741448 ACTIVE
2024-12-26 15:16:59.386 21433-22793 UseCaseAttachState      com.allride.buses                    D  Active and attached use case: [androidx.camera.core.ImageCapture-2233098a-04b7-49a0-80cd-eabb70ad0e0c166316513, androidx.camera.core.Preview-60736b90-9ca6-4684-9743-bd27c9b2f6c760741448, androidx.camera.core.ImageAnalysis-526d4be2-484f-40da-b12d-a357c04081a9152285958] for camera: 0
2024-12-26 15:16:59.389 21433-22793 Camera2CameraImpl       com.allride.buses                    D  {Camera@f00f3d4[id=0]} Use case androidx.camera.core.ImageCapture-2233098a-04b7-49a0-80cd-eabb70ad0e0c166316513 ACTIVE
2024-12-26 15:16:59.389 21433-22793 UseCaseAttachState      com.allride.buses                    D  Active and attached use case: [androidx.camera.core.ImageCapture-2233098a-04b7-49a0-80cd-eabb70ad0e0c166316513, androidx.camera.core.Preview-60736b90-9ca6-4684-9743-bd27c9b2f6c760741448, androidx.camera.core.ImageAnalysis-526d4be2-484f-40da-b12d-a357c04081a9152285958] for camera: 0
2024-12-26 15:16:59.390 21433-22793 Camera2CameraImpl       com.allride.buses                    D  {Camera@f00f3d4[id=0]} Use case androidx.camera.core.ImageAnalysis-526d4be2-484f-40da-b12d-a357c04081a9152285958 ACTIVE
2024-12-26 15:16:59.390 21433-22793 UseCaseAttachState      com.allride.buses                    D  Active and attached use case: [androidx.camera.core.ImageCapture-2233098a-04b7-49a0-80cd-eabb70ad0e0c166316513, androidx.camera.core.Preview-60736b90-9ca6-4684-9743-bd27c9b2f6c760741448, androidx.camera.core.ImageAnalysis-526d4be2-484f-40da-b12d-a357c04081a9152285958] for camera: 0
2024-12-26 15:16:59.391 21433-22793 Camera2CameraImpl       com.allride.buses                    D  {Camera@f00f3d4[id=0]} CameraDevice.onOpened()
2024-12-26 15:16:59.391 21433-22793 Camera2CameraImpl       com.allride.buses                    D  {Camera@f00f3d4[id=0]} Transitioning camera internal state: OPENING --> OPENED
2024-12-26 15:16:59.392 21433-22793 CameraStateRegistry     com.allride.buses                    D  Recalculating open cameras:
                                                                                                    Camera                                       State                 
                                                                                                    -------------------------------------------------------------------
                                                                                                    Camera@f00f3d4[id=0]                         OPEN                  
                                                                                                    Camera@a7f9ba5[id=1]                         UNKNOWN               
                                                                                                    -------------------------------------------------------------------
                                                                                                    Open count: 1 (Max allowed: 1)
2024-12-26 15:16:59.392 21433-22793 CameraStateMachine      com.allride.buses                    D  New public camera state CameraState{type=OPEN, error=null} from OPEN and null
2024-12-26 15:16:59.392 21433-22793 CameraStateMachine      com.allride.buses                    D  Publishing new public camera state CameraState{type=OPEN, error=null}
2024-12-26 15:16:59.393 21433-22793 UseCaseAttachState      com.allride.buses                    D  All use case: [androidx.camera.core.ImageCapture-2233098a-04b7-49a0-80cd-eabb70ad0e0c166316513, androidx.camera.core.Preview-60736b90-9ca6-4684-9743-bd27c9b2f6c760741448, androidx.camera.core.ImageAnalysis-526d4be2-484f-40da-b12d-a357c04081a9152285958] for camera: 0
2024-12-26 15:16:59.394 21433-22793 UseCaseAttachState      com.allride.buses                    D  Active and attached use case: [androidx.camera.core.ImageCapture-2233098a-04b7-49a0-80cd-eabb70ad0e0c166316513, androidx.camera.core.Preview-60736b90-9ca6-4684-9743-bd27c9b2f6c760741448, androidx.camera.core.ImageAnalysis-526d4be2-484f-40da-b12d-a357c04081a9152285958] for camera: 0
2024-12-26 15:16:59.395 21433-22793 SyncCaptureSessionBase  com.allride.buses                    D  [androidx.camera.camera2.internal.SynchronizedCaptureSessionBaseImpl@1fc32a2] getSurface...done
2024-12-26 15:16:59.395 21433-22793 CaptureSession          com.allride.buses                    D  Opening capture session.
2024-12-26 15:16:59.397 21433-22793 DeferrableSurface       com.allride.buses                    D  use count+1, useCount=2 androidx.camera.core.SurfaceRequest$2@7c81cde
2024-12-26 15:16:59.397 21433-22793 DeferrableSurface       com.allride.buses                    D  New surface in use[total_surfaces=4, used_surfaces=2](androidx.camera.core.impl.ImmediateSurface@e5aa278}
2024-12-26 15:16:59.397 21433-22793 DeferrableSurface       com.allride.buses                    D  use count+1, useCount=1 androidx.camera.core.impl.ImmediateSurface@e5aa278
2024-12-26 15:16:59.397 21433-22793 DeferrableSurface       com.allride.buses                    D  New surface in use[total_surfaces=4, used_surfaces=3](androidx.camera.core.impl.ImmediateSurface@cb4e9b6}
2024-12-26 15:16:59.397 21433-22793 DeferrableSurface       com.allride.buses                    D  use count+1, useCount=1 androidx.camera.core.impl.ImmediateSurface@cb4e9b6
2024-12-26 15:16:59.446 21433-22793 CaptureSession          com.allride.buses                    D  Attempting to send capture request onConfigured
2024-12-26 15:16:59.446 21433-22793 CaptureSession          com.allride.buses                    D  Issuing request for session.
2024-12-26 15:16:59.447 21433-22793 Camera2Cap...estBuilder com.allride.buses                    D  createCaptureRequest
2024-12-26 15:16:59.458 21433-22793 CaptureSession          com.allride.buses                    D  CameraCaptureSession.onConfigured() mState=OPENED
2024-12-26 15:16:59.458 21433-22793 CaptureSession          com.allride.buses                    D  CameraCaptureSession.onReady() OPENED
2024-12-26 15:16:59.570 21433-21433 MapActivity             com.allride.buses                    D  onStop
2024-12-26 15:16:59.570 21433-21433 MapActivity             com.allride.buses                    D  Success unregisterReceiver setupBroadcastReceiver
2024-12-26 15:16:59.723 21433-22804 StreamStateObserver     com.allride.buses                    D  Update Preview stream state to STREAMING
2024-12-26 15:16:59.726 21433-25884 PipelineManager         com.allride.buses                    D  Start process YUV
2024-12-26 15:16:59.751 21433-25883 tflite                  com.allride.buses                    I  Replacing 43 out of 43 node(s) with delegate (TfLiteXNNPackDelegate) node, yielding 1 partitions for the whole graph.
2024-12-26 15:16:59.758 21433-25883 tflite                  com.allride.buses                    I  Replacing 35 out of 47 node(s) with delegate (TfLiteXNNPackDelegate) node, yielding 23 partitions for the whole graph.
2024-12-26 15:16:59.759 21433-25883 native                  com.allride.buses                    I  I0000 00:00:1735237019.759230   25883 oned_decoder_client.cc:696] barhopper::deep_learning::OnedDecoderClient is created successfully.
2024-12-26 15:16:59.826 21433-25884 PipelineManager         com.allride.buses                    D  OCR process succeeded via visionkit pipeline.
2024-12-26 15:16:59.827 21433-25884 PipelineManager         com.allride.buses                    D  Start process YUV
2024-12-26 15:16:59.883 21433-25884 PipelineManager         com.allride.buses                    D  OCR process succeeded via visionkit pipeline.
2024-12-26 15:16:59.885 21433-25884 PipelineManager         com.allride.buses                    D  Start process YUV
2024-12-26 15:16:59.946 21433-25884 PipelineManager         com.allride.buses                    D  OCR process succeeded via visionkit pipeline.
2024-12-26 15:16:59.946 21433-25884 PipelineManager         com.allride.buses                    D  Start process YUV
2024-12-26 15:16:59.976 21433-25945 PipelineManager         com.allride.buses                    D  Start process YUV
2024-12-26 15:17:00.034 21433-25945 PipelineManager         com.allride.buses                    D  OCR process succeeded via visionkit pipeline.
2024-12-26 15:17:00.035 21433-25945 PipelineManager         com.allride.buses                    D  Start process YUV
2024-12-26 15:17:00.062 21433-25947 PipelineManager         com.allride.buses                    D  Start process YUV
2024-12-26 15:17:00.131 21433-25947 PipelineManager         com.allride.buses                    D  OCR process succeeded via visionkit pipeline.
2024-12-26 15:17:00.131 21433-25947 PipelineManager         com.allride.buses                    D  Start process YUV
2024-12-26 15:17:00.134 21433-25884 PipelineManager         com.allride.buses                    D  Start process YUV
2024-12-26 15:17:00.195 21433-25884 PipelineManager         com.allride.buses                    D  OCR process succeeded via visionkit pipeline.
2024-12-26 15:17:00.196 21433-25884 PipelineManager         com.allride.buses                    D  Start process YUV
2024-12-26 15:17:00.196 21433-25884 PipelineManager         com.allride.buses                    D  Start process YUV
2024-12-26 15:17:00.220 21433-25883 PipelineManager         com.allride.buses                    D  Start process YUV
2024-12-26 15:17:00.297 21433-25883 PipelineManager         com.allride.buses                    D  OCR process succeeded via visionkit pipeline.
2024-12-26 15:17:00.298 21433-25883 PipelineManager         com.allride.buses                    D  Start process YUV
2024-12-26 15:17:00.298 21433-25883 PipelineManager         com.allride.buses                    D  Start process YUV
2024-12-26 15:17:00.316 21433-25946 PipelineManager         com.allride.buses                    D  Start process YUV
2024-12-26 15:17:00.381 21433-25946 PipelineManager         com.allride.buses                    D  OCR process succeeded via visionkit pipeline.
2024-12-26 15:17:00.382 21433-25946 PipelineManager         com.allride.buses                    D  Start process YUV
2024-12-26 15:17:00.392 21433-25945 PipelineManager         com.allride.buses                    D  Start process YUV
2024-12-26 15:17:00.460 21433-25945 PipelineManager         com.allride.buses                    D  OCR process succeeded via visionkit pipeline.
2024-12-26 15:17:00.461 21433-25945 PipelineManager         com.allride.buses                    D  Start process YUV
2024-12-26 15:17:00.461 21433-25945 PipelineManager         com.allride.buses                    D  Start process YUV
2024-12-26 15:17:00.484 21433-25951 PipelineManager         com.allride.buses                    D  Start process YUV
2024-12-26 15:17:00.549 21433-25951 PipelineManager         com.allride.buses                    D  OCR process succeeded via visionkit pipeline.
2024-12-26 15:17:00.550 21433-25951 PipelineManager         com.allride.buses                    D  Start process YUV
2024-12-26 15:17:00.554 21433-25884 PipelineManager         com.allride.buses                    D  Start process YUV
2024-12-26 15:17:00.624 21433-25884 PipelineManager         com.allride.buses                    D  OCR process succeeded via visionkit pipeline.
2024-12-26 15:17:00.624 21433-25884 PipelineManager         com.allride.buses                    D  Start process YUV
2024-12-26 15:17:00.625 21433-25884 PipelineManager         com.allride.buses                    D  Start process YUV
2024-12-26 15:17:00.753 21433-21433 ViewReaderQR            com.allride.buses                    D  barcodeScanner: 87ecbaf1e980438b5e7d19457a0a88d41f32066bb72bda50fbe6c09bb16245375dcc13a2b8cb723e1638d274732a0389e8e5a602bb8af8921cabd69ffc60ab2966d8cf4f4a7101503b01f84a003
2024-12-26 15:17:00.753 21433-21433 ViewReaderQR            com.allride.buses                    D  onPauseCamera
2024-12-26 15:17:00.754 21433-21433 ActiveDepa...eViewModel com.allride.buses                    D  onlineValidationQR: 87ecbaf1e980438b5e7d19457a0a88d41f32066bb72bda50fbe6c09bb16245375dcc13a2b8cb723e1638d274732a0389e8e5a602bb8af8921cabd69ffc60ab2966d8cf4f4a7101503b01f84a003
2024-12-26 15:17:00.754 21433-22793 Camera2CameraImpl       com.allride.buses                    D  {Camera@f00f3d4[id=0]} Use case androidx.camera.core.ImageAnalysis-526d4be2-484f-40da-b12d-a357c04081a9152285958 INACTIVE
2024-12-26 15:17:00.754 21433-22793 UseCaseAttachState      com.allride.buses                    D  Active and attached use case: [androidx.camera.core.ImageCapture-2233098a-04b7-49a0-80cd-eabb70ad0e0c166316513, androidx.camera.core.Preview-60736b90-9ca6-4684-9743-bd27c9b2f6c760741448] for camera: 0
2024-12-26 15:17:00.755 21433-21433 ActiveDepa...eViewModel com.allride.buses                    D  Pre validatePassenger {"communityId":"653fd68233d83952fafcd4be","timezone":"America/Santiago","validationInternalId":"d0d3a0e3-2c01-4d8b-b63c-832bcaf201fe","validationLat":-34.3941091,"validationLon":-70.7812717,"validationString":"87ecbaf1e980438b5e7d19457a0a88d41f32066bb72bda50fbe6c09bb16245375dcc13a2b8cb723e1638d274732a0389e8e5a602bb8af8921cabd69ffc60ab2966d8cf4f4a7101503b01f84a003"}
2024-12-26 15:17:00.755 21433-22793 CaptureSession          com.allride.buses                    D  Attempting to submit CaptureRequest after setting
2024-12-26 15:17:00.755 21433-22793 CaptureSession          com.allride.buses                    D  Issuing request for session.
2024-12-26 15:17:00.755 21433-22793 Camera2Cap...estBuilder com.allride.buses                    D  createCaptureRequest
2024-12-26 15:17:00.790 21433-25884 PipelineManager         com.allride.buses                    D  OCR process succeeded via visionkit pipeline.
2024-12-26 15:17:00.802 21433-25884 PipelineManager         com.allride.buses                    D  Start process YUV
2024-12-26 15:17:00.802 21433-25884 PipelineManager         com.allride.buses                    D  Start process YUV
2024-12-26 15:17:00.802 21433-25884 PipelineManager         com.allride.buses                    D  Start process YUV
2024-12-26 15:17:01.152 21433-25582 AllRideDepartureService com.allride.buses                    I  Departure token: 04a56a5605fe7a3735ea449ae1e8875178f40391d0e09e42a99284262756f836e91a2111a6559863fc3bab98bce5910ea36d5f18f97f4300953d902dc65ea587
2024-12-26 15:17:01.629 21433-25582 AllRideDepartureService com.allride.buses                    I  Response Code > 200
2024-12-26 15:17:01.629 21433-25582 AllRideDepartureService com.allride.buses                    I  URL > Request{method=POST, url=https://stage.allrideapp.com/api/v1/pb/provider/departures/validate, tags={class retrofit2.Invocation=com.allride.buses.api.AllRideAPI.validatePassenger() [com.allride.buses.api.AllRideAPI$ValidatePassengerData@b722c6e]}}
2024-12-26 15:17:01.637 21433-28265 ActiveDepa...eViewModel com.allride.buses                    D  Success validatePassenger {"assignedSeat":"","communityId":"6654ae4eba54fe502d4e4187","createdAt":"Dec 26, 2024 3:17:02 PM","departureId":"676d9d97abfef8bf4eafbbbf","distance":8859.709,"_id":"676d9d9eabfef8bf4eafbc46","internalId":"d0d3a0e3-2c01-4d8b-b63c-832bcaf201fe","isCustom":false,"isDNI":false,"isManual":false,"lat":-34.394108,"latitude":-34.394108,"loc":{"float1":-70.78127,"float2":-34.394108},"lon":-70.78127,"longitude":-70.78127,"reason":["ext_web_control"],"remainingTickets":0,"routeId":"66f310608e6c377a3f43968e","synced":true,"token":"","user":{"avatar":"https://s3.amazonaws.com/adedo.users-avatars/user_placeholder.png","_id":"66d8cf4f4a7101503b01f84a","name":"Barbara Lisboa"},"userId":"66d8cf4f4a7101503b01f84a","validated":true}
2024-12-26 15:17:01.644 21433-28265 Validations             com.allride.buses                    D  updateValidation {"assignedSeat":"","communityId":"6654ae4eba54fe502d4e4187","createdAt":"Dec 26, 2024 3:17:02 PM","departureId":"676d9d97abfef8bf4eafbbbf","distance":8859.709,"_id":"676d9d9eabfef8bf4eafbc46","internalId":"d0d3a0e3-2c01-4d8b-b63c-832bcaf201fe","isCustom":false,"isDNI":false,"isManual":false,"lat":-34.394108,"latitude":-34.394108,"loc":{"float1":-70.78127,"float2":-34.394108},"lon":-70.78127,"longitude":-70.78127,"reason":["ext_web_control"],"remainingTickets":0,"routeId":"66f310608e6c377a3f43968e","synced":true,"token":"","user":{"avatar":"https://s3.amazonaws.com/adedo.users-avatars/user_placeholder.png","_id":"66d8cf4f4a7101503b01f84a","name":"Barbara Lisboa"},"userId":"66d8cf4f4a7101503b01f84a","validated":true}
2024-12-26 15:17:01.654 21433-28265 ValidationRealm         com.allride.buses                    D  validatePassenger validationInfo {"assignedSeat":"","communityId":"6654ae4eba54fe502d4e4187","createdAt":"Dec 26, 2024 3:17:02 PM","departureId":"676d9d97abfef8bf4eafbbbf","_id":"676d9d9eabfef8bf4eafbc46","reason":["ext_web_control"],"synced":true,"userId":"66d8cf4f4a7101503b01f84a","validated":true}
2024-12-26 15:17:01.693 21433-28265 ActiveDepa...eViewModel com.allride.buses                    D  BLEManager sendCommandBLE
2024-12-26 15:17:01.731 21433-21433 AudioTrack              com.allride.buses                    I  createTrack_l(0): AUDIO_OUTPUT_FLAG_FAST successful; frameCount 960 -> 960
2024-12-26 15:17:01.731 21433-21433 AudioTrack              com.allride.buses                    D  setVolume: mRelativePercentage:1.000000, left:1.000000, right:1.000000
2024-12-26 15:17:01.863 21433-28596 ActiveDepa...eViewModel com.allride.buses                    D  SocketClient - current : {"color":"2E7D32","capacity":45}
2024-12-26 15:17:01.864 21433-28596 DepartureRealm          com.allride.buses                    D  setCapacity 45
2024-12-26 15:17:02.108 21433-28590 AudioTrack              com.allride.buses                    D  stop(3408): called with 15168 frames delivered
2024-12-26 15:17:02.492 21433-21433 TripService             com.allride.buses                    D  Sending event 'newPosition' socket: 98a75f3f-7d25-4f9b-be14-a382562373c9 - [-34.3941088,-70.781272]
2024-12-26 15:17:02.817 21433-21433 InputEventReceiver      com.allride.buses                    W  Attempted to finish an input event but the input event receiver has already been disposed.
2024-12-26 15:17:02.817 21433-21433 CapturePas...erActivity com.allride.buses                    D  hideDialogValidation
2024-12-26 15:17:02.817 21433-21433 CapturePas...erActivity com.allride.buses                    D  onResumeCamera
2024-12-26 15:17:02.817 21433-21433 ViewReaderQR            com.allride.buses                    D  onResumeCamera
2024-12-26 15:17:02.817 21433-21433 ViewReaderQR            com.allride.buses                    D  startQRAnalysis
2024-12-26 15:17:02.818 21433-22793 Camera2CameraImpl       com.allride.buses                    D  {Camera@f00f3d4[id=0]} Use case androidx.camera.core.ImageAnalysis-526d4be2-484f-40da-b12d-a357c04081a9152285958 ACTIVE
2024-12-26 15:17:02.818 21433-22793 UseCaseAttachState      com.allride.buses                    D  Active and attached use case: [androidx.camera.core.ImageCapture-2233098a-04b7-49a0-80cd-eabb70ad0e0c166316513, androidx.camera.core.Preview-60736b90-9ca6-4684-9743-bd27c9b2f6c760741448, androidx.camera.core.ImageAnalysis-526d4be2-484f-40da-b12d-a357c04081a9152285958] for camera: 0
2024-12-26 15:17:02.822 21433-22793 CaptureSession          com.allride.buses                    D  Attempting to submit CaptureRequest after setting
2024-12-26 15:17:02.822 21433-22793 CaptureSession          com.allride.buses                    D  Issuing request for session.
2024-12-26 15:17:02.823 21433-22793 Camera2Cap...estBuilder com.allride.buses                    D  createCaptureRequest
2024-12-26 15:17:03.023 21433-21433 TripService             com.allride.buses                    D  Sending event 'newPosition' socket: e1beb38e-68ba-4d82-9419-344238b7cdf0 - [-34.3941088,-70.7812727]
2024-12-26 15:17:03.193 21433-25946 PipelineManager         com.allride.buses                    D  Start process YUV
2024-12-26 15:17:03.268 21433-25946 PipelineManager         com.allride.buses                    D  OCR process succeeded via visionkit pipeline.
2024-12-26 15:17:03.269 21433-25946 PipelineManager         com.allride.buses                    D  Start process YUV
2024-12-26 15:17:03.279 21433-25945 PipelineManager         com.allride.buses                    D  Start process YUV
2024-12-26 15:17:03.361 21433-25945 PipelineManager         com.allride.buses                    D  OCR process succeeded via visionkit pipeline.
2024-12-26 15:17:03.362 21433-25945 PipelineManager         com.allride.buses                    D  Start process YUV
2024-12-26 15:17:03.362 21433-25945 PipelineManager         com.allride.buses                    D  Start process YUV
2024-12-26 15:17:03.390 21433-25951 PipelineManager         com.allride.buses                    D  Start process YUV
2024-12-26 15:17:03.468 21433-25951 PipelineManager         com.allride.buses                    D  OCR process succeeded via visionkit pipeline.
2024-12-26 15:17:03.469 21433-25951 PipelineManager         com.allride.buses                    D  Start process YUV
2024-12-26 15:17:03.470 21433-25951 PipelineManager         com.allride.buses                    D  Start process YUV
2024-12-26 15:17:03.559 21433-21433 UserRealm               com.allride.buses                    D  isWorking false
2024-12-26 15:17:03.583 21433-21433 CapturePas...erActivity com.allride.buses                    D  onPauseCamera
2024-12-26 15:17:03.583 21433-21433 ViewReaderQR            com.allride.buses                    D  onPauseCamera
2024-12-26 15:17:03.583 21433-21478 SessionLifecycleClient  com.allride.buses                    D  Sending lifecycle 2 to service
2024-12-26 15:17:03.584 21433-22804 Camera2CameraImpl       com.allride.buses                    D  {Camera@f00f3d4[id=0]} Use case androidx.camera.core.ImageAnalysis-526d4be2-484f-40da-b12d-a357c04081a9152285958 INACTIVE
2024-12-26 15:17:03.584 21433-22804 UseCaseAttachState      com.allride.buses                    D  Active and attached use case: [androidx.camera.core.ImageCapture-2233098a-04b7-49a0-80cd-eabb70ad0e0c166316513, androidx.camera.core.Preview-60736b90-9ca6-4684-9743-bd27c9b2f6c760741448] for camera: 0
2024-12-26 15:17:03.585 21433-22804 CaptureSession          com.allride.buses                    D  Attempting to submit CaptureRequest after setting
2024-12-26 15:17:03.585 21433-22804 CaptureSession          com.allride.buses                    D  Issuing request for session.
2024-12-26 15:17:03.585 21433-22804 Camera2Cap...estBuilder com.allride.buses                    D  createCaptureRequest
2024-12-26 15:17:03.588 21433-21578 SessionLifecycleService com.allride.buses                    D  Activity backgrounding at 223280641
2024-12-26 15:17:03.596 21433-21433 MapActivity             com.allride.buses                    D  onStart
2024-12-26 15:17:03.597 21433-21433 ActiveDepa...eViewModel com.allride.buses                    D  onResumeMap
2024-12-26 15:17:03.597 21433-21433 ActiveDepa...eViewModel com.allride.buses                    D  onResumeMap getCurrent
2024-12-26 15:17:03.598 21433-21433 MapActivity             com.allride.buses                    D  Success registerReceiver setupBroadcastReceiver
2024-12-26 15:17:03.598 21433-21433 connectionService       com.allride.buses                    D  checkConnectivity: true
2024-12-26 15:17:03.598 21433-21433 connectionService       com.allride.buses                    D  sendNotifyConnectivity true
2024-12-26 15:17:03.598 21433-25951 PipelineManager         com.allride.buses                    D  OCR process succeeded via visionkit pipeline.
2024-12-26 15:17:03.615 21433-25951 PipelineManager         com.allride.buses                    D  Start process YUV
2024-12-26 15:17:03.616 21433-25951 PipelineManager         com.allride.buses                    D  Start process YUV
2024-12-26 15:17:03.633 21433-21433 connectionService       com.allride.buses                    D  checkInMap false
2024-12-26 15:17:03.696 21433-21433 connectionService       com.allride.buses                    D  checkPendingOfflineSync false false true
2024-12-26 15:17:03.696 21433-21433 connectionService       com.allride.buses                    D  sendNotifyPendingOfflineSync true - 
2024-12-26 15:17:03.696 21433-21433 connectionService       com.allride.buses                    I  checkSyncOffline current 'departure' : [offline=false, validations=false, images=false, departure=true, deviceHistory=true, driverMuc=false]
2024-12-26 15:17:03.696 21433-21433 connectionService       com.allride.buses                    I  checkOnlineDataAsync
2024-12-26 15:17:03.696 21433-21433 connectionService       com.allride.buses                    I  checkOnlineDataAsync dataAsyncList is empty
2024-12-26 15:17:03.696 21433-21433 ActiveDepa...eViewModel com.allride.buses                    D  typeMap com.allride.buses.data.models.PBDeparture@f7881ee
2024-12-26 15:17:03.696 21433-21433 MapActivity             com.allride.buses                    D  ActiveDepartureViewModel typeMap regular
2024-12-26 15:17:03.696 21433-21433 MapActivity             com.allride.buses                    D  ActiveDepartureViewModel capacity 45
2024-12-26 15:17:03.696 21433-21433 MapActivity             com.allride.buses                    D  ActiveDepartureViewModel capacityColor 2E7D32
2024-12-26 15:17:03.700 21433-27397 AllRideOAuth2Service    com.allride.buses                    I  getAccessToken 838ef4e481d12aa90c6c11a538997f7a6fa4e013b319bfb86d801d41a935528dde1f77b88e88411352868ef4c83db841c3ef4cd0816d6f9ca75ec20682d87d43
2024-12-26 15:17:03.710 21433-21433 Utils                   com.allride.buses                    D  startConnectivityService is exits - MapActivity
2024-12-26 15:17:03.710 21433-21433 connectionService       com.allride.buses                    D  checkConnectivity: true
2024-12-26 15:17:03.710 21433-21433 connectionService       com.allride.buses                    D  sendNotifyConnectivity true
2024-12-26 15:17:03.713 21433-21482 SessionLifecycleClient  com.allride.buses                    D  Sending lifecycle 1 to service
2024-12-26 15:17:03.713 21433-21578 SessionLifecycleService com.allride.buses                    D  Activity foregrounding at 223280770.
2024-12-26 15:17:03.725 21433-21433 connectionService       com.allride.buses                    D  checkInMap exit for loadingCheckOnlineData
2024-12-26 15:17:03.755 21433-21433 MapActivity             com.allride.buses                    D  setupBroadcastReceiver onReceive connectivity true
2024-12-26 15:17:03.758 21433-21433 MapActivity             com.allride.buses                    D  setupBroadcastReceiver onReceive pendingOfflineSync true
2024-12-26 15:17:03.758 21433-21433 MapActivity             com.allride.buses                    D  setupBroadcastReceiver onReceive connectivity true
2024-12-26 15:17:03.813 21433-28614 ActiveDepa...eViewModel com.allride.buses                    D  SocketClient - current : {"color":"2E7D32","capacity":45}
2024-12-26 15:17:03.813 21433-28614 DepartureRealm          com.allride.buses                    D  setCapacity 45
2024-12-26 15:17:03.974 21433-21433 SurfaceViewImpl         com.allride.buses                    D  Surface destroyed.
2024-12-26 15:17:03.974 21433-21433 SurfaceViewImpl         com.allride.buses                    D  Surface closed androidx.camera.core.SurfaceRequest@158d419
2024-12-26 15:17:03.975 21433-21433 DeferrableSurface       com.allride.buses                    D  surface closed,  useCount=2 closed=true androidx.camera.core.SurfaceRequest$2@7c81cde
2024-12-26 15:17:03.983 21433-22793 Camera2CameraImpl       com.allride.buses                    D  {Camera@f00f3d4[id=0]} Use cases [androidx.camera.core.Preview-60736b90-9ca6-4684-9743-bd27c9b2f6c760741448, androidx.camera.core.ImageCapture-2233098a-04b7-49a0-80cd-eabb70ad0e0c166316513, androidx.camera.core.ImageAnalysis-526d4be2-484f-40da-b12d-a357c04081a9152285958] now DETACHED for camera
2024-12-26 15:17:03.983 21433-22793 UseCaseAttachState      com.allride.buses                    D  All use case: [] for camera: 0
2024-12-26 15:17:03.983 21433-22793 Camera2CameraImpl       com.allride.buses                    D  {Camera@f00f3d4[id=0]} Resetting Capture Session
2024-12-26 15:17:03.986 21433-21433 CameraOrientationUtil   com.allride.buses                    D  getRelativeImageRotation: destRotationDegrees=0, sourceRotationDegrees=90, isOppositeFacing=true, result=90
2024-12-26 15:17:03.986 21433-21433 DeferrableSurface       com.allride.buses                    D  surface closed,  useCount=0 closed=true androidx.camera.core.processing.SurfaceEdge$SettableSurface@ca7f992
2024-12-26 15:17:03.986 21433-21433 DeferrableSurface       com.allride.buses                    D  Surface terminated[total_surfaces=3, used_surfaces=3](androidx.camera.core.processing.SurfaceEdge$SettableSurface@ca7f992}
2024-12-26 15:17:03.986 21433-21433 DeferrableSurface       com.allride.buses                    D  use count-1,  useCount=1 closed=true androidx.camera.core.SurfaceRequest$2@7c81cde
2024-12-26 15:17:03.986 21433-21433 ImageCapture            com.allride.buses                    D  clearPipeline
2024-12-26 15:17:03.986 21433-22351 BufferQueueProducer     com.allride.buses                    E  [SurfaceView[com.allride.buses/com.allride.buses.ui.view.activities.drivers.CapturePassengerActivity]#89(BLAST Consumer)89](id:53b90000007b,api:4,p:1401,c:21433) queueBuffer: BufferQueue has been abandoned
2024-12-26 15:17:03.987 21433-21433 DeferrableSurface       com.allride.buses                    D  surface closed,  useCount=1 closed=true androidx.camera.core.impl.ImmediateSurface@e5aa278
2024-12-26 15:17:03.987 21433-21433 DeferrableSurface       com.allride.buses                    D  surface closed,  useCount=1 closed=true androidx.camera.core.impl.ImmediateSurface@cb4e9b6
2024-12-26 15:17:03.987 21433-22351 BufferQueueProducer     com.allride.buses                    E  [SurfaceView[com.allride.buses/com.allride.buses.ui.view.activities.drivers.CapturePassengerActivity]#89(BLAST Consumer)89](id:53b90000007b,api:4,p:1401,c:21433) dequeueBuffer: BufferQueue has been abandoned
2024-12-26 15:17:03.987 21433-21433 CapturePas...erActivity com.allride.buses                    D  onDestroyCamera
2024-12-26 15:17:03.990 21433-22793 Camera2CameraImpl       com.allride.buses                    D  {Camera@f00f3d4[id=0]} Releasing session in state OPENED
2024-12-26 15:17:03.990 21433-22793 UseCaseAttachState      com.allride.buses                    D  Active and attached use case: [] for camera: 0
2024-12-26 15:17:03.991 21433-22793 UseCaseAttachState      com.allride.buses                    D  Active and attached use case: [] for camera: 0
2024-12-26 15:17:03.991 21433-22793 Camera2CameraImpl       com.allride.buses                    D  {Camera@f00f3d4[id=0]} Closing camera.
2024-12-26 15:17:03.992 21433-22793 Camera2CameraImpl       com.allride.buses                    D  {Camera@f00f3d4[id=0]} Transitioning camera internal state: OPENED --> CLOSING
2024-12-26 15:17:03.992 21433-22793 CameraStateRegistry     com.allride.buses                    D  Recalculating open cameras:
                                                                                                    Camera                                       State                 
                                                                                                    -------------------------------------------------------------------
                                                                                                    Camera@f00f3d4[id=0]                         CLOSING               
                                                                                                    Camera@a7f9ba5[id=1]                         UNKNOWN               
                                                                                                    -------------------------------------------------------------------
                                                                                                    Open count: 1 (Max allowed: 1)
2024-12-26 15:17:03.992 21433-22793 CameraStateMachine      com.allride.buses                    D  New public camera state CameraState{type=CLOSING, error=null} from CLOSING and null
2024-12-26 15:17:03.992 21433-22793 CameraStateMachine      com.allride.buses                    D  Publishing new public camera state CameraState{type=CLOSING, error=null}
2024-12-26 15:17:03.992 21433-22793 Camera2CameraImpl       com.allride.buses                    D  {Camera@f00f3d4[id=0]} Resetting Capture Session
2024-12-26 15:17:03.992 21433-22793 Camera2CameraImpl       com.allride.buses                    D  {Camera@f00f3d4[id=0]} Releasing session in state CLOSING
2024-12-26 15:17:03.992 21433-22793 CaptureSession          com.allride.buses                    D  onSessionFinished()
2024-12-26 15:17:03.999 21433-21433 UsbSerialService        com.allride.buses                    D  onDestroy
2024-12-26 15:17:04.000 21433-21433 StreamStateObserver     com.allride.buses                    D  Update Preview stream state to IDLE
2024-12-26 15:17:04.022 21433-26269 BufferQueueProducer     com.allride.buses                    E  [SurfaceView[com.allride.buses/com.allride.buses.ui.view.activities.drivers.CapturePassengerActivity]#89(BLAST Consumer)89](id:53b90000007b,api:4,p:1401,c:21433) queueBuffer: BufferQueue has been abandoned
2024-12-26 15:17:04.031 21433-25051 BufferQueueProducer     com.allride.buses                    E  [SurfaceView[com.allride.buses/com.allride.buses.ui.view.activities.drivers.CapturePassengerActivity]#89(BLAST Consumer)89](id:53b90000007b,api:4,p:1401,c:21433) cancelBuffer: BufferQueue has been abandoned
2024-12-26 15:17:04.032 21433-25051 BufferQueueProducer     com.allride.buses                    E  [SurfaceView[com.allride.buses/com.allride.buses.ui.view.activities.drivers.CapturePassengerActivity]#89(BLAST Consumer)89](id:53b90000007b,api:4,p:1401,c:21433) cancelBuffer: BufferQueue has been abandoned
2024-12-26 15:17:04.033 21433-25051 BufferQueueProducer     com.allride.buses                    E  [SurfaceView[com.allride.buses/com.allride.buses.ui.view.activities.drivers.CapturePassengerActivity]#89(BLAST Consumer)89](id:53b90000007b,api:4,p:1401,c:21433) cancelBuffer: BufferQueue has been abandoned
2024-12-26 15:17:04.034 21433-25051 BufferQueueProducer     com.allride.buses                    E  [SurfaceView[com.allride.buses/com.allride.buses.ui.view.activities.drivers.CapturePassengerActivity]#89(BLAST Consumer)89](id:53b90000007b,api:4,p:1401,c:21433) cancelBuffer: BufferQueue has been abandoned
2024-12-26 15:17:04.035 21433-25051 BufferQueueProducer     com.allride.buses                    E  [SurfaceView[com.allride.buses/com.allride.buses.ui.view.activities.drivers.CapturePassengerActivity]#89(BLAST Consumer)89](id:53b90000007b,api:4,p:1401,c:21433) cancelBuffer: BufferQueue has been abandoned
2024-12-26 15:17:04.036 21433-25051 BufferQueueProducer     com.allride.buses                    E  [SurfaceView[com.allride.buses/com.allride.buses.ui.view.activities.drivers.CapturePassengerActivity]#89(BLAST Consumer)89](id:53b90000007b,api:4,p:1401,c:21433) cancelBuffer: BufferQueue has been abandoned
2024-12-26 15:17:04.133 21433-22793 UseCaseAttachState      com.allride.buses                    D  Active and attached use case: [] for camera: 0
2024-12-26 15:17:04.133 21433-22793 DeferrableSurface       com.allride.buses                    D  use count-1,  useCount=0 closed=true androidx.camera.core.SurfaceRequest$2@7c81cde
2024-12-26 15:17:04.133 21433-22793 DeferrableSurface       com.allride.buses                    D  Surface no longer in use[total_surfaces=3, used_surfaces=2](androidx.camera.core.SurfaceRequest$2@7c81cde}
2024-12-26 15:17:04.133 21433-22793 DeferrableSurface       com.allride.buses                    D  Surface terminated[total_surfaces=2, used_surfaces=2](androidx.camera.core.SurfaceRequest$2@7c81cde}
2024-12-26 15:17:04.133 21433-22793 DeferrableSurface       com.allride.buses                    D  use count-1,  useCount=0 closed=true androidx.camera.core.impl.ImmediateSurface@e5aa278
2024-12-26 15:17:04.134 21433-22793 DeferrableSurface       com.allride.buses                    D  Surface no longer in use[total_surfaces=2, used_surfaces=1](androidx.camera.core.impl.ImmediateSurface@e5aa278}
2024-12-26 15:17:04.134 21433-21433 SurfaceViewImpl         com.allride.buses                    D  Safe to release surface.
2024-12-26 15:17:04.134 21433-22793 DeferrableSurface       com.allride.buses                    D  Surface terminated[total_surfaces=1, used_surfaces=1](androidx.camera.core.impl.ImmediateSurface@e5aa278}
2024-12-26 15:17:04.134 21433-22793 DeferrableSurface       com.allride.buses                    D  use count-1,  useCount=0 closed=true androidx.camera.core.impl.ImmediateSurface@cb4e9b6
2024-12-26 15:17:04.134 21433-22793 DeferrableSurface       com.allride.buses                    D  Surface no longer in use[total_surfaces=1, used_surfaces=0](androidx.camera.core.impl.ImmediateSurface@cb4e9b6}
2024-12-26 15:17:04.134 21433-22793 DeferrableSurface       com.allride.buses                    D  Surface terminated[total_surfaces=0, used_surfaces=0](androidx.camera.core.impl.ImmediateSurface@cb4e9b6}
2024-12-26 15:17:04.135 21433-22793 Camera2CameraImpl       com.allride.buses                    D  {Camera@f00f3d4[id=0]} CameraDevice.onClosed()
2024-12-26 15:17:04.135 21433-22793 Camera2CameraImpl       com.allride.buses                    D  {Camera@f00f3d4[id=0]} Transitioning camera internal state: CLOSING --> INITIALIZED
2024-12-26 15:17:04.136 21433-22793 CameraStateRegistry     com.allride.buses                    D  Recalculating open cameras:
                                                                                                    Camera                                       State                 
                                                                                                    -------------------------------------------------------------------
                                                                                                    Camera@f00f3d4[id=0]                         CLOSED                
                                                                                                    Camera@a7f9ba5[id=1]                         UNKNOWN               
                                                                                                    -------------------------------------------------------------------
                                                                                                    Open count: 0 (Max allowed: 1)
2024-12-26 15:17:04.136 21433-22793 CameraStateMachine      com.allride.buses                    D  New public camera state CameraState{type=CLOSED, error=null} from CLOSED and null
2024-12-26 15:17:04.136 21433-22793 CameraStateMachine      com.allride.buses                    D  Publishing new public camera state CameraState{type=CLOSED, error=null}
2024-12-26 15:17:04.467 21433-27397 AllRideOAuth2Service    com.allride.buses                    I  Response Code > 200 - Request > Request{method=GET, url=https://stage.allrideapp.com/api/v2/pb/driver/departures/current, tags={class retrofit2.Invocation=com.allride.buses.api.AllRideAPI.getCurrentDeparture() []}}
2024-12-26 15:17:04.473 21433-28265 connectionService       com.allride.buses                    D  Success getCurrentDeparture
2024-12-26 15:17:04.474 21433-28265 DepartureRealm          com.allride.buses                    I  update 676d9d97abfef8bf4eafbbbf
2024-12-26 15:17:04.493 21433-21433 MapActivity             com.allride.buses                    D  ActiveDepartureViewModel capacity 45
2024-12-26 15:17:04.493 21433-28265 connectionService       com.allride.buses                    D  sendUpdateDeparture
2024-12-26 15:17:04.495 21433-21433 ActiveDepa...eViewModel com.allride.buses                    D  typeMap com.allride.buses.data.models.PBDeparture@bd2a3b8
2024-12-26 15:17:04.495 21433-21433 MapActivity             com.allride.buses                    D  ActiveDepartureViewModel typeMap regular
2024-12-26 15:17:04.496 21433-28265 connectionService       com.allride.buses                    D  startActivityMap
2024-12-26 15:17:04.514 21433-21433 TripService             com.allride.buses                    D  socketUpdateReceiver onReceive UPDATE_DEPARTURE
2024-12-26 15:17:04.514 21433-21433 ActiveDepa...eViewModel com.allride.buses                    D  socketUpdateReceiver onReceive UPDATE_DEPARTURE
2024-12-26 15:17:04.514 21433-21433 ActiveDepa...eViewModel com.allride.buses                    D  socketUpdateReceiver onReceive UPDATE_DEPARTURE
2024-12-26 15:17:04.514 21433-21433 MapActivity             com.allride.buses                    D  setupBroadcastReceiver onReceive UPDATE_DEPARTURE false
2024-12-26 15:17:04.580 21433-28265 connectionService       com.allride.buses                    D  checkPendingOfflineSync false false true
2024-12-26 15:17:04.580 21433-28265 connectionService       com.allride.buses                    D  sendNotifyPendingOfflineSync true - 
2024-12-26 15:17:04.580 21433-21433 MapActivity             com.allride.buses                    D  setupBroadcastReceiver onReceive pendingOfflineSync true
2024-12-26 15:17:04.580 21433-28265 connectionService       com.allride.buses                    I  checkSyncOffline current 'deviceHistory' : [offline=false, validations=false, images=false, departure=false, deviceHistory=true, driverMuc=false]
2024-12-26 15:17:04.582 21433-27397 AllRideOAuth2Service    com.allride.buses                    I  getAccessToken 838ef4e481d12aa90c6c11a538997f7a6fa4e013b319bfb86d801d41a935528dde1f77b88e88411352868ef4c83db841c3ef4cd0816d6f9ca75ec20682d87d43
2024-12-26 15:17:05.831 21433-27397 AllRideOAuth2Service    com.allride.buses                    I  Response Code > 200 - Request > Request{method=POST, url=https://stage.allrideapp.com/api/v2/pb/driver/departure/device/history, tags={class retrofit2.Invocation=com.allride.buses.api.AllRideAPI.saveDeviceHistoryConnection() [com.allride.buses.api.AllRideAPI$HistoryUse@6459071]}}
2024-12-26 15:17:05.873 21433-25610 connectionService       com.allride.buses                    D  checkPendingOfflineSync false false true
2024-12-26 15:17:05.873 21433-25610 connectionService       com.allride.buses                    D  sendNotifyPendingOfflineSync true - 
2024-12-26 15:17:05.873 21433-25610 connectionService       com.allride.buses                    I  checkSyncOffline dataList isEmpty
2024-12-26 15:17:05.873 21433-25610 connectionService       com.allride.buses                    D  Success saveDeviceHistoryConnection: 1
2024-12-26 15:17:05.873 21433-21433 MapActivity             com.allride.buses                    D  setupBroadcastReceiver onReceive pendingOfflineSync true
2024-12-26 15:17:06.697 21433-28658 SocketClient            com.allride.buses                    D  Socket error
2024-12-26 15:17:06.698 21433-21433 connectionService       com.allride.buses                    D  socketUpdateReceiver onReceive EVENT_ERROR false
2024-12-26 15:17:06.701 21433-28658 SocketClient            com.allride.buses                    D  Socket disconnected
2024-12-26 15:17:06.701 21433-21433 TripService             com.allride.buses                    D  socketUpdateReceiver onReceive stop
2024-12-26 15:17:06.701 21433-28658 SocketClient            com.allride.buses                    D  Socket error
2024-12-26 15:17:06.702 21433-28658 SocketClient            com.allride.buses                    D  Socket disconnected
2024-12-26 15:17:06.712 21433-28658 SocketClient            com.allride.buses                    D  Socket error
2024-12-26 15:17:06.713 21433-28658 SocketClient            com.allride.buses                    D  Socket disconnected
2024-12-26 15:17:06.717 21433-28658 SocketClient            com.allride.buses                    D  Socket error
2024-12-26 15:17:06.717 21433-28658 SocketClient            com.allride.buses                    D  Socket disconnected
2024-12-26 15:17:06.717 21433-28658 SocketClient            com.allride.buses                    D  Socket error
2024-12-26 15:17:06.718 21433-28658 SocketClient            com.allride.buses                    D  Socket disconnected
2024-12-26 15:17:06.720 21433-28658 SocketClient            com.allride.buses                    D  Socket error
2024-12-26 15:17:06.720 21433-28658 SocketClient            com.allride.buses                    D  Socket disconnected
2024-12-26 15:17:06.724 21433-21433 TripService             com.allride.buses                    E  ADD HISTORY USE: SOCKET_EVENT_DISCONNECT
2024-12-26 15:17:06.729 21433-28658 SocketClient            com.allride.buses                    D  Socket error
2024-12-26 15:17:06.733 21433-28658 SocketClient            com.allride.buses                    D  Socket disconnected
2024-12-26 15:17:06.753 21433-21433 TripService             com.allride.buses                    D  Pausing GPS Service
2024-12-26 15:17:06.753 21433-21433 TripService             com.allride.buses                    D  Stopped sharing location
2024-12-26 15:17:06.753 21433-21433 connectionService       com.allride.buses                    D  socketUpdateReceiver onReceive EVENT_ERROR false
2024-12-26 15:17:06.753 21433-21433 TripService             com.allride.buses                    D  socketUpdateReceiver onReceive stop
2024-12-26 15:17:06.784 21433-21433 TripService             com.allride.buses                    E  ADD HISTORY USE: SOCKET_EVENT_DISCONNECT
2024-12-26 15:17:06.820 21433-21433 TripService             com.allride.buses                    D  Pausing GPS Service
2024-12-26 15:17:06.820 21433-21433 TripService             com.allride.buses                    D  Stopped sharing location
2024-12-26 15:17:06.822 21433-21433 connectionService       com.allride.buses                    D  socketUpdateReceiver onReceive EVENT_ERROR false
2024-12-26 15:17:06.822 21433-21433 TripService             com.allride.buses                    D  socketUpdateReceiver onReceive stop
2024-12-26 15:17:06.844 21433-21433 TripService             com.allride.buses                    E  ADD HISTORY USE: SOCKET_EVENT_DISCONNECT
2024-12-26 15:17:06.863 21433-21433 TripService             com.allride.buses                    D  Pausing GPS Service
2024-12-26 15:17:06.863 21433-21433 TripService             com.allride.buses                    D  Stopped sharing location
2024-12-26 15:17:06.863 21433-21433 connectionService       com.allride.buses                    D  socketUpdateReceiver onReceive EVENT_ERROR false
2024-12-26 15:17:06.863 21433-21433 TripService             com.allride.buses                    D  socketUpdateReceiver onReceive stop
2024-12-26 15:17:06.913 21433-21433 TripService             com.allride.buses                    E  ADD HISTORY USE: SOCKET_EVENT_DISCONNECT
2024-12-26 15:17:06.979 21433-21433 TripService             com.allride.buses                    D  Pausing GPS Service
2024-12-26 15:17:06.979 21433-21433 TripService             com.allride.buses                    D  Stopped sharing location
2024-12-26 15:17:06.980 21433-21433 connectionService       com.allride.buses                    D  socketUpdateReceiver onReceive EVENT_ERROR false
2024-12-26 15:17:06.980 21433-21433 TripService             com.allride.buses                    D  socketUpdateReceiver onReceive stop
2024-12-26 15:17:06.989 21433-21433 TripService             com.allride.buses                    E  ADD HISTORY USE: SOCKET_EVENT_DISCONNECT
2024-12-26 15:17:07.004 21433-21433 TripService             com.allride.buses                    D  Pausing GPS Service
2024-12-26 15:17:07.004 21433-21433 TripService             com.allride.buses                    D  Stopped sharing location
2024-12-26 15:17:07.004 21433-21433 connectionService       com.allride.buses                    D  socketUpdateReceiver onReceive EVENT_ERROR false
