2024-12-26 15:12:43.217 21433-21433 AssistStructure         com.allride.buses                    I  Flattened final assist data: 7096 bytes, containing 1 windows, 53 views
2024-12-26 15:12:43.845 21433-21433 TripActivityViewModel   com.allride.buses                    D  Pre startTrip: {"busCode":"171222","capacity":46,"communityId":"653fd68233d83952fafcd4be","driverCode":"159159","reason":"","routeId":"66f310608e6c377a3f43968e","shareToUsers":true,"startLat":-34.3941109,"startLon":-70.7812732,"vehicleId":"66830b98bb41bfd79a4620ac"}
2024-12-26 15:12:43.849 21433-23690 AllRideOAuth2Service    com.allride.buses                    I  getAccessToken 838ef4e481d12aa90c6c11a538997f7a6fa4e013b319bfb86d801d41a935528dde1f77b88e88411352868ef4c83db841c3ef4cd0816d6f9ca75ec20682d87d43
2024-12-26 15:12:44.997 21433-23690 AllRideOAuth2Service    com.allride.buses                    I  Response Code > 200 - Request > Request{method=POST, url=https://stage.allrideapp.com/api/v2/pb/driver/departure, tags={class retrofit2.Invocation=com.allride.buses.api.AllRideAPI.createDepartureNew() [com.allride.buses.api.AllRideAPI$CreateDepartureData@ad8eba4]}}
2024-12-26 15:12:45.017 21433-21433 TripActivityViewModel   com.allride.buses                    D  Response createDeparture: 676d9c9d2a1ac0a2eb0093ac
2024-12-26 15:12:45.024 21433-21433 DepartureRealm          com.allride.buses                    I  update 676d9c9d2a1ac0a2eb0093ac
2024-12-26 15:12:45.067 21433-21433 TripActivityViewModel   com.allride.buses                    D  Success createDeparture: 676d9c9d2a1ac0a2eb0093ac
2024-12-26 15:12:45.070 21433-21433 SocketClient            com.allride.buses                    D  initSocket null
2024-12-26 15:12:45.070 21433-21433 SocketClient            com.allride.buses                    D  https://stage.allrideapp.com/pbDriver
2024-12-26 15:12:45.071 21433-21433 SocketClient            com.allride.buses                    D  CONNECTING SOCKET token=71968a5c1ddc7722ce27ecf8c384a824988db53e6861647f86ec8d65bed9a45c7383eafb576ab3c1dedb311cd160d4bb661f84028b6922af3335233a6642ca2a
2024-12-26 15:12:45.120 21433-21433 TripService             com.allride.buses                    D  Start Command null
2024-12-26 15:12:45.120 21433-21433 TripService             com.allride.buses                    D  setupBroadcastReceiver
2024-12-26 15:12:45.120 21433-21433 TripService             com.allride.buses                    D  Success registerReceiver socketUpdateReceiver
2024-12-26 15:12:45.123 21433-21433 TripService             com.allride.buses                    D  Start Location com.allride.buses.services.TripService@e8aca91
2024-12-26 15:12:45.124 21433-21433 TripService             com.allride.buses                    D  Sending event 'start' socket: null
2024-12-26 15:12:45.137 21433-21481 SessionLifecycleClient  com.allride.buses                    D  Sending lifecycle 2 to service
2024-12-26 15:12:45.138 21433-21578 SessionLifecycleService com.allride.buses                    D  Activity backgrounding at 223022195
2024-12-26 15:12:45.149 21433-21433 Google Android Maps SDK com.allride.buses                    D  For capability in capabilities, log:
                                                                                                    "AdvancedMarkers: false: Capabilities unavailable without a Map ID."Data-driven styling: false
2024-12-26 15:12:45.153 21433-21433 ProxyAndro...gerBackend com.allride.buses                    W  Too many Flogger logs received before configuration. Dropping old logs.
2024-12-26 15:12:45.181 21433-21433 MainActivity            com.allride.buses                    D  onDestroy
2024-12-26 15:12:45.206 21433-21433 MapsInitializer         com.allride.buses                    D  preferredRenderer: null
2024-12-26 15:12:45.206 21433-21433 zzcc                    com.allride.buses                    D  preferredRenderer: null
2024-12-26 15:12:45.207 21433-21433 Google Android Maps SDK com.allride.buses                    I  Google Play services package version: 244738029
2024-12-26 15:12:45.207 21433-21433 Google Android Maps SDK com.allride.buses                    I  Google Play services maps renderer version(maps_core): 244125202
2024-12-26 15:12:45.331 21433-21433 Utils                   com.allride.buses                    D  getCommunityFirst auth {"accessToken":"838ef4e481d12aa90c6c11a538997f7a6fa4e013b319bfb86d801d41a935528dde1f77b88e88411352868ef4c83db841c3ef4cd0816d6f9ca75ec20682d87d43","active":true,"canCreateRoutes":false,"canReleaseReservations":true,"code":"159159","communities":["653fd601f90509541a748683","6654ae4eba54fe502d4e4187"],"communityId":"653fd601f90509541a748683","config":{"autoLogout":{"enabled":false,"enum":"afterDepartureEnd","timer":{"amount":0,"unit":"minutes"}}},"device":{"accessToken":"","build":"","communities":[],"communityId":"","_id":"","model":"moto g71 5G","notificationToken":"","superCommunityId":""},"email":"nicolas+conductorsc1@allrideapp.com","hasToChangePassword":false,"_id":"668309b8bb41bfd79a461dc3","name":"Conductor Super Comunidad","refreshToken":"","rtlToken":"9e7ceac1b71173d5ee4d3095804f3f52df1a06595b2a17dc87a9fa61d36cd5dfe98e61635ef1b999adc4745acd67261b014fa1375eddabf13220004d247833ed","superCommunities":["653fd68233d83952fafcd4be"],"superCommunityId":"653fd68233d83952fafcd4be"}
2024-12-26 15:12:45.331 21433-21433 Utils                   com.allride.buses                    D  getCommunityFirst routeId 66f310608e6c377a3f43968e
2024-12-26 15:12:45.337 21433-21433 Utils                   com.allride.buses                    D  getCommunityFirst 1 - 6654ae4eba54fe502d4e4187 : Comunidad Automatización 2
2024-12-26 15:12:45.343 21433-21433 ActiveDepa...eViewModel com.allride.buses                    D  getVehicleName: MORISC
2024-12-26 15:12:45.350 21433-21433 ActiveDepa...eViewModel com.allride.buses                    D  configSocket
2024-12-26 15:12:45.352 21433-21433 ActiveDepa...eViewModel com.allride.buses                    D  Success registerReceiver setupBroadcastReceiver
2024-12-26 15:12:45.352 21433-21433 connectionService       com.allride.buses                    D  checkConnectivity: true
2024-12-26 15:12:45.352 21433-21433 connectionService       com.allride.buses                    D  sendNotifyConnectivity true
2024-12-26 15:12:45.371 21433-21433 connectionService       com.allride.buses                    D  checkInMap false
2024-12-26 15:12:45.390 21433-21433 connectionService       com.allride.buses                    D  checkPendingOfflineSync false false true
2024-12-26 15:12:45.390 21433-21433 connectionService       com.allride.buses                    D  sendNotifyPendingOfflineSync true - 
2024-12-26 15:12:45.390 21433-21433 connectionService       com.allride.buses                    I  checkSyncOffline current 'departure' : [offline=false, validations=false, images=false, departure=true, deviceHistory=false, driverMuc=false]
2024-12-26 15:12:45.390 21433-21433 connectionService       com.allride.buses                    I  checkOnlineDataAsync
2024-12-26 15:12:45.390 21433-21433 connectionService       com.allride.buses                    I  checkOnlineDataAsync dataAsyncList is empty
2024-12-26 15:12:45.392 21433-23690 AllRideOAuth2Service    com.allride.buses                    I  getAccessToken 838ef4e481d12aa90c6c11a538997f7a6fa4e013b319bfb86d801d41a935528dde1f77b88e88411352868ef4c83db841c3ef4cd0816d6f9ca75ec20682d87d43
2024-12-26 15:12:45.435 21433-21433 TextToSpeech            com.allride.buses                    I  Sucessfully bound to com.google.android.tts
2024-12-26 15:12:45.436 21433-21433 ActiveDepa...eViewModel com.allride.buses                    D  dataAsyncList getTimeServer - list is [time, route, stopsOdd, users, auth, validatableUsers]
2024-12-26 15:12:45.436 21433-21433 ActiveDepa...eViewModel com.allride.buses                    D  dataAsyncList getRoute - list is [time, route, stopsOdd, users, auth, validatableUsers]
2024-12-26 15:12:45.438 21433-21433 UserRealm               com.allride.buses                    D  Validatable false
2024-12-26 15:12:45.439 21433-23682 AllRideOAuth2Service    com.allride.buses                    I  getAccessToken 838ef4e481d12aa90c6c11a538997f7a6fa4e013b319bfb86d801d41a935528dde1f77b88e88411352868ef4c83db841c3ef4cd0816d6f9ca75ec20682d87d43
2024-12-26 15:12:45.439 21433-21433 SocketClientAsap        com.allride.buses                    D  STOPPING SOCKET
2024-12-26 15:12:45.440 21433-23688 AllRideOAuth2Service    com.allride.buses                    I  getAccessToken 838ef4e481d12aa90c6c11a538997f7a6fa4e013b319bfb86d801d41a935528dde1f77b88e88411352868ef4c83db841c3ef4cd0816d6f9ca75ec20682d87d43
2024-12-26 15:12:45.443 21433-24636 AllRideOAuth2Service    com.allride.buses                    I  getAccessToken 838ef4e481d12aa90c6c11a538997f7a6fa4e013b319bfb86d801d41a935528dde1f77b88e88411352868ef4c83db841c3ef4cd0816d6f9ca75ec20682d87d43
2024-12-26 15:12:45.445 21433-21433 Utils                   com.allride.buses                    D  BroadcastReceiver registered successfully
2024-12-26 15:12:45.447 21433-21433 MapActivity             com.allride.buses                    E  ADD HISTORY USE: BATTERY_OPTIMIZATION
2024-12-26 15:12:45.459 21433-21433 MapActivity             com.allride.buses                    E  ADD HISTORY USE: NO_TYPE_MOBILE_DATA
2024-12-26 15:12:45.472 21433-21433 MapActivity             com.allride.buses                    I  initViewModel
2024-12-26 15:12:45.487 21433-21433 ProxyAndro...gerBackend com.allride.buses                    W  Too many Flogger logs received before configuration. Dropping old logs.
2024-12-26 15:12:45.490 21433-21433 ProxyAndro...gerBackend com.allride.buses                    W  Too many Flogger logs received before configuration. Dropping old logs.
2024-12-26 15:12:45.491 21433-21433 ProxyAndro...gerBackend com.allride.buses                    W  Too many Flogger logs received before configuration. Dropping old logs.
2024-12-26 15:12:45.491 21433-21433 ProxyAndro...gerBackend com.allride.buses                    W  Too many Flogger logs received before configuration. Dropping old logs.
2024-12-26 15:12:45.493 21433-24647 ProxyAndro...gerBackend com.allride.buses                    W  Too many Flogger logs received before configuration. Dropping old logs.
2024-12-26 15:12:45.494 21433-21433 ProxyAndro...gerBackend com.allride.buses                    W  Too many Flogger logs received before configuration. Dropping old logs.
2024-12-26 15:12:45.494 21433-24646 ProxyAndro...gerBackend com.allride.buses                    W  Too many Flogger logs received before configuration. Dropping old logs.
2024-12-26 15:12:45.495 21433-21433 ProxyAndro...gerBackend com.allride.buses                    W  Too many Flogger logs received before configuration. Dropping old logs.
2024-12-26 15:12:45.496 21433-21433 ProxyAndro...gerBackend com.allride.buses                    W  Too many Flogger logs received before configuration. Dropping old logs.
2024-12-26 15:12:45.500 21433-21433 ProxyAndro...gerBackend com.allride.buses                    W  Too many Flogger logs received before configuration. Dropping old logs.
2024-12-26 15:12:45.500 21433-21433 ProxyAndro...gerBackend com.allride.buses                    W  Too many Flogger logs received before configuration. Dropping old logs.
2024-12-26 15:12:45.523 21433-21433 MapActivity             com.allride.buses                    D  onStart
2024-12-26 15:12:45.523 21433-21433 ActiveDepa...eViewModel com.allride.buses                    D  onResumeMap
2024-12-26 15:12:45.523 21433-21433 MapActivity             com.allride.buses                    D  Success registerReceiver setupBroadcastReceiver
2024-12-26 15:12:45.523 21433-21433 connectionService       com.allride.buses                    D  checkConnectivity: true
2024-12-26 15:12:45.523 21433-21433 connectionService       com.allride.buses                    D  sendNotifyConnectivity true
2024-12-26 15:12:45.538 21433-21433 connectionService       com.allride.buses                    D  checkInMap exit for loadingCheckOnlineData
2024-12-26 15:12:45.539 21433-21433 ActiveDepa...eViewModel com.allride.buses                    D  typeMap com.allride.buses.data.models.PBDeparture@dbf2a40
2024-12-26 15:12:45.539 21433-21433 MapActivity             com.allride.buses                    D  ActiveDepartureViewModel typeMap regular
2024-12-26 15:12:45.539 21433-21433 MapActivity             com.allride.buses                    D  ActiveDepartureViewModel capacity 46
2024-12-26 15:12:45.539 21433-21433 MapActivity             com.allride.buses                    D  ActiveDepartureViewModel capacityColor 2E7D32
2024-12-26 15:12:45.544 21433-21433 Utils                   com.allride.buses                    D  startConnectivityService is exits - MapActivity
2024-12-26 15:12:45.544 21433-21433 connectionService       com.allride.buses                    D  checkConnectivity: true
2024-12-26 15:12:45.544 21433-21433 connectionService       com.allride.buses                    D  sendNotifyConnectivity true
2024-12-26 15:12:45.546 21433-21482 SessionLifecycleClient  com.allride.buses                    D  Sending lifecycle 1 to service
2024-12-26 15:12:45.546 21433-21578 SessionLifecycleService com.allride.buses                    D  Activity foregrounding at 223022603.
2024-12-26 15:12:45.566 21433-21433 connectionService       com.allride.buses                    D  checkInMap exit for loadingCheckOnlineData
2024-12-26 15:12:45.632 21433-21433 MapActivity             com.allride.buses                    D  setupBroadcastReceiver onReceive connectivity true
2024-12-26 15:12:45.633 21433-21433 MapActivity             com.allride.buses                    D  setupBroadcastReceiver onReceive connectivity true
2024-12-26 15:12:45.687 21433-21441 PowerManager            com.allride.buses                    E  WakeLock finalized while still held: Buses::RTL
2024-12-26 15:12:45.693 21433-21433 SocketClient            com.allride.buses                    D  initSocket null
2024-12-26 15:12:45.693 21433-21433 SocketClient            com.allride.buses                    D  https://stage.allrideapp.com/pbDriver
2024-12-26 15:12:45.694 21433-21433 SocketClient            com.allride.buses                    D  CONNECTING SOCKET token=71968a5c1ddc7722ce27ecf8c384a824988db53e6861647f86ec8d65bed9a45c7383eafb576ab3c1dedb311cd160d4bb661f84028b6922af3335233a6642ca2a
2024-12-26 15:12:45.698 21433-24647 ProxyAndro...gerBackend com.allride.buses                    W  Too many Flogger logs received before configuration. Dropping old logs.
2024-12-26 15:12:45.698 21433-24647 ProxyAndro...gerBackend com.allride.buses                    W  Too many Flogger logs received before configuration. Dropping old logs.
2024-12-26 15:12:45.707 21433-24647 ProxyAndro...gerBackend com.allride.buses                    W  Too many Flogger logs received before configuration. Dropping old logs.
2024-12-26 15:12:45.707 21433-24647 ProxyAndro...gerBackend com.allride.buses                    W  Too many Flogger logs received before configuration. Dropping old logs.
2024-12-26 15:12:45.729 21433-24648 ProxyAndro...gerBackend com.allride.buses                    W  Too many Flogger logs received before configuration. Dropping old logs.
2024-12-26 15:12:45.730 21433-24648 ProxyAndro...gerBackend com.allride.buses                    W  Too many Flogger logs received before configuration. Dropping old logs.
2024-12-26 15:12:45.745 21433-23630 AllRideDepartureService com.allride.buses                    I  Departure token: 71968a5c1ddc7722ce27ecf8c384a824988db53e6861647f86ec8d65bed9a45c7383eafb576ab3c1dedb311cd160d4bb661f84028b6922af3335233a6642ca2a
2024-12-26 15:12:45.783 21433-24646 ProxyAndro...gerBackend com.allride.buses                    W  Too many Flogger logs received before configuration. Dropping old logs.
2024-12-26 15:12:45.783 21433-24646 ProxyAndro...gerBackend com.allride.buses                    W  Too many Flogger logs received before configuration. Dropping old logs.
2024-12-26 15:12:45.787 21433-24646 ProxyAndro...gerBackend com.allride.buses                    W  Too many Flogger logs received before configuration. Dropping old logs.
2024-12-26 15:12:45.787 21433-24646 ProxyAndro...gerBackend com.allride.buses                    W  Too many Flogger logs received before configuration. Dropping old logs.
2024-12-26 15:12:45.793 21433-24648 ProxyAndro...gerBackend com.allride.buses                    W  Too many Flogger logs received before configuration. Dropping old logs.
2024-12-26 15:12:45.793 21433-24648 ProxyAndro...gerBackend com.allride.buses                    W  Too many Flogger logs received before configuration. Dropping old logs.
2024-12-26 15:12:45.799 21433-24647 ProxyAndro...gerBackend com.allride.buses                    W  Too many Flogger logs received before configuration. Dropping old logs.
2024-12-26 15:12:45.799 21433-24647 ProxyAndro...gerBackend com.allride.buses                    W  Too many Flogger logs received before configuration. Dropping old logs.
2024-12-26 15:12:45.801 21433-24646 ProxyAndro...gerBackend com.allride.buses                    W  Too many Flogger logs received before configuration. Dropping old logs.
2024-12-26 15:12:45.801 21433-24646 ProxyAndro...gerBackend com.allride.buses                    W  Too many Flogger logs received before configuration. Dropping old logs.
2024-12-26 15:12:45.809 21433-24648 ProxyAndro...gerBackend com.allride.buses                    W  Too many Flogger logs received before configuration. Dropping old logs.
2024-12-26 15:12:45.809 21433-24648 ProxyAndro...gerBackend com.allride.buses                    W  Too many Flogger logs received before configuration. Dropping old logs.
2024-12-26 15:12:45.812 21433-24648 ProxyAndro...gerBackend com.allride.buses                    W  Too many Flogger logs received before configuration. Dropping old logs.
2024-12-26 15:12:45.812 21433-24648 ProxyAndro...gerBackend com.allride.buses                    W  Too many Flogger logs received before configuration. Dropping old logs.
2024-12-26 15:12:45.816 21433-24646 ProxyAndro...gerBackend com.allride.buses                    W  Too many Flogger logs received before configuration. Dropping old logs.
2024-12-26 15:12:45.816 21433-24646 ProxyAndro...gerBackend com.allride.buses                    W  Too many Flogger logs received before configuration. Dropping old logs.
2024-12-26 15:12:45.819 21433-24646 ProxyAndro...gerBackend com.allride.buses                    W  Too many Flogger logs received before configuration. Dropping old logs.
2024-12-26 15:12:45.819 21433-24646 ProxyAndro...gerBackend com.allride.buses                    W  Too many Flogger logs received before configuration. Dropping old logs.
2024-12-26 15:12:45.821 21433-24646 ProxyAndro...gerBackend com.allride.buses                    W  Too many Flogger logs received before configuration. Dropping old logs.
2024-12-26 15:12:45.821 21433-24646 ProxyAndro...gerBackend com.allride.buses                    W  Too many Flogger logs received before configuration. Dropping old logs.
2024-12-26 15:12:45.823 21433-24646 ProxyAndro...gerBackend com.allride.buses                    W  Too many Flogger logs received before configuration. Dropping old logs.
2024-12-26 15:12:45.823 21433-24646 ProxyAndro...gerBackend com.allride.buses                    W  Too many Flogger logs received before configuration. Dropping old logs.
2024-12-26 15:12:45.826 21433-24648 ProxyAndro...gerBackend com.allride.buses                    W  Too many Flogger logs received before configuration. Dropping old logs.
2024-12-26 15:12:45.826 21433-24648 ProxyAndro...gerBackend com.allride.buses                    W  Too many Flogger logs received before configuration. Dropping old logs.
2024-12-26 15:12:45.829 21433-24648 ProxyAndro...gerBackend com.allride.buses                    W  Too many Flogger logs received before configuration. Dropping old logs.
2024-12-26 15:12:45.829 21433-24648 ProxyAndro...gerBackend com.allride.buses                    W  Too many Flogger logs received before configuration. Dropping old logs.
2024-12-26 15:12:45.831 21433-24648 ProxyAndro...gerBackend com.allride.buses                    W  Too many Flogger logs received before configuration. Dropping old logs.
2024-12-26 15:12:45.831 21433-24648 ProxyAndro...gerBackend com.allride.buses                    W  Too many Flogger logs received before configuration. Dropping old logs.
2024-12-26 15:12:45.834 21433-24648 ProxyAndro...gerBackend com.allride.buses                    W  Too many Flogger logs received before configuration. Dropping old logs.
2024-12-26 15:12:45.834 21433-24648 ProxyAndro...gerBackend com.allride.buses                    W  Too many Flogger logs received before configuration. Dropping old logs.
2024-12-26 15:12:45.836 21433-24648 ProxyAndro...gerBackend com.allride.buses                    W  Too many Flogger logs received before configuration. Dropping old logs.
2024-12-26 15:12:45.836 21433-24648 ProxyAndro...gerBackend com.allride.buses                    W  Too many Flogger logs received before configuration. Dropping old logs.
2024-12-26 15:12:45.840 21433-24647 ProxyAndro...gerBackend com.allride.buses                    W  Too many Flogger logs received before configuration. Dropping old logs.
2024-12-26 15:12:45.840 21433-24647 ProxyAndro...gerBackend com.allride.buses                    W  Too many Flogger logs received before configuration. Dropping old logs.
2024-12-26 15:12:45.851 21433-24646 ProxyAndro...gerBackend com.allride.buses                    W  Too many Flogger logs received before configuration. Dropping old logs.
2024-12-26 15:12:45.851 21433-24646 ProxyAndro...gerBackend com.allride.buses                    W  Too many Flogger logs received before configuration. Dropping old logs.
2024-12-26 15:12:45.877 21433-24648 ProxyAndro...gerBackend com.allride.buses                    W  Too many Flogger logs received before configuration. Dropping old logs.
2024-12-26 15:12:45.878 21433-24648 ProxyAndro...gerBackend com.allride.buses                    W  Too many Flogger logs received before configuration. Dropping old logs.
2024-12-26 15:12:45.940 21433-24646 ProxyAndro...gerBackend com.allride.buses                    W  Too many Flogger logs received before configuration. Dropping old logs.
2024-12-26 15:12:45.940 21433-24646 ProxyAndro...gerBackend com.allride.buses                    W  Too many Flogger logs received before configuration. Dropping old logs.
2024-12-26 15:12:45.945 21433-24647 ProxyAndro...gerBackend com.allride.buses                    W  Too many Flogger logs received before configuration. Dropping old logs.
2024-12-26 15:12:45.945 21433-24647 ProxyAndro...gerBackend com.allride.buses                    W  Too many Flogger logs received before configuration. Dropping old logs.
2024-12-26 15:12:45.948 21433-24676 SocketClient            com.allride.buses                    D  Socket connected
2024-12-26 15:12:45.951 21433-24648 ProxyAndro...gerBackend com.allride.buses                    W  Too many Flogger logs received before configuration. Dropping old logs.
2024-12-26 15:12:45.951 21433-24648 ProxyAndro...gerBackend com.allride.buses                    W  Too many Flogger logs received before configuration. Dropping old logs.
2024-12-26 15:12:45.952 21433-21433 connectionService       com.allride.buses                    D  socketUpdateReceiver onReceive CONNECT true
2024-12-26 15:12:45.964 21433-24651 ProxyAndro...gerBackend com.allride.buses                    W  Too many Flogger logs received before configuration. Dropping old logs.
2024-12-26 15:12:45.969 21433-24646 ProxyAndro...gerBackend com.allride.buses                    W  Too many Flogger logs received before configuration. Dropping old logs.
2024-12-26 15:12:45.969 21433-24646 ProxyAndro...gerBackend com.allride.buses                    W  Too many Flogger logs received before configuration. Dropping old logs.
2024-12-26 15:12:45.975 21433-24647 ProxyAndro...gerBackend com.allride.buses                    W  Too many Flogger logs received before configuration. Dropping old logs.
2024-12-26 15:12:45.975 21433-24647 ProxyAndro...gerBackend com.allride.buses                    W  Too many Flogger logs received before configuration. Dropping old logs.
2024-12-26 15:12:46.076 21433-23630 AllRideDepartureService com.allride.buses                    I  Response Code > 200
2024-12-26 15:12:46.076 21433-23630 AllRideDepartureService com.allride.buses                    I  URL > Request{method=GET, url=https://stage.allrideapp.com/api/v1/pb/provider/currentTime, tags={class retrofit2.Invocation=com.allride.buses.api.AllRideAPI.getTimeServer() []}}
2024-12-26 15:12:46.077 21433-23690 AllRideOAuth2Service    com.allride.buses                    I  Response Code > 200 - Request > Request{method=GET, url=https://stage.allrideapp.com/api/v2/pb/driver/departures/current, tags={class retrofit2.Invocation=com.allride.buses.api.AllRideAPI.getCurrentDeparture() []}}
2024-12-26 15:12:46.080 21433-23694 connectionService       com.allride.buses                    D  Success getCurrentDeparture
2024-12-26 15:12:46.080 21433-23682 AllRideOAuth2Service    com.allride.buses                    I  Response Code > 200 - Request > Request{method=GET, url=https://stage.allrideapp.com/api/v1/pb/provider/route/653fd68233d83952fafcd4be/66f310608e6c377a3f43968e, tags={class retrofit2.Invocation=com.allride.buses.api.AllRideAPI.getRoute() [653fd68233d83952fafcd4be, 66f310608e6c377a3f43968e]}}
2024-12-26 15:12:46.080 21433-23694 DepartureRealm          com.allride.buses                    I  update 676d9c9d2a1ac0a2eb0093ac
2024-12-26 15:12:46.085 21433-21433 ActiveDepa...eViewModel com.allride.buses                    D  Success getTimeServer: "1735236766992"
2024-12-26 15:12:46.097 21433-23688 AllRideOAuth2Service    com.allride.buses                    I  Response Code > 200 - Request > Request{method=GET, url=https://stage.allrideapp.com/api/v1/pb/provider/me, tags={class retrofit2.Invocation=com.allride.buses.api.AllRideAPI.getAuthMe() []}}
2024-12-26 15:12:46.101 21433-21433 ActiveDepa...eViewModel com.allride.buses                    D  Success getAuthMe - {"auth":{"accessToken":"838ef4e481d12aa90c6c11a538997f7a6fa4e013b319bfb86d801d41a935528dde1f77b88e88411352868ef4c83db841c3ef4cd0816d6f9ca75ec20682d87d43","active":true,"canCreateRoutes":false,"canReleaseReservations":true,"code":"159159","communities":["653fd601f90509541a748683","6654ae4eba54fe502d4e4187"],"communityId":"653fd601f90509541a748683","config":{"autoLogout":{"enabled":false,"enum":"afterDepartureEnd","timer":{"amount":0,"unit":"minutes"}}},"device":{"accessToken":"","build":"","communityId":"","_id":"","model":"moto g71 5G","notificationToken":"","superCommunityId":""},"email":"nicolas+conductorsc1@allrideapp.com","hasToChangePassword":false,"_id":"668309b8bb41bfd79a461dc3","name":"Conductor Super Comunidad","refreshToken":"","rtlToken":"9e7ceac1b71173d5ee4d3095804f3f52df1a06595b2a17dc87a9fa61d36cd5dfe98e61635ef1b999adc4745acd67261b014fa1375eddabf13220004d247833ed","superCommunities":["653fd68233d83952fafcd4be"],"superCommunityId":"653fd68233d83952fafcd4be"},"type":"driver"}
2024-12-26 15:12:46.108 21433-24636 AllRideOAuth2Service    com.allride.buses                    I  Response Code > 500 - Request > Request{method=GET, url=https://stage.allrideapp.com/api/v1/pb/provider/validatableUsers/66f310608e6c377a3f43968e?usesPasses=false&usesTickets=true, tags={class retrofit2.Invocation=com.allride.buses.api.AllRideAPI.validatableUsers() [66f310608e6c377a3f43968e, false, true]}}
2024-12-26 15:12:46.112 21433-21433 ActiveDepa...eViewModel com.allride.buses                    D  typeMap com.allride.buses.data.models.PBDeparture@8ac1cd1
2024-12-26 15:12:46.112 21433-21433 MapActivity             com.allride.buses                    D  ActiveDepartureViewModel typeMap regular
2024-12-26 15:12:46.112 21433-21433 MapActivity             com.allride.buses                    D  ActiveDepartureViewModel capacity 46
2024-12-26 15:12:46.119 21433-21433 ActiveDepa...eViewModel com.allride.buses                    E  Error validatableUsers: HTTP 500 
2024-12-26 15:12:46.119 21433-23694 connectionService       com.allride.buses                    D  sendUpdateDeparture
2024-12-26 15:12:46.120 21433-21433 TripService             com.allride.buses                    D  socketUpdateReceiver onReceive UPDATE_DEPARTURE
2024-12-26 15:12:46.120 21433-23694 connectionService       com.allride.buses                    D  startActivityMap
2024-12-26 15:12:46.120 21433-21433 ActiveDepa...eViewModel com.allride.buses                    D  socketUpdateReceiver onReceive UPDATE_DEPARTURE
2024-12-26 15:12:46.120 21433-21433 ActiveDepa...eViewModel com.allride.buses                    D  socketUpdateReceiver onReceive UPDATE_DEPARTURE
2024-12-26 15:12:46.120 21433-21433 MapActivity             com.allride.buses                    D  setupBroadcastReceiver onReceive UPDATE_DEPARTURE false
2024-12-26 15:12:46.162 21433-21433 ActiveDepa...eViewModel com.allride.buses                    D  Success getRoute 66f310608e6c377a3f43968e
2024-12-26 15:12:46.181 21433-23694 connectionService       com.allride.buses                    D  checkPendingOfflineSync false false true
2024-12-26 15:12:46.181 21433-23694 connectionService       com.allride.buses                    D  sendNotifyPendingOfflineSync true - 
2024-12-26 15:12:46.181 21433-21433 MapActivity             com.allride.buses                    D  setupBroadcastReceiver onReceive pendingOfflineSync true
2024-12-26 15:12:46.181 21433-23694 connectionService       com.allride.buses                    I  checkSyncOffline current 'deviceHistory' : [offline=false, validations=false, images=false, departure=false, deviceHistory=true, driverMuc=false]
2024-12-26 15:12:46.183 21433-23682 AllRideOAuth2Service    com.allride.buses                    I  getAccessToken 838ef4e481d12aa90c6c11a538997f7a6fa4e013b319bfb86d801d41a935528dde1f77b88e88411352868ef4c83db841c3ef4cd0816d6f9ca75ec20682d87d43
2024-12-26 15:12:46.249 21433-23291 TextToSpeech            com.allride.buses                    I  Connected to TTS engine
2024-12-26 15:12:46.285 21433-24592 TextToSpeech            com.allride.buses                    I  Setting up the connection to TTS engine...
2024-12-26 15:12:46.452 21433-21433 connectionService       com.allride.buses                    D  checkConnectivity: true
2024-12-26 15:12:46.452 21433-21433 connectionService       com.allride.buses                    D  sendNotifyConnectivity true
2024-12-26 15:12:46.460 21433-21433 connectionService       com.allride.buses                    D  checkInMap exit for loadingCheckOnlineData
2024-12-26 15:12:46.460 21433-21433 connectionService       com.allride.buses                    D  sendNotifyConnectivity true
2024-12-26 15:12:46.460 21433-21433 MapActivity             com.allride.buses                    D  setupBroadcastReceiver onReceive connectivity true
2024-12-26 15:12:46.461 21433-21433 MapActivity             com.allride.buses                    D  setupBroadcastReceiver onReceive connectivity true
2024-12-26 15:12:46.542 21433-24690 ActiveDepa...eViewModel com.allride.buses                    I  Starting departure socket
2024-12-26 15:12:46.542 21433-24690 ActiveDepa...eViewModel com.allride.buses                    D  configSocket
2024-12-26 15:12:46.544 21433-24690 SocketClient            com.allride.buses                    D  Socket connected
2024-12-26 15:12:46.544 21433-21433 connectionService       com.allride.buses                    D  socketUpdateReceiver onReceive CONNECT true
2024-12-26 15:12:46.952 21433-23682 AllRideOAuth2Service    com.allride.buses                    I  Response Code > 200 - Request > Request{method=POST, url=https://stage.allrideapp.com/api/v2/pb/driver/departure/device/history, tags={class retrofit2.Invocation=com.allride.buses.api.AllRideAPI.saveDeviceHistoryConnection() [com.allride.buses.api.AllRideAPI$HistoryUse@6c1d27b]}}
2024-12-26 15:12:46.986 21433-21880 connectionService       com.allride.buses                    D  checkPendingOfflineSync false false true
2024-12-26 15:12:46.986 21433-21880 connectionService       com.allride.buses                    D  sendNotifyPendingOfflineSync true - 
2024-12-26 15:12:46.987 21433-21433 MapActivity             com.allride.buses                    D  setupBroadcastReceiver onReceive pendingOfflineSync true
2024-12-26 15:12:46.987 21433-21880 connectionService       com.allride.buses                    I  checkSyncOffline dataList isEmpty
2024-12-26 15:12:46.987 21433-21880 connectionService       com.allride.buses                    D  Success saveDeviceHistoryConnection: 2
2024-12-26 15:12:47.044 21433-21433 connectionService       com.allride.buses                    D  checkConnectivity: true
2024-12-26 15:12:47.044 21433-21433 connectionService       com.allride.buses                    D  sendNotifyConnectivity true
2024-12-26 15:12:47.055 21433-21433 connectionService       com.allride.buses                    D  checkInMap false
2024-12-26 15:12:47.071 21433-21433 connectionService       com.allride.buses                    D  checkPendingOfflineSync false false true
2024-12-26 15:12:47.071 21433-21433 connectionService       com.allride.buses                    D  sendNotifyPendingOfflineSync true - 
2024-12-26 15:12:47.071 21433-21433 connectionService       com.allride.buses                    I  checkSyncOffline current 'departure' : [offline=false, validations=false, images=false, departure=true, deviceHistory=false, driverMuc=false]
2024-12-26 15:12:47.071 21433-21433 connectionService       com.allride.buses                    I  checkOnlineDataAsync
2024-12-26 15:12:47.071 21433-21433 connectionService       com.allride.buses                    I  checkOnlineDataAsync dataAsyncList is empty
2024-12-26 15:12:47.071 21433-21433 connectionService       com.allride.buses                    D  sendNotifyConnectivity true
2024-12-26 15:12:47.071 21433-21433 MapActivity             com.allride.buses                    D  setupBroadcastReceiver onReceive connectivity true
2024-12-26 15:12:47.072 21433-21433 MapActivity             com.allride.buses                    D  setupBroadcastReceiver onReceive pendingOfflineSync true
2024-12-26 15:12:47.072 21433-21433 MapActivity             com.allride.buses                    D  setupBroadcastReceiver onReceive connectivity true
2024-12-26 15:12:47.073 21433-23682 AllRideOAuth2Service    com.allride.buses                    I  getAccessToken 838ef4e481d12aa90c6c11a538997f7a6fa4e013b319bfb86d801d41a935528dde1f77b88e88411352868ef4c83db841c3ef4cd0816d6f9ca75ec20682d87d43
2024-12-26 15:12:47.747 21433-23682 AllRideOAuth2Service    com.allride.buses                    I  Response Code > 200 - Request > Request{method=GET, url=https://stage.allrideapp.com/api/v2/pb/driver/departures/current, tags={class retrofit2.Invocation=com.allride.buses.api.AllRideAPI.getCurrentDeparture() []}}
2024-12-26 15:12:47.759 21433-21880 connectionService       com.allride.buses                    D  Success getCurrentDeparture
2024-12-26 15:12:47.759 21433-21880 DepartureRealm          com.allride.buses                    I  update 676d9c9d2a1ac0a2eb0093ac
2024-12-26 15:12:47.773 21433-21880 connectionService       com.allride.buses                    D  sendUpdateDeparture
2024-12-26 15:12:47.773 21433-21880 connectionService       com.allride.buses                    D  startActivityMap
2024-12-26 15:12:47.773 21433-21433 TripService             com.allride.buses                    D  socketUpdateReceiver onReceive UPDATE_DEPARTURE
2024-12-26 15:12:47.773 21433-21433 ActiveDepa...eViewModel com.allride.buses                    D  socketUpdateReceiver onReceive UPDATE_DEPARTURE
2024-12-26 15:12:47.773 21433-21433 ActiveDepa...eViewModel com.allride.buses                    D  socketUpdateReceiver onReceive UPDATE_DEPARTURE
2024-12-26 15:12:47.773 21433-21433 MapActivity             com.allride.buses                    D  setupBroadcastReceiver onReceive UPDATE_DEPARTURE false
2024-12-26 15:12:47.792 21433-21433 ActiveDepa...eViewModel com.allride.buses                    D  typeMap com.allride.buses.data.models.PBDeparture@6056f70
2024-12-26 15:12:47.793 21433-21433 MapActivity             com.allride.buses                    D  ActiveDepartureViewModel typeMap regular
2024-12-26 15:12:47.793 21433-21433 MapActivity             com.allride.buses                    D  ActiveDepartureViewModel capacity 46
2024-12-26 15:12:47.810 21433-21880 connectionService       com.allride.buses                    D  checkPendingOfflineSync false false true
2024-12-26 15:12:47.810 21433-21880 connectionService       com.allride.buses                    D  sendNotifyPendingOfflineSync true - 
2024-12-26 15:12:47.811 21433-21880 connectionService       com.allride.buses                    I  checkSyncOffline dataList isEmpty
2024-12-26 15:12:47.822 21433-21433 MapActivity             com.allride.buses                    D  setupBroadcastReceiver onReceive pendingOfflineSync true
2024-12-26 15:12:48.296 21433-21433 UserRealm               com.allride.buses                    D  isWorking false
2024-12-26 15:12:48.312 21433-21482 SessionLifecycleClient  com.allride.buses                    D  Sending lifecycle 2 to service
2024-12-26 15:12:48.313 21433-21578 SessionLifecycleService com.allride.buses                    D  Activity backgrounding at 223025370
2024-12-26 15:12:48.389 21433-21433 Utils                   com.allride.buses                    D  BroadcastReceiver registered successfully
2024-12-26 15:12:48.391 21433-21433 CapturePas...erActivity com.allride.buses                    E  ADD HISTORY USE: NO_TYPE_MOBILE_DATA
2024-12-26 15:12:48.415 21433-21439 m.allride.buse          com.allride.buses                    I  Background concurrent copying GC freed 14MB AllocSpace bytes, 142(6180KB) LOS objects, 36% free, 42MB/66MB, paused 201us,61us total 102.771ms
2024-12-26 15:12:48.418 21433-21433 CapturePas...erActivity com.allride.buses                    D  startCamera
2024-12-26 15:12:48.421 21433-21433 CamLifecycleController  com.allride.buses                    D  CameraProvider is not ready.
2024-12-26 15:12:48.421 21433-21433 CameraController        com.allride.buses                    D  Use cases not attached to camera.
2024-12-26 15:12:48.422 21433-24006 DynamiteModule          com.allride.buses                    I  Considering local module com.google.mlkit.dynamite.barcode:10000 and remote module com.google.mlkit.dynamite.barcode:0
2024-12-26 15:12:48.422 21433-24006 DynamiteModule          com.allride.buses                    I  Selected local version of com.google.mlkit.dynamite.barcode
2024-12-26 15:12:48.422 21433-21433 ViewReaderQR            com.allride.buses                    D  startQRAnalysis
2024-12-26 15:12:48.435 21433-21433 CapturePas...erActivity com.allride.buses                    D  onResumeCamera
2024-12-26 15:12:48.435 21433-21433 ViewReaderQR            com.allride.buses                    D  onResumeCamera
2024-12-26 15:12:48.435 21433-21433 ViewReaderQR            com.allride.buses                    D  startQRAnalysis
2024-12-26 15:12:48.435 21433-21460 SessionLifecycleClient  com.allride.buses                    D  Sending lifecycle 1 to service
2024-12-26 15:12:48.436 21433-21433 Utils                   com.allride.buses                    D  BroadcastReceiver registered successfully
2024-12-26 15:12:48.439 21433-21578 SessionLifecycleService com.allride.buses                    D  Activity foregrounding at 223025497.
2024-12-26 15:12:48.497 21433-21433 LoginActivity           com.allride.buses                    D  getNetworkStatus: {"pingTime":51,"signalStrength":4,"status":true,"type":"wifi"}
2024-12-26 15:12:48.527 21433-21433 CamLifecycleController  com.allride.buses                    D  CameraProvider is not ready.
2024-12-26 15:12:48.528 21433-21433 CameraController        com.allride.buses                    D  Use cases not attached to camera.
2024-12-26 15:12:48.542 21433-21433 TripService             com.allride.buses                    D  Sending event 'newPosition' socket: 0ad10982-6989-4cc6-a2c9-7aacd2668cd8 - [-34.3941089,-70.7812718]
2024-12-26 15:12:48.546 21433-21433 CameraOrientationUtil   com.allride.buses                    D  getRelativeImageRotation: destRotationDegrees=0, sourceRotationDegrees=90, isOppositeFacing=true, result=90
2024-12-26 15:12:48.546 21433-21433 CameraOrientationUtil   com.allride.buses                    D  getRelativeImageRotation: destRotationDegrees=0, sourceRotationDegrees=90, isOppositeFacing=true, result=90
2024-12-26 15:12:48.551 21433-21433 DynamicRangeResolver    com.allride.buses                    D  Resolved dynamic range for use case androidx.camera.core.Preview-1b671261-cdab-4f16-ba0b-404f9c91db00 to no compatible HDR dynamic ranges.
                                                                                                    DynamicRange@ed8e517{encoding=UNSPECIFIED, bitDepth=0}
                                                                                                    ->
                                                                                                    DynamicRange@1f52596{encoding=SDR, bitDepth=8}
2024-12-26 15:12:48.552 21433-21433 CameraOrientationUtil   com.allride.buses                    D  getRelativeImageRotation: destRotationDegrees=0, sourceRotationDegrees=90, isOppositeFacing=true, result=90
2024-12-26 15:12:48.553 21433-21433 CameraOrientationUtil   com.allride.buses                    D  getRelativeImageRotation: destRotationDegrees=0, sourceRotationDegrees=90, isOppositeFacing=true, result=90
2024-12-26 15:12:48.554 21433-21433 DeferrableSurface       com.allride.buses                    D  Surface created[total_surfaces=1, used_surfaces=0](androidx.camera.core.processing.SurfaceEdge$SettableSurface@4f5b62}
2024-12-26 15:12:48.555 21433-21433 DeferrableSurface       com.allride.buses                    D  Surface created[total_surfaces=2, used_surfaces=0](androidx.camera.core.SurfaceRequest$2@a4bcbae}
2024-12-26 15:12:48.556 21433-21433 DeferrableSurface       com.allride.buses                    D  New surface in use[total_surfaces=2, used_surfaces=1](androidx.camera.core.SurfaceRequest$2@a4bcbae}
2024-12-26 15:12:48.556 21433-21433 DeferrableSurface       com.allride.buses                    D  use count+1, useCount=1 androidx.camera.core.SurfaceRequest$2@a4bcbae
2024-12-26 15:12:48.556 21433-21433 CameraOrientationUtil   com.allride.buses                    D  getRelativeImageRotation: destRotationDegrees=0, sourceRotationDegrees=90, isOppositeFacing=true, result=90
2024-12-26 15:12:48.558 21433-21433 ImageCapture            com.allride.buses                    D  createPipeline(cameraId: 0, streamSpec: StreamSpec{resolution=3264x2448, dynamicRange=DynamicRange@1f52596{encoding=SDR, bitDepth=8}, expectedFrameRateRange=[0, 0], implementationOptions=androidx.camera.camera2.impl.Camera2ImplConfig@5710f6b})
2024-12-26 15:12:48.559 21433-21433 DeferrableSurface       com.allride.buses                    D  Surface created[total_surfaces=3, used_surfaces=1](androidx.camera.core.impl.ImmediateSurface@b985ac8}
2024-12-26 15:12:48.561 21433-22804 Camera2CameraImpl       com.allride.buses                    D  {Camera@f00f3d4[id=0]} Use case androidx.camera.core.ImageCapture-e77ae915-f890-4a2a-8e24-12b78588faf5251133937 ACTIVE
2024-12-26 15:12:48.561 21433-21433 CameraOrientationUtil   com.allride.buses                    D  getRelativeImageRotation: destRotationDegrees=0, sourceRotationDegrees=90, isOppositeFacing=true, result=90
2024-12-26 15:12:48.561 21433-22804 UseCaseAttachState      com.allride.buses                    D  Active and attached use case: [] for camera: 0
2024-12-26 15:12:48.561 21433-21433 CameraOrientationUtil   com.allride.buses                    D  getRelativeImageRotation: destRotationDegrees=0, sourceRotationDegrees=90, isOppositeFacing=true, result=90
2024-12-26 15:12:48.562 21433-21433 DeferrableSurface       com.allride.buses                    D  Surface created[total_surfaces=4, used_surfaces=1](androidx.camera.core.impl.ImmediateSurface@f3747}
2024-12-26 15:12:48.564 21433-22793 Camera2CameraImpl       com.allride.buses                    D  {Camera@f00f3d4[id=0]} Use case androidx.camera.core.Preview-1b671261-cdab-4f16-ba0b-404f9c91db00258661272 ACTIVE
2024-12-26 15:12:48.564 21433-22793 UseCaseAttachState      com.allride.buses                    D  Active and attached use case: [] for camera: 0
2024-12-26 15:12:48.564 21433-21433 UsbSerialService        com.allride.buses                    D  onCreate
2024-12-26 15:12:48.565 21433-22793 Camera2CameraImpl       com.allride.buses                    D  {Camera@f00f3d4[id=0]} Use case androidx.camera.core.ImageCapture-e77ae915-f890-4a2a-8e24-12b78588faf5251133937 ACTIVE
2024-12-26 15:12:48.565 21433-22793 UseCaseAttachState      com.allride.buses                    D  Active and attached use case: [] for camera: 0
2024-12-26 15:12:48.566 21433-21433 UsbSerialService        com.allride.buses                    D  findSerialPortDevice: []
2024-12-26 15:12:48.566 21433-21433 UsbSerialService        com.allride.buses                    D  No compatible USB device found
2024-12-26 15:12:48.567 21433-22793 Camera2CameraImpl       com.allride.buses                    D  {Camera@f00f3d4[id=0]} Use case androidx.camera.core.ImageAnalysis-224361a4-ab0e-4685-a0a8-cfad6048629783466198 ACTIVE
2024-12-26 15:12:48.567 21433-22793 UseCaseAttachState      com.allride.buses                    D  Active and attached use case: [] for camera: 0
2024-12-26 15:12:48.568 21433-21433 PreviewView             com.allride.buses                    D  Surface requested by Preview.
2024-12-26 15:12:48.569 21433-22793 UseCaseAttachState      com.allride.buses                    D  Active and attached use case: [] for camera: 0
2024-12-26 15:12:48.571 21433-21433 PreviewView             com.allride.buses                    D  Preview transformation info updated. TransformationInfo{getCropRect=Rect(0, 117 - 1600, 1083), getRotationDegrees=90, getTargetRotation=-1, hasCameraTransform=true, getSensorToBufferTransform=Matrix{[0.39215687, 0.0, -1.5686275][0.0, 0.39215687, -3.9215686][0.0, 0.0, 1.0]}, getMirroring=false}
2024-12-26 15:12:48.571 21433-21433 PreviewTransform        com.allride.buses                    D  Transformation info set: TransformationInfo{getCropRect=Rect(0, 117 - 1600, 1083), getRotationDegrees=90, getTargetRotation=-1, hasCameraTransform=true, getSensorToBufferTransform=Matrix{[0.39215687, 0.0, -1.5686275][0.0, 0.39215687, -3.9215686][0.0, 0.0, 1.0]}, getMirroring=false} 1600x1200 false
2024-12-26 15:12:48.572 21433-21433 CameraOrientationUtil   com.allride.buses                    D  getRelativeImageRotation: destRotationDegrees=0, sourceRotationDegrees=90, isOppositeFacing=true, result=90
2024-12-26 15:12:48.574 21433-22793 Camera2CameraImpl       com.allride.buses                    D  {Camera@f00f3d4[id=0]} Use cases [androidx.camera.core.Preview-1b671261-cdab-4f16-ba0b-404f9c91db00258661272, androidx.camera.core.ImageCapture-e77ae915-f890-4a2a-8e24-12b78588faf5251133937, androidx.camera.core.ImageAnalysis-224361a4-ab0e-4685-a0a8-cfad6048629783466198] now ATTACHED
2024-12-26 15:12:48.578 21433-22793 UseCaseAttachState      com.allride.buses                    D  All use case: [androidx.camera.core.ImageCapture-e77ae915-f890-4a2a-8e24-12b78588faf5251133937, androidx.camera.core.Preview-1b671261-cdab-4f16-ba0b-404f9c91db00258661272, androidx.camera.core.ImageAnalysis-224361a4-ab0e-4685-a0a8-cfad6048629783466198] for camera: 0
2024-12-26 15:12:48.580 21433-22793 UseCaseAttachState      com.allride.buses                    D  Active and attached use case: [androidx.camera.core.ImageCapture-e77ae915-f890-4a2a-8e24-12b78588faf5251133937, androidx.camera.core.Preview-1b671261-cdab-4f16-ba0b-404f9c91db00258661272, androidx.camera.core.ImageAnalysis-224361a4-ab0e-4685-a0a8-cfad6048629783466198] for camera: 0
2024-12-26 15:12:48.581 21433-22793 Camera2CameraImpl       com.allride.buses                    D  {Camera@f00f3d4[id=0]} Resetting Capture Session
2024-12-26 15:12:48.581 21433-22793 Camera2CameraImpl       com.allride.buses                    D  {Camera@f00f3d4[id=0]} Releasing session in state INITIALIZED
2024-12-26 15:12:48.582 21433-22793 Camera2CameraImpl       com.allride.buses                    D  {Camera@f00f3d4[id=0]} Attempting to force open the camera.
2024-12-26 15:12:48.582 21433-22793 CameraStateRegistry     com.allride.buses                    D  tryOpenCamera(Camera@f00f3d4[id=0]) [Available Cameras: 1, Already Open: false (Previous state: CLOSED)] --> SUCCESS
2024-12-26 15:12:48.582 21433-22793 CameraStateRegistry     com.allride.buses                    D  Recalculating open cameras:
                                                                                                    Camera                                       State                 
                                                                                                    -------------------------------------------------------------------
                                                                                                    Camera@f00f3d4[id=0]                         OPENING               
                                                                                                    Camera@a7f9ba5[id=1]                         UNKNOWN               
