2024-12-26 15:09:40.011 21433-21446 OpenGLRenderer          com.allride.buses                    I  Davey! duration=9223149199976ms; Flags=1, FrameTimelineVsyncId=17436641, IntendedVsync=222836876249010, Vsync=222837009582338, InputEventId=0, HandleInputStart=222837011566658, AnimationStart=222837011567283, PerformTraversalsStart=222837011645148, DrawStart=222837041567127, FrameDeadline=222836892915676, FrameInterval=222837011564002, FrameStartTime=16666666, SyncQueued=222837050316346, SyncStart=222837051968533, IssueDrawCommandsStart=222837052572960, SwapBuffers=222837058862648, FrameCompleted=9223372036854775807, DequeueBufferDuration=2707812, QueueBufferDuration=637135, GpuCompleted=9223372036854775807, SwapBuffersCompleted=222837059819262, DisplayPresentTime=0, 
2024-12-26 15:09:40.038 21433-23273 ProxyAndro...gerBackend com.allride.buses                    W  Too many Flogger logs received before configuration. Dropping old logs.
2024-12-26 15:09:40.038 21433-23273 ProxyAndro...gerBackend com.allride.buses                    W  Too many Flogger logs received before configuration. Dropping old logs.
2024-12-26 15:09:40.071 21433-23281 ActiveDepa...eViewModel com.allride.buses                    D  SocketClient - current : {"color":"2E7D32","capacity":45}
2024-12-26 15:09:40.071 21433-23281 DepartureRealm          com.allride.buses                    D  setCapacity 45
2024-12-26 15:09:40.071 21433-21433 MapActivity             com.allride.buses                    D  ActiveDepartureViewModel capacityColor 2E7D32
2024-12-26 15:09:40.238 21433-21433 SurfaceViewImpl         com.allride.buses                    D  Surface destroyed.
2024-12-26 15:09:40.238 21433-21433 SurfaceViewImpl         com.allride.buses                    D  Surface closed androidx.camera.core.SurfaceRequest@5f3516e
2024-12-26 15:09:40.238 21433-21433 DeferrableSurface       com.allride.buses                    D  surface closed,  useCount=2 closed=true androidx.camera.core.SurfaceRequest$2@47d600f
2024-12-26 15:09:40.249 21433-22351 BufferQueueProducer     com.allride.buses                    E  [SurfaceView[com.allride.buses/com.allride.buses.ui.view.activities.drivers.CapturePassengerActivity]#11(BLAST Consumer)11](id:53b900000010,api:4,p:1401,c:21433) dequeueBuffer: BufferQueue has been abandoned
2024-12-26 15:09:40.250 21433-22804 Camera2CameraImpl       com.allride.buses                    D  {Camera@f00f3d4[id=0]} Use cases [androidx.camera.core.Preview-d8ca3998-381a-4e6b-9f35-dfdc4cc5a232184551289, androidx.camera.core.ImageCapture-b14a1d38-6624-45ce-be7c-4bba776c65fa31472830, androidx.camera.core.ImageAnalysis-0cf8f753-4dc0-4073-a91c-df9c829e44c0133165343] now DETACHED for camera
2024-12-26 15:09:40.250 21433-22804 UseCaseAttachState      com.allride.buses                    D  All use case: [] for camera: 0
2024-12-26 15:09:40.250 21433-22804 Camera2CameraImpl       com.allride.buses                    D  {Camera@f00f3d4[id=0]} Resetting Capture Session
2024-12-26 15:09:40.254 21433-21433 CameraOrientationUtil   com.allride.buses                    D  getRelativeImageRotation: destRotationDegrees=0, sourceRotationDegrees=90, isOppositeFacing=true, result=90
2024-12-26 15:09:40.255 21433-21433 DeferrableSurface       com.allride.buses                    D  surface closed,  useCount=0 closed=true androidx.camera.core.processing.SurfaceEdge$SettableSurface@cfcbbb3
2024-12-26 15:09:40.255 21433-21433 DeferrableSurface       com.allride.buses                    D  Surface terminated[total_surfaces=3, used_surfaces=3](androidx.camera.core.processing.SurfaceEdge$SettableSurface@cfcbbb3}
2024-12-26 15:09:40.255 21433-21433 DeferrableSurface       com.allride.buses                    D  use count-1,  useCount=1 closed=true androidx.camera.core.SurfaceRequest$2@47d600f
2024-12-26 15:09:40.255 21433-22804 Camera2CameraImpl       com.allride.buses                    D  {Camera@f00f3d4[id=0]} Releasing session in state OPENED
2024-12-26 15:09:40.255 21433-22804 UseCaseAttachState      com.allride.buses                    D  Active and attached use case: [] for camera: 0
2024-12-26 15:09:40.255 21433-21433 ImageCapture            com.allride.buses                    D  clearPipeline
2024-12-26 15:09:40.255 21433-21433 DeferrableSurface       com.allride.buses                    D  surface closed,  useCount=1 closed=true androidx.camera.core.impl.ImmediateSurface@59aa421
2024-12-26 15:09:40.256 21433-21433 DeferrableSurface       com.allride.buses                    D  surface closed,  useCount=1 closed=true androidx.camera.core.impl.ImmediateSurface@5e74207
2024-12-26 15:09:40.256 21433-22804 UseCaseAttachState      com.allride.buses                    D  Active and attached use case: [] for camera: 0
2024-12-26 15:09:40.256 21433-22804 Camera2CameraImpl       com.allride.buses                    D  {Camera@f00f3d4[id=0]} Closing camera.
2024-12-26 15:09:40.256 21433-22804 Camera2CameraImpl       com.allride.buses                    D  {Camera@f00f3d4[id=0]} Transitioning camera internal state: OPENED --> CLOSING
2024-12-26 15:09:40.256 21433-22804 CameraStateRegistry     com.allride.buses                    D  Recalculating open cameras:
                                                                                                    Camera                                       State                 
                                                                                                    -------------------------------------------------------------------
                                                                                                    Camera@f00f3d4[id=0]                         CLOSING               
                                                                                                    Camera@a7f9ba5[id=1]                         UNKNOWN               
                                                                                                    -------------------------------------------------------------------
                                                                                                    Open count: 1 (Max allowed: 1)
2024-12-26 15:09:40.257 21433-22804 CameraStateMachine      com.allride.buses                    D  New public camera state CameraState{type=CLOSING, error=null} from CLOSING and null
2024-12-26 15:09:40.257 21433-22804 CameraStateMachine      com.allride.buses                    D  Publishing new public camera state CameraState{type=CLOSING, error=null}
2024-12-26 15:09:40.257 21433-21433 CapturePas...erActivity com.allride.buses                    D  onDestroyCamera
2024-12-26 15:09:40.260 21433-22804 Camera2CameraImpl       com.allride.buses                    D  {Camera@f00f3d4[id=0]} Resetting Capture Session
2024-12-26 15:09:40.261 21433-22804 Camera2CameraImpl       com.allride.buses                    D  {Camera@f00f3d4[id=0]} Releasing session in state CLOSING
2024-12-26 15:09:40.262 21433-22804 CaptureSession          com.allride.buses                    D  onSessionFinished()
2024-12-26 15:09:40.275 21433-22985 BufferQueueProducer     com.allride.buses                    E  [SurfaceView[com.allride.buses/com.allride.buses.ui.view.activities.drivers.CapturePassengerActivity]#11(BLAST Consumer)11](id:53b900000010,api:4,p:1401,c:21433) queueBuffer: BufferQueue has been abandoned
2024-12-26 15:09:40.282 21433-21433 UsbSerialService        com.allride.buses                    D  onDestroy
2024-12-26 15:09:40.284 21433-21433 StreamStateObserver     com.allride.buses                    D  Update Preview stream state to IDLE
2024-12-26 15:09:40.294 21433-21444 OpenGLRenderer          com.allride.buses                    I  Davey! duration=9223149199543ms; Flags=0, FrameTimelineVsyncId=17436706, IntendedVsync=222837310638889, Vsync=222837327305555, InputEventId=0, HandleInputStart=222837341175044, AnimationStart=222837341175773, PerformTraversalsStart=222837341226866, DrawStart=222837341274523, FrameDeadline=222837343972221, FrameInterval=222837341171919, FrameStartTime=16666666, SyncQueued=222837341324731, SyncStart=222837341525460, IssueDrawCommandsStart=222837341599106, SwapBuffers=222837342616189, FrameCompleted=9223372036854775807, DequeueBufferDuration=11198, QueueBufferDuration=695885, GpuCompleted=9223372036854775807, SwapBuffersCompleted=222837343679106, DisplayPresentTime=0, 
2024-12-26 15:09:40.325 21433-22351 BufferQueueProducer     com.allride.buses                    E  [SurfaceView[com.allride.buses/com.allride.buses.ui.view.activities.drivers.CapturePassengerActivity]#11(BLAST Consumer)11](id:53b900000010,api:4,p:1401,c:21433) cancelBuffer: BufferQueue has been abandoned
2024-12-26 15:09:40.326 21433-21444 BufferQueueProducer     com.allride.buses                    E  [SurfaceView[com.allride.buses/com.allride.buses.ui.view.activities.drivers.CapturePassengerActivity]#11(BLAST Consumer)11](id:53b900000010,api:4,p:1401,c:21433) cancelBuffer: BufferQueue has been abandoned
2024-12-26 15:09:40.328 21433-21444 BufferQueueProducer     com.allride.buses                    E  [SurfaceView[com.allride.buses/com.allride.buses.ui.view.activities.drivers.CapturePassengerActivity]#11(BLAST Consumer)11](id:53b900000010,api:4,p:1401,c:21433) cancelBuffer: BufferQueue has been abandoned
2024-12-26 15:09:40.331 21433-21444 BufferQueueProducer     com.allride.buses                    E  [SurfaceView[com.allride.buses/com.allride.buses.ui.view.activities.drivers.CapturePassengerActivity]#11(BLAST Consumer)11](id:53b900000010,api:4,p:1401,c:21433) cancelBuffer: BufferQueue has been abandoned
2024-12-26 15:09:40.333 21433-21444 BufferQueueProducer     com.allride.buses                    E  [SurfaceView[com.allride.buses/com.allride.buses.ui.view.activities.drivers.CapturePassengerActivity]#11(BLAST Consumer)11](id:53b900000010,api:4,p:1401,c:21433) cancelBuffer: BufferQueue has been abandoned
2024-12-26 15:09:40.334 21433-21444 BufferQueueProducer     com.allride.buses                    E  [SurfaceView[com.allride.buses/com.allride.buses.ui.view.activities.drivers.CapturePassengerActivity]#11(BLAST Consumer)11](id:53b900000010,api:4,p:1401,c:21433) cancelBuffer: BufferQueue has been abandoned
2024-12-26 15:09:40.464 21433-22804 UseCaseAttachState      com.allride.buses                    D  Active and attached use case: [] for camera: 0
2024-12-26 15:09:40.464 21433-22804 DeferrableSurface       com.allride.buses                    D  use count-1,  useCount=0 closed=true androidx.camera.core.SurfaceRequest$2@47d600f
2024-12-26 15:09:40.464 21433-22804 DeferrableSurface       com.allride.buses                    D  Surface no longer in use[total_surfaces=3, used_surfaces=2](androidx.camera.core.SurfaceRequest$2@47d600f}
2024-12-26 15:09:40.465 21433-22804 DeferrableSurface       com.allride.buses                    D  Surface terminated[total_surfaces=2, used_surfaces=2](androidx.camera.core.SurfaceRequest$2@47d600f}
2024-12-26 15:09:40.465 21433-22804 DeferrableSurface       com.allride.buses                    D  use count-1,  useCount=0 closed=true androidx.camera.core.impl.ImmediateSurface@59aa421
2024-12-26 15:09:40.465 21433-22804 DeferrableSurface       com.allride.buses                    D  Surface no longer in use[total_surfaces=2, used_surfaces=1](androidx.camera.core.impl.ImmediateSurface@59aa421}
2024-12-26 15:09:40.465 21433-22804 DeferrableSurface       com.allride.buses                    D  Surface terminated[total_surfaces=1, used_surfaces=1](androidx.camera.core.impl.ImmediateSurface@59aa421}
2024-12-26 15:09:40.465 21433-22804 DeferrableSurface       com.allride.buses                    D  use count-1,  useCount=0 closed=true androidx.camera.core.impl.ImmediateSurface@5e74207
2024-12-26 15:09:40.465 21433-22804 DeferrableSurface       com.allride.buses                    D  Surface no longer in use[total_surfaces=1, used_surfaces=0](androidx.camera.core.impl.ImmediateSurface@5e74207}
2024-12-26 15:09:40.465 21433-22804 DeferrableSurface       com.allride.buses                    D  Surface terminated[total_surfaces=0, used_surfaces=0](androidx.camera.core.impl.ImmediateSurface@5e74207}
2024-12-26 15:09:40.465 21433-21433 SurfaceViewImpl         com.allride.buses                    D  Safe to release surface.
2024-12-26 15:09:40.465 21433-22804 Camera2CameraImpl       com.allride.buses                    D  {Camera@f00f3d4[id=0]} CameraDevice.onClosed()
2024-12-26 15:09:40.470 21433-22804 Camera2CameraImpl       com.allride.buses                    D  {Camera@f00f3d4[id=0]} Transitioning camera internal state: CLOSING --> INITIALIZED
2024-12-26 15:09:40.472 21433-22804 CameraStateRegistry     com.allride.buses                    D  Recalculating open cameras:
                                                                                                    Camera                                       State                 
                                                                                                    -------------------------------------------------------------------
                                                                                                    Camera@f00f3d4[id=0]                         CLOSED                
                                                                                                    Camera@a7f9ba5[id=1]                         UNKNOWN               
                                                                                                    -------------------------------------------------------------------
                                                                                                    Open count: 0 (Max allowed: 1)
2024-12-26 15:09:40.473 21433-22804 CameraStateMachine      com.allride.buses                    D  New public camera state CameraState{type=CLOSED, error=null} from CLOSED and null
2024-12-26 15:09:40.473 21433-22804 CameraStateMachine      com.allride.buses                    D  Publishing new public camera state CameraState{type=CLOSED, error=null}
2024-12-26 15:09:40.635 21433-21563 AllRideOAuth2Service    com.allride.buses                    I  Response Code > 200 - Request > Request{method=GET, url=https://stage.allrideapp.com/api/v2/pb/driver/departures/current, tags={class retrofit2.Invocation=com.allride.buses.api.AllRideAPI.getCurrentDeparture() []}}
2024-12-26 15:09:40.641 21433-21883 connectionService       com.allride.buses                    D  Success getCurrentDeparture
2024-12-26 15:09:40.641 21433-21883 DepartureRealm          com.allride.buses                    I  update 676d9bcdabfef8bf4eafac90
2024-12-26 15:09:40.656 21433-21883 connectionService       com.allride.buses                    D  sendUpdateDeparture
2024-12-26 15:09:40.657 21433-21883 connectionService       com.allride.buses                    D  startActivityMap
2024-12-26 15:09:40.657 21433-21433 TripService             com.allride.buses                    D  socketUpdateReceiver onReceive UPDATE_DEPARTURE
2024-12-26 15:09:40.657 21433-21433 ActiveDepa...eViewModel com.allride.buses                    D  socketUpdateReceiver onReceive UPDATE_DEPARTURE
2024-12-26 15:09:40.657 21433-21433 ActiveDepa...eViewModel com.allride.buses                    D  socketUpdateReceiver onReceive UPDATE_DEPARTURE
2024-12-26 15:09:40.657 21433-21433 MapActivity             com.allride.buses                    D  setupBroadcastReceiver onReceive UPDATE_DEPARTURE false
2024-12-26 15:09:40.665 21433-21433 MapActivity             com.allride.buses                    D  ActiveDepartureViewModel capacity 45
2024-12-26 15:09:40.665 21433-21433 ActiveDepa...eViewModel com.allride.buses                    D  typeMap com.allride.buses.data.models.PBDeparture@cac3098
2024-12-26 15:09:40.665 21433-21433 MapActivity             com.allride.buses                    D  ActiveDepartureViewModel typeMap regular
2024-12-26 15:09:40.693 21433-21883 connectionService       com.allride.buses                    D  checkPendingOfflineSync false false true
2024-12-26 15:09:40.693 21433-21883 connectionService       com.allride.buses                    D  sendNotifyPendingOfflineSync true - 
2024-12-26 15:09:40.693 21433-21883 connectionService       com.allride.buses                    I  checkSyncOffline dataList isEmpty
2024-12-26 15:09:40.693 21433-21433 MapActivity             com.allride.buses                    D  setupBroadcastReceiver onReceive pendingOfflineSync true
2024-12-26 15:09:42.030 21433-21433 TripService             com.allride.buses                    D  Sending event 'newPosition' socket: cbd7a3e0-0b12-4b34-bd37-936f2d779829 - [-34.3941117,-70.7812918]
