2024-12-26 15:17:07.004 21433-21433 TripService             com.allride.buses                    D  socketUpdateReceiver onReceive stop
2024-12-26 15:17:07.023 21433-21433 TripService             com.allride.buses                    E  ADD HISTORY USE: SOCKET_EVENT_DISCONNECT
2024-12-26 15:17:07.046 21433-21433 TripService             com.allride.buses                    D  Pausing GPS Service
2024-12-26 15:17:07.046 21433-21433 TripService             com.allride.buses                    D  Stopped sharing location
2024-12-26 15:17:07.046 21433-21433 connectionService       com.allride.buses                    D  socketUpdateReceiver onReceive EVENT_ERROR false
2024-12-26 15:17:07.046 21433-21433 TripService             com.allride.buses                    D  socketUpdateReceiver onReceive stop
2024-12-26 15:17:07.064 21433-21433 TripService             com.allride.buses                    E  ADD HISTORY USE: SOCKET_EVENT_DISCONNECT
2024-12-26 15:17:07.129 21433-21433 TripService             com.allride.buses                    D  Pausing GPS Service
2024-12-26 15:17:07.130 21433-21433 TripService             com.allride.buses                    D  Stopped sharing location
2024-12-26 15:17:07.131 21433-21433 ConnectivityReceiver    com.allride.buses                    D  onReceive false
2024-12-26 15:17:07.132 21433-21433 ConnectivityReceiver    com.allride.buses                    D  onReceive false
2024-12-26 15:17:07.133 21433-21433 ConnectivityReceiver    com.allride.buses                    D  onReceive false
2024-12-26 15:17:07.133 21433-21433 TripService             com.allride.buses                    E  Error send event 'newPosition' socket: sharingLocation false - socket false - [-34.3941089,-70.7812739]
2024-12-26 15:17:07.133 21433-21433 TripService             com.allride.buses                    D  Difference last seconds 4 - distance 0.11090331 - velocity 0.027725827
2024-12-26 15:17:07.133 21433-21433 TripService             com.allride.buses                    D  *** checkStopsLocally [-34.3941089,-70.7812739] ***
2024-12-26 15:17:07.232 21433-21433 TripService             com.allride.buses                    E  Error checkStopsLocally routeId 66f310608e6c377a3f43968e - no exist stops
2024-12-26 15:17:07.233 21433-21433 connectionService       com.allride.buses                    D  socketUpdateReceiver onReceive stateReceiver false
2024-12-26 15:17:07.234 21433-21433 connectionService       com.allride.buses                    D  socketUpdateReceiver onReceive stateReceiver false
2024-12-26 15:17:07.235 21433-21433 connectionService       com.allride.buses                    D  socketUpdateReceiver onReceive stateReceiver false
2024-12-26 15:17:07.235 21433-21433 TripService             com.allride.buses                    D  socketUpdateReceiver onReceive newPosition
2024-12-26 15:17:07.235 21433-21433 ActiveDepa...eViewModel com.allride.buses                    D  socketUpdateReceiver onReceive EVENT_GPS_NEW_POSITION [-34.3941089,-70.7812739]
2024-12-26 15:17:07.411 21433-28698 SocketClient            com.allride.buses                    D  Socket reconnecting
2024-12-26 15:17:07.419 21433-28701 SocketClient            com.allride.buses                    D  Socket connect error
2024-12-26 15:17:07.480 21433-28703 SocketClient            com.allride.buses                    D  Socket reconnecting
2024-12-26 15:17:07.482 21433-28703 SocketClient            com.allride.buses                    D  Socket connect error
2024-12-26 15:17:07.488 21433-28706 SocketClient            com.allride.buses                    D  Socket reconnecting
2024-12-26 15:17:07.492 21433-28706 SocketClient            com.allride.buses                    D  Socket connect error
2024-12-26 15:17:07.736 21433-21433 connectionService       com.allride.buses                    D  sendNotifyConnectivity false
2024-12-26 15:17:07.736 21433-21433 MapActivity             com.allride.buses                    D  setupBroadcastReceiver onReceive connectivity false
2024-12-26 15:17:07.788 21433-28710 SocketClient            com.allride.buses                    D  Socket reconnecting
2024-12-26 15:17:07.797 21433-28712 SocketClient            com.allride.buses                    D  Socket connect error
2024-12-26 15:17:08.026 21433-28720 SocketClient            com.allride.buses                    D  Socket reconnecting
2024-12-26 15:17:08.035 21433-28722 SocketClient            com.allride.buses                    D  Socket connect error
2024-12-26 15:17:08.098 21433-28725 SocketClient            com.allride.buses                    D  Socket reconnecting
2024-12-26 15:17:08.106 21433-28727 SocketClient            com.allride.buses                    D  Socket connect error
2024-12-26 15:17:08.205 21433-28732 SocketClient            com.allride.buses                    D  Socket reconnecting
2024-12-26 15:17:08.212 21433-28734 SocketClient            com.allride.buses                    D  Socket connect error
2024-12-26 15:17:09.333 21433-28758 SocketClient            com.allride.buses                    D  Socket reconnecting
2024-12-26 15:17:09.337 21433-28760 SocketClient            com.allride.buses                    D  Socket connect error
2024-12-26 15:17:09.467 21433-28762 SocketClient            com.allride.buses                    D  Socket reconnecting
2024-12-26 15:17:09.473 21433-28765 SocketClient            com.allride.buses                    D  Socket connect error
2024-12-26 15:17:09.776 21433-21433 UserRealm               com.allride.buses                    D  isWorking false
2024-12-26 15:17:09.797 21433-21482 SessionLifecycleClient  com.allride.buses                    D  Sending lifecycle 2 to service
2024-12-26 15:17:09.797 21433-21578 SessionLifecycleService com.allride.buses                    D  Activity backgrounding at 223286854
2024-12-26 15:17:09.842 21433-21433 Utils                   com.allride.buses                    D  BroadcastReceiver registered successfully
2024-12-26 15:17:09.842 21433-21433 CapturePas...erActivity com.allride.buses                    E  ADD HISTORY USE: NO_TYPE_MOBILE_DATA
2024-12-26 15:17:09.856 21433-21433 CapturePas...erActivity com.allride.buses                    D  startCamera
2024-12-26 15:17:09.858 21433-21433 CamLifecycleController  com.allride.buses                    D  CameraProvider is not ready.
2024-12-26 15:17:09.859 21433-21433 CameraController        com.allride.buses                    D  Use cases not attached to camera.
2024-12-26 15:17:09.859 21433-21433 ViewReaderQR            com.allride.buses                    D  startQRAnalysis
2024-12-26 15:17:09.861 21433-25945 DynamiteModule          com.allride.buses                    I  Considering local module com.google.mlkit.dynamite.barcode:10000 and remote module com.google.mlkit.dynamite.barcode:0
2024-12-26 15:17:09.861 21433-25945 DynamiteModule          com.allride.buses                    I  Selected local version of com.google.mlkit.dynamite.barcode
2024-12-26 15:17:09.864 21433-21481 SessionLifecycleClient  com.allride.buses                    D  Sending lifecycle 1 to service
2024-12-26 15:17:09.865 21433-21578 SessionLifecycleService com.allride.buses                    D  Activity foregrounding at 223286922.
2024-12-26 15:17:09.866 21433-21433 CapturePas...erActivity com.allride.buses                    D  onResumeCamera
2024-12-26 15:17:09.866 21433-21433 ViewReaderQR            com.allride.buses                    D  onResumeCamera
2024-12-26 15:17:09.866 21433-21433 ViewReaderQR            com.allride.buses                    D  startQRAnalysis
2024-12-26 15:17:09.868 21433-21433 Utils                   com.allride.buses                    D  BroadcastReceiver registered successfully
2024-12-26 15:17:09.870 21433-21433 LoginActivity           com.allride.buses                    D  getNetworkStatus: {}
2024-12-26 15:17:09.890 21433-21433 CamLifecycleController  com.allride.buses                    D  CameraProvider is not ready.
2024-12-26 15:17:09.890 21433-21433 CameraController        com.allride.buses                    D  Use cases not attached to camera.
2024-12-26 15:17:09.904 21433-21433 CameraOrientationUtil   com.allride.buses                    D  getRelativeImageRotation: destRotationDegrees=0, sourceRotationDegrees=90, isOppositeFacing=true, result=90
2024-12-26 15:17:09.904 21433-21433 CameraOrientationUtil   com.allride.buses                    D  getRelativeImageRotation: destRotationDegrees=0, sourceRotationDegrees=90, isOppositeFacing=true, result=90
2024-12-26 15:17:09.907 21433-21433 DynamicRangeResolver    com.allride.buses                    D  Resolved dynamic range for use case androidx.camera.core.Preview-786ed835-2277-47e9-be2f-be409bbba523 to no compatible HDR dynamic ranges.
                                                                                                    DynamicRange@ed8e517{encoding=UNSPECIFIED, bitDepth=0}
                                                                                                    ->
                                                                                                    DynamicRange@1f52596{encoding=SDR, bitDepth=8}
2024-12-26 15:17:09.908 21433-21433 CameraOrientationUtil   com.allride.buses                    D  getRelativeImageRotation: destRotationDegrees=0, sourceRotationDegrees=90, isOppositeFacing=true, result=90
2024-12-26 15:17:09.909 21433-21433 CameraOrientationUtil   com.allride.buses                    D  getRelativeImageRotation: destRotationDegrees=0, sourceRotationDegrees=90, isOppositeFacing=true, result=90
2024-12-26 15:17:09.909 21433-21433 DeferrableSurface       com.allride.buses                    D  Surface created[total_surfaces=1, used_surfaces=0](androidx.camera.core.processing.SurfaceEdge$SettableSurface@79e5c85}
2024-12-26 15:17:09.910 21433-21433 DeferrableSurface       com.allride.buses                    D  Surface created[total_surfaces=2, used_surfaces=0](androidx.camera.core.SurfaceRequest$2@8ed3c01}
2024-12-26 15:17:09.910 21433-21433 DeferrableSurface       com.allride.buses                    D  New surface in use[total_surfaces=2, used_surfaces=1](androidx.camera.core.SurfaceRequest$2@8ed3c01}
2024-12-26 15:17:09.910 21433-21433 DeferrableSurface       com.allride.buses                    D  use count+1, useCount=1 androidx.camera.core.SurfaceRequest$2@8ed3c01
2024-12-26 15:17:09.910 21433-21433 CameraOrientationUtil   com.allride.buses                    D  getRelativeImageRotation: destRotationDegrees=0, sourceRotationDegrees=90, isOppositeFacing=true, result=90
2024-12-26 15:17:09.912 21433-21433 ImageCapture            com.allride.buses                    D  createPipeline(cameraId: 0, streamSpec: StreamSpec{resolution=3264x2448, dynamicRange=DynamicRange@1f52596{encoding=SDR, bitDepth=8}, expectedFrameRateRange=[0, 0], implementationOptions=androidx.camera.camera2.impl.Camera2ImplConfig@eb32b32})
2024-12-26 15:17:09.912 21433-21433 DeferrableSurface       com.allride.buses                    D  Surface created[total_surfaces=3, used_surfaces=1](androidx.camera.core.impl.ImmediateSurface@41ed083}
2024-12-26 15:17:09.914 21433-22804 Camera2CameraImpl       com.allride.buses                    D  {Camera@f00f3d4[id=0]} Use case androidx.camera.core.ImageCapture-b9328737-0eb4-4f5d-a2ea-dba929a25df4256550096 ACTIVE
2024-12-26 15:17:09.914 21433-21433 CameraOrientationUtil   com.allride.buses                    D  getRelativeImageRotation: destRotationDegrees=0, sourceRotationDegrees=90, isOppositeFacing=true, result=90
2024-12-26 15:17:09.914 21433-22804 UseCaseAttachState      com.allride.buses                    D  Active and attached use case: [] for camera: 0
2024-12-26 15:17:09.914 21433-21433 CameraOrientationUtil   com.allride.buses                    D  getRelativeImageRotation: destRotationDegrees=0, sourceRotationDegrees=90, isOppositeFacing=true, result=90
2024-12-26 15:17:09.915 21433-21433 DeferrableSurface       com.allride.buses                    D  Surface created[total_surfaces=4, used_surfaces=1](androidx.camera.core.impl.ImmediateSurface@1e4c87e}
2024-12-26 15:17:09.916 21433-22793 Camera2CameraImpl       com.allride.buses                    D  {Camera@f00f3d4[id=0]} Use case androidx.camera.core.Preview-786ed835-2277-47e9-be2f-be409bbba52375865235 ACTIVE
2024-12-26 15:17:09.916 21433-22793 UseCaseAttachState      com.allride.buses                    D  Active and attached use case: [] for camera: 0
2024-12-26 15:17:09.916 21433-22793 Camera2CameraImpl       com.allride.buses                    D  {Camera@f00f3d4[id=0]} Use case androidx.camera.core.ImageCapture-b9328737-0eb4-4f5d-a2ea-dba929a25df4256550096 ACTIVE
2024-12-26 15:17:09.917 21433-22793 UseCaseAttachState      com.allride.buses                    D  Active and attached use case: [] for camera: 0
2024-12-26 15:17:09.917 21433-21433 UsbSerialService        com.allride.buses                    D  onCreate
2024-12-26 15:17:09.917 21433-22793 Camera2CameraImpl       com.allride.buses                    D  {Camera@f00f3d4[id=0]} Use case androidx.camera.core.ImageAnalysis-fbd46597-995b-4da8-acdd-3e41089479eb165657801 ACTIVE
2024-12-26 15:17:09.917 21433-22793 UseCaseAttachState      com.allride.buses                    D  Active and attached use case: [] for camera: 0
2024-12-26 15:17:09.917 21433-22793 UseCaseAttachState      com.allride.buses                    D  Active and attached use case: [] for camera: 0
2024-12-26 15:17:09.918 21433-22793 Camera2CameraImpl       com.allride.buses                    D  {Camera@f00f3d4[id=0]} Use cases [androidx.camera.core.Preview-786ed835-2277-47e9-be2f-be409bbba52375865235, androidx.camera.core.ImageCapture-b9328737-0eb4-4f5d-a2ea-dba929a25df4256550096, androidx.camera.core.ImageAnalysis-fbd46597-995b-4da8-acdd-3e41089479eb165657801] now ATTACHED
2024-12-26 15:17:09.918 21433-22793 UseCaseAttachState      com.allride.buses                    D  All use case: [androidx.camera.core.ImageCapture-b9328737-0eb4-4f5d-a2ea-dba929a25df4256550096, androidx.camera.core.Preview-786ed835-2277-47e9-be2f-be409bbba52375865235, androidx.camera.core.ImageAnalysis-fbd46597-995b-4da8-acdd-3e41089479eb165657801] for camera: 0
2024-12-26 15:17:09.919 21433-22793 UseCaseAttachState      com.allride.buses                    D  Active and attached use case: [androidx.camera.core.ImageCapture-b9328737-0eb4-4f5d-a2ea-dba929a25df4256550096, androidx.camera.core.Preview-786ed835-2277-47e9-be2f-be409bbba52375865235, androidx.camera.core.ImageAnalysis-fbd46597-995b-4da8-acdd-3e41089479eb165657801] for camera: 0
2024-12-26 15:17:09.919 21433-21433 UsbSerialService        com.allride.buses                    D  findSerialPortDevice: []
2024-12-26 15:17:09.919 21433-21433 UsbSerialService        com.allride.buses                    D  No compatible USB device found
2024-12-26 15:17:09.920 21433-22793 Camera2CameraImpl       com.allride.buses                    D  {Camera@f00f3d4[id=0]} Resetting Capture Session
2024-12-26 15:17:09.922 21433-22793 Camera2CameraImpl       com.allride.buses                    D  {Camera@f00f3d4[id=0]} Releasing session in state INITIALIZED
2024-12-26 15:17:09.922 21433-22793 Camera2CameraImpl       com.allride.buses                    D  {Camera@f00f3d4[id=0]} Attempting to force open the camera.
2024-12-26 15:17:09.922 21433-22793 CameraStateRegistry     com.allride.buses                    D  tryOpenCamera(Camera@f00f3d4[id=0]) [Available Cameras: 1, Already Open: false (Previous state: CLOSED)] --> SUCCESS
2024-12-26 15:17:09.922 21433-22793 CameraStateRegistry     com.allride.buses                    D  Recalculating open cameras:
                                                                                                    Camera                                       State                 
                                                                                                    -------------------------------------------------------------------
                                                                                                    Camera@f00f3d4[id=0]                         OPENING               
                                                                                                    Camera@a7f9ba5[id=1]                         UNKNOWN               
                                                                                                    -------------------------------------------------------------------
                                                                                                    Open count: 1 (Max allowed: 1)
2024-12-26 15:17:09.924 21433-22793 Camera2CameraImpl       com.allride.buses                    D  {Camera@f00f3d4[id=0]} Opening camera.
2024-12-26 15:17:09.925 21433-21433 PreviewView             com.allride.buses                    D  Surface requested by Preview.
2024-12-26 15:17:09.925 21433-22793 Camera2CameraImpl       com.allride.buses                    D  {Camera@f00f3d4[id=0]} Transitioning camera internal state: INITIALIZED --> OPENING
2024-12-26 15:17:09.925 21433-22793 CameraStateMachine      com.allride.buses                    D  New public camera state CameraState{type=OPENING, error=null} from OPENING and null
2024-12-26 15:17:09.925 21433-22793 CameraStateMachine      com.allride.buses                    D  Publishing new public camera state CameraState{type=OPENING, error=null}
2024-12-26 15:17:09.926 21433-22793 UseCaseAttachState      com.allride.buses                    D  All use case: [androidx.camera.core.ImageCapture-b9328737-0eb4-4f5d-a2ea-dba929a25df4256550096, androidx.camera.core.Preview-786ed835-2277-47e9-be2f-be409bbba52375865235, androidx.camera.core.ImageAnalysis-fbd46597-995b-4da8-acdd-3e41089479eb165657801] for camera: 0
2024-12-26 15:17:09.933 21433-21433 SurfaceViewImpl         com.allride.buses                    D  Surface created.
2024-12-26 15:17:09.933 21433-21433 SurfaceViewImpl         com.allride.buses                    D  Surface changed. Size: 1600x1200
2024-12-26 15:17:09.935 21433-21433 PreviewView             com.allride.buses                    D  Preview transformation info updated. TransformationInfo{getCropRect=Rect(0, 90 - 1600, 1110), getRotationDegrees=90, getTargetRotation=-1, hasCameraTransform=true, getSensorToBufferTransform=Matrix{[0.39215687, 0.0, -1.5686275][0.0, 0.39215687, -3.9215686][0.0, 0.0, 1.0]}, getMirroring=false}
2024-12-26 15:17:09.936 21433-21433 PreviewTransform        com.allride.buses                    D  Transformation info set: TransformationInfo{getCropRect=Rect(0, 90 - 1600, 1110), getRotationDegrees=90, getTargetRotation=-1, hasCameraTransform=true, getSensorToBufferTransform=Matrix{[0.39215687, 0.0, -1.5686275][0.0, 0.39215687, -3.9215686][0.0, 0.0, 1.0]}, getMirroring=false} 1600x1200 false
2024-12-26 15:17:09.936 21433-21433 CameraOrientationUtil   com.allride.buses                    D  getRelativeImageRotation: destRotationDegrees=0, sourceRotationDegrees=90, isOppositeFacing=true, result=90
2024-12-26 15:17:09.936 21433-21433 SurfaceViewImpl         com.allride.buses                    D  Surface set on Preview.
2024-12-26 15:17:09.956 21433-22793 Camera2CameraImpl       com.allride.buses                    D  {Camera@f00f3d4[id=0]} Use case androidx.camera.core.Preview-786ed835-2277-47e9-be2f-be409bbba52375865235 ACTIVE
2024-12-26 15:17:09.958 21433-22793 UseCaseAttachState      com.allride.buses                    D  Active and attached use case: [androidx.camera.core.ImageCapture-b9328737-0eb4-4f5d-a2ea-dba929a25df4256550096, androidx.camera.core.Preview-786ed835-2277-47e9-be2f-be409bbba52375865235, androidx.camera.core.ImageAnalysis-fbd46597-995b-4da8-acdd-3e41089479eb165657801] for camera: 0
2024-12-26 15:17:09.961 21433-22793 Camera2CameraImpl       com.allride.buses                    D  {Camera@f00f3d4[id=0]} Use case androidx.camera.core.ImageCapture-b9328737-0eb4-4f5d-a2ea-dba929a25df4256550096 ACTIVE
2024-12-26 15:17:09.963 21433-22793 UseCaseAttachState      com.allride.buses                    D  Active and attached use case: [androidx.camera.core.ImageCapture-b9328737-0eb4-4f5d-a2ea-dba929a25df4256550096, androidx.camera.core.Preview-786ed835-2277-47e9-be2f-be409bbba52375865235, androidx.camera.core.ImageAnalysis-fbd46597-995b-4da8-acdd-3e41089479eb165657801] for camera: 0
2024-12-26 15:17:09.966 21433-22793 Camera2CameraImpl       com.allride.buses                    D  {Camera@f00f3d4[id=0]} Use case androidx.camera.core.ImageAnalysis-fbd46597-995b-4da8-acdd-3e41089479eb165657801 ACTIVE
2024-12-26 15:17:09.967 21433-22793 UseCaseAttachState      com.allride.buses                    D  Active and attached use case: [androidx.camera.core.ImageCapture-b9328737-0eb4-4f5d-a2ea-dba929a25df4256550096, androidx.camera.core.Preview-786ed835-2277-47e9-be2f-be409bbba52375865235, androidx.camera.core.ImageAnalysis-fbd46597-995b-4da8-acdd-3e41089479eb165657801] for camera: 0
2024-12-26 15:17:09.968 21433-22793 Camera2CameraImpl       com.allride.buses                    D  {Camera@f00f3d4[id=0]} CameraDevice.onOpened()
2024-12-26 15:17:09.968 21433-22793 Camera2CameraImpl       com.allride.buses                    D  {Camera@f00f3d4[id=0]} Transitioning camera internal state: OPENING --> OPENED
2024-12-26 15:17:09.969 21433-22793 CameraStateRegistry     com.allride.buses                    D  Recalculating open cameras:
                                                                                                    Camera                                       State                 
                                                                                                    -------------------------------------------------------------------
                                                                                                    Camera@f00f3d4[id=0]                         OPEN                  
                                                                                                    Camera@a7f9ba5[id=1]                         UNKNOWN               
                                                                                                    -------------------------------------------------------------------
                                                                                                    Open count: 1 (Max allowed: 1)
2024-12-26 15:17:09.970 21433-22793 CameraStateMachine      com.allride.buses                    D  New public camera state CameraState{type=OPEN, error=null} from OPEN and null
2024-12-26 15:17:09.970 21433-22793 CameraStateMachine      com.allride.buses                    D  Publishing new public camera state CameraState{type=OPEN, error=null}
2024-12-26 15:17:09.972 21433-22793 UseCaseAttachState      com.allride.buses                    D  All use case: [androidx.camera.core.ImageCapture-b9328737-0eb4-4f5d-a2ea-dba929a25df4256550096, androidx.camera.core.Preview-786ed835-2277-47e9-be2f-be409bbba52375865235, androidx.camera.core.ImageAnalysis-fbd46597-995b-4da8-acdd-3e41089479eb165657801] for camera: 0
2024-12-26 15:17:09.975 21433-22793 UseCaseAttachState      com.allride.buses                    D  Active and attached use case: [androidx.camera.core.ImageCapture-b9328737-0eb4-4f5d-a2ea-dba929a25df4256550096, androidx.camera.core.Preview-786ed835-2277-47e9-be2f-be409bbba52375865235, androidx.camera.core.ImageAnalysis-fbd46597-995b-4da8-acdd-3e41089479eb165657801] for camera: 0
2024-12-26 15:17:09.976 21433-22793 SyncCaptureSessionBase  com.allride.buses                    D  [androidx.camera.camera2.internal.SynchronizedCaptureSessionBaseImpl@7de3251] getSurface...done
2024-12-26 15:17:09.979 21433-22793 CaptureSession          com.allride.buses                    D  Opening capture session.
2024-12-26 15:17:09.980 21433-22793 DeferrableSurface       com.allride.buses                    D  use count+1, useCount=2 androidx.camera.core.SurfaceRequest$2@8ed3c01
2024-12-26 15:17:09.980 21433-22793 DeferrableSurface       com.allride.buses                    D  New surface in use[total_surfaces=4, used_surfaces=2](androidx.camera.core.impl.ImmediateSurface@41ed083}
2024-12-26 15:17:09.980 21433-22793 DeferrableSurface       com.allride.buses                    D  use count+1, useCount=1 androidx.camera.core.impl.ImmediateSurface@41ed083
2024-12-26 15:17:09.980 21433-22793 DeferrableSurface       com.allride.buses                    D  New surface in use[total_surfaces=4, used_surfaces=3](androidx.camera.core.impl.ImmediateSurface@1e4c87e}
2024-12-26 15:17:09.980 21433-22793 DeferrableSurface       com.allride.buses                    D  use count+1, useCount=1 androidx.camera.core.impl.ImmediateSurface@1e4c87e
2024-12-26 15:17:10.035 21433-22793 CaptureSession          com.allride.buses                    D  Attempting to send capture request onConfigured
2024-12-26 15:17:10.035 21433-22793 CaptureSession          com.allride.buses                    D  Issuing request for session.
2024-12-26 15:17:10.036 21433-22793 Camera2Cap...estBuilder com.allride.buses                    D  createCaptureRequest
2024-12-26 15:17:10.043 21433-22793 CaptureSession          com.allride.buses                    D  CameraCaptureSession.onConfigured() mState=OPENED
2024-12-26 15:17:10.043 21433-22793 CaptureSession          com.allride.buses                    D  CameraCaptureSession.onReady() OPENED
2024-12-26 15:17:10.131 21433-21433 MapActivity             com.allride.buses                    D  onStop
2024-12-26 15:17:10.131 21433-21433 MapActivity             com.allride.buses                    D  Success unregisterReceiver setupBroadcastReceiver
2024-12-26 15:17:10.210 21433-28821 SocketClient            com.allride.buses                    D  Socket reconnecting
2024-12-26 15:17:10.213 21433-28823 SocketClient            com.allride.buses                    D  Socket connect error
2024-12-26 15:17:10.279 21433-22793 StreamStateObserver     com.allride.buses                    D  Update Preview stream state to STREAMING
2024-12-26 15:17:10.284 21433-25946 PipelineManager         com.allride.buses                    D  Start process YUV
2024-12-26 15:17:10.300 21433-25950 tflite                  com.allride.buses                    I  Replacing 43 out of 43 node(s) with delegate (TfLiteXNNPackDelegate) node, yielding 1 partitions for the whole graph.
2024-12-26 15:17:10.306 21433-25950 tflite                  com.allride.buses                    I  Replacing 35 out of 47 node(s) with delegate (TfLiteXNNPackDelegate) node, yielding 23 partitions for the whole graph.
2024-12-26 15:17:10.312 21433-25950 native                  com.allride.buses                    I  I0000 00:00:1735237030.312705   25950 oned_decoder_client.cc:696] barhopper::deep_learning::OnedDecoderClient is created successfully.
2024-12-26 15:17:10.315 21433-28827 SocketClient            com.allride.buses                    D  Socket reconnecting
2024-12-26 15:17:10.327 21433-28829 SocketClient            com.allride.buses                    D  Socket connect error
2024-12-26 15:17:10.329 21433-28829 SocketClient            com.allride.buses                    D  Socket reconnecting
2024-12-26 15:17:10.335 21433-28829 SocketClient            com.allride.buses                    D  Socket connect error
2024-12-26 15:17:10.354 21433-25946 PipelineManager         com.allride.buses                    D  OCR process succeeded via visionkit pipeline.
2024-12-26 15:17:10.362 21433-25883 PipelineManager         com.allride.buses                    D  Start process YUV
2024-12-26 15:17:10.457 21433-25883 PipelineManager         com.allride.buses                    D  OCR process succeeded via visionkit pipeline.
2024-12-26 15:17:10.458 21433-25883 PipelineManager         com.allride.buses                    D  Start process YUV
2024-12-26 15:17:10.458 21433-25883 PipelineManager         com.allride.buses                    D  Start process YUV
2024-12-26 15:17:10.474 21433-25945 PipelineManager         com.allride.buses                    D  Start process YUV
2024-12-26 15:17:10.486 21433-28835 SocketClient            com.allride.buses                    D  Socket reconnecting
2024-12-26 15:17:10.491 21433-28837 SocketClient            com.allride.buses                    D  Socket connect error
2024-12-26 15:17:10.549 21433-25945 PipelineManager         com.allride.buses                    D  OCR process succeeded via visionkit pipeline.
2024-12-26 15:17:10.550 21433-25945 PipelineManager         com.allride.buses                    D  Start process YUV
2024-12-26 15:17:10.565 21433-25947 PipelineManager         com.allride.buses                    D  Start process YUV
2024-12-26 15:17:10.659 21433-25947 PipelineManager         com.allride.buses                    D  OCR process succeeded via visionkit pipeline.
2024-12-26 15:17:10.659 21433-25947 PipelineManager         com.allride.buses                    D  Start process YUV
2024-12-26 15:17:10.661 21433-25947 PipelineManager         com.allride.buses                    D  Start process YUV
2024-12-26 15:17:10.686 21433-25884 PipelineManager         com.allride.buses                    D  Start process YUV
2024-12-26 15:17:10.743 21433-25884 PipelineManager         com.allride.buses                    D  OCR process succeeded via visionkit pipeline.
2024-12-26 15:17:10.744 21433-25884 PipelineManager         com.allride.buses                    D  Start process YUV
2024-12-26 15:17:10.747 21433-28839 SocketClient            com.allride.buses                    D  Socket reconnecting
2024-12-26 15:17:10.749 21433-28841 SocketClient            com.allride.buses                    D  Socket connect error
2024-12-26 15:17:10.766 21433-25946 PipelineManager         com.allride.buses                    D  Start process YUV
2024-12-26 15:17:10.831 21433-25946 PipelineManager         com.allride.buses                    D  OCR process succeeded via visionkit pipeline.
2024-12-26 15:17:10.831 21433-25946 PipelineManager         com.allride.buses                    D  Start process YUV
2024-12-26 15:17:10.848 21433-25947 PipelineManager         com.allride.buses                    D  Start process YUV
2024-12-26 15:17:10.921 21433-25947 PipelineManager         com.allride.buses                    D  OCR process succeeded via visionkit pipeline.
2024-12-26 15:17:10.921 21433-25947 PipelineManager         com.allride.buses                    D  Start process YUV
2024-12-26 15:17:10.922 21433-25947 PipelineManager         com.allride.buses                    D  Start process YUV
2024-12-26 15:17:10.957 21433-25947 PipelineManager         com.allride.buses                    D  OCR process succeeded via visionkit pipeline.
2024-12-26 15:17:10.967 21433-25945 PipelineManager         com.allride.buses                    D  Start process YUV
2024-12-26 15:17:11.025 21433-25945 PipelineManager         com.allride.buses                    D  OCR process succeeded via visionkit pipeline.
2024-12-26 15:17:11.026 21433-25945 PipelineManager         com.allride.buses                    D  Start process YUV
2024-12-26 15:17:11.038 21433-25949 PipelineManager         com.allride.buses                    D  Start process YUV
2024-12-26 15:17:11.092 21433-25949 PipelineManager         com.allride.buses                    D  OCR process succeeded via visionkit pipeline.
2024-12-26 15:17:11.092 21433-25949 PipelineManager         com.allride.buses                    D  Start process YUV
2024-12-26 15:17:11.106 21433-25947 PipelineManager         com.allride.buses                    D  Start process YUV
2024-12-26 15:17:11.163 21433-25947 PipelineManager         com.allride.buses                    D  OCR process succeeded via visionkit pipeline.
2024-12-26 15:17:11.163 21433-25947 PipelineManager         com.allride.buses                    D  Start process YUV
2024-12-26 15:17:11.178 21433-25945 PipelineManager         com.allride.buses                    D  Start process YUV
2024-12-26 15:17:11.243 21433-25945 PipelineManager         com.allride.buses                    D  OCR process succeeded via visionkit pipeline.
2024-12-26 15:17:11.243 21433-25945 PipelineManager         com.allride.buses                    D  Start process YUV
2024-12-26 15:17:11.244 21433-25949 PipelineManager         com.allride.buses                    D  Start process YUV
2024-12-26 15:17:11.303 21433-25949 PipelineManager         com.allride.buses                    D  OCR process succeeded via visionkit pipeline.
2024-12-26 15:17:11.304 21433-25949 PipelineManager         com.allride.buses                    D  Start process YUV
2024-12-26 15:17:11.307 21433-25947 PipelineManager         com.allride.buses                    D  Start process YUV
2024-12-26 15:17:11.370 21433-25947 PipelineManager         com.allride.buses                    D  OCR process succeeded via visionkit pipeline.
2024-12-26 15:17:11.370 21433-25947 PipelineManager         com.allride.buses                    D  Start process YUV
2024-12-26 15:17:11.377 21433-25945 PipelineManager         com.allride.buses                    D  Start process YUV
2024-12-26 15:17:11.456 21433-25945 PipelineManager         com.allride.buses                    D  OCR process succeeded via visionkit pipeline.
2024-12-26 15:17:11.457 21433-25945 PipelineManager         com.allride.buses                    D  Start process YUV
2024-12-26 15:17:11.457 21433-25945 PipelineManager         com.allride.buses                    D  Start process YUV
2024-12-26 15:17:11.556 21433-25945 PipelineManager         com.allride.buses                    D  OCR process succeeded via visionkit pipeline.
2024-12-26 15:17:11.557 21433-25945 PipelineManager         com.allride.buses                    D  Start process YUV
2024-12-26 15:17:11.557 21433-25945 PipelineManager         com.allride.buses                    D  Start process YUV
2024-12-26 15:17:11.557 21433-25945 PipelineManager         com.allride.buses                    D  Start process YUV
2024-12-26 15:17:11.655 21433-21433 ViewReaderQR            com.allride.buses                    D  barcodeScanner: 87ecbaf1e980438b5e7d19457a0a88d41f32066bb72bda50fbe6c09bb16245375dcc13a2b8cb723e1638d274732a0389e8e5a602bb8af8921cabd69ffc60ab2966d8cf4f4a7101503b01f84a000
2024-12-26 15:17:11.655 21433-21433 ViewReaderQR            com.allride.buses                    D  onPauseCamera
2024-12-26 15:17:11.655 21433-21433 ActiveDepa...eViewModel com.allride.buses                    D  onlineValidationQR: 87ecbaf1e980438b5e7d19457a0a88d41f32066bb72bda50fbe6c09bb16245375dcc13a2b8cb723e1638d274732a0389e8e5a602bb8af8921cabd69ffc60ab2966d8cf4f4a7101503b01f84a000
2024-12-26 15:17:11.656 21433-22804 Camera2CameraImpl       com.allride.buses                    D  {Camera@f00f3d4[id=0]} Use case androidx.camera.core.ImageAnalysis-fbd46597-995b-4da8-acdd-3e41089479eb165657801 INACTIVE
2024-12-26 15:17:11.656 21433-22804 UseCaseAttachState      com.allride.buses                    D  Active and attached use case: [androidx.camera.core.ImageCapture-b9328737-0eb4-4f5d-a2ea-dba929a25df4256550096, androidx.camera.core.Preview-786ed835-2277-47e9-be2f-be409bbba52375865235] for camera: 0
2024-12-26 15:17:11.656 21433-21433 ActiveDepa...eViewModel com.allride.buses                    D  Pre validatePassenger {"communityId":"653fd68233d83952fafcd4be","timezone":"America/Santiago","validationInternalId":"acc0da24-a7bc-49d0-9aba-f58b00e0ae10","validationLat":-34.3941089,"validationLon":-70.7812739,"validationString":"87ecbaf1e980438b5e7d19457a0a88d41f32066bb72bda50fbe6c09bb16245375dcc13a2b8cb723e1638d274732a0389e8e5a602bb8af8921cabd69ffc60ab2966d8cf4f4a7101503b01f84a000"}
2024-12-26 15:17:11.657 21433-22804 CaptureSession          com.allride.buses                    D  Attempting to submit CaptureRequest after setting
2024-12-26 15:17:11.657 21433-22804 CaptureSession          com.allride.buses                    D  Issuing request for session.
2024-12-26 15:17:11.657 21433-22804 Camera2Cap...estBuilder com.allride.buses                    D  createCaptureRequest
2024-12-26 15:17:11.666 21433-28221 ActiveDepa...eViewModel com.allride.buses                    E  Error validatePassenger: Unable to resolve host "stage.allrideapp.com": No address associated with hostname
2024-12-26 15:17:11.666 21433-28221 ActiveDepa...eViewModel com.allride.buses                    D  offlineValidationQR: 87ecbaf1e980438b5e7d19457a0a88d41f32066bb72bda50fbe6c09bb16245375dcc13a2b8cb723e1638d274732a0389e8e5a602bb8af8921cabd69ffc60ab2966d8cf4f4a7101503b01f84a000
2024-12-26 15:17:11.721 21433-28221 ActiveDepa...eViewModel com.allride.buses                    D  offlineValidationQR check muc driver : 2 - [MUC_sha25620000$668309b8bb41bfd79a461dc3$/fjrXXqTg/5EIiIh8zkBBsIMQ4K1Y1QQOE6VYzLDR0Y=, MUC_sha25620000$66022046a5d051546e0426fd$5ZoiUVAREmq/5YdR57fux4QZnKIXCo5A9O7IeRg4ILE=]
2024-12-26 15:17:11.721 21433-28221 ActiveDepa...eViewModel com.allride.buses                    D  offlineValidationQR departureId: 676d9d97abfef8bf4eafbbbf
2024-12-26 15:17:11.739 21433-28221 ActiveDepa...eViewModel com.allride.buses                    D  offlineValidationQR userId in QR: 66d8cf4f4a7101503b01f84a
2024-12-26 15:17:11.739 21433-28221 UserRealm               com.allride.buses                    D  isWorking false
2024-12-26 15:17:11.745 21433-28221 Validations             com.allride.buses                    D  offlineValidationQR user: {"avatar":"https://s3.amazonaws.com/adedo.users-avatars/user_placeholder.png","communities":[],"_id":"66d8cf4f4a7101503b01f84a","name":"Barbara Lisboa","socialServices":[]}
2024-12-26 15:17:11.783 21433-28221 ActiveDepa...eViewModel com.allride.buses                    E  offlineValidationQR userCommunity is null: [] !in 6654ae4eba54fe502d4e4187 or RealmList<?>@[6654ae4eba54fe502d4e4187]
2024-12-26 15:17:11.789 21433-28221 Validations             com.allride.buses                    D  updateValidation {"assignedSeat":"","communityId":"653fd68233d83952fafcd4be","createdAt":"Dec 26, 2024 3:17:11 PM","departureId":"676d9d97abfef8bf4eafbbbf","_id":"acc0da24-a7bc-49d0-9aba-f58b00e0ae10","isCustom":false,"isDNI":false,"isManual":false,"latitude":-34.394108,"loc":{"float1":-70.78127,"float2":-34.394108},"longitude":-70.78127,"qrCode":"87ecbaf1e980438b5e7d19457a0a88d41f32066bb72bda50fbe6c09bb16245375dcc13a2b8cb723e1638d274732a0389e8e5a602bb8af8921cabd69ffc60ab2966d8cf4f4a7101503b01f84a000","reason":["not_part"],"remainingTickets":0,"routeId":"66f310608e6c377a3f43968e","synced":false,"token":"04a56a5605fe7a3735ea449ae1e8875178f40391d0e09e42a99284262756f836e91a2111a6559863fc3bab98bce5910ea36d5f18f97f4300953d902dc65ea587","userId":"66d8cf4f4a7101503b01f84a","validated":false}
2024-12-26 15:17:11.805 21433-28221 ValidationRealm         com.allride.buses                    D  validatePassenger validationInfo {"assignedSeat":"","communityId":"653fd68233d83952fafcd4be","createdAt":"Dec 26, 2024 3:17:11 PM","departureId":"676d9d97abfef8bf4eafbbbf","_id":"acc0da24-a7bc-49d0-9aba-f58b00e0ae10","reason":["not_part"],"synced":false,"userId":"66d8cf4f4a7101503b01f84a","validated":false}
2024-12-26 15:17:11.844 21433-25945 PipelineManager         com.allride.buses                    D  OCR process succeeded via visionkit pipeline.
2024-12-26 15:17:11.870 21433-21433 AudioTrack              com.allride.buses                    I  createTrack_l(0): AUDIO_OUTPUT_FLAG_FAST successful; frameCount 960 -> 960
2024-12-26 15:17:11.870 21433-21433 AudioTrack              com.allride.buses                    D  setVolume: mRelativePercentage:1.000000, left:1.000000, right:1.000000
2024-12-26 15:17:11.899 21433-25945 PipelineManager         com.allride.buses                    D  Start process YUV
2024-12-26 15:17:11.900 21433-25945 PipelineManager         com.allride.buses                    D  Start process YUV
2024-12-26 15:17:11.901 21433-25945 PipelineManager         com.allride.buses                    D  Start process YUV
2024-12-26 15:17:12.025 21433-21433 TripService             com.allride.buses                    E  Error send event 'newPosition' socket: sharingLocation false - socket false - [-34.3941087,-70.7812826]
2024-12-26 15:17:12.025 21433-21433 TripService             com.allride.buses                    D  Difference last seconds 4 - distance 0.8003243 - velocity 0.20008108
2024-12-26 15:17:12.025 21433-21433 TripService             com.allride.buses                    D  *** checkStopsLocally [-34.3941087,-70.7812826] ***
2024-12-26 15:17:12.044 21433-21433 TripService             com.allride.buses                    E  Error checkStopsLocally routeId 66f310608e6c377a3f43968e - no exist stops
2024-12-26 15:17:12.047 21433-21433 TripService             com.allride.buses                    D  socketUpdateReceiver onReceive newPosition
2024-12-26 15:17:12.047 21433-21433 ActiveDepa...eViewModel com.allride.buses                    D  socketUpdateReceiver onReceive EVENT_GPS_NEW_POSITION [-34.3941087,-70.7812826]
2024-12-26 15:17:12.498 21433-28848 AudioTrack              com.allride.buses                    D  stop(3410): called with 27072 frames delivered
2024-12-26 15:17:12.786 21433-28854 SocketClient            com.allride.buses                    D  Socket reconnecting
2024-12-26 15:17:12.791 21433-28856 SocketClient            com.allride.buses                    D  Socket connect error
2024-12-26 15:17:12.859 21433-28858 SocketClient            com.allride.buses                    D  Socket reconnecting
2024-12-26 15:17:12.864 21433-28860 SocketClient            com.allride.buses                    D  Socket connect error
2024-12-26 15:17:13.077 21433-21433 InputEventReceiver      com.allride.buses                    W  Attempted to finish an input event but the input event receiver has already been disposed.
2024-12-26 15:17:13.078 21433-21433 CapturePas...erActivity com.allride.buses                    D  hideDialogValidation
2024-12-26 15:17:13.078 21433-21433 CapturePas...erActivity com.allride.buses                    D  onResumeCamera
2024-12-26 15:17:13.078 21433-21433 ViewReaderQR            com.allride.buses                    D  onResumeCamera
2024-12-26 15:17:13.078 21433-21433 ViewReaderQR            com.allride.buses                    D  startQRAnalysis
2024-12-26 15:17:13.078 21433-22804 Camera2CameraImpl       com.allride.buses                    D  {Camera@f00f3d4[id=0]} Use case androidx.camera.core.ImageAnalysis-fbd46597-995b-4da8-acdd-3e41089479eb165657801 ACTIVE
2024-12-26 15:17:13.079 21433-22804 UseCaseAttachState      com.allride.buses                    D  Active and attached use case: [androidx.camera.core.ImageCapture-b9328737-0eb4-4f5d-a2ea-dba929a25df4256550096, androidx.camera.core.Preview-786ed835-2277-47e9-be2f-be409bbba52375865235, androidx.camera.core.ImageAnalysis-fbd46597-995b-4da8-acdd-3e41089479eb165657801] for camera: 0
2024-12-26 15:17:13.086 21433-22804 CaptureSession          com.allride.buses                    D  Attempting to submit CaptureRequest after setting
2024-12-26 15:17:13.087 21433-22804 CaptureSession          com.allride.buses                    D  Issuing request for session.
2024-12-26 15:17:13.088 21433-22804 Camera2Cap...estBuilder com.allride.buses                    D  createCaptureRequest
2024-12-26 15:17:13.378 21433-25950 PipelineManager         com.allride.buses                    D  Start process YUV
2024-12-26 15:17:13.495 21433-25950 PipelineManager         com.allride.buses                    D  OCR process succeeded via visionkit pipeline.
2024-12-26 15:17:13.498 21433-25950 PipelineManager         com.allride.buses                    D  Start process YUV
2024-12-26 15:17:13.502 21433-25950 PipelineManager         com.allride.buses                    D  Start process YUV
2024-12-26 15:17:13.503 21433-25950 PipelineManager         com.allride.buses                    D  Start process YUV
2024-12-26 15:17:13.506 21433-25946 PipelineManager         com.allride.buses                    D  Start process YUV
2024-12-26 15:17:13.626 21433-25946 PipelineManager         com.allride.buses                    D  OCR process succeeded via visionkit pipeline.
2024-12-26 15:17:13.630 21433-25946 PipelineManager         com.allride.buses                    D  Start process YUV
2024-12-26 15:17:13.630 21433-25946 PipelineManager         com.allride.buses                    D  Start process YUV
2024-12-26 15:17:13.631 21433-25946 PipelineManager         com.allride.buses                    D  Start process YUV
2024-12-26 15:17:13.640 21433-25951 PipelineManager         com.allride.buses                    D  Start process YUV
2024-12-26 15:17:13.757 21433-25951 PipelineManager         com.allride.buses                    D  OCR process succeeded via visionkit pipeline.
2024-12-26 15:17:13.770 21433-25951 PipelineManager         com.allride.buses                    D  Start process YUV
2024-12-26 15:17:13.771 21433-25951 PipelineManager         com.allride.buses                    D  Start process YUV
2024-12-26 15:17:13.772 21433-25951 PipelineManager         com.allride.buses                    D  Start process YUV
2024-12-26 15:17:13.773 21433-25951 PipelineManager         com.allride.buses                    D  Start process YUV
2024-12-26 15:17:13.797 21433-21433 UserRealm               com.allride.buses                    D  isWorking false
2024-12-26 15:17:13.825 21433-25946 PipelineManager         com.allride.buses                    D  Start process YUV
2024-12-26 15:17:13.828 21433-21433 CapturePas...erActivity com.allride.buses                    D  onPauseCamera
2024-12-26 15:17:13.828 21433-21433 ViewReaderQR            com.allride.buses                    D  onPauseCamera
2024-12-26 15:17:13.828 21433-22793 Camera2CameraImpl       com.allride.buses                    D  {Camera@f00f3d4[id=0]} Use case androidx.camera.core.ImageAnalysis-fbd46597-995b-4da8-acdd-3e41089479eb165657801 INACTIVE
2024-12-26 15:17:13.829 21433-22793 UseCaseAttachState      com.allride.buses                    D  Active and attached use case: [androidx.camera.core.ImageCapture-b9328737-0eb4-4f5d-a2ea-dba929a25df4256550096, androidx.camera.core.Preview-786ed835-2277-47e9-be2f-be409bbba52375865235] for camera: 0
2024-12-26 15:17:13.833 21433-22793 CaptureSession          com.allride.buses                    D  Attempting to submit CaptureRequest after setting
2024-12-26 15:17:13.833 21433-22793 CaptureSession          com.allride.buses                    D  Issuing request for session.
2024-12-26 15:17:13.833 21433-22793 Camera2Cap...estBuilder com.allride.buses                    D  createCaptureRequest
2024-12-26 15:17:13.836 21433-21481 SessionLifecycleClient  com.allride.buses                    D  Sending lifecycle 2 to service
2024-12-26 15:17:13.838 21433-21578 SessionLifecycleService com.allride.buses                    D  Activity backgrounding at 223290895
2024-12-26 15:17:13.857 21433-21433 MapActivity             com.allride.buses                    D  onStart
2024-12-26 15:17:13.858 21433-21433 ActiveDepa...eViewModel com.allride.buses                    D  onResumeMap
2024-12-26 15:17:13.859 21433-21433 ActiveDepa...eViewModel com.allride.buses                    D  onResumeMap join
2024-12-26 15:17:13.859 21433-21433 ActiveDepa...eViewModel com.allride.buses                    D  onResumeMap getCurrent
2024-12-26 15:17:13.859 21433-21433 MapActivity             com.allride.buses                    D  Success registerReceiver setupBroadcastReceiver
2024-12-26 15:17:13.859 21433-21433 connectionService       com.allride.buses                    D  checkConnectivity: false
2024-12-26 15:17:13.859 21433-21433 connectionService       com.allride.buses                    D  sendNotifyConnectivity false
2024-12-26 15:17:13.891 21433-21433 connectionService       com.allride.buses                    D  checkPendingOfflineSync false true false
2024-12-26 15:17:13.891 21433-21433 connectionService       com.allride.buses                    D  sendNotifyPendingOfflineSync false - Tienes validaciones pendientes de sincronización
2024-12-26 15:17:13.892 21433-21433 connectionService       com.allride.buses                    D  checkInMap false
2024-12-26 15:17:13.979 21433-21433 connectionService       com.allride.buses                    D  checkPendingOfflineSync false true false
2024-12-26 15:17:13.980 21433-21433 connectionService       com.allride.buses                    D  sendNotifyPendingOfflineSync false - Tienes validaciones pendientes de sincronización
2024-12-26 15:17:13.980 21433-21433 connectionService       com.allride.buses                    I  checkSyncOffline current 'validations' : [offline=false, validations=true, images=false, departure=true, deviceHistory=true, driverMuc=false]
2024-12-26 15:17:13.980 21433-21433 connectionService       com.allride.buses                    I  checkOnlineDataAsync
2024-12-26 15:17:13.980 21433-21433 connectionService       com.allride.buses                    I  checkOnlineDataAsync dataAsyncList is empty
2024-12-26 15:17:13.984 21433-21433 Utils                   com.allride.buses                    D  startConnectivityService is exits - MapActivity
2024-12-26 15:17:13.984 21433-21433 connectionService       com.allride.buses                    D  checkConnectivity: false
2024-12-26 15:17:13.984 21433-21433 connectionService       com.allride.buses                    D  sendNotifyConnectivity false
2024-12-26 15:17:13.986 21433-21460 SessionLifecycleClient  com.allride.buses                    D  Sending lifecycle 1 to service
2024-12-26 15:17:13.987 21433-21578 SessionLifecycleService com.allride.buses                    D  Activity foregrounding at 223291044.
