2024-12-26 15:09:24.216 21433-22804 UseCaseAttachState      com.allride.buses                    D  Active and attached use case: [] for camera: 0
2024-12-26 15:09:24.216 21433-21433 TripService             com.allride.buses                    E  Error send event 'newPosition' socket: sharingLocation false - socket false - [-34.3941108,-70.7812754]
2024-12-26 15:09:24.217 21433-21433 TripService             com.allride.buses                    D  Difference last seconds 4 - distance 0.31915 - velocity 0.0797875
2024-12-26 15:09:24.217 21433-22804 Camera2CameraImpl       com.allride.buses                    D  {Camera@f00f3d4[id=0]} Use case androidx.camera.core.ImageAnalysis-0cf8f753-4dc0-4073-a91c-df9c829e44c0133165343 ACTIVE
2024-12-26 15:09:24.217 21433-21433 TripService             com.allride.buses                    D  *** checkStopsLocally [-34.3941108,-70.7812754] ***
2024-12-26 15:09:24.218 21433-22804 UseCaseAttachState      com.allride.buses                    D  Active and attached use case: [] for camera: 0
2024-12-26 15:09:24.219 21433-22804 UseCaseAttachState      com.allride.buses                    D  Active and attached use case: [] for camera: 0
2024-12-26 15:09:24.221 21433-22804 Camera2CameraImpl       com.allride.buses                    D  {Camera@f00f3d4[id=0]} Use cases [androidx.camera.core.Preview-d8ca3998-381a-4e6b-9f35-dfdc4cc5a232184551289, androidx.camera.core.ImageCapture-b14a1d38-6624-45ce-be7c-4bba776c65fa31472830, androidx.camera.core.ImageAnalysis-0cf8f753-4dc0-4073-a91c-df9c829e44c0133165343] now ATTACHED
2024-12-26 15:09:24.224 21433-22804 UseCaseAttachState      com.allride.buses                    D  All use case: [androidx.camera.core.ImageCapture-b14a1d38-6624-45ce-be7c-4bba776c65fa31472830, androidx.camera.core.Preview-d8ca3998-381a-4e6b-9f35-dfdc4cc5a232184551289, androidx.camera.core.ImageAnalysis-0cf8f753-4dc0-4073-a91c-df9c829e44c0133165343] for camera: 0
2024-12-26 15:09:24.228 21433-22804 UseCaseAttachState      com.allride.buses                    D  Active and attached use case: [androidx.camera.core.ImageCapture-b14a1d38-6624-45ce-be7c-4bba776c65fa31472830, androidx.camera.core.Preview-d8ca3998-381a-4e6b-9f35-dfdc4cc5a232184551289, androidx.camera.core.ImageAnalysis-0cf8f753-4dc0-4073-a91c-df9c829e44c0133165343] for camera: 0
2024-12-26 15:09:24.234 21433-22804 Camera2CameraImpl       com.allride.buses                    D  {Camera@f00f3d4[id=0]} Resetting Capture Session
2024-12-26 15:09:24.234 21433-22804 Camera2CameraImpl       com.allride.buses                    D  {Camera@f00f3d4[id=0]} Releasing session in state INITIALIZED
2024-12-26 15:09:24.235 21433-22804 Camera2CameraImpl       com.allride.buses                    D  {Camera@f00f3d4[id=0]} Attempting to force open the camera.
2024-12-26 15:09:24.235 21433-22804 CameraStateRegistry     com.allride.buses                    D  tryOpenCamera(Camera@f00f3d4[id=0]) [Available Cameras: 1, Already Open: false (Previous state: null)] --> SUCCESS
2024-12-26 15:09:24.235 21433-22804 CameraStateRegistry     com.allride.buses                    D  Recalculating open cameras:
                                                                                                    Camera                                       State                 
                                                                                                    -------------------------------------------------------------------
                                                                                                    Camera@f00f3d4[id=0]                         OPENING               
                                                                                                    Camera@a7f9ba5[id=1]                         UNKNOWN               
                                                                                                    -------------------------------------------------------------------
                                                                                                    Open count: 1 (Max allowed: 1)
2024-12-26 15:09:24.235 21433-22804 Camera2CameraImpl       com.allride.buses                    D  {Camera@f00f3d4[id=0]} Opening camera.
2024-12-26 15:09:24.236 21433-22804 Camera2CameraImpl       com.allride.buses                    D  {Camera@f00f3d4[id=0]} Transitioning camera internal state: INITIALIZED --> OPENING
2024-12-26 15:09:24.236 21433-22804 CameraStateMachine      com.allride.buses                    D  New public camera state CameraState{type=OPENING, error=null} from OPENING and null
2024-12-26 15:09:24.236 21433-22804 CameraStateMachine      com.allride.buses                    D  Publishing new public camera state CameraState{type=OPENING, error=null}
2024-12-26 15:09:24.239 21433-22804 UseCaseAttachState      com.allride.buses                    D  All use case: [androidx.camera.core.ImageCapture-b14a1d38-6624-45ce-be7c-4bba776c65fa31472830, androidx.camera.core.Preview-d8ca3998-381a-4e6b-9f35-dfdc4cc5a232184551289, androidx.camera.core.ImageAnalysis-0cf8f753-4dc0-4073-a91c-df9c829e44c0133165343] for camera: 0
2024-12-26 15:09:24.260 21433-21433 TripService             com.allride.buses                    E  Error checkStopsLocally routeId 66f310608e6c377a3f43968e - no exist stops
2024-12-26 15:09:24.265 21433-21433 PreviewView             com.allride.buses                    D  Surface requested by Preview.
2024-12-26 15:09:24.276 21433-21433 MapActivity             com.allride.buses                    D  onStop
2024-12-26 15:09:24.276 21433-21433 MapActivity             com.allride.buses                    D  Success unregisterReceiver setupBroadcastReceiver
2024-12-26 15:09:24.281 21433-21433 TripService             com.allride.buses                    D  socketUpdateReceiver onReceive newPosition
2024-12-26 15:09:24.281 21433-21433 ActiveDepa...eViewModel com.allride.buses                    D  socketUpdateReceiver onReceive EVENT_GPS_NEW_POSITION [-34.3941108,-70.7812754]
2024-12-26 15:09:24.281 21433-21433 PreviewView             com.allride.buses                    D  Preview transformation info updated. TransformationInfo{getCropRect=Rect(0, 90 - 1600, 1110), getRotationDegrees=90, getTargetRotation=-1, hasCameraTransform=true, getSensorToBufferTransform=Matrix{[0.39215687, 0.0, -1.5686275][0.0, 0.39215687, -3.9215686][0.0, 0.0, 1.0]}, getMirroring=false}
2024-12-26 15:09:24.281 21433-21433 PreviewTransform        com.allride.buses                    D  Transformation info set: TransformationInfo{getCropRect=Rect(0, 90 - 1600, 1110), getRotationDegrees=90, getTargetRotation=-1, hasCameraTransform=true, getSensorToBufferTransform=Matrix{[0.39215687, 0.0, -1.5686275][0.0, 0.39215687, -3.9215686][0.0, 0.0, 1.0]}, getMirroring=false} 1600x1200 false
2024-12-26 15:09:24.282 21433-21433 CameraOrientationUtil   com.allride.buses                    D  getRelativeImageRotation: destRotationDegrees=0, sourceRotationDegrees=90, isOppositeFacing=true, result=90
2024-12-26 15:09:24.314 21433-21433 SurfaceViewImpl         com.allride.buses                    D  Surface created.
2024-12-26 15:09:24.314 21433-21433 SurfaceViewImpl         com.allride.buses                    D  Surface changed. Size: 1600x1200
2024-12-26 15:09:24.333 21433-21433 SurfaceViewImpl         com.allride.buses                    D  Surface set on Preview.
2024-12-26 15:09:24.498 21433-22804 Camera2CameraImpl       com.allride.buses                    D  {Camera@f00f3d4[id=0]} Use case androidx.camera.core.Preview-d8ca3998-381a-4e6b-9f35-dfdc4cc5a232184551289 ACTIVE
2024-12-26 15:09:24.499 21433-22804 UseCaseAttachState      com.allride.buses                    D  Active and attached use case: [androidx.camera.core.ImageCapture-b14a1d38-6624-45ce-be7c-4bba776c65fa31472830, androidx.camera.core.Preview-d8ca3998-381a-4e6b-9f35-dfdc4cc5a232184551289, androidx.camera.core.ImageAnalysis-0cf8f753-4dc0-4073-a91c-df9c829e44c0133165343] for camera: 0
2024-12-26 15:09:24.500 21433-22804 Camera2CameraImpl       com.allride.buses                    D  {Camera@f00f3d4[id=0]} Use case androidx.camera.core.ImageCapture-b14a1d38-6624-45ce-be7c-4bba776c65fa31472830 ACTIVE
2024-12-26 15:09:24.502 21433-22804 UseCaseAttachState      com.allride.buses                    D  Active and attached use case: [androidx.camera.core.ImageCapture-b14a1d38-6624-45ce-be7c-4bba776c65fa31472830, androidx.camera.core.Preview-d8ca3998-381a-4e6b-9f35-dfdc4cc5a232184551289, androidx.camera.core.ImageAnalysis-0cf8f753-4dc0-4073-a91c-df9c829e44c0133165343] for camera: 0
2024-12-26 15:09:24.505 21433-22804 Camera2CameraImpl       com.allride.buses                    D  {Camera@f00f3d4[id=0]} Use case androidx.camera.core.ImageAnalysis-0cf8f753-4dc0-4073-a91c-df9c829e44c0133165343 ACTIVE
2024-12-26 15:09:24.508 21433-22804 UseCaseAttachState      com.allride.buses                    D  Active and attached use case: [androidx.camera.core.ImageCapture-b14a1d38-6624-45ce-be7c-4bba776c65fa31472830, androidx.camera.core.Preview-d8ca3998-381a-4e6b-9f35-dfdc4cc5a232184551289, androidx.camera.core.ImageAnalysis-0cf8f753-4dc0-4073-a91c-df9c829e44c0133165343] for camera: 0
2024-12-26 15:09:24.509 21433-22804 Camera2CameraImpl       com.allride.buses                    D  {Camera@f00f3d4[id=0]} CameraDevice.onOpened()
2024-12-26 15:09:24.509 21433-22804 Camera2CameraImpl       com.allride.buses                    D  {Camera@f00f3d4[id=0]} Transitioning camera internal state: OPENING --> OPENED
2024-12-26 15:09:24.510 21433-22804 CameraStateRegistry     com.allride.buses                    D  Recalculating open cameras:
                                                                                                    Camera                                       State                 
                                                                                                    -------------------------------------------------------------------
                                                                                                    Camera@f00f3d4[id=0]                         OPEN                  
                                                                                                    Camera@a7f9ba5[id=1]                         UNKNOWN               
                                                                                                    -------------------------------------------------------------------
                                                                                                    Open count: 1 (Max allowed: 1)
2024-12-26 15:09:24.510 21433-22804 CameraStateMachine      com.allride.buses                    D  New public camera state CameraState{type=OPEN, error=null} from OPEN and null
2024-12-26 15:09:24.510 21433-22804 CameraStateMachine      com.allride.buses                    D  Publishing new public camera state CameraState{type=OPEN, error=null}
2024-12-26 15:09:24.510 21433-22804 UseCaseAttachState      com.allride.buses                    D  All use case: [androidx.camera.core.ImageCapture-b14a1d38-6624-45ce-be7c-4bba776c65fa31472830, androidx.camera.core.Preview-d8ca3998-381a-4e6b-9f35-dfdc4cc5a232184551289, androidx.camera.core.ImageAnalysis-0cf8f753-4dc0-4073-a91c-df9c829e44c0133165343] for camera: 0
2024-12-26 15:09:24.515 21433-22804 UseCaseAttachState      com.allride.buses                    D  Active and attached use case: [androidx.camera.core.ImageCapture-b14a1d38-6624-45ce-be7c-4bba776c65fa31472830, androidx.camera.core.Preview-d8ca3998-381a-4e6b-9f35-dfdc4cc5a232184551289, androidx.camera.core.ImageAnalysis-0cf8f753-4dc0-4073-a91c-df9c829e44c0133165343] for camera: 0
2024-12-26 15:09:24.516 21433-22804 SyncCaptureSessionBase  com.allride.buses                    D  [androidx.camera.camera2.internal.SynchronizedCaptureSessionBaseImpl@59f3deb] getSurface...done
2024-12-26 15:09:24.516 21433-22804 CaptureSession          com.allride.buses                    D  Opening capture session.
2024-12-26 15:09:24.521 21433-22804 DeferrableSurface       com.allride.buses                    D  use count+1, useCount=2 androidx.camera.core.SurfaceRequest$2@47d600f
2024-12-26 15:09:24.521 21433-22804 DeferrableSurface       com.allride.buses                    D  New surface in use[total_surfaces=4, used_surfaces=2](androidx.camera.core.impl.ImmediateSurface@59aa421}
2024-12-26 15:09:24.521 21433-22804 DeferrableSurface       com.allride.buses                    D  use count+1, useCount=1 androidx.camera.core.impl.ImmediateSurface@59aa421
2024-12-26 15:09:24.521 21433-22804 DeferrableSurface       com.allride.buses                    D  New surface in use[total_surfaces=4, used_surfaces=3](androidx.camera.core.impl.ImmediateSurface@5e74207}
2024-12-26 15:09:24.522 21433-22804 DeferrableSurface       com.allride.buses                    D  use count+1, useCount=1 androidx.camera.core.impl.ImmediateSurface@5e74207
2024-12-26 15:09:24.750 21433-22804 CaptureSession          com.allride.buses                    D  Attempting to send capture request onConfigured
2024-12-26 15:09:24.751 21433-22804 CaptureSession          com.allride.buses                    D  Issuing request for session.
2024-12-26 15:09:24.751 21433-22804 Camera2Cap...estBuilder com.allride.buses                    D  createCaptureRequest
2024-12-26 15:09:24.760 21433-22804 CaptureSession          com.allride.buses                    D  CameraCaptureSession.onConfigured() mState=OPENED
2024-12-26 15:09:24.761 21433-22804 CaptureSession          com.allride.buses                    D  CameraCaptureSession.onReady() OPENED
2024-12-26 15:09:25.179 21433-22804 StreamStateObserver     com.allride.buses                    D  Update Preview stream state to STREAMING
2024-12-26 15:09:25.228 21433-22923 nativeloader            com.allride.buses                    D  Load /data/app/~~Lln9Qwf7oTdyVrhIjWd0KQ==/com.allride.buses-4wvfg2S0F5E5S_wiCqe0tw==/base.apk!/lib/arm64-v8a/libbarhopper_v3.so using ns clns-6 from class loader (caller=/data/app/~~Lln9Qwf7oTdyVrhIjWd0KQ==/com.allride.buses-4wvfg2S0F5E5S_wiCqe0tw==/base.apk!classes4.dex): ok
2024-12-26 15:09:25.313 21433-22924 nativeloader            com.allride.buses                    D  Load /data/app/~~Lln9Qwf7oTdyVrhIjWd0KQ==/com.allride.buses-4wvfg2S0F5E5S_wiCqe0tw==/base.apk!/lib/arm64-v8a/libmlkit_google_ocr_pipeline.so using ns clns-6 from class loader (caller=/data/app/~~Lln9Qwf7oTdyVrhIjWd0KQ==/com.allride.buses-4wvfg2S0F5E5S_wiCqe0tw==/base.apk!classes5.dex): ok
2024-12-26 15:09:25.318 21433-22924 native                  com.allride.buses                    I  I0000 00:00:1735236565.317959   22924 asset_manager_util.cc:61] Created global reference to asset manager.
2024-12-26 15:09:25.323 21433-22923 tflite                  com.allride.buses                    I  Initialized TensorFlow Lite runtime.
2024-12-26 15:09:25.328 21433-22923 libc                    com.allride.buses                    W  Access denied finding property "ro.hardware.chipname"
2024-12-26 15:09:25.331 21433-22923 tflite                  com.allride.buses                    I  Created TensorFlow Lite XNNPACK delegate for CPU.
2024-12-26 15:09:25.334 21433-22923 tflite                  com.allride.buses                    I  Replacing 43 out of 43 node(s) with delegate (TfLiteXNNPackDelegate) node, yielding 1 partitions for the whole graph.
2024-12-26 15:09:25.337 21433-22923 tflite                  com.allride.buses                    I  Replacing 35 out of 47 node(s) with delegate (TfLiteXNNPackDelegate) node, yielding 23 partitions for the whole graph.
2024-12-26 15:09:25.339 21433-22923 native                  com.allride.buses                    I  I0000 00:00:1735236565.339733   22923 oned_decoder_client.cc:696] barhopper::deep_learning::OnedDecoderClient is created successfully.
2024-12-26 15:09:25.382 21433-22934 SocketClient            com.allride.buses                    D  Socket reconnecting
2024-12-26 15:09:25.395 21433-22937 SocketClient            com.allride.buses                    D  Socket connect error
2024-12-26 15:09:25.403 21433-22924 Manager                 com.allride.buses                    I  DeviceManager::DeviceManager
2024-12-26 15:09:25.403 21433-22924 Manager                 com.allride.buses                    I  findAvailableDevices
2024-12-26 15:09:25.423 21433-22924 Manager                 com.allride.buses                    I  Found interface qti-default (version = 1.3-24:build_holi)
2024-12-26 15:09:25.423 21433-22924 Manager                 com.allride.buses                    I  Found interface qti-dsp (version = 1.3-24:build_holi)
2024-12-26 15:09:25.423 21433-22924 Manager                 com.allride.buses                    I  Found interface qti-gpu (version = 1.3-24:build_holi)
2024-12-26 15:09:25.428 21433-22942 libc                    com.allride.buses                    W  Access denied finding property "ro.hardware.chipname"
2024-12-26 15:09:25.430 21433-22942 native                  com.allride.buses                    I  I0000 00:00:1735236565.430420   22942 resource_manager.cc:23] Number of optimal threads: 2
2024-12-26 15:09:25.431 21433-22942 native                  com.allride.buses                    I  I0000 00:00:1735236565.431775   22942 text_detector_thread_pool_context.cc:38] Compute manager max in flight region detector overwrite: 1
2024-12-26 15:09:25.431 21433-22941 native                  com.allride.buses                    I  I0000 00:00:1735236565.431813   22941 text_classifier.cc:32] Creating classifier TfliteTextClassifier
2024-12-26 15:09:25.432 21433-22941 native                  com.allride.buses                    I  I0000 00:00:1735236565.432042   22941 common_util.h:41] Resizing Thread Pool: ocr_segm to 3
2024-12-26 15:09:25.432 21433-22942 native                  com.allride.buses                    I  I0000 00:00:1735236565.432163   22942 common_util.h:41] Resizing Thread Pool: ocr_det_0 to 3
2024-12-26 15:09:25.434 21433-22941 native                  com.allride.buses                    I  I0000 00:00:1735236565.434072   22941 tflite_lstm_client_base.cc:371] Resizing interpreter pool to 4
2024-12-26 15:09:25.439 21433-22942 native                  com.allride.buses                    I  I0000 00:00:1735236565.439515   22942 tflite_detector_client_with_shape_cache.cc:76] Interpreter threads: 2
2024-12-26 15:09:25.441 21433-22941 tflite                  com.allride.buses                    I  Initialized TensorFlow Lite runtime.
2024-12-26 15:09:25.442 21433-22942 tflite                  com.allride.buses                    I  Created TensorFlow Lite XNNPACK delegate for CPU.
2024-12-26 15:09:25.442 21433-22942 tflite                  com.allride.buses                    I  Replacing 44 out of 46 node(s) with delegate (TfLiteXNNPackDelegate) node, yielding 3 partitions for the whole graph.
2024-12-26 15:09:25.444 21433-22942 native                  com.allride.buses                    I  I0000 00:00:1735236565.444644   22942 tflite_detector_client_with_shape_cache.cc:105] Caching size: 10
2024-12-26 15:09:25.445 21433-22941 native                  com.allride.buses                    I  I0000 00:00:1735236565.445543   22941 multi_pass_line_recognition_mutator.cc:342] Preloading recognizers.
2024-12-26 15:09:25.445 21433-22942 native                  com.allride.buses                    I  I0000 00:00:1735236565.445610   22942 tflite_model_pooled_runner.cc:625] Loading mlkit-google-ocr-models/gocr/layout/line_splitting_custom_ops/model.tflite
2024-12-26 15:09:25.445 21433-22942 native                  com.allride.buses                    I  I0000 00:00:1735236565.445865   22942 tflite_model_pooled_runner.cc:836] Resizing interpreter pool to 1
2024-12-26 15:09:25.447 21433-22942 native                  com.allride.buses                    I  I0000 00:00:1735236565.446971   22942 tflite_model_pooled_runner.cc:625] Loading mlkit-google-ocr-models/gocr/layout/line_clustering_custom_ops/model.tflite
2024-12-26 15:09:25.447 21433-22942 native                  com.allride.buses                    I  I0000 00:00:1735236565.447427   22942 tflite_model_pooled_runner.cc:836] Resizing interpreter pool to 1
2024-12-26 15:09:25.448 21433-22950 native                  com.allride.buses                    I  I0000 00:00:1735236565.448486   22950 tflite_model_pooled_runner.cc:625] Loading mlkit-google-ocr-models/gocr/gocr_models/line_recognition_legacy_mobile/Latn_ctc/optical/conv_model.fb
2024-12-26 15:09:25.451 21433-22950 native                  com.allride.buses                    I  I0000 00:00:1735236565.450050   22950 tflite_model_pooled_runner.cc:636] Loading mlkit-google-ocr-models/gocr/gocr_models/line_recognition_legacy_mobile/Latn_ctc/optical/lstm_model.fb
2024-12-26 15:09:25.458 21433-22950 native                  com.allride.buses                    I  I0000 00:00:1735236565.458140   22950 tflite_model_pooled_runner.cc:836] Resizing interpreter pool to 4
2024-12-26 15:09:25.459 21433-22950 native                  com.allride.buses                    I  I0000 00:00:1735236565.459895   22950 mobile_langid_v2.cc:58] MobileLangID V2 initialized.
2024-12-26 15:09:25.459 21433-22950 native                  com.allride.buses                    I  I0000 00:00:1735236565.459973   22950 multi_pass_line_recognition_mutator.cc:364] Finished preloading a recognizer for "Latn"
2024-12-26 15:09:25.460 21433-22941 native                  com.allride.buses                    I  I0000 00:00:1735236565.460022   22941 multi_pass_line_recognition_mutator.cc:398] Finished preloading recognizers.
2024-12-26 15:09:25.461 21433-22924 PipelineManager         com.allride.buses                    D  Start process YUV
2024-12-26 15:09:25.462 21433-22924 PipelineManager         com.allride.buses                    D  Start process YUV
2024-12-26 15:09:25.471 21433-22953 PipelineManager         com.allride.buses                    D  Start process YUV
2024-12-26 15:09:25.474 21433-22953 native                  com.allride.buses                    I  I0000 00:00:1735236565.474819   22953 scheduler.cc:693] ImageMetadata: 640x480
2024-12-26 15:09:25.481 21433-22941 tflite                  com.allride.buses                    I  Replacing 44 out of 46 node(s) with delegate (TfLiteXNNPackDelegate) node, yielding 3 partitions for the whole graph.
2024-12-26 15:09:25.489 21433-22941 tflite                  com.allride.buses                    I  Replacing 44 out of 46 node(s) with delegate (TfLiteXNNPackDelegate) node, yielding 3 partitions for the whole graph.
2024-12-26 15:09:25.498 21433-22941 tflite                  com.allride.buses                    I  Replacing 44 out of 46 node(s) with delegate (TfLiteXNNPackDelegate) node, yielding 3 partitions for the whole graph.
2024-12-26 15:09:25.520 21433-22941 tflite                  com.allride.buses                    I  Replacing 44 out of 46 node(s) with delegate (TfLiteXNNPackDelegate) node, yielding 3 partitions for the whole graph.
2024-12-26 15:09:25.524 21433-22941 tflite                  com.allride.buses                    I  Replacing 44 out of 46 node(s) with delegate (TfLiteXNNPackDelegate) node, yielding 3 partitions for the whole graph.
2024-12-26 15:09:25.528 21433-22953 PipelineManager         com.allride.buses                    D  OCR process succeeded via visionkit pipeline.
2024-12-26 15:09:25.569 21433-22800 PipelineManager         com.allride.buses                    D  Start process YUV
2024-12-26 15:09:25.605 21433-22800 PipelineManager         com.allride.buses                    D  OCR process succeeded via visionkit pipeline.
2024-12-26 15:09:25.643 21433-22923 PipelineManager         com.allride.buses                    D  Start process YUV
2024-12-26 15:09:25.680 21433-22923 PipelineManager         com.allride.buses                    D  OCR process succeeded via visionkit pipeline.
2024-12-26 15:09:25.681 21433-22961 SocketClient            com.allride.buses                    D  Socket reconnecting
2024-12-26 15:09:25.684 21433-22963 SocketClient            com.allride.buses                    D  Socket connect error
2024-12-26 15:09:25.724 21433-22924 PipelineManager         com.allride.buses                    D  Start process YUV
2024-12-26 15:09:25.759 21433-22924 PipelineManager         com.allride.buses                    D  OCR process succeeded via visionkit pipeline.
2024-12-26 15:09:25.796 21433-22952 PipelineManager         com.allride.buses                    D  Start process YUV
2024-12-26 15:09:25.843 21433-22800 PipelineManager         com.allride.buses                    D  Start process YUV
2024-12-26 15:09:25.861 21433-22941 tflite                  com.allride.buses                    I  Replacing 44 out of 46 node(s) with delegate (TfLiteXNNPackDelegate) node, yielding 3 partitions for the whole graph.
2024-12-26 15:09:25.902 21433-22941 tflite                  com.allride.buses                    I  Replacing 44 out of 46 node(s) with delegate (TfLiteXNNPackDelegate) node, yielding 3 partitions for the whole graph.
2024-12-26 15:09:25.909 21433-22941 tflite                  com.allride.buses                    I  Replacing 44 out of 46 node(s) with delegate (TfLiteXNNPackDelegate) node, yielding 3 partitions for the whole graph.
2024-12-26 15:09:25.929 21433-22800 PipelineManager         com.allride.buses                    D  OCR process succeeded via visionkit pipeline.
2024-12-26 15:09:25.930 21433-22800 PipelineManager         com.allride.buses                    D  Start process YUV
2024-12-26 15:09:25.930 21433-22800 PipelineManager         com.allride.buses                    D  Start process YUV
2024-12-26 15:09:25.998 21433-22800 PipelineManager         com.allride.buses                    D  OCR process succeeded via visionkit pipeline.
2024-12-26 15:09:25.999 21433-22800 PipelineManager         com.allride.buses                    D  Start process YUV
2024-12-26 15:09:25.999 21433-22800 PipelineManager         com.allride.buses                    D  Start process YUV
2024-12-26 15:09:26.031 21433-22953 PipelineManager         com.allride.buses                    D  Start process YUV
2024-12-26 15:09:26.094 21433-22953 PipelineManager         com.allride.buses                    D  OCR process succeeded via visionkit pipeline.
2024-12-26 15:09:26.094 21433-22953 PipelineManager         com.allride.buses                    D  Start process YUV
2024-12-26 15:09:26.098 21433-22923 PipelineManager         com.allride.buses                    D  Start process YUV
2024-12-26 15:09:26.154 21433-22923 PipelineManager         com.allride.buses                    D  OCR process succeeded via visionkit pipeline.
2024-12-26 15:09:26.154 21433-22923 PipelineManager         com.allride.buses                    D  Start process YUV
2024-12-26 15:09:26.168 21433-22800 PipelineManager         com.allride.buses                    D  Start process YUV
2024-12-26 15:09:26.242 21433-22800 PipelineManager         com.allride.buses                    D  OCR process succeeded via visionkit pipeline.
2024-12-26 15:09:26.243 21433-22800 PipelineManager         com.allride.buses                    D  Start process YUV
2024-12-26 15:09:26.243 21433-22800 PipelineManager         com.allride.buses                    D  Start process YUV
2024-12-26 15:09:26.325 21433-22800 PipelineManager         com.allride.buses                    D  OCR process succeeded via visionkit pipeline.
2024-12-26 15:09:26.326 21433-22800 PipelineManager         com.allride.buses                    D  Start process YUV
2024-12-26 15:09:26.326 21433-22800 PipelineManager         com.allride.buses                    D  Start process YUV
2024-12-26 15:09:26.337 21433-22923 PipelineManager         com.allride.buses                    D  Start process YUV
2024-12-26 15:09:26.417 21433-22923 PipelineManager         com.allride.buses                    D  OCR process succeeded via visionkit pipeline.
2024-12-26 15:09:26.418 21433-22923 PipelineManager         com.allride.buses                    D  Start process YUV
2024-12-26 15:09:26.418 21433-22923 PipelineManager         com.allride.buses                    D  Start process YUV
2024-12-26 15:09:26.426 21433-22953 PipelineManager         com.allride.buses                    D  Start process YUV
2024-12-26 15:09:26.492 21433-22953 PipelineManager         com.allride.buses                    D  OCR process succeeded via visionkit pipeline.
2024-12-26 15:09:26.493 21433-22953 PipelineManager         com.allride.buses                    D  Start process YUV
2024-12-26 15:09:26.494 21433-22953 PipelineManager         com.allride.buses                    D  Start process YUV
2024-12-26 15:09:26.645 21433-21433 ViewReaderQR            com.allride.buses                    D  barcodeScanner: 87ecbaf1e980438b5e7d19457a0a88d41f32066bb72bda50fbe6c09bb162453763ff275473ea0c41aaca0f50f387363fc6263f1c4ee374221305b1e63ad75baf66d8cf4f4a7101503b01f84a006
2024-12-26 15:09:26.645 21433-21433 ViewReaderQR            com.allride.buses                    D  onPauseCamera
2024-12-26 15:09:26.645 21433-21433 ActiveDepa...eViewModel com.allride.buses                    D  onlineValidationQR: 87ecbaf1e980438b5e7d19457a0a88d41f32066bb72bda50fbe6c09bb162453763ff275473ea0c41aaca0f50f387363fc6263f1c4ee374221305b1e63ad75baf66d8cf4f4a7101503b01f84a006
2024-12-26 15:09:26.647 21433-22793 Camera2CameraImpl       com.allride.buses                    D  {Camera@f00f3d4[id=0]} Use case androidx.camera.core.ImageAnalysis-0cf8f753-4dc0-4073-a91c-df9c829e44c0133165343 INACTIVE
2024-12-26 15:09:26.649 21433-22793 UseCaseAttachState      com.allride.buses                    D  Active and attached use case: [androidx.camera.core.ImageCapture-b14a1d38-6624-45ce-be7c-4bba776c65fa31472830, androidx.camera.core.Preview-d8ca3998-381a-4e6b-9f35-dfdc4cc5a232184551289] for camera: 0
2024-12-26 15:09:26.651 21433-22953 PipelineManager         com.allride.buses                    D  OCR process succeeded via visionkit pipeline.
2024-12-26 15:09:26.651 21433-21433 ActiveDepa...eViewModel com.allride.buses                    D  Pre validatePassenger {"communityId":"653fd68233d83952fafcd4be","timezone":"America/Santiago","validationInternalId":"4b71687e-e9c9-449a-a9a9-a2f765b5de0e","validationLat":-34.3941108,"validationLon":-70.7812754,"validationString":"87ecbaf1e980438b5e7d19457a0a88d41f32066bb72bda50fbe6c09bb162453763ff275473ea0c41aaca0f50f387363fc6263f1c4ee374221305b1e63ad75baf66d8cf4f4a7101503b01f84a006"}
2024-12-26 15:09:26.656 21433-22793 CaptureSession          com.allride.buses                    D  Attempting to submit CaptureRequest after setting
2024-12-26 15:09:26.656 21433-22793 CaptureSession          com.allride.buses                    D  Issuing request for session.
2024-12-26 15:09:26.656 21433-22793 Camera2Cap...estBuilder com.allride.buses                    D  createCaptureRequest
2024-12-26 15:09:26.664 21433-22953 PipelineManager         com.allride.buses                    D  Start process YUV
2024-12-26 15:09:26.665 21433-21879 ActiveDepa...eViewModel com.allride.buses                    E  Error validatePassenger: Unable to resolve host "stage.allrideapp.com": No address associated with hostname
2024-12-26 15:09:26.665 21433-21879 ActiveDepa...eViewModel com.allride.buses                    D  offlineValidationQR: 87ecbaf1e980438b5e7d19457a0a88d41f32066bb72bda50fbe6c09bb162453763ff275473ea0c41aaca0f50f387363fc6263f1c4ee374221305b1e63ad75baf66d8cf4f4a7101503b01f84a006
2024-12-26 15:09:26.665 21433-22953 PipelineManager         com.allride.buses                    D  Start process YUV
2024-12-26 15:09:26.665 21433-22953 PipelineManager         com.allride.buses                    D  Start process YUV
2024-12-26 15:09:26.666 21433-22953 PipelineManager         com.allride.buses                    D  Start process YUV
2024-12-26 15:09:26.697 21433-21879 ActiveDepa...eViewModel com.allride.buses                    D  offlineValidationQR check muc driver : 2 - [MUC_sha25620000$668309b8bb41bfd79a461dc3$/fjrXXqTg/5EIiIh8zkBBsIMQ4K1Y1QQOE6VYzLDR0Y=, MUC_sha25620000$66022046a5d051546e0426fd$5ZoiUVAREmq/5YdR57fux4QZnKIXCo5A9O7IeRg4ILE=]
2024-12-26 15:09:26.697 21433-21879 ActiveDepa...eViewModel com.allride.buses                    D  offlineValidationQR departureId: 676d9bcdabfef8bf4eafac90
2024-12-26 15:09:26.737 21433-21879 ActiveDepa...eViewModel com.allride.buses                    D  offlineValidationQR userId in QR: 66d8cf4f4a7101503b01f84a
2024-12-26 15:09:26.737 21433-21879 UserRealm               com.allride.buses                    D  isWorking false
2024-12-26 15:09:26.743 21433-21879 Validations             com.allride.buses                    D  offlineValidationQR user: {"avatar":"https://s3.amazonaws.com/adedo.users-avatars/user_placeholder.png","communities":[{"DNIParam":"192908000","communityId":"6654ae4eba54fe502d4e4187","custom":[{"key":"rut","name":"","private":false,"value":"192908000"},{"key":"address","name":"","private":false,"value":""},{"key":"coordinates","name":"","private":false,"value":"0.0,0.0"},{"key":"Color","name":"","private":false,"value":"Azul"},{"key":"Animal","name":"","private":false,"value":"Gato"}],"privateBus":{"validation":{"external":{"required":false}}}}],"_id":"66d8cf4f4a7101503b01f84a","name":"Barbara Lisboa","socialServices":[]}
2024-12-26 15:09:26.761 21433-21879 ActiveDepa...eViewModel com.allride.buses                    D  offlineValidationQR validationConfig: true
2024-12-26 15:09:26.761 21433-21879 ActiveDepa...eViewModel com.allride.buses                    D  offlineValidationQR usesTickets: true - usesPasses: false
2024-12-26 15:09:26.761 21433-21879 ActiveDepa...eViewModel com.allride.buses                    D  offlineValidationQR ticketNumber: 6
2024-12-26 15:09:26.761 21433-21879 UserRealm               com.allride.buses                    D  Validatable false
2024-12-26 15:09:26.764 21433-21879 Validations             com.allride.buses                    D  checkValidationLimits
2024-12-26 15:09:26.764 21433-21879 Validations             com.allride.buses                    D  checkValidationLimits dailyLimit false
2024-12-26 15:09:26.764 21433-21879 Validations             com.allride.buses                    D  checkValidationLimits timeLimit false
2024-12-26 15:09:26.764 21433-21879 Validations             com.allride.buses                    D  checkValidationLimits departureLimit false
2024-12-26 15:09:26.773 21433-21879 Validations             com.allride.buses                    D  updateValidation {"assignedSeat":"","communityId":"6654ae4eba54fe502d4e4187","createdAt":"Dec 26, 2024 3:09:26 PM","departureId":"676d9bcdabfef8bf4eafac90","_id":"4b71687e-e9c9-449a-a9a9-a2f765b5de0e","isCustom":false,"isDNI":false,"isManual":false,"latitude":-34.39411,"loc":{"float1":-70.78127,"float2":-34.39411},"longitude":-70.78127,"qrCode":"87ecbaf1e980438b5e7d19457a0a88d41f32066bb72bda50fbe6c09bb162453763ff275473ea0c41aaca0f50f387363fc6263f1c4ee374221305b1e63ad75baf66d8cf4f4a7101503b01f84a006","reason":[],"remaining":6,"remainingTickets":0,"routeId":"66f310608e6c377a3f43968e","synced":false,"token":"fb6adc96ca2d87b1351f3c7fdad92e93366c4bdb277b5fdf47dfc55441479db2a0f4520856e44242916f8245d5152ced87db4d9cb9679160bd52ed80b6e3980a","userId":"66d8cf4f4a7101503b01f84a","validated":true}
2024-12-26 15:09:26.796 21433-21879 ValidationRealm         com.allride.buses                    D  validatePassenger validationInfo {"assignedSeat":"","communityId":"6654ae4eba54fe502d4e4187","createdAt":"Dec 26, 2024 3:09:26 PM","departureId":"676d9bcdabfef8bf4eafac90","_id":"4b71687e-e9c9-449a-a9a9-a2f765b5de0e","reason":[],"synced":false,"userId":"66d8cf4f4a7101503b01f84a","validated":true}
2024-12-26 15:09:26.860 21433-21879 ActiveDepa...eViewModel com.allride.buses                    D  BLEManager sendCommandBLE
2024-12-26 15:09:27.018 21433-21433 AudioTrack              com.allride.buses                    I  createTrack_l(0): AUDIO_OUTPUT_FLAG_FAST successful; frameCount 960 -> 960
2024-12-26 15:09:27.020 21433-21433 AudioTrack              com.allride.buses                    D  setVolume: mRelativePercentage:1.000000, left:1.000000, right:1.000000
2024-12-26 15:09:27.157 21433-21433 TripService             com.allride.buses                    E  Error send event 'newPosition' socket: sharingLocation false - socket false - [-34.3941071,-70.7812936]
2024-12-26 15:09:27.157 21433-21433 TripService             com.allride.buses                    D  Difference last seconds 2 - distance 1.7231922 - velocity 0.8615961
2024-12-26 15:09:27.158 21433-21433 TripService             com.allride.buses                    D  *** checkStopsLocally [-34.3941071,-70.7812936] ***
2024-12-26 15:09:27.187 21433-21433 TripService             com.allride.buses                    E  Error checkStopsLocally routeId 66f310608e6c377a3f43968e - no exist stops
2024-12-26 15:09:27.273 21433-21433 TripService             com.allride.buses                    D  socketUpdateReceiver onReceive newPosition
2024-12-26 15:09:27.273 21433-21433 ActiveDepa...eViewModel com.allride.buses                    D  socketUpdateReceiver onReceive EVENT_GPS_NEW_POSITION [-34.3941071,-70.7812936]
2024-12-26 15:09:27.366 21433-22351 OpenGLRenderer          com.allride.buses                    I  Davey! duration=9223149212458ms; Flags=2, FrameTimelineVsyncId=17435302, IntendedVsync=222824396366108, Vsync=222824396366108, InputEventId=0, HandleInputStart=222824396366108, AnimationStart=222824396366108, PerformTraversalsStart=222824396366108, DrawStart=222824396366108, FrameDeadline=222824413032774, FrameInterval=0, FrameStartTime=16666666, SyncQueued=222824408034684, SyncStart=222824408035465, IssueDrawCommandsStart=222824408096507, SwapBuffers=222824409465934, FrameCompleted=9223372036854775807, DequeueBufferDuration=13073, QueueBufferDuration=660833, GpuCompleted=9223372036854775807, SwapBuffersCompleted=222824410534996, DisplayPresentTime=0, 
2024-12-26 15:09:27.659 21433-22977 AudioTrack              com.allride.buses                    D  stop(3394): called with 18816 frames delivered
2024-12-26 15:09:27.740 21433-22989 SocketClient            com.allride.buses                    D  Socket reconnecting
2024-12-26 15:09:27.753 21433-22992 SocketClient            com.allride.buses                    D  Socket connect error
2024-12-26 15:09:28.027 21433-21439 m.allride.buse          com.allride.buses                    I  NativeAlloc concurrent copying GC freed 10MB AllocSpace bytes, 50(2508KB) LOS objects, 34% free, 45MB/69MB, paused 83us,42us total 106.093ms
2024-12-26 15:09:28.229 21433-21433 InputEventReceiver      com.allride.buses                    W  Attempted to finish an input event but the input event receiver has already been disposed.
2024-12-26 15:09:28.229 21433-21433 CapturePas...erActivity com.allride.buses                    D  hideDialogValidation
2024-12-26 15:09:28.230 21433-21433 CapturePas...erActivity com.allride.buses                    D  onResumeCamera
2024-12-26 15:09:28.230 21433-21433 ViewReaderQR            com.allride.buses                    D  onResumeCamera
2024-12-26 15:09:28.230 21433-21433 ViewReaderQR            com.allride.buses                    D  startQRAnalysis
2024-12-26 15:09:28.230 21433-22793 Camera2CameraImpl       com.allride.buses                    D  {Camera@f00f3d4[id=0]} Use case androidx.camera.core.ImageAnalysis-0cf8f753-4dc0-4073-a91c-df9c829e44c0133165343 ACTIVE
2024-12-26 15:09:28.231 21433-22793 UseCaseAttachState      com.allride.buses                    D  Active and attached use case: [androidx.camera.core.ImageCapture-b14a1d38-6624-45ce-be7c-4bba776c65fa31472830, androidx.camera.core.Preview-d8ca3998-381a-4e6b-9f35-dfdc4cc5a232184551289, androidx.camera.core.ImageAnalysis-0cf8f753-4dc0-4073-a91c-df9c829e44c0133165343] for camera: 0
2024-12-26 15:09:28.232 21433-22793 CaptureSession          com.allride.buses                    D  Attempting to submit CaptureRequest after setting
2024-12-26 15:09:28.233 21433-22793 CaptureSession          com.allride.buses                    D  Issuing request for session.
2024-12-26 15:09:28.233 21433-22793 Camera2Cap...estBuilder com.allride.buses                    D  createCaptureRequest
2024-12-26 15:09:28.534 21433-22802 PipelineManager         com.allride.buses                    D  Start process YUV
2024-12-26 15:09:28.663 21433-22802 PipelineManager         com.allride.buses                    D  OCR process succeeded via visionkit pipeline.
2024-12-26 15:09:28.665 21433-22802 PipelineManager         com.allride.buses                    D  Start process YUV
2024-12-26 15:09:28.666 21433-22802 PipelineManager         com.allride.buses                    D  Start process YUV
2024-12-26 15:09:28.667 21433-22802 PipelineManager         com.allride.buses                    D  Start process YUV
2024-12-26 15:09:28.685 21433-22923 PipelineManager         com.allride.buses                    D  Start process YUV
2024-12-26 15:09:28.794 21433-22923 PipelineManager         com.allride.buses                    D  OCR process succeeded via visionkit pipeline.
2024-12-26 15:09:28.795 21433-22923 PipelineManager         com.allride.buses                    D  Start process YUV
2024-12-26 15:09:28.795 21433-22923 PipelineManager         com.allride.buses                    D  Start process YUV
2024-12-26 15:09:28.806 21433-22933 PipelineManager         com.allride.buses                    D  Start process YUV
2024-12-26 15:09:28.914 21433-22933 PipelineManager         com.allride.buses                    D  OCR process succeeded via visionkit pipeline.
2024-12-26 15:09:28.915 21433-22933 PipelineManager         com.allride.buses                    D  Start process YUV
2024-12-26 15:09:28.916 21433-22933 PipelineManager         com.allride.buses                    D  Start process YUV
2024-12-26 15:09:28.931 21433-22953 PipelineManager         com.allride.buses                    D  Start process YUV
2024-12-26 15:09:29.042 21433-22953 PipelineManager         com.allride.buses                    D  OCR process succeeded via visionkit pipeline.
2024-12-26 15:09:29.044 21433-22953 PipelineManager         com.allride.buses                    D  Start process YUV
2024-12-26 15:09:29.044 21433-22953 PipelineManager         com.allride.buses                    D  Start process YUV
2024-12-26 15:09:29.069 21433-22924 PipelineManager         com.allride.buses                    D  Start process YUV
2024-12-26 15:09:29.150 21433-22924 PipelineManager         com.allride.buses                    D  OCR process succeeded via visionkit pipeline.
2024-12-26 15:09:29.151 21433-22924 PipelineManager         com.allride.buses                    D  Start process YUV
2024-12-26 15:09:29.160 21433-22952 PipelineManager         com.allride.buses                    D  Start process YUV
2024-12-26 15:09:29.228 21433-22952 PipelineManager         com.allride.buses                    D  OCR process succeeded via visionkit pipeline.
2024-12-26 15:09:29.229 21433-22952 PipelineManager         com.allride.buses                    D  Start process YUV
2024-12-26 15:09:29.264 21433-22953 PipelineManager         com.allride.buses                    D  Start process YUV
2024-12-26 15:09:29.349 21433-22953 PipelineManager         com.allride.buses                    D  OCR process succeeded via visionkit pipeline.
2024-12-26 15:09:29.352 21433-22953 PipelineManager         com.allride.buses                    D  Start process YUV
2024-12-26 15:09:29.360 21433-22924 PipelineManager         com.allride.buses                    D  Start process YUV
2024-12-26 15:09:29.463 21433-22924 PipelineManager         com.allride.buses                    D  OCR process succeeded via visionkit pipeline.
2024-12-26 15:09:29.472 21433-22924 PipelineManager         com.allride.buses                    D  Start process YUV
2024-12-26 15:09:29.473 21433-22924 PipelineManager         com.allride.buses                    D  Start process YUV
2024-12-26 15:09:29.504 21433-22923 PipelineManager         com.allride.buses                    D  Start process YUV
2024-12-26 15:09:29.575 21433-22923 PipelineManager         com.allride.buses                    D  OCR process succeeded via visionkit pipeline.
2024-12-26 15:09:29.576 21433-22923 PipelineManager         com.allride.buses                    D  Start process YUV
2024-12-26 15:09:29.614 21433-22802 PipelineManager         com.allride.buses                    D  Start process YUV
2024-12-26 15:09:29.733 21433-22802 PipelineManager         com.allride.buses                    D  OCR process succeeded via visionkit pipeline.
2024-12-26 15:09:29.737 21433-22802 PipelineManager         com.allride.buses                    D  Start process YUV
2024-12-26 15:09:29.739 21433-22802 PipelineManager         com.allride.buses                    D  Start process YUV
2024-12-26 15:09:29.758 21433-22952 PipelineManager         com.allride.buses                    D  Start process YUV
2024-12-26 15:09:29.857 21433-22952 PipelineManager         com.allride.buses                    D  OCR process succeeded via visionkit pipeline.
2024-12-26 15:09:29.859 21433-22952 PipelineManager         com.allride.buses                    D  Start process YUV
2024-12-26 15:09:29.872 21433-22953 PipelineManager         com.allride.buses                    D  Start process YUV
2024-12-26 15:09:29.974 21433-22953 PipelineManager         com.allride.buses                    D  OCR process succeeded via visionkit pipeline.
2024-12-26 15:09:29.975 21433-22953 PipelineManager         com.allride.buses                    D  Start process YUV
2024-12-26 15:09:29.976 21433-22953 PipelineManager         com.allride.buses                    D  Start process YUV
2024-12-26 15:09:30.051 21433-22953 PipelineManager         com.allride.buses                    D  OCR process succeeded via visionkit pipeline.
2024-12-26 15:09:30.052 21433-22953 PipelineManager         com.allride.buses                    D  Start process YUV
2024-12-26 15:09:30.067 21433-22800 PipelineManager         com.allride.buses                    D  Start process YUV
2024-12-26 15:09:30.169 21433-22800 PipelineManager         com.allride.buses                    D  OCR process succeeded via visionkit pipeline.
2024-12-26 15:09:30.170 21433-22800 PipelineManager         com.allride.buses                    D  Start process YUV
2024-12-26 15:09:30.177 21433-22933 PipelineManager         com.allride.buses                    D  Start process YUV
2024-12-26 15:09:30.273 21433-22933 PipelineManager         com.allride.buses                    D  OCR process succeeded via visionkit pipeline.
2024-12-26 15:09:30.274 21433-22933 PipelineManager         com.allride.buses                    D  Start process YUV
2024-12-26 15:09:30.276 21433-22933 PipelineManager         com.allride.buses                    D  Start process YUV
2024-12-26 15:09:30.312 21433-22924 PipelineManager         com.allride.buses                    D  Start process YUV
2024-12-26 15:09:30.400 21433-22924 PipelineManager         com.allride.buses                    D  OCR process succeeded via visionkit pipeline.
2024-12-26 15:09:30.401 21433-22924 PipelineManager         com.allride.buses                    D  Start process YUV
2024-12-26 15:09:30.418 21433-22923 PipelineManager         com.allride.buses                    D  Start process YUV
2024-12-26 15:09:30.494 21433-22923 PipelineManager         com.allride.buses                    D  OCR process succeeded via visionkit pipeline.
2024-12-26 15:09:30.495 21433-22923 PipelineManager         com.allride.buses                    D  Start process YUV
2024-12-26 15:09:30.524 21433-22933 PipelineManager         com.allride.buses                    D  Start process YUV
2024-12-26 15:09:30.596 21433-22933 PipelineManager         com.allride.buses                    D  OCR process succeeded via visionkit pipeline.
2024-12-26 15:09:30.596 21433-22933 PipelineManager         com.allride.buses                    D  Start process YUV
2024-12-26 15:09:30.613 21433-22924 PipelineManager         com.allride.buses                    D  Start process YUV
2024-12-26 15:09:30.688 21433-22999 SocketClient            com.allride.buses                    D  Socket reconnecting
2024-12-26 15:09:30.702 21433-23002 SocketClient            com.allride.buses                    D  Socket connect error
2024-12-26 15:09:30.709 21433-22924 PipelineManager         com.allride.buses                    D  OCR process succeeded via visionkit pipeline.
2024-12-26 15:09:30.713 21433-22924 PipelineManager         com.allride.buses                    D  Start process YUV
2024-12-26 15:09:30.715 21433-22924 PipelineManager         com.allride.buses                    D  Start process YUV
2024-12-26 15:09:30.822 21433-22924 PipelineManager         com.allride.buses                    D  OCR process succeeded via visionkit pipeline.
2024-12-26 15:09:30.829 21433-22924 PipelineManager         com.allride.buses                    D  Start process YUV
2024-12-26 15:09:30.831 21433-22924 PipelineManager         com.allride.buses                    D  Start process YUV
2024-12-26 15:09:30.866 21433-22933 PipelineManager         com.allride.buses                    D  Start process YUV
2024-12-26 15:09:31.007 21433-22933 PipelineManager         com.allride.buses                    D  OCR process succeeded via visionkit pipeline.
2024-12-26 15:09:31.008 21433-22933 PipelineManager         com.allride.buses                    D  Start process YUV
2024-12-26 15:09:31.019 21433-22933 PipelineManager         com.allride.buses                    D  Start process YUV
2024-12-26 15:09:31.034 21433-22923 PipelineManager         com.allride.buses                    D  Start process YUV
