2024-12-26 15:09:15.193 21433-21433 TripActivityViewModel   com.allride.buses                    D  Pre startTrip: {"busCode":"171222","capacity":46,"communityId":"653fd68233d83952fafcd4be","driverCode":"159159","reason":"","routeId":"66f310608e6c377a3f43968e","shareToUsers":true,"startLat":-34.3941094,"startLon":-70.7812731,"vehicleId":"66830b98bb41bfd79a4620ac"}
2024-12-26 15:09:15.200 21433-21733 AllRideOAuth2Service    com.allride.buses                    I  getAccessToken 838ef4e481d12aa90c6c11a538997f7a6fa4e013b319bfb86d801d41a935528dde1f77b88e88411352868ef4c83db841c3ef4cd0816d6f9ca75ec20682d87d43
2024-12-26 15:09:16.615 21433-21733 AllRideOAuth2Service    com.allride.buses                    I  Response Code > 200 - Request > Request{method=POST, url=https://stage.allrideapp.com/api/v2/pb/driver/departure, tags={class retrofit2.Invocation=com.allride.buses.api.AllRideAPI.createDepartureNew() [com.allride.buses.api.AllRideAPI$CreateDepartureData@cf2f7c]}}
2024-12-26 15:09:16.641 21433-21433 TripActivityViewModel   com.allride.buses                    D  Response createDeparture: 676d9bcdabfef8bf4eafac90
2024-12-26 15:09:16.645 21433-21433 DepartureRealm          com.allride.buses                    I  update 676d9bcdabfef8bf4eafac90
2024-12-26 15:09:16.683 21433-21433 TripActivityViewModel   com.allride.buses                    D  Success createDeparture: 676d9bcdabfef8bf4eafac90
2024-12-26 15:09:16.686 21433-21433 SocketClient            com.allride.buses                    D  initSocket null
2024-12-26 15:09:16.687 21433-21433 SocketClient            com.allride.buses                    D  https://stage.allrideapp.com/pbDriver
2024-12-26 15:09:16.689 21433-21433 SocketClient            com.allride.buses                    D  CONNECTING SOCKET token=fb6adc96ca2d87b1351f3c7fdad92e93366c4bdb277b5fdf47dfc55441479db2a0f4520856e44242916f8245d5152ced87db4d9cb9679160bd52ed80b6e3980a
2024-12-26 15:09:16.746 21433-21433 TripService             com.allride.buses                    D  Start Command null
2024-12-26 15:09:16.746 21433-21433 TripService             com.allride.buses                    D  setupBroadcastReceiver
2024-12-26 15:09:16.746 21433-21433 TripService             com.allride.buses                    D  Success registerReceiver socketUpdateReceiver
2024-12-26 15:09:16.749 21433-21433 TripService             com.allride.buses                    D  Start Location com.allride.buses.services.TripService@c7eb83c
2024-12-26 15:09:16.749 21433-21433 TripService             com.allride.buses                    D  Sending event 'start' socket: null
2024-12-26 15:09:16.751 21433-21481 SessionLifecycleClient  com.allride.buses                    D  Sending lifecycle 2 to service
2024-12-26 15:09:16.752 21433-21578 SessionLifecycleService com.allride.buses                    D  Activity backgrounding at 222813809
2024-12-26 15:09:16.770 21433-21433 Google Android Maps SDK com.allride.buses                    D  For capability in capabilities, log:
                                                                                                    "AdvancedMarkers: false: Capabilities unavailable without a Map ID."Data-driven styling: false
2024-12-26 15:09:16.772 21433-21433 ProxyAndro...gerBackend com.allride.buses                    W  Too many Flogger logs received before configuration. Dropping old logs.
2024-12-26 15:09:16.820 21433-21433 MainActivity            com.allride.buses                    D  onDestroy
2024-12-26 15:09:16.839 21433-21433 MapsInitializer         com.allride.buses                    D  preferredRenderer: null
2024-12-26 15:09:16.839 21433-21433 zzcc                    com.allride.buses                    D  preferredRenderer: null
2024-12-26 15:09:16.840 21433-21433 Google Android Maps SDK com.allride.buses                    I  Google Play services package version: 244738029
2024-12-26 15:09:16.840 21433-21433 Google Android Maps SDK com.allride.buses                    I  Google Play services maps renderer version(maps_core): 244125202
2024-12-26 15:09:16.958 21433-21433 Utils                   com.allride.buses                    D  getCommunityFirst auth {"accessToken":"838ef4e481d12aa90c6c11a538997f7a6fa4e013b319bfb86d801d41a935528dde1f77b88e88411352868ef4c83db841c3ef4cd0816d6f9ca75ec20682d87d43","active":true,"canCreateRoutes":false,"canReleaseReservations":true,"code":"159159","communities":["653fd601f90509541a748683","6654ae4eba54fe502d4e4187"],"communityId":"653fd601f90509541a748683","config":{"autoLogout":{"enabled":false,"enum":"afterDepartureEnd","timer":{"amount":0,"unit":"minutes"}}},"device":{"accessToken":"","build":"","communities":[],"communityId":"","_id":"","model":"moto g71 5G","notificationToken":"","superCommunityId":""},"email":"nicolas+conductorsc1@allrideapp.com","hasToChangePassword":false,"_id":"668309b8bb41bfd79a461dc3","name":"Conductor Super Comunidad","refreshToken":"","rtlToken":"9e7ceac1b71173d5ee4d3095804f3f52df1a06595b2a17dc87a9fa61d36cd5dfe98e61635ef1b999adc4745acd67261b014fa1375eddabf13220004d247833ed","superCommunities":["653fd68233d83952fafcd4be"],"superCommunityId":"653fd68233d83952fafcd4be"}
2024-12-26 15:09:16.958 21433-21433 Utils                   com.allride.buses                    D  getCommunityFirst routeId 66f310608e6c377a3f43968e
2024-12-26 15:09:16.973 21433-21433 Utils                   com.allride.buses                    D  getCommunityFirst 1 - 6654ae4eba54fe502d4e4187 : Comunidad Automatización 2
2024-12-26 15:09:16.978 21433-21433 ActiveDepa...eViewModel com.allride.buses                    D  getVehicleName: MORISC
2024-12-26 15:09:16.983 21433-21433 ActiveDepa...eViewModel com.allride.buses                    D  configSocket
2024-12-26 15:09:16.984 21433-21433 ActiveDepa...eViewModel com.allride.buses                    D  Success registerReceiver setupBroadcastReceiver
2024-12-26 15:09:16.984 21433-21433 connectionService       com.allride.buses                    D  checkConnectivity: true
2024-12-26 15:09:16.984 21433-21433 connectionService       com.allride.buses                    D  sendNotifyConnectivity true
2024-12-26 15:09:17.002 21433-21433 connectionService       com.allride.buses                    D  checkInMap false
2024-12-26 15:09:17.016 21433-21433 connectionService       com.allride.buses                    D  checkPendingOfflineSync false false true
2024-12-26 15:09:17.016 21433-21433 connectionService       com.allride.buses                    D  sendNotifyPendingOfflineSync true - 
2024-12-26 15:09:17.016 21433-21433 connectionService       com.allride.buses                    I  checkSyncOffline current 'departure' : [offline=false, validations=false, images=false, departure=true, deviceHistory=false, driverMuc=false]
2024-12-26 15:09:17.017 21433-21433 connectionService       com.allride.buses                    I  checkOnlineDataAsync
2024-12-26 15:09:17.017 21433-21433 connectionService       com.allride.buses                    I  checkOnlineDataAsync dataAsyncList is empty
2024-12-26 15:09:17.020 21433-21733 AllRideOAuth2Service    com.allride.buses                    I  getAccessToken 838ef4e481d12aa90c6c11a538997f7a6fa4e013b319bfb86d801d41a935528dde1f77b88e88411352868ef4c83db841c3ef4cd0816d6f9ca75ec20682d87d43
2024-12-26 15:09:17.022 21433-21433 TextToSpeech            com.allride.buses                    I  Sucessfully bound to com.google.android.tts
2024-12-26 15:09:17.022 21433-21433 ActiveDepa...eViewModel com.allride.buses                    D  dataAsyncList getTimeServer - list is [time, route, stopsOdd, users, auth, validatableUsers]
2024-12-26 15:09:17.023 21433-21433 ActiveDepa...eViewModel com.allride.buses                    D  dataAsyncList getRoute - list is [time, route, stopsOdd, users, auth, validatableUsers]
2024-12-26 15:09:17.024 21433-21433 UserRealm               com.allride.buses                    D  Validatable false
2024-12-26 15:09:17.025 21433-21563 AllRideOAuth2Service    com.allride.buses                    I  getAccessToken 838ef4e481d12aa90c6c11a538997f7a6fa4e013b319bfb86d801d41a935528dde1f77b88e88411352868ef4c83db841c3ef4cd0816d6f9ca75ec20682d87d43
2024-12-26 15:09:17.026 21433-21433 SocketClientAsap        com.allride.buses                    D  STOPPING SOCKET
2024-12-26 15:09:17.027 21433-22534 AllRideOAuth2Service    com.allride.buses                    I  getAccessToken 838ef4e481d12aa90c6c11a538997f7a6fa4e013b319bfb86d801d41a935528dde1f77b88e88411352868ef4c83db841c3ef4cd0816d6f9ca75ec20682d87d43
2024-12-26 15:09:17.030 21433-22533 AllRideOAuth2Service    com.allride.buses                    I  getAccessToken 838ef4e481d12aa90c6c11a538997f7a6fa4e013b319bfb86d801d41a935528dde1f77b88e88411352868ef4c83db841c3ef4cd0816d6f9ca75ec20682d87d43
2024-12-26 15:09:17.032 21433-21433 Utils                   com.allride.buses                    D  BroadcastReceiver registered successfully
2024-12-26 15:09:17.035 21433-21433 MapActivity             com.allride.buses                    E  ADD HISTORY USE: BATTERY_OPTIMIZATION
2024-12-26 15:09:17.053 21433-21433 MapActivity             com.allride.buses                    E  ADD HISTORY USE: NO_TYPE_MOBILE_DATA
2024-12-26 15:09:17.067 21433-21433 MapActivity             com.allride.buses                    I  initViewModel
2024-12-26 15:09:17.088 21433-21433 ProxyAndro...gerBackend com.allride.buses                    W  Too many Flogger logs received before configuration. Dropping old logs.
2024-12-26 15:09:17.091 21433-21433 ProxyAndro...gerBackend com.allride.buses                    W  Too many Flogger logs received before configuration. Dropping old logs.
2024-12-26 15:09:17.093 21433-21433 ProxyAndro...gerBackend com.allride.buses                    W  Too many Flogger logs received before configuration. Dropping old logs.
2024-12-26 15:09:17.093 21433-21433 ProxyAndro...gerBackend com.allride.buses                    W  Too many Flogger logs received before configuration. Dropping old logs.
2024-12-26 15:09:17.096 21433-22545 ProxyAndro...gerBackend com.allride.buses                    W  Too many Flogger logs received before configuration. Dropping old logs.
2024-12-26 15:09:17.098 21433-21433 ProxyAndro...gerBackend com.allride.buses                    W  Too many Flogger logs received before configuration. Dropping old logs.
2024-12-26 15:09:17.101 21433-21433 ProxyAndro...gerBackend com.allride.buses                    W  Too many Flogger logs received before configuration. Dropping old logs.
2024-12-26 15:09:17.102 21433-22547 ProxyAndro...gerBackend com.allride.buses                    W  Too many Flogger logs received before configuration. Dropping old logs.
2024-12-26 15:09:17.102 21433-21433 ProxyAndro...gerBackend com.allride.buses                    W  Too many Flogger logs received before configuration. Dropping old logs.
2024-12-26 15:09:17.109 21433-21433 ProxyAndro...gerBackend com.allride.buses                    W  Too many Flogger logs received before configuration. Dropping old logs.
2024-12-26 15:09:17.109 21433-21433 ProxyAndro...gerBackend com.allride.buses                    W  Too many Flogger logs received before configuration. Dropping old logs.
2024-12-26 15:09:17.127 21433-21433 MapActivity             com.allride.buses                    D  onStart
2024-12-26 15:09:17.128 21433-21433 ActiveDepa...eViewModel com.allride.buses                    D  onResumeMap
2024-12-26 15:09:17.128 21433-21433 MapActivity             com.allride.buses                    D  Success registerReceiver setupBroadcastReceiver
2024-12-26 15:09:17.128 21433-21433 connectionService       com.allride.buses                    D  checkConnectivity: true
2024-12-26 15:09:17.128 21433-21433 connectionService       com.allride.buses                    D  sendNotifyConnectivity true
2024-12-26 15:09:17.151 21433-21433 connectionService       com.allride.buses                    D  checkInMap exit for loadingCheckOnlineData
2024-12-26 15:09:17.155 21433-21433 ActiveDepa...eViewModel com.allride.buses                    D  typeMap com.allride.buses.data.models.PBDeparture@32123b0
2024-12-26 15:09:17.155 21433-21433 MapActivity             com.allride.buses                    D  ActiveDepartureViewModel typeMap regular
2024-12-26 15:09:17.155 21433-21433 MapActivity             com.allride.buses                    D  ActiveDepartureViewModel capacity 46
2024-12-26 15:09:17.155 21433-21433 MapActivity             com.allride.buses                    D  ActiveDepartureViewModel capacityColor 2E7D32
2024-12-26 15:09:17.158 21433-21433 Utils                   com.allride.buses                    D  startConnectivityService is exits - MapActivity
2024-12-26 15:09:17.158 21433-21433 connectionService       com.allride.buses                    D  checkConnectivity: true
2024-12-26 15:09:17.158 21433-21433 connectionService       com.allride.buses                    D  sendNotifyConnectivity true
2024-12-26 15:09:17.160 21433-21460 SessionLifecycleClient  com.allride.buses                    D  Sending lifecycle 1 to service
2024-12-26 15:09:17.160 21433-21578 SessionLifecycleService com.allride.buses                    D  Activity foregrounding at 222814217.
2024-12-26 15:09:17.207 21433-21433 connectionService       com.allride.buses                    D  checkInMap exit for loadingCheckOnlineData
2024-12-26 15:09:17.230 21433-22544 ProxyAndro...gerBackend com.allride.buses                    W  Too many Flogger logs received before configuration. Dropping old logs.
2024-12-26 15:09:17.230 21433-22544 ProxyAndro...gerBackend com.allride.buses                    W  Too many Flogger logs received before configuration. Dropping old logs.
2024-12-26 15:09:17.278 21433-21433 MapActivity             com.allride.buses                    D  setupBroadcastReceiver onReceive connectivity true
2024-12-26 15:09:17.281 21433-21433 MapActivity             com.allride.buses                    D  setupBroadcastReceiver onReceive connectivity true
2024-12-26 15:09:17.362 21433-21433 SocketClient            com.allride.buses                    D  initSocket null
2024-12-26 15:09:17.362 21433-21433 SocketClient            com.allride.buses                    D  https://stage.allrideapp.com/pbDriver
2024-12-26 15:09:17.362 21433-21433 SocketClient            com.allride.buses                    D  CONNECTING SOCKET token=fb6adc96ca2d87b1351f3c7fdad92e93366c4bdb277b5fdf47dfc55441479db2a0f4520856e44242916f8245d5152ced87db4d9cb9679160bd52ed80b6e3980a
2024-12-26 15:09:17.412 21433-22535 AllRideDepartureService com.allride.buses                    I  Departure token: fb6adc96ca2d87b1351f3c7fdad92e93366c4bdb277b5fdf47dfc55441479db2a0f4520856e44242916f8245d5152ced87db4d9cb9679160bd52ed80b6e3980a
2024-12-26 15:09:17.451 21433-21439 m.allride.buse          com.allride.buses                    I  Background young concurrent copying GC freed 15MB AllocSpace bytes, 37(1452KB) LOS objects, 22% free, 48MB/61MB, paused 593us,179us total 161.295ms
2024-12-26 15:09:17.457 21433-21441 PowerManager            com.allride.buses                    E  WakeLock finalized while still held: Buses::RTL
2024-12-26 15:09:17.519 21433-22547 ProxyAndro...gerBackend com.allride.buses                    W  Too many Flogger logs received before configuration. Dropping old logs.
2024-12-26 15:09:17.519 21433-22547 ProxyAndro...gerBackend com.allride.buses                    W  Too many Flogger logs received before configuration. Dropping old logs.
2024-12-26 15:09:17.543 21433-22576 SocketClient            com.allride.buses                    D  Socket connected
2024-12-26 15:09:17.543 21433-22545 ProxyAndro...gerBackend com.allride.buses                    W  Too many Flogger logs received before configuration. Dropping old logs.
2024-12-26 15:09:17.543 21433-22545 ProxyAndro...gerBackend com.allride.buses                    W  Too many Flogger logs received before configuration. Dropping old logs.
2024-12-26 15:09:17.548 21433-22544 ProxyAndro...gerBackend com.allride.buses                    W  Too many Flogger logs received before configuration. Dropping old logs.
2024-12-26 15:09:17.548 21433-22544 ProxyAndro...gerBackend com.allride.buses                    W  Too many Flogger logs received before configuration. Dropping old logs.
2024-12-26 15:09:17.551 21433-21433 connectionService       com.allride.buses                    D  socketUpdateReceiver onReceive CONNECT true
2024-12-26 15:09:17.561 21433-22547 ProxyAndro...gerBackend com.allride.buses                    W  Too many Flogger logs received before configuration. Dropping old logs.
2024-12-26 15:09:17.561 21433-22547 ProxyAndro...gerBackend com.allride.buses                    W  Too many Flogger logs received before configuration. Dropping old logs.
2024-12-26 15:09:17.576 21433-22545 ProxyAndro...gerBackend com.allride.buses                    W  Too many Flogger logs received before configuration. Dropping old logs.
2024-12-26 15:09:17.576 21433-22545 ProxyAndro...gerBackend com.allride.buses                    W  Too many Flogger logs received before configuration. Dropping old logs.
2024-12-26 15:09:17.580 21433-22544 ProxyAndro...gerBackend com.allride.buses                    W  Too many Flogger logs received before configuration. Dropping old logs.
2024-12-26 15:09:17.581 21433-22544 ProxyAndro...gerBackend com.allride.buses                    W  Too many Flogger logs received before configuration. Dropping old logs.
2024-12-26 15:09:17.585 21433-22547 ProxyAndro...gerBackend com.allride.buses                    W  Too many Flogger logs received before configuration. Dropping old logs.
2024-12-26 15:09:17.585 21433-22547 ProxyAndro...gerBackend com.allride.buses                    W  Too many Flogger logs received before configuration. Dropping old logs.
2024-12-26 15:09:17.596 21433-22545 ProxyAndro...gerBackend com.allride.buses                    W  Too many Flogger logs received before configuration. Dropping old logs.
2024-12-26 15:09:17.596 21433-22545 ProxyAndro...gerBackend com.allride.buses                    W  Too many Flogger logs received before configuration. Dropping old logs.
2024-12-26 15:09:17.598 21433-22544 ProxyAndro...gerBackend com.allride.buses                    W  Too many Flogger logs received before configuration. Dropping old logs.
2024-12-26 15:09:17.598 21433-22544 ProxyAndro...gerBackend com.allride.buses                    W  Too many Flogger logs received before configuration. Dropping old logs.
2024-12-26 15:09:17.605 21433-22547 ProxyAndro...gerBackend com.allride.buses                    W  Too many Flogger logs received before configuration. Dropping old logs.
2024-12-26 15:09:17.605 21433-22547 ProxyAndro...gerBackend com.allride.buses                    W  Too many Flogger logs received before configuration. Dropping old logs.
2024-12-26 15:09:17.611 21433-22545 ProxyAndro...gerBackend com.allride.buses                    W  Too many Flogger logs received before configuration. Dropping old logs.
2024-12-26 15:09:17.611 21433-22545 ProxyAndro...gerBackend com.allride.buses                    W  Too many Flogger logs received before configuration. Dropping old logs.
2024-12-26 15:09:17.615 21433-22544 ProxyAndro...gerBackend com.allride.buses                    W  Too many Flogger logs received before configuration. Dropping old logs.
2024-12-26 15:09:17.615 21433-22544 ProxyAndro...gerBackend com.allride.buses                    W  Too many Flogger logs received before configuration. Dropping old logs.
2024-12-26 15:09:17.619 21433-22547 ProxyAndro...gerBackend com.allride.buses                    W  Too many Flogger logs received before configuration. Dropping old logs.
2024-12-26 15:09:17.619 21433-22547 ProxyAndro...gerBackend com.allride.buses                    W  Too many Flogger logs received before configuration. Dropping old logs.
2024-12-26 15:09:17.622 21433-22545 ProxyAndro...gerBackend com.allride.buses                    W  Too many Flogger logs received before configuration. Dropping old logs.
2024-12-26 15:09:17.622 21433-22545 ProxyAndro...gerBackend com.allride.buses                    W  Too many Flogger logs received before configuration. Dropping old logs.
2024-12-26 15:09:17.626 21433-22545 ProxyAndro...gerBackend com.allride.buses                    W  Too many Flogger logs received before configuration. Dropping old logs.
2024-12-26 15:09:17.626 21433-22545 ProxyAndro...gerBackend com.allride.buses                    W  Too many Flogger logs received before configuration. Dropping old logs.
2024-12-26 15:09:17.630 21433-22547 ProxyAndro...gerBackend com.allride.buses                    W  Too many Flogger logs received before configuration. Dropping old logs.
2024-12-26 15:09:17.630 21433-22547 ProxyAndro...gerBackend com.allride.buses                    W  Too many Flogger logs received before configuration. Dropping old logs.
2024-12-26 15:09:17.632 21433-22544 ProxyAndro...gerBackend com.allride.buses                    W  Too many Flogger logs received before configuration. Dropping old logs.
2024-12-26 15:09:17.632 21433-22544 ProxyAndro...gerBackend com.allride.buses                    W  Too many Flogger logs received before configuration. Dropping old logs.
2024-12-26 15:09:17.636 21433-22544 ProxyAndro...gerBackend com.allride.buses                    W  Too many Flogger logs received before configuration. Dropping old logs.
2024-12-26 15:09:17.636 21433-22544 ProxyAndro...gerBackend com.allride.buses                    W  Too many Flogger logs received before configuration. Dropping old logs.
2024-12-26 15:09:17.643 21433-22547 ProxyAndro...gerBackend com.allride.buses                    W  Too many Flogger logs received before configuration. Dropping old logs.
2024-12-26 15:09:17.643 21433-22547 ProxyAndro...gerBackend com.allride.buses                    W  Too many Flogger logs received before configuration. Dropping old logs.
2024-12-26 15:09:17.648 21433-22544 ProxyAndro...gerBackend com.allride.buses                    W  Too many Flogger logs received before configuration. Dropping old logs.
2024-12-26 15:09:17.649 21433-22544 ProxyAndro...gerBackend com.allride.buses                    W  Too many Flogger logs received before configuration. Dropping old logs.
2024-12-26 15:09:17.652 21433-22545 ProxyAndro...gerBackend com.allride.buses                    W  Too many Flogger logs received before configuration. Dropping old logs.
2024-12-26 15:09:17.652 21433-22545 ProxyAndro...gerBackend com.allride.buses                    W  Too many Flogger logs received before configuration. Dropping old logs.
2024-12-26 15:09:17.722 21433-22534 AllRideOAuth2Service    com.allride.buses                    I  Response Code > 200 - Request > Request{method=GET, url=https://stage.allrideapp.com/api/v1/pb/provider/me, tags={class retrofit2.Invocation=com.allride.buses.api.AllRideAPI.getAuthMe() []}}
2024-12-26 15:09:17.727 21433-21433 ActiveDepa...eViewModel com.allride.buses                    D  Success getAuthMe - {"auth":{"accessToken":"838ef4e481d12aa90c6c11a538997f7a6fa4e013b319bfb86d801d41a935528dde1f77b88e88411352868ef4c83db841c3ef4cd0816d6f9ca75ec20682d87d43","active":true,"canCreateRoutes":false,"canReleaseReservations":true,"code":"159159","communities":["653fd601f90509541a748683","6654ae4eba54fe502d4e4187"],"communityId":"653fd601f90509541a748683","config":{"autoLogout":{"enabled":false,"enum":"afterDepartureEnd","timer":{"amount":0,"unit":"minutes"}}},"device":{"accessToken":"","build":"","communityId":"","_id":"","model":"moto g71 5G","notificationToken":"","superCommunityId":""},"email":"nicolas+conductorsc1@allrideapp.com","hasToChangePassword":false,"_id":"668309b8bb41bfd79a461dc3","name":"Conductor Super Comunidad","refreshToken":"","rtlToken":"9e7ceac1b71173d5ee4d3095804f3f52df1a06595b2a17dc87a9fa61d36cd5dfe98e61635ef1b999adc4745acd67261b014fa1375eddabf13220004d247833ed","superCommunities":["653fd68233d83952fafcd4be"],"superCommunityId":"653fd68233d83952fafcd4be"},"type":"driver"}
2024-12-26 15:09:17.743 21433-22533 AllRideOAuth2Service    com.allride.buses                    I  Response Code > 500 - Request > Request{method=GET, url=https://stage.allrideapp.com/api/v1/pb/provider/validatableUsers/66f310608e6c377a3f43968e?usesPasses=false&usesTickets=true, tags={class retrofit2.Invocation=com.allride.buses.api.AllRideAPI.validatableUsers() [66f310608e6c377a3f43968e, false, true]}}
2024-12-26 15:09:17.746 21433-21433 ActiveDepa...eViewModel com.allride.buses                    E  Error validatableUsers: HTTP 500 
2024-12-26 15:09:17.749 21433-21563 AllRideOAuth2Service    com.allride.buses                    I  Response Code > 200 - Request > Request{method=GET, url=https://stage.allrideapp.com/api/v1/pb/provider/route/653fd68233d83952fafcd4be/66f310608e6c377a3f43968e, tags={class retrofit2.Invocation=com.allride.buses.api.AllRideAPI.getRoute() [653fd68233d83952fafcd4be, 66f310608e6c377a3f43968e]}}
2024-12-26 15:09:17.756 21433-21733 AllRideOAuth2Service    com.allride.buses                    I  Response Code > 200 - Request > Request{method=GET, url=https://stage.allrideapp.com/api/v2/pb/driver/departures/current, tags={class retrofit2.Invocation=com.allride.buses.api.AllRideAPI.getCurrentDeparture() []}}
2024-12-26 15:09:17.760 21433-21659 connectionService       com.allride.buses                    D  Success getCurrentDeparture
2024-12-26 15:09:17.761 21433-21659 DepartureRealm          com.allride.buses                    I  update 676d9bcdabfef8bf4eafac90
2024-12-26 15:09:17.768 21433-22544 ProxyAndro...gerBackend com.allride.buses                    W  Too many Flogger logs received before configuration. Dropping old logs.
2024-12-26 15:09:17.769 21433-22544 ProxyAndro...gerBackend com.allride.buses                    W  Too many Flogger logs received before configuration. Dropping old logs.
2024-12-26 15:09:17.775 21433-22535 AllRideDepartureService com.allride.buses                    I  Response Code > 200
2024-12-26 15:09:17.775 21433-22535 AllRideDepartureService com.allride.buses                    I  URL > Request{method=GET, url=https://stage.allrideapp.com/api/v1/pb/provider/currentTime, tags={class retrofit2.Invocation=com.allride.buses.api.AllRideAPI.getTimeServer() []}}
2024-12-26 15:09:17.783 21433-21433 ActiveDepa...eViewModel com.allride.buses                    D  Success getTimeServer: "1735236558685"
2024-12-26 15:09:17.785 21433-22544 ProxyAndro...gerBackend com.allride.buses                    W  Too many Flogger logs received before configuration. Dropping old logs.
2024-12-26 15:09:17.786 21433-22544 ProxyAndro...gerBackend com.allride.buses                    W  Too many Flogger logs received before configuration. Dropping old logs.
2024-12-26 15:09:17.797 21433-22544 ProxyAndro...gerBackend com.allride.buses                    W  Too many Flogger logs received before configuration. Dropping old logs.
2024-12-26 15:09:17.797 21433-22544 ProxyAndro...gerBackend com.allride.buses                    W  Too many Flogger logs received before configuration. Dropping old logs.
2024-12-26 15:09:17.823 21433-22550 ProxyAndro...gerBackend com.allride.buses                    W  Too many Flogger logs received before configuration. Dropping old logs.
2024-12-26 15:09:17.824 21433-22547 ProxyAndro...gerBackend com.allride.buses                    W  Too many Flogger logs received before configuration. Dropping old logs.
2024-12-26 15:09:17.824 21433-22547 ProxyAndro...gerBackend com.allride.buses                    W  Too many Flogger logs received before configuration. Dropping old logs.
2024-12-26 15:09:17.828 21433-21659 connectionService       com.allride.buses                    D  sendUpdateDeparture
2024-12-26 15:09:17.828 21433-21659 connectionService       com.allride.buses                    D  startActivityMap
2024-12-26 15:09:17.833 21433-21433 ActiveDepa...eViewModel com.allride.buses                    D  typeMap com.allride.buses.data.models.PBDeparture@c09a62a
2024-12-26 15:09:17.834 21433-21433 MapActivity             com.allride.buses                    D  ActiveDepartureViewModel typeMap regular
2024-12-26 15:09:17.834 21433-21433 MapActivity             com.allride.buses                    D  ActiveDepartureViewModel capacity 46
2024-12-26 15:09:17.838 21433-22545 ProxyAndro...gerBackend com.allride.buses                    W  Too many Flogger logs received before configuration. Dropping old logs.
2024-12-26 15:09:17.839 21433-22545 ProxyAndro...gerBackend com.allride.buses                    W  Too many Flogger logs received before configuration. Dropping old logs.
2024-12-26 15:09:17.864 21433-21433 TripService             com.allride.buses                    D  socketUpdateReceiver onReceive UPDATE_DEPARTURE
2024-12-26 15:09:17.864 21433-21433 ActiveDepa...eViewModel com.allride.buses                    D  socketUpdateReceiver onReceive UPDATE_DEPARTURE
2024-12-26 15:09:17.864 21433-21433 ActiveDepa...eViewModel com.allride.buses                    D  socketUpdateReceiver onReceive UPDATE_DEPARTURE
2024-12-26 15:09:17.864 21433-21433 MapActivity             com.allride.buses                    D  setupBroadcastReceiver onReceive UPDATE_DEPARTURE false
2024-12-26 15:09:17.904 21433-21444 TextToSpeech            com.allride.buses                    I  Connected to TTS engine
2024-12-26 15:09:17.907 21433-21433 ActiveDepa...eViewModel com.allride.buses                    D  Success getRoute 66f310608e6c377a3f43968e
2024-12-26 15:09:17.926 21433-21659 connectionService       com.allride.buses                    D  checkPendingOfflineSync false false true
2024-12-26 15:09:17.926 21433-21659 connectionService       com.allride.buses                    D  sendNotifyPendingOfflineSync true - 
2024-12-26 15:09:17.927 21433-21659 connectionService       com.allride.buses                    I  checkSyncOffline current 'deviceHistory' : [offline=false, validations=false, images=false, departure=false, deviceHistory=true, driverMuc=false]
2024-12-26 15:09:17.929 21433-21563 AllRideOAuth2Service    com.allride.buses                    I  getAccessToken 838ef4e481d12aa90c6c11a538997f7a6fa4e013b319bfb86d801d41a935528dde1f77b88e88411352868ef4c83db841c3ef4cd0816d6f9ca75ec20682d87d43
2024-12-26 15:09:17.931 21433-21866 TextToSpeech            com.allride.buses                    I  Setting up the connection to TTS engine...
2024-12-26 15:09:17.933 21433-21433 MapActivity             com.allride.buses                    D  setupBroadcastReceiver onReceive pendingOfflineSync true
2024-12-26 15:09:18.052 21433-21433 connectionService       com.allride.buses                    D  checkConnectivity: true
2024-12-26 15:09:18.052 21433-21433 connectionService       com.allride.buses                    D  sendNotifyConnectivity true
2024-12-26 15:09:18.059 21433-21433 connectionService       com.allride.buses                    D  checkInMap exit for loadingCheckOnlineData
2024-12-26 15:09:18.059 21433-21433 connectionService       com.allride.buses                    D  sendNotifyConnectivity true
2024-12-26 15:09:18.060 21433-21433 MapActivity             com.allride.buses                    D  setupBroadcastReceiver onReceive connectivity true
2024-12-26 15:09:18.062 21433-21433 MapActivity             com.allride.buses                    D  setupBroadcastReceiver onReceive connectivity true
2024-12-26 15:09:18.260 21433-22590 ActiveDepa...eViewModel com.allride.buses                    I  Starting departure socket
2024-12-26 15:09:18.260 21433-22590 ActiveDepa...eViewModel com.allride.buses                    D  configSocket
2024-12-26 15:09:18.262 21433-22590 SocketClient            com.allride.buses                    D  Socket connected
2024-12-26 15:09:18.263 21433-21433 connectionService       com.allride.buses                    D  socketUpdateReceiver onReceive CONNECT true
2024-12-26 15:09:18.632 21433-21563 AllRideOAuth2Service    com.allride.buses                    I  Response Code > 200 - Request > Request{method=POST, url=https://stage.allrideapp.com/api/v2/pb/driver/departure/device/history, tags={class retrofit2.Invocation=com.allride.buses.api.AllRideAPI.saveDeviceHistoryConnection() [com.allride.buses.api.AllRideAPI$HistoryUse@356bbfc]}}
2024-12-26 15:09:18.665 21433-21659 connectionService       com.allride.buses                    D  checkPendingOfflineSync false false true
2024-12-26 15:09:18.665 21433-21659 connectionService       com.allride.buses                    D  sendNotifyPendingOfflineSync true - 
2024-12-26 15:09:18.665 21433-21433 MapActivity             com.allride.buses                    D  setupBroadcastReceiver onReceive pendingOfflineSync true
2024-12-26 15:09:18.666 21433-21659 connectionService       com.allride.buses                    I  checkSyncOffline dataList isEmpty
2024-12-26 15:09:18.666 21433-21659 connectionService       com.allride.buses                    D  Success saveDeviceHistoryConnection: 2
2024-12-26 15:09:18.763 21433-21433 connectionService       com.allride.buses                    D  checkConnectivity: true
2024-12-26 15:09:18.763 21433-21433 connectionService       com.allride.buses                    D  sendNotifyConnectivity true
2024-12-26 15:09:18.791 21433-21433 connectionService       com.allride.buses                    D  checkInMap false
2024-12-26 15:09:18.813 21433-21433 connectionService       com.allride.buses                    D  checkPendingOfflineSync false false true
2024-12-26 15:09:18.813 21433-21433 connectionService       com.allride.buses                    D  sendNotifyPendingOfflineSync true - 
2024-12-26 15:09:18.813 21433-21433 connectionService       com.allride.buses                    I  checkSyncOffline current 'departure' : [offline=false, validations=false, images=false, departure=true, deviceHistory=false, driverMuc=false]
2024-12-26 15:09:18.814 21433-21433 connectionService       com.allride.buses                    I  checkOnlineDataAsync
2024-12-26 15:09:18.814 21433-21433 connectionService       com.allride.buses                    I  checkOnlineDataAsync dataAsyncList is empty
2024-12-26 15:09:18.814 21433-21433 connectionService       com.allride.buses                    D  sendNotifyConnectivity true
2024-12-26 15:09:18.814 21433-21433 MapActivity             com.allride.buses                    D  setupBroadcastReceiver onReceive connectivity true
2024-12-26 15:09:18.815 21433-21433 MapActivity             com.allride.buses                    D  setupBroadcastReceiver onReceive pendingOfflineSync true
2024-12-26 15:09:18.815 21433-21433 MapActivity             com.allride.buses                    D  setupBroadcastReceiver onReceive connectivity true
2024-12-26 15:09:18.816 21433-21563 AllRideOAuth2Service    com.allride.buses                    I  getAccessToken 838ef4e481d12aa90c6c11a538997f7a6fa4e013b319bfb86d801d41a935528dde1f77b88e88411352868ef4c83db841c3ef4cd0816d6f9ca75ec20682d87d43
2024-12-26 15:09:19.507 21433-21563 AllRideOAuth2Service    com.allride.buses                    I  Response Code > 200 - Request > Request{method=GET, url=https://stage.allrideapp.com/api/v2/pb/driver/departures/current, tags={class retrofit2.Invocation=com.allride.buses.api.AllRideAPI.getCurrentDeparture() []}}
2024-12-26 15:09:19.514 21433-21659 connectionService       com.allride.buses                    D  Success getCurrentDeparture
2024-12-26 15:09:19.514 21433-21659 DepartureRealm          com.allride.buses                    I  update 676d9bcdabfef8bf4eafac90
2024-12-26 15:09:19.530 21433-21659 connectionService       com.allride.buses                    D  sendUpdateDeparture
2024-12-26 15:09:19.530 21433-21659 connectionService       com.allride.buses                    D  startActivityMap
2024-12-26 15:09:19.542 21433-21433 ActiveDepa...eViewModel com.allride.buses                    D  typeMap com.allride.buses.data.models.PBDeparture@5a42ea7
2024-12-26 15:09:19.542 21433-21433 MapActivity             com.allride.buses                    D  ActiveDepartureViewModel typeMap regular
2024-12-26 15:09:19.542 21433-21433 MapActivity             com.allride.buses                    D  ActiveDepartureViewModel capacity 46
2024-12-26 15:09:19.553 21433-21433 TripService             com.allride.buses                    D  socketUpdateReceiver onReceive UPDATE_DEPARTURE
2024-12-26 15:09:19.553 21433-21433 ActiveDepa...eViewModel com.allride.buses                    D  socketUpdateReceiver onReceive UPDATE_DEPARTURE
2024-12-26 15:09:19.553 21433-21433 ActiveDepa...eViewModel com.allride.buses                    D  socketUpdateReceiver onReceive UPDATE_DEPARTURE
2024-12-26 15:09:19.553 21433-21433 MapActivity             com.allride.buses                    D  setupBroadcastReceiver onReceive UPDATE_DEPARTURE false
2024-12-26 15:09:19.577 21433-21659 connectionService       com.allride.buses                    D  checkPendingOfflineSync false false true
2024-12-26 15:09:19.577 21433-21659 connectionService       com.allride.buses                    D  sendNotifyPendingOfflineSync true - 
2024-12-26 15:09:19.578 21433-21659 connectionService       com.allride.buses                    I  checkSyncOffline dataList isEmpty
2024-12-26 15:09:19.588 21433-21433 MapActivity             com.allride.buses                    D  setupBroadcastReceiver onReceive pendingOfflineSync true
2024-12-26 15:09:20.143 21433-21433 TripService             com.allride.buses                    D  Sending event 'newPosition' socket: ec2c1ecf-23e1-4a1c-bb3d-fe6698bc1f53 - [-34.3941091,-70.7812726]
2024-12-26 15:09:21.732 21433-22639 SocketClient            com.allride.buses                    D  Socket error
2024-12-26 15:09:21.733 21433-22639 SocketClient            com.allride.buses                    D  Socket disconnected
2024-12-26 15:09:21.735 21433-21433 connectionService       com.allride.buses                    D  socketUpdateReceiver onReceive EVENT_ERROR false
2024-12-26 15:09:21.735 21433-21433 TripService             com.allride.buses                    D  socketUpdateReceiver onReceive stop
2024-12-26 15:09:21.751 21433-22639 SocketClient            com.allride.buses                    D  Socket error
2024-12-26 15:09:21.752 21433-22639 SocketClient            com.allride.buses                    D  Socket disconnected
2024-12-26 15:09:21.815 21433-21433 TripService             com.allride.buses                    E  ADD HISTORY USE: SOCKET_EVENT_DISCONNECT
2024-12-26 15:09:22.071 21433-21433 TripService             com.allride.buses                    D  Pausing GPS Service
2024-12-26 15:09:22.072 21433-21433 TripService             com.allride.buses                    D  Stopped sharing location
2024-12-26 15:09:22.073 21433-21433 connectionService       com.allride.buses                    D  socketUpdateReceiver onReceive EVENT_ERROR false
2024-12-26 15:09:22.076 21433-21433 TripService             com.allride.buses                    D  socketUpdateReceiver onReceive stop
2024-12-26 15:09:22.131 21433-21433 TripService             com.allride.buses                    E  ADD HISTORY USE: SOCKET_EVENT_DISCONNECT
2024-12-26 15:09:22.192 21433-21433 TripService             com.allride.buses                    D  Pausing GPS Service
2024-12-26 15:09:22.192 21433-21433 TripService             com.allride.buses                    D  Stopped sharing location
2024-12-26 15:09:22.194 21433-21433 ConnectivityReceiver    com.allride.buses                    D  onReceive false
2024-12-26 15:09:22.195 21433-21433 connectionService       com.allride.buses                    D  socketUpdateReceiver onReceive stateReceiver false
2024-12-26 15:09:22.696 21433-21433 connectionService       com.allride.buses                    D  sendNotifyConnectivity false
2024-12-26 15:09:22.696 21433-21433 MapActivity             com.allride.buses                    D  setupBroadcastReceiver onReceive connectivity false
2024-12-26 15:09:23.104 21433-22721 SocketClient            com.allride.buses                    D  Socket reconnecting
2024-12-26 15:09:23.114 21433-22724 SocketClient            com.allride.buses                    D  Socket connect error
2024-12-26 15:09:23.219 21433-22726 SocketClient            com.allride.buses                    D  Socket reconnecting
2024-12-26 15:09:23.223 21433-22726 SocketClient            com.allride.buses                    D  Socket connect error
2024-12-26 15:09:23.474 21433-21433 UserRealm               com.allride.buses                    D  isWorking false
2024-12-26 15:09:23.487 21433-21460 SessionLifecycleClient  com.allride.buses                    D  Sending lifecycle 2 to service
2024-12-26 15:09:23.487 21433-21578 SessionLifecycleService com.allride.buses                    D  Activity backgrounding at 222820544
2024-12-26 15:09:23.614 21433-21433 nativeloader            com.allride.buses                    D  Load /data/app/~~Lln9Qwf7oTdyVrhIjWd0KQ==/com.allride.buses-4wvfg2S0F5E5S_wiCqe0tw==/base.apk!/lib/arm64-v8a/libuFCoder.so using ns clns-6 from class loader (caller=/data/app/~~Lln9Qwf7oTdyVrhIjWd0KQ==/com.allride.buses-4wvfg2S0F5E5S_wiCqe0tw==/base.apk!classes3.dex): ok
2024-12-26 15:09:23.654 21433-21433 D2xx::                  com.allride.buses                    V  Start constructor
2024-12-26 15:09:23.662 21433-21433 D2xx::                  com.allride.buses                    V  End constructor
2024-12-26 15:09:23.664 21433-21433 Utils                   com.allride.buses                    D  BroadcastReceiver registered successfully
2024-12-26 15:09:23.664 21433-21433 CapturePas...erActivity com.allride.buses                    E  ADD HISTORY USE: NO_TYPE_MOBILE_DATA
2024-12-26 15:09:23.682 21433-21433 CapturePas...erActivity com.allride.buses                    D  startCamera
2024-12-26 15:09:23.712 21433-22793 CameraManagerGlobal     com.allride.buses                    I  Connecting to camera service
2024-12-26 15:09:23.758 21433-21433 CamLifecycleController  com.allride.buses                    D  CameraProvider is not ready.
2024-12-26 15:09:23.758 21433-21433 CameraController        com.allride.buses                    D  Use cases not attached to camera.
2024-12-26 15:09:23.811 21433-22800 DynamiteModule          com.allride.buses                    I  Considering local module com.google.mlkit.dynamite.barcode:10000 and remote module com.google.mlkit.dynamite.barcode:0
2024-12-26 15:09:23.811 21433-22800 DynamiteModule          com.allride.buses                    I  Selected local version of com.google.mlkit.dynamite.barcode
2024-12-26 15:09:23.839 21433-22802 DecoupledTextDelegate   com.allride.buses                    D  Start loading thick OCR module.
2024-12-26 15:09:23.840 21433-21433 ViewReaderQR            com.allride.buses                    D  startQRAnalysis
2024-12-26 15:09:23.841 21433-22802 DynamiteModule          com.allride.buses                    I  Considering local module com.google.mlkit.dynamite.text.latin:10000 and remote module com.google.mlkit.dynamite.text.latin:0
2024-12-26 15:09:23.842 21433-22802 DynamiteModule          com.allride.buses                    I  Selected local version of com.google.mlkit.dynamite.text.latin
2024-12-26 15:09:23.875 21433-22793 CameraRepository        com.allride.buses                    D  Added camera: 0
2024-12-26 15:09:23.887 21433-21478 SessionLifecycleClient  com.allride.buses                    D  Sending lifecycle 1 to service
2024-12-26 15:09:23.889 21433-21578 SessionLifecycleService com.allride.buses                    D  Activity foregrounding at 222820945.
2024-12-26 15:09:23.889 21433-21433 CapturePas...erActivity com.allride.buses                    D  onResumeCamera
2024-12-26 15:09:23.889 21433-21433 ViewReaderQR            com.allride.buses                    D  onResumeCamera
2024-12-26 15:09:23.889 21433-21433 ViewReaderQR            com.allride.buses                    D  startQRAnalysis
2024-12-26 15:09:23.891 21433-21433 Utils                   com.allride.buses                    D  BroadcastReceiver registered successfully
2024-12-26 15:09:23.892 21433-21433 LoginActivity           com.allride.buses                    D  getNetworkStatus: {}
2024-12-26 15:09:23.942 21433-22793 Camera2CameraInfo       com.allride.buses                    I  Device Level: INFO_SUPPORTED_HARDWARE_LEVEL_3
2024-12-26 15:09:23.956 21433-22793 CameraRepository        com.allride.buses                    D  Added camera: 1
2024-12-26 15:09:23.958 21433-22793 Camera2CameraInfo       com.allride.buses                    I  Device Level: INFO_SUPPORTED_HARDWARE_LEVEL_3
2024-12-26 15:09:23.959 21433-22793 CameraValidator         com.allride.buses                    D  Verifying camera lens facing on corfur, lensFacingInteger: null
2024-12-26 15:09:23.990 21433-21433 CamLifecycleController  com.allride.buses                    D  CameraProvider is not ready.
2024-12-26 15:09:23.991 21433-21433 CameraController        com.allride.buses                    D  Use cases not attached to camera.
2024-12-26 15:09:24.059 21433-21433 UsbSerialService        com.allride.buses                    D  onCreate
2024-12-26 15:09:24.065 21433-21433 UsbSerialService        com.allride.buses                    D  findSerialPortDevice: []
2024-12-26 15:09:24.065 21433-21433 UsbSerialService        com.allride.buses                    D  No compatible USB device found
2024-12-26 15:09:24.096 21433-21433 CameraOrientationUtil   com.allride.buses                    D  getRelativeImageRotation: destRotationDegrees=0, sourceRotationDegrees=90, isOppositeFacing=true, result=90
2024-12-26 15:09:24.097 21433-21433 CameraOrientationUtil   com.allride.buses                    D  getRelativeImageRotation: destRotationDegrees=0, sourceRotationDegrees=90, isOppositeFacing=true, result=90
2024-12-26 15:09:24.128 21433-21433 DynamicRangeResolver    com.allride.buses                    D  Resolved dynamic range for use case androidx.camera.core.Preview-d8ca3998-381a-4e6b-9f35-dfdc4cc5a232 to no compatible HDR dynamic ranges.
                                                                                                    DynamicRange@ed8e517{encoding=UNSPECIFIED, bitDepth=0}
                                                                                                    ->
                                                                                                    DynamicRange@1f52596{encoding=SDR, bitDepth=8}
2024-12-26 15:09:24.153 21433-21433 CameraOrientationUtil   com.allride.buses                    D  getRelativeImageRotation: destRotationDegrees=0, sourceRotationDegrees=90, isOppositeFacing=true, result=90
2024-12-26 15:09:24.174 21433-21433 CameraOrientationUtil   com.allride.buses                    D  getRelativeImageRotation: destRotationDegrees=0, sourceRotationDegrees=90, isOppositeFacing=true, result=90
2024-12-26 15:09:24.178 21433-21433 DeferrableSurface       com.allride.buses                    D  Surface created[total_surfaces=1, used_surfaces=0](androidx.camera.core.processing.SurfaceEdge$SettableSurface@cfcbbb3}
2024-12-26 15:09:24.186 21433-21433 DeferrableSurface       com.allride.buses                    D  Surface created[total_surfaces=2, used_surfaces=0](androidx.camera.core.SurfaceRequest$2@47d600f}
2024-12-26 15:09:24.189 21433-21433 DeferrableSurface       com.allride.buses                    D  New surface in use[total_surfaces=2, used_surfaces=1](androidx.camera.core.SurfaceRequest$2@47d600f}
2024-12-26 15:09:24.189 21433-21433 DeferrableSurface       com.allride.buses                    D  use count+1, useCount=1 androidx.camera.core.SurfaceRequest$2@47d600f
2024-12-26 15:09:24.191 21433-21433 CameraOrientationUtil   com.allride.buses                    D  getRelativeImageRotation: destRotationDegrees=0, sourceRotationDegrees=90, isOppositeFacing=true, result=90
2024-12-26 15:09:24.196 21433-21433 ImageCapture            com.allride.buses                    D  createPipeline(cameraId: 0, streamSpec: StreamSpec{resolution=3264x2448, dynamicRange=DynamicRange@1f52596{encoding=SDR, bitDepth=8}, expectedFrameRateRange=[0, 0], implementationOptions=androidx.camera.camera2.impl.Camera2ImplConfig@fdb288})
2024-12-26 15:09:24.202 21433-21433 DeferrableSurface       com.allride.buses                    D  Surface created[total_surfaces=3, used_surfaces=1](androidx.camera.core.impl.ImmediateSurface@59aa421}
2024-12-26 15:09:24.207 21433-22804 Camera2CameraImpl       com.allride.buses                    D  {Camera@f00f3d4[id=0]} Use case androidx.camera.core.ImageCapture-b14a1d38-6624-45ce-be7c-4bba776c65fa31472830 ACTIVE
2024-12-26 15:09:24.207 21433-21433 CameraOrientationUtil   com.allride.buses                    D  getRelativeImageRotation: destRotationDegrees=0, sourceRotationDegrees=90, isOppositeFacing=true, result=90
2024-12-26 15:09:24.208 21433-21433 CameraOrientationUtil   com.allride.buses                    D  getRelativeImageRotation: destRotationDegrees=0, sourceRotationDegrees=90, isOppositeFacing=true, result=90
2024-12-26 15:09:24.209 21433-22804 UseCaseAttachState      com.allride.buses                    D  Active and attached use case: [] for camera: 0
2024-12-26 15:09:24.210 21433-21433 DeferrableSurface       com.allride.buses                    D  Surface created[total_surfaces=4, used_surfaces=1](androidx.camera.core.impl.ImmediateSurface@5e74207}
2024-12-26 15:09:24.214 21433-22804 Camera2CameraImpl       com.allride.buses                    D  {Camera@f00f3d4[id=0]} Use case androidx.camera.core.Preview-d8ca3998-381a-4e6b-9f35-dfdc4cc5a232184551289 ACTIVE
2024-12-26 15:09:24.214 21433-22804 UseCaseAttachState      com.allride.buses                    D  Active and attached use case: [] for camera: 0
2024-12-26 15:09:24.216 21433-22804 Camera2CameraImpl       com.allride.buses                    D  {Camera@f00f3d4[id=0]} Use case androidx.camera.core.ImageCapture-b14a1d38-6624-45ce-be7c-4bba776c65fa31472830 ACTIVE
