--------- beginning of crash
--------- beginning of system
--------- beginning of main
2024-06-25 09:21:21.318 15464-15464 CapturePas...erActivity com.allride.buses                    D  hideDialogValidation
2024-06-25 09:21:21.318 15464-15464 CapturePas...erActivity com.allride.buses                    D  onResumeCamera
2024-06-25 09:21:21.318 15464-15464 ViewReaderQR            com.allride.buses                    D  onResumeCamera
2024-06-25 09:21:21.319 15464-15464 ViewReaderQR            com.allride.buses                    D  startQRAnalysis
2024-06-25 09:21:21.319 15464-15464 UfReader                com.allride.buses                    D  openReader
2024-06-25 09:21:21.319 15464-15464 UfReader                com.allride.buses                    D  openReader: status 84 -> UFR_READER_OPENING_ERROR
2024-06-25 09:21:24.991 15464-15464 TripService             com.allride.buses                    E  Error send event 'newPosition' socket: sharingLocation true - socket null - [-34.3941066,-70.7812924]
2024-06-25 09:21:24.991 15464-15464 TripService             com.allride.buses                    D  Difference last seconds 4 - distance 0.0 - velocity 0.0
2024-06-25 09:21:24.991 15464-15464 TripService             com.allride.buses                    D  *** checkStopsLocally [-34.3941066,-70.7812924] ***
2024-06-25 09:21:24.992 15464-15464 TripService             com.allride.buses                    I  checkStopsLocally nearby 655d11d88a5a1a1ff0328464 - distance 110950.484
2024-06-25 09:21:24.992 15464-15464 TripService             com.allride.buses                    D  socketUpdateReceiver onReceive newPosition
2024-06-25 09:21:24.992 15464-15464 ActiveDepa...eViewModel com.allride.buses                    D  socketUpdateReceiver onReceive EVENT_GPS_NEW_POSITION [-34.3941066,-70.7812924]
2024-06-25 09:21:25.966 15464-15464 UserProvider            com.allride.buses                    D  isWorking false
2024-06-25 09:21:25.988 15464-15464 UfReader                com.allride.buses                    D  ResponseUFCoder
2024-06-25 09:21:25.989 15464-15464 UfReader                com.allride.buses                    D  closeReader: status 0 -> UFR_OK
2024-06-25 09:21:25.993 15464-15464 UsbSerialService        com.allride.buses                    D  onDestroy
2024-06-25 09:21:25.997 15464-15464 CapturePas...erActivity com.allride.buses                    D  onPauseCamera
2024-06-25 09:21:25.997 15464-15464 ViewReaderQR            com.allride.buses                    D  onPauseCamera
2024-06-25 09:21:25.999 15464-16736 Camera2CameraImpl       com.allride.buses                    D  {Camera@22f59a5[id=0]} Use case androidx.camera.core.ImageAnalysis-281c79a3-71dd-493a-aad7-a8d0c1f2f896159408314 INACTIVE
2024-06-25 09:21:26.000 15464-16736 UseCaseAttachState      com.allride.buses                    D  Active and attached use case: [androidx.camera.core.ImageCapture-9d712f8b-3ace-4b59-a278-39a8cf7a63a4122850789, androidx.camera.core.Preview-76cc9865-4c3a-43bd-8889-3df51542768c147314908] for camera: 0
2024-06-25 09:21:26.004 15464-16736 CaptureSession          com.allride.buses                    D  Attempting to submit CaptureRequest after setting
2024-06-25 09:21:26.004 15464-16736 CaptureSession          com.allride.buses                    D  Issuing request for session.
2024-06-25 09:21:26.004 15464-16736 Camera2Cap...estBuilder com.allride.buses                    D  createCaptureRequest
2024-06-25 09:21:26.019 15464-15464 UsbSerialService        com.allride.buses                    D  onDestroy
2024-06-25 09:21:26.038 15464-15464 MapActivity             com.allride.buses                    D  onStart
2024-06-25 09:21:26.040 15464-15464 ActiveDepa...eViewModel com.allride.buses                    D  onResumeMap
2024-06-25 09:21:26.040 15464-15464 MapActivity             com.allride.buses                    I  initViewModel
2024-06-25 09:21:26.048 15464-15464 MapActivity             com.allride.buses                    D  Success registerReceiver setupBroadcastReceiver
2024-06-25 09:21:26.049 15464-15464 ServiceConnectivity     com.allride.buses                    D  checkConnectivity
2024-06-25 09:21:26.049 15464-15464 ServiceConnectivity     com.allride.buses                    D  sendNotifyConnectivity false
2024-06-25 09:21:26.049 15464-15464 ServiceConnectivity     com.allride.buses                    D  checkPendingOfflineSync true false false
2024-06-25 09:21:26.050 15464-15464 ServiceConnectivity     com.allride.buses                    D  sendNotifyPendingOfflineSync false - Tienes una salida pendiente de sincronización
2024-06-25 09:21:26.050 15464-15464 ServiceConnectivity     com.allride.buses                    D  checkInMap
2024-06-25 09:21:26.081 15464-15464 ServiceConnectivity     com.allride.buses                    I  checkSyncOffline current offline - [offline=true, images=false, departure=true, deviceHistory=true, driverMuc=true]
2024-06-25 09:21:26.098 15464-15464 IStopCheckProvider      com.allride.buses                    D  Success getAll: 0
2024-06-25 09:21:26.098 15464-15464 ServiceConnectivity     com.allride.buses                    D  Pre syncDepartures: departures 1 - validations 2 - checkStops 0 - events 0
2024-06-25 09:21:26.144 15464-15464 ServiceConnectivity     com.allride.buses                    D  Pre syncDepartures: departure [{"active":true,"boardings":0,"busCode":"4","canResume":false,"capacity":5,"communities":["653fd601f90509541a748683"],"communityId":"653fd601f90509541a748683","createdAt":"Jun 25, 2024 9:20:47 AM","customParams":[],"customParamsAtTheEnd":[],"direction":"","driverCode":"753","driverId":"6582e724938e4e7b3bcf9f0a","drivers":[],"enabledSeats":[{"available":false,"_id":"dcebc521-e4b4-4d8e-8bcf-56a3c779b3a2","seat":"1","userId":"654a5148bf3e9410d0bcd39a"},{"available":true,"_id":"9505fdcd-320a-4ad3-9bf3-cb20f0c3105b","seat":"2","userId":""},{"available":true,"_id":"e4abd0b8-ebaf-4d6d-ab60-9e46ce3644e9","seat":"3","userId":""},{"available":true,"_id":"4464068d-ebad-460b-b002-dcae543f02d5","seat":"4","userId":""},{"available":true,"_id":"faa27602-2e63-432d-81c2-aaa450729ee3","seat":"5","userId":""}],"estimatedDistance":0,"_id":"","internal":false,"legs":[{"customParamsAtStart":[],"customParamsAtTheEnd":[],"driverId":"6582e724938e4e7b3bcf9f0a","preTripChecklist":[],"realStartLocation":{"_id":"","internalId":"03563e53-1073-47ed-8c3c-f5335bacba4c","lat":-34.39411,"lon":-70.781296},"startedAt":"Jun 25, 2024 9:20:47 AM","type":"service"}],"name":"","odd":false,"oddType":"","offlineSync":{"historical":[],"internalId":"da922f1a-52a1-4bd3-a630-21c2b537df3a","synced":false},"passengersLinked":[],"passengersToLink":[],"preTripChecklist":[],"previouslyActive":false,"realStartLocation":{"_id":"","internalId":"e71ad196-2450-4801-a185-42fcd53389e3","lat":-34.39411,"lon":-70.78129},"reason":"","reservations":[],"rounds":0,"routeId":"65faf386137abd9662f15a45","scheduled":false,"startCapacity":5,"startLocation":{"_id":"","internalId":"03563e53-1073-47ed-8c3c-f5335bacba4c","lat":-34.39411,"lon":-70.781296},"startedAt":"Jun 25, 2024 9:20:47 AM","state":"","superCommunityId":"653fd68233d83952fafcd4be","tickets":0,"token":"","unboardings":0,"validations":[],"vehicleId":"65b8f0f820443b7f47d682f5"}]
2024-06-25 09:21:26.148 15464-15464 MapActivity             com.allride.buses                    D  ActiveDepartureViewModel typeMap regular
2024-06-25 09:21:26.148 15464-15464 MapActivity             com.allride.buses                    D  ActiveDepartureViewModel capacity 5
2024-06-25 09:21:26.149 15464-15464 MapActivity             com.allride.buses                    D  ActiveDepartureViewModel capacityColor 2E7D32
2024-06-25 09:21:26.150 15464-15464 MapActivity             com.allride.buses                    D  activeDepartureViewModel.newPosition lat/lng: (-34.3941066,-70.7812924) null
2024-06-25 09:21:26.231 15464-15464 MapActivity             com.allride.buses                    D  setupBroadcastReceiver onReceive connectivity false
2024-06-25 09:21:26.233 15464-15464 MapActivity             com.allride.buses                    D  setupBroadcastReceiver onReceive pendingOfflineSync false
2024-06-25 09:21:26.264 15464-15464 ServiceConnectivity     com.allride.buses                    E  Error syncDepartures: Unable to resolve host "stage.allrideapp.com": No address associated with hostname
2024-06-25 09:21:26.668 15464-15464 SurfaceViewImpl         com.allride.buses                    D  Surface destroyed.
2024-06-25 09:21:26.669 15464-15464 SurfaceViewImpl         com.allride.buses                    D  Surface closed androidx.camera.core.SurfaceRequest@3dbba55
2024-06-25 09:21:26.669 15464-15464 DeferrableSurface       com.allride.buses                    D  surface closed,  useCount=2 closed=true androidx.camera.core.SurfaceRequest$2@a126c6a
2024-06-25 09:21:26.676 15464-15652 BufferQueueProducer     com.allride.buses                    E  [SurfaceView[com.allride.buses/com.allride.buses.ui.view.activities.drivers.CapturePassengerActivity]#9(BLAST Consumer)9](id:3c680000000d,api:4,p:1539,c:15464) queueBuffer: BufferQueue has been abandoned
2024-06-25 09:21:26.676 15464-15652 BufferQueueProducer     com.allride.buses                    E  [SurfaceView[com.allride.buses/com.allride.buses.ui.view.activities.drivers.CapturePassengerActivity]#9(BLAST Consumer)9](id:3c680000000d,api:4,p:1539,c:15464) dequeueBuffer: BufferQueue has been abandoned
2024-06-25 09:21:26.684 15464-15464 ScreenFlashWrapper      com.allride.buses                    W  completePendingScreenFlashClear: none pending!
2024-06-25 09:21:26.686 15464-16739 Camera2CameraImpl       com.allride.buses                    D  {Camera@22f59a5[id=0]} Use cases [androidx.camera.core.Preview-76cc9865-4c3a-43bd-8889-3df51542768c147314908, androidx.camera.core.ImageCapture-9d712f8b-3ace-4b59-a278-39a8cf7a63a4122850789, androidx.camera.core.ImageAnalysis-281c79a3-71dd-493a-aad7-a8d0c1f2f896159408314] now DETACHED for camera
2024-06-25 09:21:26.686 15464-16739 UseCaseAttachState      com.allride.buses                    D  All use case: [] for camera: 0
2024-06-25 09:21:26.686 15464-16739 Camera2CameraImpl       com.allride.buses                    D  {Camera@22f59a5[id=0]} Resetting Capture Session
2024-06-25 09:21:26.687 15464-16739 SyncCaptureSessionImpl  com.allride.buses                    D  [androidx.camera.camera2.internal.SynchronizedCaptureSessionImpl@662577a] Session call close()
2024-06-25 09:21:26.687 15464-16739 Camera2CameraImpl       com.allride.buses                    D  {Camera@22f59a5[id=0]} Releasing session in state OPENED
2024-06-25 09:21:26.687 15464-16739 UseCaseAttachState      com.allride.buses                    D  Active and attached use case: [] for camera: 0
2024-06-25 09:21:26.688 15464-16739 UseCaseAttachState      com.allride.buses                    D  Active and attached use case: [] for camera: 0
2024-06-25 09:21:26.691 15464-16739 Camera2CameraImpl       com.allride.buses                    D  {Camera@22f59a5[id=0]} Closing camera.
2024-06-25 09:21:26.691 15464-16739 Camera2CameraImpl       com.allride.buses                    D  {Camera@22f59a5[id=0]} Transitioning camera internal state: OPENED --> CLOSING
2024-06-25 09:21:26.692 15464-16739 CameraStateRegistry     com.allride.buses                    D  Recalculating open cameras:
                                                                                                    Camera                                       State                 
                                                                                                    -------------------------------------------------------------------
                                                                                                    Camera@bee5b46[id=1]                         UNKNOWN               
                                                                                                    Camera@22f59a5[id=0]                         CLOSING               
                                                                                                    -------------------------------------------------------------------
                                                                                                    Open count: 1 (Max allowed: 1)
2024-06-25 09:21:26.692 15464-16739 CameraStateMachine      com.allride.buses                    D  New public camera state CameraState{type=CLOSING, error=null} from CLOSING and null
2024-06-25 09:21:26.692 15464-16739 CameraStateMachine      com.allride.buses                    D  Publishing new public camera state CameraState{type=CLOSING, error=null}
2024-06-25 09:21:26.693 15464-16739 Camera2CameraImpl       com.allride.buses                    D  {Camera@22f59a5[id=0]} Resetting Capture Session
2024-06-25 09:21:26.695 15464-15464 DeferrableSurface       com.allride.buses                    D  surface closed,  useCount=0 closed=true androidx.camera.core.processing.SurfaceEdge$SettableSurface@270285e
2024-06-25 09:21:26.696 15464-15464 DeferrableSurface       com.allride.buses                    D  Surface terminated[total_surfaces=3, used_surfaces=3](androidx.camera.core.processing.SurfaceEdge$SettableSurface@270285e}
2024-06-25 09:21:26.696 15464-15464 DeferrableSurface       com.allride.buses                    D  use count-1,  useCount=1 closed=true androidx.camera.core.SurfaceRequest$2@a126c6a
2024-06-25 09:21:26.696 15464-15464 ScreenFlashWrapper      com.allride.buses                    W  completePendingScreenFlashClear: none pending!
2024-06-25 09:21:26.696 15464-15464 ImageCapture            com.allride.buses                    D  clearPipeline
2024-06-25 09:21:26.696 15464-15464 DeferrableSurface       com.allride.buses                    D  surface closed,  useCount=1 closed=true androidx.camera.core.impl.ImmediateSurface@9fa95a4
2024-06-25 09:21:26.696 15464-15464 DeferrableSurface       com.allride.buses                    D  surface closed,  useCount=1 closed=true androidx.camera.core.impl.ImmediateSurface@c2864d3
2024-06-25 09:21:26.697 15464-15464 CapturePas...erActivity com.allride.buses                    D  onDestroyCamera
2024-06-25 09:21:26.697 15464-15464 UfReader                com.allride.buses                    D  ResponseUFCoder
2024-06-25 09:21:26.698 15464-16739 Camera2CameraImpl       com.allride.buses                    D  {Camera@22f59a5[id=0]} Releasing session in state CLOSING
2024-06-25 09:21:26.699 15464-16739 SyncCaptureSessionImpl  com.allride.buses                    D  [androidx.camera.camera2.internal.SynchronizedCaptureSessionImpl@662577a] Session call super.close()
2024-06-25 09:21:26.699 15464-16739 UseCaseAttachState      com.allride.buses                    D  Active and attached use case: [] for camera: 0
2024-06-25 09:21:26.702 15464-15652 TextToSpeech            com.allride.buses                    I  Disconnected from TTS engine
2024-06-25 09:21:26.705 15464-16739 CaptureSession          com.allride.buses                    D  onSessionFinished()
2024-06-25 09:21:26.707 15464-16739 Camera2CameraImpl       com.allride.buses                    D  {Camera@22f59a5[id=0]} closing camera
2024-06-25 09:21:26.713 15464-15464 StreamStateObserver     com.allride.buses                    D  Update Preview stream state to IDLE
2024-06-25 09:21:26.725 15464-15652 BufferQueueProducer     com.allride.buses                    E  [SurfaceView[com.allride.buses/com.allride.buses.ui.view.activities.drivers.CapturePassengerActivity]#9(BLAST Consumer)9](id:3c680000000d,api:4,p:1539,c:15464) queueBuffer: BufferQueue has been abandoned
2024-06-25 09:21:26.733 15464-16885 BufferQueueProducer     com.allride.buses                    E  [SurfaceView[com.allride.buses/com.allride.buses.ui.view.activities.drivers.CapturePassengerActivity]#9(BLAST Consumer)9](id:3c680000000d,api:4,p:1539,c:15464) cancelBuffer: BufferQueue has been abandoned
2024-06-25 09:21:26.733 15464-16885 BufferQueueProducer     com.allride.buses                    E  [SurfaceView[com.allride.buses/com.allride.buses.ui.view.activities.drivers.CapturePassengerActivity]#9(BLAST Consumer)9](id:3c680000000d,api:4,p:1539,c:15464) cancelBuffer: BufferQueue has been abandoned
2024-06-25 09:21:26.738 15464-16885 BufferQueueProducer     com.allride.buses                    E  [SurfaceView[com.allride.buses/com.allride.buses.ui.view.activities.drivers.CapturePassengerActivity]#9(BLAST Consumer)9](id:3c680000000d,api:4,p:1539,c:15464) cancelBuffer: BufferQueue has been abandoned
2024-06-25 09:21:26.739 15464-16885 BufferQueueProducer     com.allride.buses                    E  [SurfaceView[com.allride.buses/com.allride.buses.ui.view.activities.drivers.CapturePassengerActivity]#9(BLAST Consumer)9](id:3c680000000d,api:4,p:1539,c:15464) cancelBuffer: BufferQueue has been abandoned
2024-06-25 09:21:26.740 15464-16885 BufferQueueProducer     com.allride.buses                    E  [SurfaceView[com.allride.buses/com.allride.buses.ui.view.activities.drivers.CapturePassengerActivity]#9(BLAST Consumer)9](id:3c680000000d,api:4,p:1539,c:15464) cancelBuffer: BufferQueue has been abandoned
2024-06-25 09:21:26.740 15464-16885 BufferQueueProducer     com.allride.buses                    E  [SurfaceView[com.allride.buses/com.allride.buses.ui.view.activities.drivers.CapturePassengerActivity]#9(BLAST Consumer)9](id:3c680000000d,api:4,p:1539,c:15464) cancelBuffer: BufferQueue has been abandoned
2024-06-25 09:21:26.921 15464-16739 DeferrableSurface       com.allride.buses                    D  use count-1,  useCount=0 closed=true androidx.camera.core.SurfaceRequest$2@a126c6a
2024-06-25 09:21:26.922 15464-16739 DeferrableSurface       com.allride.buses                    D  Surface no longer in use[total_surfaces=3, used_surfaces=2](androidx.camera.core.SurfaceRequest$2@a126c6a}
2024-06-25 09:21:26.922 15464-16739 DeferrableSurface       com.allride.buses                    D  Surface terminated[total_surfaces=2, used_surfaces=2](androidx.camera.core.SurfaceRequest$2@a126c6a}
2024-06-25 09:21:26.924 15464-16739 DeferrableSurface       com.allride.buses                    D  use count-1,  useCount=0 closed=true androidx.camera.core.impl.ImmediateSurface@9fa95a4
2024-06-25 09:21:26.924 15464-15464 SurfaceViewImpl         com.allride.buses                    D  Safe to release surface.
2024-06-25 09:21:26.924 15464-16739 DeferrableSurface       com.allride.buses                    D  Surface no longer in use[total_surfaces=2, used_surfaces=1](androidx.camera.core.impl.ImmediateSurface@9fa95a4}
2024-06-25 09:21:26.924 15464-16739 DeferrableSurface       com.allride.buses                    D  Surface terminated[total_surfaces=1, used_surfaces=1](androidx.camera.core.impl.ImmediateSurface@9fa95a4}
2024-06-25 09:21:26.925 15464-16739 DeferrableSurface       com.allride.buses                    D  use count-1,  useCount=0 closed=true androidx.camera.core.impl.ImmediateSurface@c2864d3
2024-06-25 09:21:26.925 15464-16739 DeferrableSurface       com.allride.buses                    D  Surface no longer in use[total_surfaces=1, used_surfaces=0](androidx.camera.core.impl.ImmediateSurface@c2864d3}
2024-06-25 09:21:26.925 15464-16739 DeferrableSurface       com.allride.buses                    D  Surface terminated[total_surfaces=0, used_surfaces=0](androidx.camera.core.impl.ImmediateSurface@c2864d3}
2024-06-25 09:21:26.927 15464-16739 Camera2CameraImpl       com.allride.buses                    D  {Camera@22f59a5[id=0]} CameraDevice.onClosed()
2024-06-25 09:21:26.929 15464-16739 Camera2CameraImpl       com.allride.buses                    D  {Camera@22f59a5[id=0]} Transitioning camera internal state: CLOSING --> INITIALIZED
2024-06-25 09:21:26.932 15464-16739 CameraStateRegistry     com.allride.buses                    D  Recalculating open cameras:
                                                                                                    Camera                                       State                 
                                                                                                    -------------------------------------------------------------------
                                                                                                    Camera@bee5b46[id=1]                         UNKNOWN               
                                                                                                    Camera@22f59a5[id=0]                         CLOSED                
                                                                                                    -------------------------------------------------------------------
                                                                                                    Open count: 0 (Max allowed: 1)
2024-06-25 09:21:26.935 15464-16739 CameraStateMachine      com.allride.buses                    D  New public camera state CameraState{type=CLOSED, error=null} from CLOSED and null
2024-06-25 09:21:26.935 15464-16739 CameraStateMachine      com.allride.buses                    D  Publishing new public camera state CameraState{type=CLOSED, error=null}
2024-06-25 09:21:30.014 15464-15464 TripService             com.allride.buses                    E  Error send event 'newPosition' socket: sharingLocation true - socket null - [-34.3941067,-70.7812926]
2024-06-25 09:21:30.016 15464-15464 TripService             com.allride.buses                    D  Difference last seconds 5 - distance 0.02147765 - velocity 0.0042955303
2024-06-25 09:21:30.016 15464-15464 TripService             com.allride.buses                    D  *** checkStopsLocally [-34.3941067,-70.7812926] ***
2024-06-25 09:21:30.018 15464-15464 TripService             com.allride.buses                    I  checkStopsLocally nearby 655d11d88a5a1a1ff0328464 - distance 110950.5
2024-06-25 09:21:30.020 15464-15464 TripService             com.allride.buses                    D  socketUpdateReceiver onReceive newPosition
2024-06-25 09:21:30.021 15464-15464 ActiveDepa...eViewModel com.allride.buses                    D  socketUpdateReceiver onReceive EVENT_GPS_NEW_POSITION [-34.3941067,-70.7812926]
2024-06-25 09:21:30.025 15464-15464 MapActivity             com.allride.buses                    D  activeDepartureViewModel.newPosition lat/lng: (-34.3941067,-70.7812926) null
2024-06-25 09:21:30.198 15464-15464 Utils                   com.allride.buses                    D  getCommunityFirst auth {"accessToken":"0cabdf63a453fb1ff080804fd5782507decb0ca48373ec79ec8791861418df2919c98bc51a562d4f845d24b1b207545f07834133e25ea904ab13f4748f9376ec","active":true,"canCreateRoutes":true,"code":"753","communities":["653fd601f90509541a748683","653fd601f90509541a748683","653fd601f90509541a748683","653fd601f90509541a748683"],"communityId":"653fd601f90509541a748683","config":{"autoLogout":{"enabled":false,"enum":"afterDepartureEnd","timer":{"amount":0,"unit":"minutes"}}},"device":{"accessToken":"","build":"","communities":[],"communityId":"","_id":"","model":"moto g71 5G","notificationToken":"","superCommunityId":""},"email":"nicolas+conductorrdda@allrideapp.com","hasToChangePassword":false,"_id":"6582e724938e4e7b3bcf9f0a","name":"Conductor RDD Abierto","refreshToken":"","rtlToken":"0070dc90d57492f46d637e2934d1dbe22ea32887c0a38243f587e664c770cb17b93272f225e274027c18e2e02607676a8e221122f4135256973aa3bca7389c46","superCommunities":["653fd68233d83952fafcd4be"],"superCommunityId":"653fd68233d83952fafcd4be"}
2024-06-25 09:21:30.198 15464-15464 Utils                   com.allride.buses                    D  getCommunityFirst routeId 65faf386137abd9662f15a45
2024-06-25 09:21:30.208 15464-15464 Utils                   com.allride.buses                    D  getCommunityFirst 1 - 653fd601f90509541a748683 : Pruebas Automatización
2024-06-25 09:21:30.583 15464-16885 OpenGLRenderer          com.allride.buses                    I  Davey! duration=9223083753208ms; Flags=0, FrameTimelineVsyncId=19876805, IntendedVsync=288283645730659, Vsync=288283645730659, InputEventId=0, HandleInputStart=288283650198620, AnimationStart=288283650204349, PerformTraversalsStart=288283650492162, DrawStart=288283658584974, FrameDeadline=288283662397325, FrameInterval=288283650177527, FrameStartTime=16666666, SyncQueued=288283659765756, SyncStart=288283659893724, IssueDrawCommandsStart=288283660029714, SwapBuffers=288283661150339, FrameCompleted=9223372036854775807, DequeueBufferDuration=16094, QueueBufferDuration=612709, GpuCompleted=9223372036854775807, SwapBuffersCompleted=288283662151849, DisplayPresentTime=0, 
2024-06-25 09:21:31.317 15464-15464 DialogInternalLeg       com.allride.buses                    D  getParams service - end 0
2024-06-25 09:21:32.073 15464-15464 DepartureProvider       com.allride.buses                    D  updateLegDeparture EndService da922f1a-52a1-4bd3-a630-21c2b537df3a
2024-06-25 09:21:32.091 15464-15464 ActiveDepa...eViewModel com.allride.buses                    D  Observer legType service
2024-06-25 09:21:32.091 15464-15464 ActiveDepa...eViewModel com.allride.buses                    D  addSource offlineMessage currentDeparture
2024-06-25 09:21:32.091 15464-15464 ActiveDepa...eViewModel com.allride.buses                    D  addSource checkPendingOfflineSync false true
2024-06-25 09:21:32.091 15464-15464 ServiceConnectivity     com.allride.buses                    D  checkPendingOfflineSync false true false
2024-06-25 09:21:32.092 15464-15464 ServiceConnectivity     com.allride.buses                    D  sendNotifyPendingOfflineSync false - Tienes validaciones pendientes de sincronización
2024-06-25 09:21:32.092 15464-15464 MapActivity             com.allride.buses                    D  ActiveDepartureViewModel capacity 0
2024-06-25 09:21:32.093 15464-15464 MapActivity             com.allride.buses                    D  ActiveDepartureViewModel typeMap loading
2024-06-25 09:21:32.094 15464-15464 ActiveDepa...eViewModel com.allride.buses                    D  currentStop departure IS NULL
2024-06-25 09:21:32.094 15464-15464 ActiveDepa...eViewModel com.allride.buses                    D  stopDeparture
2024-06-25 09:21:32.097 15464-15464 TripService             com.allride.buses                    I  Stopping service
2024-06-25 09:21:32.097 15464-15464 SocketClient            com.allride.buses                    I  STOPPING SOCKET
2024-06-25 09:21:32.182 15464-15519 OpenGLRenderer          com.allride.buses                    D  endAllActiveAnimators on 0xb400007b279af870 (RippleDrawable) with handle 0xb400007a36fb5930
2024-06-25 09:21:32.211 15464-15464 MapActivity             com.allride.buses                    D  setupBroadcastReceiver onReceive pendingOfflineSync false
2024-06-25 09:21:32.212 15464-15464 TripService             com.allride.buses                    D  onDestroy
2024-06-25 09:21:32.212 15464-15464 TripService             com.allride.buses                    D  Success unregisterReceiver socketUpdateReceiver
2024-06-25 09:21:32.222 15464-15464 ServiceConnectivity     com.allride.buses                    E  Error getStatisticsDeparture: Unable to resolve host "stage.allrideapp.com": No address associated with hostname
2024-06-25 09:21:32.252 15464-15464 ActiveDepa...eViewModel com.allride.buses                    E  Error stopDeparture: Unable to resolve host "stage.allrideapp.com": No address associated with hostname
2024-06-25 09:21:32.265 15464-15464 ActiveDepa...eViewModel com.allride.buses                    D  stopDeparture
2024-06-25 09:21:32.265 15464-15464 SocketClient            com.allride.buses                    I  STOPPING SOCKET
2024-06-25 09:21:32.404 15464-15464 DepartureProvider       com.allride.buses                    I  getActiveDeparture
2024-06-25 09:21:32.410 15464-15464 SocketClient            com.allride.buses                    I  STOPPING SOCKET
2024-06-25 09:21:32.413 15464-15464 Utils                   com.allride.buses                    D  ConnectivityService is exits
2024-06-25 09:21:32.617 15464-15464 MainActivityViewModel   com.allride.buses                    D  FirebaseMessaging getInstance
2024-06-25 09:21:32.618 15464-15464 SingleShot...leProvider com.allride.buses                    D  requestSingleUpdate
2024-06-25 09:21:32.627 15464-15464 MapsInitializer         com.allride.buses                    D  preferredRenderer: null
2024-06-25 09:21:32.627 15464-15464 zzcc                    com.allride.buses                    D  preferredRenderer: null
2024-06-25 09:21:32.629 15464-15464 Google Android Maps SDK com.allride.buses                    I  Google Play services package version: 242213038
2024-06-25 09:21:32.629 15464-15464 Google Android Maps SDK com.allride.buses                    I  Google Play services maps renderer version(maps_core): 241610202
2024-06-25 09:21:32.639 15464-15464 FutureServ...apFragment com.allride.buses                    D  onViewCreated
2024-06-25 09:21:32.639 15464-15464 FutureServ...apFragment com.allride.buses                    D  setupUI
2024-06-25 09:21:32.640 15464-15464 FutureServ...apFragment com.allride.buses                    D  initViewModel
2024-06-25 09:21:32.775 15464-15464 ProxyAndro...gerBackend com.allride.buses                    W  Too many Flogger logs received before configuration. Dropping old logs.
2024-06-25 09:21:32.780 15464-15464 ProxyAndro...gerBackend com.allride.buses                    W  Too many Flogger logs received before configuration. Dropping old logs.
2024-06-25 09:21:32.782 15464-15464 ProxyAndro...gerBackend com.allride.buses                    W  Too many Flogger logs received before configuration. Dropping old logs.
2024-06-25 09:21:32.785 15464-16957 ProxyAndro...gerBackend com.allride.buses                    W  Too many Flogger logs received before configuration. Dropping old logs.
2024-06-25 09:21:32.786 15464-15464 ProxyAndro...gerBackend com.allride.buses                    W  Too many Flogger logs received before configuration. Dropping old logs.
2024-06-25 09:21:32.787 15464-16958 ProxyAndro...gerBackend com.allride.buses                    W  Too many Flogger logs received before configuration. Dropping old logs.
2024-06-25 09:21:32.791 15464-15464 ProxyAndro...gerBackend com.allride.buses                    W  Too many Flogger logs received before configuration. Dropping old logs.
2024-06-25 09:21:32.792 15464-15464 ProxyAndro...gerBackend com.allride.buses                    W  Too many Flogger logs received before configuration. Dropping old logs.
2024-06-25 09:21:32.797 15464-15464 ProxyAndro...gerBackend com.allride.buses                    W  Too many Flogger logs received before configuration. Dropping old logs.
2024-06-25 09:21:32.798 15464-15464 ProxyAndro...gerBackend com.allride.buses                    W  Too many Flogger logs received before configuration. Dropping old logs.
2024-06-25 09:21:32.801 15464-15464 ProxyAndro...gerBackend com.allride.buses                    W  Too many Flogger logs received before configuration. Dropping old logs.
2024-06-25 09:21:32.802 15464-15464 ProxyAndro...gerBackend com.allride.buses                    W  Too many Flogger logs received before configuration. Dropping old logs.
2024-06-25 09:21:32.817 15464-15464 FutureServ...apFragment com.allride.buses                    D  onHiddenChanged true
2024-06-25 09:21:32.913 15464-15464 FlexibleFragment        com.allride.buses                    D  setupTabLayout
2024-06-25 09:21:32.918 15464-15464 FutureServ...apFragment com.allride.buses                    D  setUpCluster
2024-06-25 09:21:32.922 15464-15464 FlexibleFragment        com.allride.buses                    D  departuresPending null
2024-06-25 09:21:32.926 15464-15464 MainActivity            com.allride.buses                    D  Success registerReceiver setupBroadcastReceiver
2024-06-25 09:21:32.926 15464-15464 ServiceConnectivity     com.allride.buses                    D  checkConnectivity
2024-06-25 09:21:32.926 15464-15464 ServiceConnectivity     com.allride.buses                    D  sendNotifyConnectivity false
2024-06-25 09:21:32.926 15464-15464 ServiceConnectivity     com.allride.buses                    D  checkPendingOfflineSync true true false
2024-06-25 09:21:32.926 15464-15464 ServiceConnectivity     com.allride.buses                    D  sendNotifyPendingOfflineSync false - Tienes una salida y validaciones pendientes de sincronización
2024-06-25 09:21:32.926 15464-15464 ServiceConnectivity     com.allride.buses                    D  checkInMap
2024-06-25 09:21:32.974 15464-15464 ServiceConnectivity     com.allride.buses                    I  checkSyncOffline current offline - [offline=true, images=false, departure=true, deviceHistory=true, driverMuc=true]
2024-06-25 09:21:32.982 15464-15464 IStopCheckProvider      com.allride.buses                    D  Success getAll: 0
2024-06-25 09:21:32.982 15464-15464 ServiceConnectivity     com.allride.buses                    D  Pre syncDepartures: departures 1 - validations 2 - checkStops 0 - events 0
2024-06-25 09:21:33.010 15464-15474 m.allride.buse          com.allride.buses                    I  Compiler allocated 7548KB to compile void m.eiq.V(m.enc, m.fdq, android.content.res.Resources, m.ele, m.evm, boolean, m.dld, java.util.Map, boolean, boolean)
2024-06-25 09:21:33.047 15464-15464 ServiceConnectivity     com.allride.buses                    D  Pre syncDepartures: departure [{"active":false,"boardings":0,"busCode":"4","canResume":false,"capacity":5,"communities":["653fd601f90509541a748683"],"communityId":"653fd601f90509541a748683","createdAt":"Jun 25, 2024 9:20:47 AM","customParams":[],"customParamsAtTheEnd":[],"direction":"","driverCode":"753","driverId":"6582e724938e4e7b3bcf9f0a","drivers":[],"enabledSeats":[{"available":false,"_id":"dcebc521-e4b4-4d8e-8bcf-56a3c779b3a2","seat":"1","userId":"654a5148bf3e9410d0bcd39a"},{"available":true,"_id":"9505fdcd-320a-4ad3-9bf3-cb20f0c3105b","seat":"2","userId":""},{"available":true,"_id":"e4abd0b8-ebaf-4d6d-ab60-9e46ce3644e9","seat":"3","userId":""},{"available":true,"_id":"4464068d-ebad-460b-b002-dcae543f02d5","seat":"4","userId":""},{"available":true,"_id":"faa27602-2e63-432d-81c2-aaa450729ee3","seat":"5","userId":""}],"endLocation":{"_id":"","internalId":"6c18738c-32c5-45b6-b6a9-ff764557d0d5","lat":-34.394108,"lon":-70.781296},"endedAt":"Jun 25, 2024 9:21:32 AM","estimatedDistance":0,"_id":"","internal":false,"legs":[{"customParamsAtStart":[],"customParamsAtTheEnd":[],"driverId":"6582e724938e4e7b3bcf9f0a","endedAt":"Jun 25, 2024 9:21:32 AM","preTripChecklist":[],"realEndLocation":{"_id":"","internalId":"6c18738c-32c5-45b6-b6a9-ff764557d0d5","lat":-34.394108,"lon":-70.781296},"realStartLocation":{"_id":"","internalId":"03563e53-1073-47ed-8c3c-f5335bacba4c","lat":-34.39411,"lon":-70.781296},"startedAt":"Jun 25, 2024 9:20:47 AM","type":"service"}],"name":"","odd":false,"oddType":"","offlineSync":{"historical":[],"internalId":"da922f1a-52a1-4bd3-a630-21c2b537df3a","synced":false},"passengersLinked":[],"passengersToLink":[],"preTripChecklist":[],"previouslyActive":false,"realEndLocation":{"_id":"","internalId":"6c18738c-32c5-45b6-b6a9-ff764557d0d5","lat":-34.394108,"lon":-70.781296},"realStartLocation":{"_id":"","internalId":"e71ad196-2450-4801-a185-42fcd53389e3","lat":-34.39411,"lon":-70.78129},"reason":"","reservations":[],"rounds":0,"routeId":"65faf386137abd9662f15a45","scheduled":false,"startCapacity":5,"startLocation":{"_id":"","internalId":"03563e53-1073-47ed-8c3c-f5335bacba4c","lat":-34.39411,"lon":-70.781296},"startedAt":"Jun 25, 2024 9:20:47 AM","state":"","superCommunityId":"653fd68233d83952fafcd4be","tickets":0,"token":"","unboardings":0,"validations":[],"vehicleId":"65b8f0f820443b7f47d682f5"}]
2024-06-25 09:21:33.057 15464-15464 FutureServ...apFragment com.allride.buses                    D  onResume
2024-06-25 09:21:33.057 15464-15464 FutureServ...apFragment com.allride.buses                    D  updateUI
2024-06-25 09:21:33.057 15464-15464 FutureServ...apFragment com.allride.buses                    D  setUpCluster
2024-06-25 09:21:33.057 15464-15464 FutureServ...apFragment com.allride.buses                    D  displayFilters null - null
2024-06-25 09:21:33.098 15464-15464 FutureServ...apFragment com.allride.buses                    D  onPause
2024-06-25 09:21:33.101 15464-15464 ServiceConnectivity     com.allride.buses                    E  Error getStatisticsDeparture: Unable to resolve host "stage.allrideapp.com": No address associated with hostname
2024-06-25 09:21:33.101 15464-15464 Choreographer           com.allride.buses                    I  Skipped 48 frames!  The application may be doing too much work on its main thread.
2024-06-25 09:21:33.295 15464-15474 m.allride.buse          com.allride.buses                    I  Compiler allocated 8435KB to compile void m.eiq.V(m.enc, m.fdq, android.content.res.Resources, m.ele, m.evm, boolean, m.dld, java.util.Map, boolean, boolean)
2024-06-25 09:21:33.533 15464-15464 FlexibleFragment        com.allride.buses                    D  departuresPending [com.allride.buses.data.models.PBDeparture@4b720b5, com.allride.buses.data.models.PBDeparture@eee434a, com.allride.buses.data.models.PBDeparture@92f62bb, com.allride.buses.data.models.PBDeparture@e433d8, com.allride.buses.data.models.PBDeparture@a061331, com.allride.buses.data.models.PBDeparture@7554a16, com.allride.buses.data.models.PBDeparture@ee76f97, com.allride.buses.data.models.PBDeparture@254b584, com.allride.buses.data.models.PBDeparture@577b16d, com.allride.buses.data.models.PBDeparture@353f1a2, com.allride.buses.data.models.PBDeparture@3a96e33, com.allride.buses.data.models.PBDeparture@d29a5f0, com.allride.buses.data.models.PBDeparture@2eaf769, com.allride.buses.data.models.PBDeparture@9a385ee, com.allride.buses.data.models.PBDeparture@182ba8f, com.allride.buses.data.models.PBDeparture@31b311c, com.allride.buses.data.models.PBDeparture@332a125, com.allride.buses.data.models.PBDeparture@14612fa, com.allride.buses.data.models.PBDeparture@bfa70ab, com.allride.buses.data.models.PBDeparture@7384308, com.allride.buses.data.models.PBDeparture@7912aa1, com.allride.buses.data.models.PBDeparture@d5264c6, com.allride.buses.data.models.PBDeparture@ded6c87, com.allride.buses.data.models.PBDeparture@c9287b4, com.allride.buses.data.models.PBDeparture@8f4cfdd, com.allride.buses.data.models.PBDeparture@9800752, com.allride.buses.data.models.PBDeparture@92a4a23, com.allride.buses.data.models.PBDeparture@3aa6b20, com.allride.buses.data.models.PBDeparture@6f38cd9, com.allride.buses.data.models.PBDeparture@373469e, com.allride.buses.data.models.PBDeparture@3cd657f, com.allride.buses.data.models.PBDeparture@29b194c, com.allride.buses.data.models.PBDeparture@a871d95, com.allride.buses.data.models.PBDeparture@cc92eaa, com.allride.buses.data.models.PBDeparture@f5cda9b, com.allride.buses.data.models.PBDeparture@4067e38, com.allride.buses.data.models.PBDeparture@888fe11, com.allride.buses.data.models.PBDeparture@1e38b76, com.allride.buses.data.models.PBDeparture@5a48577, com.allride.buses.data.models.PBDeparture@8c145e4, com.allride.buses.data.models.PBDeparture@fee6a4d, com.allride.buses.data.models.PBDeparture@174e902, com.allride.buses.data.models.PBDeparture@7520213, com.allride.buses.data.models.PBDeparture@83edc50, com.allride.buses.data.models.PBDeparture@fc45e49, com.allride.buses.data.models.PBDeparture@cc934e, com.allride.buses.data.models.PBDeparture@850ac6f, com.allride.buses.data.models.PBDeparture@bbd6d7c, com.allride.buses.data.models.PBDeparture@eb9605, com.allride.buses.data.models.PBDeparture@8e2965a, com.allride.buses.data.models.PBDeparture@5e5a08b, com.allride.buses.data.models.PBDeparture@31e568, com.allride.buses.data.models.PBDeparture@f948d81, com.allride.buses.data.models.PBDeparture@823be26, com.allride.buses.data.models.PBDeparture@28bba67, com.allride.buses.data.models.PBDeparture@af3f014, com.allride.buses.data.models.PBDeparture@7b80bd, com.allride.buses.data.models.PBDeparture@4fd96b2, com.allride.buses.data.models.PBDeparture@38f9603, com.allride.buses.data.models.PBDeparture@d29f980, com.allride.buses.data.models.PBDeparture@de46bb9, com.allride.buses.data.models.PBDeparture@d2a6bfe, com.allride.buses.data.models.PBDeparture@c6b8f5f, com.allride.buses.data.models.PBDeparture@1f52dac, com.allride.buses.data.models.PBDeparture@8570a75, com.allride.buses.data.models.PBDeparture@dbd4a0a, com.allride.buses.data.models.PBDeparture@3e3c27b, com.allride.buses.data.models.PBDeparture@35d7898, com.allride.buses.data.models.PBDeparture@71ad8f1, com.allride.buses.data.models.PBDeparture@fedfcd6, com.allride.buses.data.models.PBDeparture@ee20b57, com.allride.buses.data.models.PBDeparture@1fd8644, com.allride.buses.data.models.PBDeparture@473132d, com.allride.buses.data.models.PBDeparture@6a51062, com.allride.buses.data.models.PBDeparture@d1205f3, com.allride.buses.data.models.PBDeparture@b6ec2b0, com.allride.buses.data.models.PBDeparture@19ab529, com.allride.buses.data.models.PBDeparture@8c7d0ae, com.allride.buses.data.models.PBDeparture@33d0e4f, com.al
2024-06-25 09:21:33.537 15464-16846 OpenGLRenderer          com.allride.buses                    I  Davey! duration=1224ms; Flags=1, FrameTimelineVsyncId=19877047, IntendedVsync=288285383033987, Vsync=288286183033955, InputEventId=0, HandleInputStart=288286187608411, AnimationStart=288286187614453, PerformTraversalsStart=288286187803411, DrawStart=288286593797213, FrameDeadline=288285399700653, FrameInterval=288286187532161, FrameStartTime=16666666, SyncQueued=288286603178150, SyncStart=288286603345911, IssueDrawCommandsStart=288286603476380, SwapBuffers=288286606227213, FrameCompleted=288286607365182, DequeueBufferDuration=10052, QueueBufferDuration=558854, GpuCompleted=288286607365182, SwapBuffersCompleted=288286606972265, DisplayPresentTime=72057629471412224, 
2024-06-25 09:21:33.550 15464-15464 MainActivityViewModel   com.allride.buses                    D  Success getInstance token: cf4_wEhZR-WTjzcd-KVk6c:APA91bF9LzD-sLElXEibpihKkMSMkXejGTv6bu8HJxqDXpSDcyhcWnjHw20hdwUvaDFW62KSvimy0PdqZCV_Uz0IhPBQpmVpFAEteVcAkIWwUqRavOG7PnBVGAA6aBwYXBbydF1e7Q5h
2024-06-25 09:21:33.550 15464-15464 SingleShot...leProvider com.allride.buses                    D  requestSingleUpdate addOnSuccessListener
2024-06-25 09:21:33.627 15464-15464 DepartureProvider       com.allride.buses                    I  getActiveDeparture
2024-06-25 09:21:33.635 15464-15464 SocketClient            com.allride.buses                    I  STOPPING SOCKET
2024-06-25 09:21:33.639 15464-15464 Utils                   com.allride.buses                    D  ConnectivityService is exits
2024-06-25 09:21:33.829 15464-15464 MainActivityViewModel   com.allride.buses                    D  FirebaseMessaging getInstance
2024-06-25 09:21:33.831 15464-15464 SingleShot...leProvider com.allride.buses                    D  requestSingleUpdate
2024-06-25 09:21:33.839 15464-15464 MapsInitializer         com.allride.buses                    D  preferredRenderer: null
2024-06-25 09:21:33.839 15464-15464 zzcc                    com.allride.buses                    D  preferredRenderer: null
2024-06-25 09:21:33.841 15464-15464 Google Android Maps SDK com.allride.buses                    I  Google Play services package version: 242213038
2024-06-25 09:21:33.841 15464-15464 Google Android Maps SDK com.allride.buses                    I  Google Play services maps renderer version(maps_core): 241610202
2024-06-25 09:21:33.852 15464-15464 FutureServ...apFragment com.allride.buses                    D  onViewCreated
2024-06-25 09:21:33.853 15464-15464 FutureServ...apFragment com.allride.buses                    D  setupUI
2024-06-25 09:21:33.853 15464-15464 FutureServ...apFragment com.allride.buses                    D  initViewModel
2024-06-25 09:21:33.937 15464-15464 ProxyAndro...gerBackend com.allride.buses                    W  Too many Flogger logs received before configuration. Dropping old logs.
2024-06-25 09:21:33.940 15464-15464 ProxyAndro...gerBackend com.allride.buses                    W  Too many Flogger logs received before configuration. Dropping old logs.
2024-06-25 09:21:33.943 15464-15464 ProxyAndro...gerBackend com.allride.buses                    W  Too many Flogger logs received before configuration. Dropping old logs.
2024-06-25 09:21:33.945 15464-16958 ProxyAndro...gerBackend com.allride.buses                    W  Too many Flogger logs received before configuration. Dropping old logs.
2024-06-25 09:21:33.946 15464-16956 ProxyAndro...gerBackend com.allride.buses                    W  Too many Flogger logs received before configuration. Dropping old logs.
2024-06-25 09:21:33.947 15464-15464 ProxyAndro...gerBackend com.allride.buses                    W  Too many Flogger logs received before configuration. Dropping old logs.
2024-06-25 09:21:33.950 15464-15464 ProxyAndro...gerBackend com.allride.buses                    W  Too many Flogger logs received before configuration. Dropping old logs.
2024-06-25 09:21:33.951 15464-15464 ProxyAndro...gerBackend com.allride.buses                    W  Too many Flogger logs received before configuration. Dropping old logs.
2024-06-25 09:21:33.956 15464-15464 ProxyAndro...gerBackend com.allride.buses                    W  Too many Flogger logs received before configuration. Dropping old logs.
2024-06-25 09:21:33.957 15464-15464 ProxyAndro...gerBackend com.allride.buses                    W  Too many Flogger logs received before configuration. Dropping old logs.
2024-06-25 09:21:33.959 15464-15464 ProxyAndro...gerBackend com.allride.buses                    W  Too many Flogger logs received before configuration. Dropping old logs.
2024-06-25 09:21:33.960 15464-15464 ProxyAndro...gerBackend com.allride.buses                    W  Too many Flogger logs received before configuration. Dropping old logs.
2024-06-25 09:21:33.962 15464-15464 ProxyAndro...gerBackend com.allride.buses                    W  Too many Flogger logs received before configuration. Dropping old logs.
2024-06-25 09:21:33.963 15464-15464 ProxyAndro...gerBackend com.allride.buses                    W  Too many Flogger logs received before configuration. Dropping old logs.
2024-06-25 09:21:33.975 15464-15464 FutureServ...apFragment com.allride.buses                    D  onHiddenChanged true
2024-06-25 09:21:34.041 15464-15464 FlexibleFragment        com.allride.buses                    D  setupTabLayout
2024-06-25 09:21:34.046 15464-15464 FutureServ...apFragment com.allride.buses                    D  setUpCluster
2024-06-25 09:21:34.049 15464-15464 FlexibleFragment        com.allride.buses                    D  departuresPending null
2024-06-25 09:21:34.053 15464-15464 MainActivity            com.allride.buses                    D  Success registerReceiver setupBroadcastReceiver
2024-06-25 09:21:34.053 15464-15464 ServiceConnectivity     com.allride.buses                    D  checkConnectivity
2024-06-25 09:21:34.053 15464-15464 ServiceConnectivity     com.allride.buses                    D  sendNotifyConnectivity false
2024-06-25 09:21:34.054 15464-15464 ServiceConnectivity     com.allride.buses                    D  checkPendingOfflineSync true true false
2024-06-25 09:21:34.054 15464-15464 ServiceConnectivity     com.allride.buses                    D  sendNotifyPendingOfflineSync false - Tienes una salida y validaciones pendientes de sincronización
2024-06-25 09:21:34.054 15464-15464 ServiceConnectivity     com.allride.buses                    D  checkInMap
2024-06-25 09:21:34.054 15464-15464 ServiceConnectivity     com.allride.buses                    D  checkInMap exit for loadingCheckOnlineData
2024-06-25 09:21:34.061 15464-15464 FutureServ...apFragment com.allride.buses                    D  onResume
2024-06-25 09:21:34.061 15464-15464 FutureServ...apFragment com.allride.buses                    D  updateUI
2024-06-25 09:21:34.061 15464-15464 FutureServ...apFragment com.allride.buses                    D  setUpCluster
2024-06-25 09:21:34.061 15464-15464 FutureServ...apFragment com.allride.buses                    D  displayFilters null - null
2024-06-25 09:21:34.100 15464-15464 ProxyAndro...gerBackend com.allride.buses                    W  Too many Flogger logs received before configuration. Dropping old logs.
2024-06-25 09:21:34.102 15464-15464 ProxyAndro...gerBackend com.allride.buses                    W  Too many Flogger logs received before configuration. Dropping old logs.
2024-06-25 09:21:34.109 15464-15464 FutureServ...apFragment com.allride.buses                    D  setUpCluster
2024-06-25 09:21:34.128 15464-15464 FutureServ...apFragment com.allride.buses                    D  displayServices
2024-06-25 09:21:34.131 15464-15464 MapActivity             com.allride.buses                    D  setupBroadcastReceiver onReceive connectivity false
2024-06-25 09:21:34.134 15464-15464 MainActivity            com.allride.buses                    D  setupBroadcastReceiver onReceive connectivity false
2024-06-25 09:21:34.135 15464-15464 MapActivity             com.allride.buses                    D  setupBroadcastReceiver onReceive pendingOfflineSync false
2024-06-25 09:21:34.136 15464-15464 MainActivity            com.allride.buses                    D  setupBroadcastReceiver onReceive pendingOfflineSync false
2024-06-25 09:21:34.136 15464-15464 MapActivity             com.allride.buses                    D  setupBroadcastReceiver onReceive connectivity false
2024-06-25 09:21:34.138 15464-15464 MainActivity            com.allride.buses                    D  setupBroadcastReceiver onReceive connectivity false
2024-06-25 09:21:34.138 15464-15464 MainActivity            com.allride.buses                    D  setupBroadcastReceiver onReceive connectivity false
