2024-06-25 09:24:03.740 15464-15464 ProxyAndro...gerBackend com.allride.buses                    W  Too many Flogger logs received before configuration. Dropping old logs.
2024-06-25 09:24:03.740 15464-15464 ProxyAndro...gerBackend com.allride.buses                    W  Too many Flogger logs received before configuration. Dropping old logs.
2024-06-25 09:24:04.082 15464-15464 FutureServ...apFragment com.allride.buses                    D  onPause
2024-06-25 09:24:04.594 15464-15464 MainActivity            com.allride.buses                    D  Success unregisterReceiver setupBroadcastReceiver
2024-06-25 09:24:04.637 15464-15464 DepartureProvider       com.allride.buses                    I  getActiveDeparture
2024-06-25 09:24:04.667 15464-15464 ServiceConnectivity     com.allride.buses                    D  closeService
2024-06-25 09:24:04.668 15464-15464 ServiceConnectivity     com.allride.buses                    D  Success unregisterReceiver socketUpdateReceiver
2024-06-25 09:24:04.673 15464-15464 ServiceConnectivity     com.allride.buses                    D  Success unregisterReceiver ConnectivityReceiver
2024-06-25 09:24:04.687 15464-15464 Google Android Maps SDK com.allride.buses                    D  For capability in capabilities, log:
                                                                                                    "AdvancedMarkers: false: Capabilities unavailable without a Map ID."Data-driven styling: false
2024-06-25 09:24:04.707 15464-15464 ProxyAndro...gerBackend com.allride.buses                    W  Too many Flogger logs received before configuration. Dropping old logs.
2024-06-25 09:24:04.711 15464-15464 ProxyAndro...gerBackend com.allride.buses                    W  Too many Flogger logs received before configuration. Dropping old logs.
2024-06-25 09:24:04.717 15464-15464 FutureServ...apFragment com.allride.buses                    D  onDestroy
2024-06-25 09:24:04.842 15464-15464 ServiceConnectivity     com.allride.buses                    D  onDestroy
2024-06-25 09:24:04.842 15464-15464 ServiceConnectivity     com.allride.buses                    D  closeService
2024-06-25 09:24:04.843 15464-15464 ServiceConnectivity     com.allride.buses                    D  Success unregisterReceiver socketUpdateReceiver
2024-06-25 09:24:04.843 15464-15464 ServiceConnectivity     com.allride.buses                    E  Error unregisterReceiver ConnectivityReceiver: Receiver not registered: com.allride.buses.receivers.ConnectivityReceiver@56a75b5
                                                                                                    java.lang.IllegalArgumentException: Receiver not registered: com.allride.buses.receivers.ConnectivityReceiver@56a75b5
                                                                                                    	at android.app.LoadedApk.forgetReceiverDispatcher(LoadedApk.java:1574)
                                                                                                    	at android.app.ContextImpl.unregisterReceiver(ContextImpl.java:1810)
                                                                                                    	at android.content.ContextWrapper.unregisterReceiver(ContextWrapper.java:771)
                                                                                                    	at com.allride.buses.services.ConnectivityService.clearBroadcasters(ConnectivityService.kt:163)
                                                                                                    	at com.allride.buses.services.ConnectivityService.closeService(ConnectivityService.kt:103)
                                                                                                    	at com.allride.buses.services.ConnectivityService.onDestroy(ConnectivityService.kt:93)
                                                                                                    	at android.app.ActivityThread.handleStopService(ActivityThread.java:4810)
                                                                                                    	at android.app.ActivityThread.access$2200(ActivityThread.java:261)
                                                                                                    	at android.app.ActivityThread$H.handleMessage(ActivityThread.java:2197)
                                                                                                    	at android.os.Handler.dispatchMessage(Handler.java:111)
                                                                                                    	at android.os.Looper.loopOnce(Looper.java:238)
                                                                                                    	at android.os.Looper.loop(Looper.java:357)
                                                                                                    	at android.app.ActivityThread.main(ActivityThread.java:8090)
                                                                                                    	at java.lang.reflect.Method.invoke(Native Method)
                                                                                                    	at com.android.internal.os.RuntimeInit$MethodAndArgsCaller.run(RuntimeInit.java:548)
                                                                                                    	at com.android.internal.os.ZygoteInit.main(ZygoteInit.java:1026)
2024-06-25 09:24:08.140 18840-18840 nativeloader            com.allride.buses                    D  Configuring clns-5 for other apk /data/app/~~sJ_Ove1C5F5i_hWLe4KSIg==/com.allride.buses-cTuU9VQt1d9gzq_-bfgZWQ==/base.apk. target_sdk_version=34, uses_libraries=, library_path=/data/app/~~sJ_Ove1C5F5i_hWLe4KSIg==/com.allride.buses-cTuU9VQt1d9gzq_-bfgZWQ==/lib/arm64:/data/app/~~sJ_Ove1C5F5i_hWLe4KSIg==/com.allride.buses-cTuU9VQt1d9gzq_-bfgZWQ==/base.apk!/lib/arm64-v8a, permitted_path=/data:/mnt/expand:/data/user/0/com.allride.buses
2024-06-25 09:24:08.179 18840-18840 GraphicsEnvironment     com.allride.buses                    V  ANGLE Developer option for 'com.allride.buses' set to: 'default'
2024-06-25 09:24:08.179 18840-18840 GraphicsEnvironment     com.allride.buses                    V  ANGLE GameManagerService for com.allride.buses: false
2024-06-25 09:24:08.180 18840-18840 GraphicsEnvironment     com.allride.buses                    V  Neither updatable production driver nor prerelease driver is supported.
2024-06-25 09:24:08.182 18840-18840 NetworkSecurityConfig   com.allride.buses                    D  Using Network Security Config from resource network_security_config debugBuild: true
2024-06-25 09:24:08.198 18840-18840 NetworkSecurityConfig   com.allride.buses                    D  Using Network Security Config from resource network_security_config debugBuild: true
2024-06-25 09:24:08.258 18840-18840 FirebaseApp             com.allride.buses                    I  Device unlocked: initializing all Firebase APIs for app [DEFAULT]
2024-06-25 09:24:08.361 18840-18992 DynamiteModule          com.allride.buses                    I  Considering local module com.google.android.gms.measurement.dynamite:92 and remote module com.google.android.gms.measurement.dynamite:115
2024-06-25 09:24:08.361 18840-18992 DynamiteModule          com.allride.buses                    I  Selected remote version of com.google.android.gms.measurement.dynamite, version >= 115
2024-06-25 09:24:08.361 18840-18992 DynamiteModule          com.allride.buses                    V  Dynamite loader version >= 2, using loadModule2NoCrashUtils
2024-06-25 09:24:08.398 18840-18992 System                  com.allride.buses                    W  ClassLoader referenced unknown path: 
2024-06-25 09:24:08.399 18840-18992 nativeloader            com.allride.buses                    D  Configuring clns-6 for other apk . target_sdk_version=34, uses_libraries=, library_path=/data/app/~~BS_I2apmIf7i5NxYqWZyBw==/com.google.android.gms-K28AVzr0S0vtYr5bOSFDTw==/lib/arm64:/data/app/~~BS_I2apmIf7i5NxYqWZyBw==/com.google.android.gms-K28AVzr0S0vtYr5bOSFDTw==/base.apk!/lib/arm64-v8a, permitted_path=/data:/mnt/expand:/data/user/0/com.google.android.gms
2024-06-25 09:24:08.493 18840-18840 FirebaseCrashlytics     com.allride.buses                    I  Initializing Firebase Crashlytics 18.4.1 for com.allride.buses
2024-06-25 09:24:08.532 18840-18840 FirebaseSessions        com.allride.buses                    D  Registering Sessions SDK subscriber with name: CRASHLYTICS, data collection enabled: true
2024-06-25 09:24:08.534 18840-19025 FirebaseSessions        com.allride.buses                    D  Data Collection is enabled for at least one Subscriber
2024-06-25 09:24:08.534 18840-19025 FirebaseSessions        com.allride.buses                    D  Sessions SDK disabled. Events will not be sent.
2024-06-25 09:24:08.606 18840-18840 FirebaseInitProvider    com.allride.buses                    I  FirebaseApp initialization successful
2024-06-25 09:24:08.621 18840-18840 WM-WrkMgrInitializer    com.allride.buses                    D  Initializing WorkManager with default configuration.
2024-06-25 09:24:08.674 18840-18840 AllRideBusesApplication com.allride.buses                    I  showInfoApp: MODEL moto g71 5G - BRAND motorola - MANUFACTURER motorola - VERSION_CODE 108
2024-06-25 09:24:08.677 18840-19026 FirebaseCrashlytics     com.allride.buses                    I  No version control information found
2024-06-25 09:24:08.705 18840-19105 Compatibil...geReporter com.allride.buses                    D  Compat change id reported: 160794467; UID 10575; state: ENABLED
2024-06-25 09:24:08.736 18840-19087 m.allride.buse          com.allride.buses                    E  No package ID 79 found for ID 0x790b0007.
2024-06-25 09:24:08.736 18840-19087 m.allride.buse          com.allride.buses                    E  No package ID 79 found for ID 0x790b0007.
2024-06-25 09:24:08.744 18840-19087 FA                      com.allride.buses                    I  App measurement initialized, version: 95008
2024-06-25 09:24:08.744 18840-19087 FA                      com.allride.buses                    I  To enable debug logging run: adb shell setprop log.tag.FA VERBOSE
2024-06-25 09:24:08.746 18840-19087 FA                      com.allride.buses                    I  To enable faster debug mode event logging run:
                                                                                                      adb shell setprop debug.firebase.analytics.app com.allride.buses
2024-06-25 09:24:09.510 18840-18840 AllRideBusesApplication com.allride.buses                    D  Success initializeRealm
2024-06-25 09:24:09.566 18840-18840 Utils                   com.allride.buses                    D  Success adjustLocale CL - es
2024-06-25 09:24:09.623 18840-18840 SplashActivity          com.allride.buses                    D  onCreate
2024-06-25 09:24:09.724 18840-18840 m.allride.buse          com.allride.buses                    W  Accessing hidden method Landroid/view/View;->computeFitSystemWindows(Landroid/graphics/Rect;Landroid/graphics/Rect;)Z (unsupported, reflection, allowed)
2024-06-25 09:24:09.724 18840-18840 m.allride.buse          com.allride.buses                    W  Accessing hidden method Landroid/view/ViewGroup;->makeOptionalFitsSystemWindows()V (unsupported, reflection, allowed)
2024-06-25 09:24:09.726 18840-19014 SplashActivity          com.allride.buses                    D  initializeApp
2024-06-25 09:24:09.726 18840-19014 SplashActivity          com.allride.buses                    D  checkApp
2024-06-25 09:24:09.737 18840-19087 FA                      com.allride.buses                    I  Tag Manager is not found and thus will not be used
2024-06-25 09:24:09.763 18840-19014 m.allride.buse          com.allride.buses                    W  Accessing hidden method Ldalvik/system/CloseGuard;->get()Ldalvik/system/CloseGuard; (unsupported,core-platform-api, reflection, allowed)
2024-06-25 09:24:09.763 18840-19014 m.allride.buse          com.allride.buses                    W  Accessing hidden method Ldalvik/system/CloseGuard;->open(Ljava/lang/String;)V (unsupported,core-platform-api, reflection, allowed)
2024-06-25 09:24:09.764 18840-19014 m.allride.buse          com.allride.buses                    W  Accessing hidden method Ldalvik/system/CloseGuard;->warnIfOpen()V (unsupported,core-platform-api, reflection, allowed)
2024-06-25 09:24:09.783 18840-19195 AdrenoGLES-0            com.allride.buses                    I  QUALCOMM build                   : 8699000cd8, I1027f1d7d9
                                                                                                    Build Date                       : 04/08/22
                                                                                                    OpenGL ES Shader Compiler Version: EV031.35.01.12
                                                                                                    Local Branch                     : 
                                                                                                    Remote Branch                    : 
                                                                                                    Remote Branch                    : 
                                                                                                    Reconstruct Branch               : 
2024-06-25 09:24:09.783 18840-19195 AdrenoGLES-0            com.allride.buses                    I  Build Config                     : S P 10.0.7 AArch64
2024-06-25 09:24:09.783 18840-19195 AdrenoGLES-0            com.allride.buses                    I  Driver Path                      : /vendor/lib64/egl/libGLESv2_adreno.so
2024-06-25 09:24:09.789 18840-19195 AdrenoGLES-0            com.allride.buses                    I  PFP: 0x016ee201, ME: 0x00000000
2024-06-25 09:24:09.804 18840-19014 m.allride.buse          com.allride.buses                    W  Accessing hidden method Ljava/lang/invoke/MethodHandles$Lookup;-><init>(Ljava/lang/Class;I)V (unsupported, reflection, allowed)
2024-06-25 09:24:09.809 18840-19195 hw-ProcessState         com.allride.buses                    D  Binder ioctl to enable oneway spam detection failed: Invalid argument
2024-06-25 09:24:09.913 18840-18840 SplashActivity          com.allride.buses                    D  onWindowFocusChanged true
2024-06-25 09:24:10.689 18840-19220 AllRideOAuth2Service    com.allride.buses                    I  getAccessToken 0cabdf63a453fb1ff080804fd5782507decb0ca48373ec79ec8791861418df2919c98bc51a562d4f845d24b1b207545f07834133e25ea904ab13f4748f9376ec
2024-06-25 09:24:11.308 18840-19220 AllRideOAuth2Service    com.allride.buses                    I  getAccessToken 0cabdf63a453fb1ff080804fd5782507decb0ca48373ec79ec8791861418df2919c98bc51a562d4f845d24b1b207545f07834133e25ea904ab13f4748f9376ec
2024-06-25 09:24:11.309 18840-19220 AllRideOAuth2Service    com.allride.buses                    I  Response Code > 200
2024-06-25 09:24:11.323 18840-19220 AllRideOAuth2Service    com.allride.buses                    I  URL > Request{method=GET, url=https://stage.allrideapp.com/api/v1/services/config, tags={class retrofit2.Invocation=com.allride.buses.api.AllRideAPI.getAllRideConfig() []}}
2024-06-25 09:24:11.441 18840-18840 SplashActivity          com.allride.buses                    D  Success getAllRideConfig: {"details":{"avatar":"https://s3.amazonaws.com/allride.uploads/communityAvatar_653fd601f90509541a748683_1699885119125.png","communities":[],"country":"cl","_id":"653fd601f90509541a748683","name":"Pruebas Automatización"},"general":{"hidePersonalInfoForSC":false,"use24hFormat":true},"_id":"1","privateBus":{"driverApp":{"visibleCode":"plate"},"driverCanCreateRoutes":true,"emergencyCallSettings":{"enabled":true},"internalLegs":{"enabled":true},"internalRoutes":{"enabled":false},"oDDServices":[{"enabled":true,"hideEstimatedTimes":false,"icon":"https://s3.amazonaws.com/allride.odd.icons/odd_buses_icon.jpg","legOptions":[{"customParamsAtStart":{"enabled":false,"params":[]},"customParamsAtTheEnd":{"enabled":false,"params":[]},"legType":"service","preTripChecklist":{"enabled":false,"params":[]},"startConditions":{"location":{"enabled":false,"stopIds":["657b1eb82dce4d35c8fdd306"],"type":"away"},"schedule":{"amount":0,"enabled":false,"unit":"minutes"}}}],"minimumConfirmationTime":{"amount":1,"enabled":false,"unit":"hours"},"name":"Taxis Coni y Nico","startLimit":{"amount":1,"enabled":false,"unit":"hours"}}],"odd":{"enabled":false,"hideEstimatedTimes":false,"legOptions":[],"minimumConfirmationTime":{"amount":1,"enabled":false,"unit":"hours"},"name":"","startLimit":{"amount":1,"enabled":false,"unit":"hours"}},"passengerList":{"data":{"community":false,"fullName":false,"phone":false,"validationParam":false},"enabled":false},"scheduling":{"enabled":true,"hideEstimatedTimes":false,"legOptions":[],"minimumConfirmationTime":{"amount":3,"enabled":true,"unit":"hours"},"name":"","startLimit":{"amount":1,"enabled":false,"unit":"hours"}},"showUserCustomParams":{"enabled":false},"startUnassignedDeparture":true,"usesPin":false,"validation":{"DNIValidation":{"enabled":true},"allowsStatic":true,"bCValidation":{"enabled":true,"field":"rut"},"customQRValidation":{"enabled":true,"field":"rut"},"customValidation":{"dataType":"text","description":"rut","enabled":true,"name":"rut"},"dailyLimit":{"allowsSkip":false,"amount":1,"enabled":false,"time":0,"userSkip":[]},"departureLimit":{"allowsSkip":false,"amount":0,"enabled":false,"time":0,"userSkip":[]},"enabled":true,"secureNFCValidation":{"enabled":false},"timeLimit":{"allowsSkip":false,"amount":1,"enabled":false,"time":5,"unit":"seconds","userSkip":[]},"timestamp":{"allowsSkip":true,"amount":0,"enabled":true,"time":0,"userSkip":[]},"usesInternalNFC":true,"usesTickets":true,"validationToken":"morita123"}}}
2024-06-25 09:24:11.441 18840-18840 SplashActivity          com.allride.buses                    D  getAppVersion cl
2024-06-25 09:24:11.922 18840-19220 AllRideOAuth2Service    com.allride.buses                    I  getAccessToken 0cabdf63a453fb1ff080804fd5782507decb0ca48373ec79ec8791861418df2919c98bc51a562d4f845d24b1b207545f07834133e25ea904ab13f4748f9376ec
2024-06-25 09:24:12.336 18840-19220 AllRideOAuth2Service    com.allride.buses                    I  getAccessToken 0cabdf63a453fb1ff080804fd5782507decb0ca48373ec79ec8791861418df2919c98bc51a562d4f845d24b1b207545f07834133e25ea904ab13f4748f9376ec
2024-06-25 09:24:12.337 18840-19220 AllRideOAuth2Service    com.allride.buses                    I  Response Code > 200
2024-06-25 09:24:12.342 18840-19220 AllRideOAuth2Service    com.allride.buses                    I  URL > Request{method=GET, url=https://stage.allrideapp.com/api/v2/pb/driver/appVersion/cl, tags={class retrofit2.Invocation=com.allride.buses.api.AllRideAPI.getAppVersion() [cl]}}
2024-06-25 09:24:12.356 18840-18840 SplashActivity          com.allride.buses                    D  Success getAppVersion: {"countryCode":"cl","forceUpdate":false,"showNotice":false,"version":101}
2024-06-25 09:24:12.356 18840-18840 DepartureProvider       com.allride.buses                    I  getActiveDeparture
2024-06-25 09:24:12.422 18840-18840 SocketClient            com.allride.buses                    I  STOPPING SOCKET
2024-06-25 09:24:12.422 18840-18840 SplashActivity          com.allride.buses                    D  goActivity go to driver
2024-06-25 09:24:12.427 18840-18840 Utils                   com.allride.buses                    D  Success start ConnectivityService
2024-06-25 09:24:12.461 18840-18840 ServiceConnectivity     com.allride.buses                    D  onStartCommand
2024-06-25 09:24:12.462 18840-18840 ServiceConnectivity     com.allride.buses                    D  Success registerReceiver setupBroadcastReceiver
2024-06-25 09:24:12.463 18840-18840 ServiceConnectivity     com.allride.buses                    D  Success registerReceiver socketUpdateReceiver
2024-06-25 09:24:12.463 18840-18840 ServiceConnectivity     com.allride.buses                    D  checkConnectivity
2024-06-25 09:24:12.463 18840-18840 ServiceConnectivity     com.allride.buses                    D  sendNotifyConnectivity false
2024-06-25 09:24:12.527 18840-18840 ConnectivityReceiver    com.allride.buses                    D  onReceive true
2024-06-25 09:24:12.668 18840-18840 Compatibil...geReporter com.allride.buses                    D  Compat change id reported: 171228096; UID 10575; state: ENABLED
2024-06-25 09:24:12.812 18840-18840 DepartureProvider       com.allride.buses                    I  getActiveDeparture
2024-06-25 09:24:12.880 18840-18840 SocketClient            com.allride.buses                    I  STOPPING SOCKET
2024-06-25 09:24:12.889 18840-18840 Utils                   com.allride.buses                    D  ConnectivityService is exits
2024-06-25 09:24:13.365 18840-18840 MainActivityViewModel   com.allride.buses                    D  FirebaseMessaging getInstance
2024-06-25 09:24:13.370 18840-18840 SingleShot...leProvider com.allride.buses                    D  requestSingleUpdate
2024-06-25 09:24:13.395 18840-18840 MapsInitializer         com.allride.buses                    D  preferredRenderer: null
2024-06-25 09:24:13.396 18840-18840 zzcc                    com.allride.buses                    D  preferredRenderer: null
2024-06-25 09:24:13.397 18840-18840 zzcc                    com.allride.buses                    I  Making Creator dynamically
2024-06-25 09:24:13.409 18840-18840 DynamiteModule          com.allride.buses                    I  Considering local module com.google.android.gms.maps_core_dynamite:0 and remote module com.google.android.gms.maps_core_dynamite:241610202
2024-06-25 09:24:13.409 18840-18840 DynamiteModule          com.allride.buses                    I  Selected remote version of com.google.android.gms.maps_core_dynamite, version >= 241610202
2024-06-25 09:24:13.409 18840-18840 DynamiteModule          com.allride.buses                    V  Dynamite loader version >= 2, using loadModule2NoCrashUtils
2024-06-25 09:24:13.472 18840-18840 m.allride.buse          com.allride.buses                    W  Accessing hidden method Ldalvik/system/VMStack;->getStackClass2()Ljava/lang/Class; (unsupported, reflection, allowed)
2024-06-25 09:24:13.479 18840-18840 nativeloader            com.allride.buses                    D  Configuring clns-7 for other apk . target_sdk_version=34, uses_libraries=ALL, library_path=/data/user_de/0/com.google.android.gms/app_chimera/m/00000148/dl-MapsCoreDynamite.integ_241610202100400.apk!/lib/arm64-v8a, permitted_path=/data:/mnt/expand
2024-06-25 09:24:13.479 18840-18840 nativeloader            com.allride.buses                    D  Extending system_exposed_libraries: libvraudio_client.qti.so:libbinauralrenderer_wrapper.qti.so:libhoaeffects.qti.so:libupdateprof.qti.so:libdiag_system.qti.so:libqape.qti.so:libqesdk_ndk_platform.qti.so:liblistenjni.qti.so:libimgTuner_jni.motoimagetuner.so:libjni_helper.motocameradesktop.so:libmcf_native_window_helper.motocamera.so
2024-06-25 09:24:13.486 18840-18840 native                  com.allride.buses                    I  I0000 00:00:1719321853.486017   18840 jni_init.cc:8] Initializing JNI...
2024-06-25 09:24:13.487 18840-18840 Google Android Maps SDK com.allride.buses                    I  Google Play services client version: 18020000
2024-06-25 09:24:13.520 18840-18840 Google Android Maps SDK com.allride.buses                    I  Google Play services package version: 242213038
2024-06-25 09:24:13.520 18840-18840 Google Android Maps SDK com.allride.buses                    I  Google Play services maps renderer version(maps_core): 241610202
2024-06-25 09:24:13.790 18840-18840 MapsInitializer         com.allride.buses                    D  loadedRenderer: LATEST
2024-06-25 09:24:13.790 18840-18840 zzcc                    com.allride.buses                    D  preferredRenderer: null
2024-06-25 09:24:13.792 18840-18840 Google Android Maps SDK com.allride.buses                    I  Google Play services package version: 242213038
2024-06-25 09:24:13.792 18840-18840 Google Android Maps SDK com.allride.buses                    I  Google Play services maps renderer version(maps_core): 241610202
2024-06-25 09:24:13.806 18840-18840 FutureServ...apFragment com.allride.buses                    D  onViewCreated
2024-06-25 09:24:13.806 18840-18840 FutureServ...apFragment com.allride.buses                    D  setupUI
2024-06-25 09:24:13.807 18840-18840 FutureServ...apFragment com.allride.buses                    D  initViewModel
2024-06-25 09:24:14.132 18840-18840 ProxyAndro...gerBackend com.allride.buses                    W  Too many Flogger logs received before configuration. Dropping old logs.
2024-06-25 09:24:14.133 18840-18840 ProxyAndro...gerBackend com.allride.buses                    W  Too many Flogger logs received before configuration. Dropping old logs.
2024-06-25 09:24:14.140 18840-18840 ProxyAndro...gerBackend com.allride.buses                    W  Too many Flogger logs received before configuration. Dropping old logs.
2024-06-25 09:24:14.140 18840-18840 ProxyAndro...gerBackend com.allride.buses                    W  Too many Flogger logs received before configuration. Dropping old logs.
2024-06-25 09:24:14.144 18840-18840 ProxyAndro...gerBackend com.allride.buses                    W  Too many Flogger logs received before configuration. Dropping old logs.
2024-06-25 09:24:14.148 18840-18840 ProxyAndro...gerBackend com.allride.buses                    W  Too many Flogger logs received before configuration. Dropping old logs.
2024-06-25 09:24:14.149 18840-18840 ProxyAndro...gerBackend com.allride.buses                    W  Too many Flogger logs received before configuration. Dropping old logs.
2024-06-25 09:24:14.163 18840-18840 ProxyAndro...gerBackend com.allride.buses                    W  Too many Flogger logs received before configuration. Dropping old logs.
2024-06-25 09:24:14.165 18840-18840 ProxyAndro...gerBackend com.allride.buses                    W  Too many Flogger logs received before configuration. Dropping old logs.
2024-06-25 09:24:14.166 18840-19671 ProxyAndro...gerBackend com.allride.buses                    W  Too many Flogger logs received before configuration. Dropping old logs.
2024-06-25 09:24:14.198 18840-19671 ProxyAndro...gerBackend com.allride.buses                    W  Too many Flogger logs received before configuration. Dropping old logs.
2024-06-25 09:24:14.208 18840-18840 FutureServ...apFragment com.allride.buses                    D  onHiddenChanged true
2024-06-25 09:24:14.401 18840-18840 FlexibleFragment        com.allride.buses                    D  setupTabLayout
2024-06-25 09:24:14.410 18840-18840 FutureServ...apFragment com.allride.buses                    D  setUpCluster
2024-06-25 09:24:14.415 18840-18840 Glide                   com.allride.buses                    W  Failed to find GeneratedAppGlideModule. You should include an annotationProcessor compile dependency on com.github.bumptech.glide:compiler in your application and a @GlideModule annotated AppGlideModule implementation or LibraryGlideModules will be silently ignored
2024-06-25 09:24:14.445 18840-18840 FlexibleFragment        com.allride.buses                    D  departuresPending null
2024-06-25 09:24:14.460 18840-18840 MainActivity            com.allride.buses                    D  Success registerReceiver setupBroadcastReceiver
2024-06-25 09:24:14.460 18840-18840 ServiceConnectivity     com.allride.buses                    D  checkConnectivity
2024-06-25 09:24:14.460 18840-18840 ServiceConnectivity     com.allride.buses                    D  sendNotifyConnectivity false
2024-06-25 09:24:14.460 18840-18840 ServiceConnectivity     com.allride.buses                    D  checkInMain
2024-06-25 09:24:14.484 18840-19668 ProxyAndro...gerBackend com.allride.buses                    W  Too many Flogger logs received before configuration. Dropping old logs.
2024-06-25 09:24:14.485 18840-19668 ProxyAndro...gerBackend com.allride.buses                    W  Too many Flogger logs received before configuration. Dropping old logs.
2024-06-25 09:24:14.485 18840-19668 ProxyAndro...gerBackend com.allride.buses                    W  Too many Flogger logs received before configuration. Dropping old logs.
2024-06-25 09:24:14.518 18840-18840 ServiceConnectivity     com.allride.buses                    I  checkSyncOffline current offline - [offline=true, images=false, departure=true, deviceHistory=true, driverMuc=true]
2024-06-25 09:24:14.526 18840-18840 IStopCheckProvider      com.allride.buses                    D  Success getAll: 0
2024-06-25 09:24:14.526 18840-18840 ServiceConnectivity     com.allride.buses                    D  Pre syncDepartures: departures 1 - validations 2 - checkStops 0 - events 0
2024-06-25 09:24:14.605 18840-18840 ServiceConnectivity     com.allride.buses                    D  Pre syncDepartures: departure [{"active":false,"boardings":0,"busCode":"4","canResume":false,"capacity":5,"communities":["653fd601f90509541a748683"],"communityId":"653fd601f90509541a748683","createdAt":"Jun 25, 2024 9:20:47 AM","customParams":[],"customParamsAtTheEnd":[],"direction":"","driverCode":"753","driverId":"6582e724938e4e7b3bcf9f0a","drivers":[],"enabledSeats":[{"available":false,"_id":"dcebc521-e4b4-4d8e-8bcf-56a3c779b3a2","seat":"1","userId":"654a5148bf3e9410d0bcd39a"},{"available":true,"_id":"9505fdcd-320a-4ad3-9bf3-cb20f0c3105b","seat":"2","userId":""},{"available":true,"_id":"e4abd0b8-ebaf-4d6d-ab60-9e46ce3644e9","seat":"3","userId":""},{"available":true,"_id":"4464068d-ebad-460b-b002-dcae543f02d5","seat":"4","userId":""},{"available":true,"_id":"faa27602-2e63-432d-81c2-aaa450729ee3","seat":"5","userId":""}],"endLocation":{"_id":"","internalId":"6c18738c-32c5-45b6-b6a9-ff764557d0d5","lat":-34.394108,"lon":-70.781296},"endedAt":"Jun 25, 2024 9:21:32 AM","estimatedDistance":0,"_id":"","internal":false,"legs":[{"customParamsAtStart":[],"customParamsAtTheEnd":[],"driverId":"6582e724938e4e7b3bcf9f0a","endedAt":"Jun 25, 2024 9:21:32 AM","preTripChecklist":[],"realEndLocation":{"_id":"","internalId":"6c18738c-32c5-45b6-b6a9-ff764557d0d5","lat":-34.394108,"lon":-70.781296},"realStartLocation":{"_id":"","internalId":"03563e53-1073-47ed-8c3c-f5335bacba4c","lat":-34.39411,"lon":-70.781296},"startedAt":"Jun 25, 2024 9:20:47 AM","type":"service"}],"name":"","odd":false,"oddType":"","offlineSync":{"historical":[],"internalId":"da922f1a-52a1-4bd3-a630-21c2b537df3a","synced":false},"passengersLinked":[],"passengersToLink":[],"preTripChecklist":[],"previouslyActive":false,"realEndLocation":{"_id":"","internalId":"6c18738c-32c5-45b6-b6a9-ff764557d0d5","lat":-34.394108,"lon":-70.781296},"realStartLocation":{"_id":"","internalId":"e71ad196-2450-4801-a185-42fcd53389e3","lat":-34.39411,"lon":-70.78129},"reason":"","reservations":[],"rounds":0,"routeId":"65faf386137abd9662f15a45","scheduled":false,"startCapacity":5,"startLocation":{"_id":"","internalId":"03563e53-1073-47ed-8c3c-f5335bacba4c","lat":-34.39411,"lon":-70.781296},"startedAt":"Jun 25, 2024 9:20:47 AM","state":"","superCommunityId":"653fd68233d83952fafcd4be","tickets":0,"token":"","unboardings":0,"validations":[],"vehicleId":"65b8f0f820443b7f47d682f5"}]
2024-06-25 09:24:14.606 18840-18840 ServiceConnectivity     com.allride.buses                    I  checkOnlineDataAsync
2024-06-25 09:24:14.606 18840-18840 ServiceConnectivity     com.allride.buses                    D  dataAsyncList getCommunity 653fd68233d83952fafcd4be - list is [community=true, users=true]
2024-06-25 09:24:14.607 18840-18840 ServiceConnectivity     com.allride.buses                    D  dataAsyncList getUsers 653fd68233d83952fafcd4be - list is [community=true, users=true]
2024-06-25 09:24:14.607 18840-18840 UserProvider            com.allride.buses                    D  canGetUser
2024-06-25 09:24:14.614 18840-18840 UserProvider            com.allride.buses                    D  canGetUser?: false
2024-06-25 09:24:14.621 18840-18840 FutureServ...apFragment com.allride.buses                    D  onResume
2024-06-25 09:24:14.621 18840-18840 FutureServ...apFragment com.allride.buses                    D  updateUI
2024-06-25 09:24:14.621 18840-18840 FutureServ...apFragment com.allride.buses                    D  setUpCluster
2024-06-25 09:24:14.621 18840-18840 FutureServ...apFragment com.allride.buses                    D  displayFilters null - null
2024-06-25 09:24:14.645 18840-18840 ServiceConnectivity     com.allride.buses                    D  socketUpdateReceiver onReceive stateReceiver true
2024-06-25 09:24:14.645 18840-18840 ServiceConnectivity     com.allride.buses                    I  checkSyncOffline exit for loadingCheckOnlineData true - skipLoading false
2024-06-25 09:24:14.645 18840-18840 ServiceConnectivity     com.allride.buses                    D  sendNotifyConnectivity true
2024-06-25 09:24:14.645 18840-18840 MainActivity            com.allride.buses                    D  setupBroadcastReceiver onReceive connectivity false
2024-06-25 09:24:14.645 18840-18840 MainActivityViewModel   com.allride.buses                    D  refreshFlexible false
2024-06-25 09:24:14.645 18840-18840 MainActivityViewModel   com.allride.buses                    D  checkOnlineDataAsync
2024-06-25 09:24:14.645 18840-18840 MainActivityViewModel   com.allride.buses                    D  onlineDataAsyncList getAuthMe
2024-06-25 09:24:14.646 18840-18840 MainActivityViewModel   com.allride.buses                    D  onlineDataAsyncList getRoutes
2024-06-25 09:24:14.646 18840-18840 MainActivityViewModel   com.allride.buses                    D  onlineDataAsyncList getDrivers
2024-06-25 09:24:14.647 18840-18840 MainActivityViewModel   com.allride.buses                    D  onlineDataAsyncList getAllVehicles
2024-06-25 09:24:14.649 18840-18840 MainActivityViewModel   com.allride.buses                    D  onlineDataAsyncList getAcceptedOrPendingDepartures
2024-06-25 09:24:14.910 18840-19669 ProxyAndro...gerBackend com.allride.buses                    W  Too many Flogger logs received before configuration. Dropping old logs.
2024-06-25 09:24:14.911 18840-19669 ProxyAndro...gerBackend com.allride.buses                    W  Too many Flogger logs received before configuration. Dropping old logs.
2024-06-25 09:24:15.037 18840-18840 MainActivityViewModel   com.allride.buses                    D  onlineDataAsyncList internalRoutes
2024-06-25 09:24:15.039 18840-18840 MainActivityViewModel   com.allride.buses                    D  onlineDataAsyncList getDeparturesNotAssigned
2024-06-25 09:24:15.041 18840-18840 MainActivityViewModel   com.allride.buses                    D  onlineDataAsyncList getAllRideConfig - list is [routes, drivers, vehicles, authMe, acceptedOrPendingOrConfirmed, internalRoutes, departuresNotAssigned, config]
2024-06-25 09:24:15.042 18840-18840 MainActivity            com.allride.buses                    D  setupBroadcastReceiver onReceive connectivity true
2024-06-25 09:24:15.042 18840-18840 MainActivityViewModel   com.allride.buses                    D  refreshFlexible false
2024-06-25 09:24:15.042 18840-18840 MainActivityViewModel   com.allride.buses                    D  checkOnlineDataAsync
2024-06-25 09:24:15.042 18840-18840 MainActivityViewModel   com.allride.buses                    D  onlineDataAsyncList getAuthMe
2024-06-25 09:24:15.042 18840-18840 MainActivityViewModel   com.allride.buses                    D  onlineDataAsyncList getRoutes
2024-06-25 09:24:15.042 18840-18840 MainActivityViewModel   com.allride.buses                    D  onlineDataAsyncList getDrivers
2024-06-25 09:24:15.042 18840-18840 MainActivityViewModel   com.allride.buses                    D  onlineDataAsyncList getAllVehicles
2024-06-25 09:24:15.042 18840-18840 MainActivityViewModel   com.allride.buses                    D  onlineDataAsyncList getAcceptedOrPendingDepartures
2024-06-25 09:24:15.042 18840-18840 MainActivityViewModel   com.allride.buses                    D  onlineDataAsyncList internalRoutes
2024-06-25 09:24:15.042 18840-18840 MainActivityViewModel   com.allride.buses                    D  onlineDataAsyncList getDeparturesNotAssigned
2024-06-25 09:24:15.043 18840-18840 MainActivityViewModel   com.allride.buses                    D  onlineDataAsyncList getAllRideConfig - list is [routes, drivers, vehicles, authMe, acceptedOrPendingOrConfirmed, internalRoutes, departuresNotAssigned, config]
2024-06-25 09:24:15.068 18840-18840 FlexibleFragment        com.allride.buses                    D  departuresPending [com.allride.buses.data.models.PBDeparture@99c312a, com.allride.buses.data.models.PBDeparture@ef7eb1b, com.allride.buses.data.models.PBDeparture@b1384b8, com.allride.buses.data.models.PBDeparture@80fc291, com.allride.buses.data.models.PBDeparture@92435f6, com.allride.buses.data.models.PBDeparture@f201df7, com.allride.buses.data.models.PBDeparture@dd83464, com.allride.buses.data.models.PBDeparture@e5cf6cd, com.allride.buses.data.models.PBDeparture@55bb82, com.allride.buses.data.models.PBDeparture@c2ea293, com.allride.buses.data.models.PBDeparture@61632d0, com.allride.buses.data.models.PBDeparture@7cf32c9, com.allride.buses.data.models.PBDeparture@5280dce, com.allride.buses.data.models.PBDeparture@196d4ef, com.allride.buses.data.models.PBDeparture@1f3abfc, com.allride.buses.data.models.PBDeparture@40f3285, com.allride.buses.data.models.PBDeparture@3bb38da, com.allride.buses.data.models.PBDeparture@4a5d10b, com.allride.buses.data.models.PBDeparture@9cd8be8, com.allride.buses.data.models.PBDeparture@a957201, com.allride.buses.data.models.PBDeparture@82408a6, com.allride.buses.data.models.PBDeparture@85e72e7, com.allride.buses.data.models.PBDeparture@ce37e94, com.allride.buses.data.models.PBDeparture@7e62d3d, com.allride.buses.data.models.PBDeparture@8f80932, com.allride.buses.data.models.PBDeparture@3155683, com.allride.buses.data.models.PBDeparture@cc3f000, com.allride.buses.data.models.PBDeparture@28d6039, com.allride.buses.data.models.PBDeparture@e99867e, com.allride.buses.data.models.PBDeparture@1ccd7df, com.allride.buses.data.models.PBDeparture@3780c2c, com.allride.buses.data.models.PBDeparture@3dac6f5, com.allride.buses.data.models.PBDeparture@3438c8a, com.allride.buses.data.models.PBDeparture@55112fb, com.allride.buses.data.models.PBDeparture@6fbf18, com.allride.buses.data.models.PBDeparture@5ddd71, com.allride.buses.data.models.PBDeparture@7d5e756, com.allride.buses.data.models.PBDeparture@513e3d7, com.allride.buses.data.models.PBDeparture@82db4c4, com.allride.buses.data.models.PBDeparture@c21dfad, com.allride.buses.data.models.PBDeparture@96122e2, com.allride.buses.data.models.PBDeparture@3c8e673, com.allride.buses.data.models.PBDeparture@2b35930, com.allride.buses.data.models.PBDeparture@6a9c9a9, com.allride.buses.data.models.PBDeparture@3728b2e, com.allride.buses.data.models.PBDeparture@1c176cf, com.allride.buses.data.models.PBDeparture@4acd85c, com.allride.buses.data.models.PBDeparture@aac5765, com.allride.buses.data.models.PBDeparture@b202c3a, com.allride.buses.data.models.PBDeparture@908b0eb, com.allride.buses.data.models.PBDeparture@f5d1e48, com.allride.buses.data.models.PBDeparture@d9004e1, com.allride.buses.data.models.PBDeparture@ed4d206, com.allride.buses.data.models.PBDeparture@f3f70c7, com.allride.buses.data.models.PBDeparture@349d6f4, com.allride.buses.data.models.PBDeparture@aa70e1d, com.allride.buses.data.models.PBDeparture@6dc0892, com.allride.buses.data.models.PBDeparture@9385263, com.allride.buses.data.models.PBDeparture@1a76e60, com.allride.buses.data.models.PBDeparture@62b6f19, com.allride.buses.data.models.PBDeparture@2ae1bde, com.allride.buses.data.models.PBDeparture@c53b1bf, com.allride.buses.data.models.PBDeparture@885108c, com.allride.buses.data.models.PBDeparture@3fae3d5, com.allride.buses.data.models.PBDeparture@efc17ea, com.allride.buses.data.models.PBDeparture@99baadb, com.allride.buses.data.models.PBDeparture@5b8a978, com.allride.buses.data.models.PBDeparture@e12e851, com.allride.buses.data.models.PBDeparture@7bc8b6, com.allride.buses.data.models.PBDeparture@ea019b7, com.allride.buses.data.models.PBDeparture@c8ae524, com.allride.buses.data.models.PBDeparture@6ccb88d, com.allride.buses.data.models.PBDeparture@f73ba42, com.allride.buses.data.models.PBDeparture@8129a53, com.allride.buses.data.models.PBDeparture@a232f90, com.allride.buses.data.models.PBDeparture@2d95089, com.allride.buses.data.models.PBDeparture@7388e, com.allride.buses.data.models.PBDeparture@22288af, com.allride.buses.data.models.PBDeparture@4b3b4bc, com.all
2024-06-25 09:24:15.123 18840-19754 AllRideOAuth2Service    com.allride.buses                    I  getAccessToken 0cabdf63a453fb1ff080804fd5782507decb0ca48373ec79ec8791861418df2919c98bc51a562d4f845d24b1b207545f07834133e25ea904ab13f4748f9376ec
2024-06-25 09:24:15.156 18840-18840 MainActivityViewModel   com.allride.buses                    D  Success getInstance token: cf4_wEhZR-WTjzcd-KVk6c:APA91bF9LzD-sLElXEibpihKkMSMkXejGTv6bu8HJxqDXpSDcyhcWnjHw20hdwUvaDFW62KSvimy0PdqZCV_Uz0IhPBQpmVpFAEteVcAkIWwUqRavOG7PnBVGAA6aBwYXBbydF1e7Q5h
2024-06-25 09:24:15.159 18840-18840 Choreographer           com.allride.buses                    I  Skipped 60 frames!  The application may be doing too much work on its main thread.
2024-06-25 09:24:15.251 18840-19755 AllRideCommunityService com.allride.buses                    I  getAccessToken 0cabdf63a453fb1ff080804fd5782507decb0ca48373ec79ec8791861418df2919c98bc51a562d4f845d24b1b207545f07834133e25ea904ab13f4748f9376ec
2024-06-25 09:24:15.268 18840-19758 AllRideCommunityService com.allride.buses                    I  getAccessToken 0cabdf63a453fb1ff080804fd5782507decb0ca48373ec79ec8791861418df2919c98bc51a562d4f845d24b1b207545f07834133e25ea904ab13f4748f9376ec
2024-06-25 09:24:15.318 18840-19753 AllRideOAuth2Service    com.allride.buses                    I  getAccessToken 0cabdf63a453fb1ff080804fd5782507decb0ca48373ec79ec8791861418df2919c98bc51a562d4f845d24b1b207545f07834133e25ea904ab13f4748f9376ec
2024-06-25 09:24:15.415 18840-19667 ProxyAndro...gerBackend com.allride.buses                    W  Too many Flogger logs received before configuration. Dropping old logs.
2024-06-25 09:24:15.415 18840-19667 ProxyAndro...gerBackend com.allride.buses                    W  Too many Flogger logs received before configuration. Dropping old logs.
2024-06-25 09:24:15.441 18840-19754 AllRideOAuth2Service    com.allride.buses                    I  getAccessToken 0cabdf63a453fb1ff080804fd5782507decb0ca48373ec79ec8791861418df2919c98bc51a562d4f845d24b1b207545f07834133e25ea904ab13f4748f9376ec
2024-06-25 09:24:15.441 18840-19754 AllRideOAuth2Service    com.allride.buses                    I  Response Code > 200
2024-06-25 09:24:15.442 18840-19754 AllRideOAuth2Service    com.allride.buses                    I  URL > Request{method=GET, url=https://stage.allrideapp.com/api/v2/pb/driver/driver/653fd68233d83952fafcd4be, tags={class retrofit2.Invocation=com.allride.buses.api.AllRideAPI.getCommunityDrivers() [653fd68233d83952fafcd4be]}}
2024-06-25 09:24:15.500 18840-19792 AllRideOAuth2Service    com.allride.buses                    I  getAccessToken 0cabdf63a453fb1ff080804fd5782507decb0ca48373ec79ec8791861418df2919c98bc51a562d4f845d24b1b207545f07834133e25ea904ab13f4748f9376ec
2024-06-25 09:24:15.520 18840-18869 m.allride.buse          com.allride.buses                    I  Compiler allocated 7530KB to compile void m.eiq.V(m.enc, m.fdq, android.content.res.Resources, m.ele, m.evm, boolean, m.dld, java.util.Map, boolean, boolean)
2024-06-25 09:24:15.634 18840-19758 AllRideCommunityService com.allride.buses                    I  getAccessToken 0cabdf63a453fb1ff080804fd5782507decb0ca48373ec79ec8791861418df2919c98bc51a562d4f845d24b1b207545f07834133e25ea904ab13f4748f9376ec
2024-06-25 09:24:15.634 18840-19758 AllRideCommunityService com.allride.buses                    I  Response Code > 200
2024-06-25 09:24:15.634 18840-19758 AllRideCommunityService com.allride.buses                    I  URL > Request{method=GET, url=https://stage.allrideapp.com/api/v1/pb/provider/me, tags={class retrofit2.Invocation=com.allride.buses.api.AllRideAPI.getAuthMe() []}}
2024-06-25 09:24:15.639 18840-19800 AllRideCommunityService com.allride.buses                    I  getAccessToken 0cabdf63a453fb1ff080804fd5782507decb0ca48373ec79ec8791861418df2919c98bc51a562d4f845d24b1b207545f07834133e25ea904ab13f4748f9376ec
2024-06-25 09:24:15.731 18840-19789 AllRideOAuth2Service    com.allride.buses                    I  getAccessToken 0cabdf63a453fb1ff080804fd5782507decb0ca48373ec79ec8791861418df2919c98bc51a562d4f845d24b1b207545f07834133e25ea904ab13f4748f9376ec
2024-06-25 09:24:15.762 18840-19791 AllRideOAuth2Service    com.allride.buses                    I  getAccessToken 0cabdf63a453fb1ff080804fd5782507decb0ca48373ec79ec8791861418df2919c98bc51a562d4f845d24b1b207545f07834133e25ea904ab13f4748f9376ec
2024-06-25 09:24:15.791 18840-19755 AllRideCommunityService com.allride.buses                    I  getAccessToken 0cabdf63a453fb1ff080804fd5782507decb0ca48373ec79ec8791861418df2919c98bc51a562d4f845d24b1b207545f07834133e25ea904ab13f4748f9376ec
2024-06-25 09:24:15.791 18840-19755 AllRideCommunityService com.allride.buses                    I  Response Code > 200
2024-06-25 09:24:15.793 18840-19755 AllRideCommunityService com.allride.buses                    I  URL > Request{method=GET, url=https://stage.allrideapp.com/api/v2/pb/driver/vehicles, tags={class retrofit2.Invocation=com.allride.buses.api.AllRideAPI.getAllVehicles() []}}
2024-06-25 09:24:15.810 18840-19622 DynamiteModule          com.allride.buses                    W  Local module descriptor class for com.google.android.gms.googlecertificates not found.
2024-06-25 09:24:15.847 18840-19622 DynamiteModule          com.allride.buses                    I  Considering local module com.google.android.gms.googlecertificates:0 and remote module com.google.android.gms.googlecertificates:7
2024-06-25 09:24:15.848 18840-19622 DynamiteModule          com.allride.buses                    I  Selected remote version of com.google.android.gms.googlecertificates, version >= 7
2024-06-25 09:24:15.876 18840-19788 AllRideOAuth2Service    com.allride.buses                    I  getAccessToken 0cabdf63a453fb1ff080804fd5782507decb0ca48373ec79ec8791861418df2919c98bc51a562d4f845d24b1b207545f07834133e25ea904ab13f4748f9376ec
2024-06-25 09:24:15.973 18840-19753 AllRideOAuth2Service    com.allride.buses                    I  getAccessToken 0cabdf63a453fb1ff080804fd5782507decb0ca48373ec79ec8791861418df2919c98bc51a562d4f845d24b1b207545f07834133e25ea904ab13f4748f9376ec
2024-06-25 09:24:15.973 18840-19753 AllRideOAuth2Service    com.allride.buses                    I  Response Code > 200
2024-06-25 09:24:15.974 18840-19753 AllRideOAuth2Service    com.allride.buses                    I  URL > Request{method=GET, url=https://stage.allrideapp.com/api/v2/pb/driver/routes/653fd68233d83952fafcd4be, tags={class retrofit2.Invocation=com.allride.buses.api.AllRideAPI.getCommunityRoutesSimple() [653fd68233d83952fafcd4be]}}
2024-06-25 09:24:15.988 18840-19800 AllRideCommunityService com.allride.buses                    I  getAccessToken 0cabdf63a453fb1ff080804fd5782507decb0ca48373ec79ec8791861418df2919c98bc51a562d4f845d24b1b207545f07834133e25ea904ab13f4748f9376ec
2024-06-25 09:24:15.988 18840-19800 AllRideCommunityService com.allride.buses                    I  Response Code > 200
2024-06-25 09:24:15.990 18840-19800 AllRideCommunityService com.allride.buses                    I  URL > Request{method=PUT, url=https://stage.allrideapp.com/api/v2/pb/driver/update, tags={class retrofit2.Invocation=com.allride.buses.api.AllRideAPI.updateDeviceDriver() [com.allride.buses.api.AllRideAPI$NewDeviceData@af36b24]}}
2024-06-25 09:24:15.995 18840-19791 AllRideOAuth2Service    com.allride.buses                    I  getAccessToken 0cabdf63a453fb1ff080804fd5782507decb0ca48373ec79ec8791861418df2919c98bc51a562d4f845d24b1b207545f07834133e25ea904ab13f4748f9376ec
2024-06-25 09:24:15.995 18840-19791 AllRideOAuth2Service    com.allride.buses                    I  Response Code > 200
2024-06-25 09:24:15.996 18840-19791 AllRideOAuth2Service    com.allride.buses                    I  URL > Request{method=GET, url=https://stage.allrideapp.com/api/v2/pb/driver/internal, tags={class retrofit2.Invocation=com.allride.buses.api.AllRideAPI.getCommunityRoutesInternal() []}}
2024-06-25 09:24:16.018 18840-19792 AllRideOAuth2Service    com.allride.buses                    I  getAccessToken 0cabdf63a453fb1ff080804fd5782507decb0ca48373ec79ec8791861418df2919c98bc51a562d4f845d24b1b207545f07834133e25ea904ab13f4748f9376ec
2024-06-25 09:24:16.018 18840-19792 AllRideOAuth2Service    com.allride.buses                    I  Response Code > 200
2024-06-25 09:24:16.019 18840-19792 AllRideOAuth2Service    com.allride.buses                    I  URL > Request{method=GET, url=https://stage.allrideapp.com/api/v2/pb/driver/services/routes, tags={class retrofit2.Invocation=com.allride.buses.api.AllRideAPI.getDeparturesNotAssigned() []}}
2024-06-25 09:24:16.173 18840-19789 AllRideOAuth2Service    com.allride.buses                    I  getAccessToken 0cabdf63a453fb1ff080804fd5782507decb0ca48373ec79ec8791861418df2919c98bc51a562d4f845d24b1b207545f07834133e25ea904ab13f4748f9376ec
2024-06-25 09:24:16.174 18840-19789 AllRideOAuth2Service    com.allride.buses                    I  Response Code > 200
2024-06-25 09:24:16.175 18840-19789 AllRideOAuth2Service    com.allride.buses                    I  URL > Request{method=GET, url=https://stage.allrideapp.com/api/v1/services/config, tags={class retrofit2.Invocation=com.allride.buses.api.AllRideAPI.getAllRideConfig() []}}
