2024-12-26 15:56:15.975 14290-22812 SocketClient            com.allride.buses                    D  Socket reconnected
2024-12-26 15:56:15.975 14290-14290 TripService             com.allride.buses                    D  socketUpdateReceiver onReceive restart
2024-12-26 15:56:15.976 14290-14290 connectionService       com.allride.buses                    D  socketUpdateReceiver onReceive EVENT_RECONNECT true
2024-12-26 15:56:16.105 14290-22820 SocketClient            com.allride.buses                    D  Socket reconnected
2024-12-26 15:56:16.107 14290-14290 TripService             com.allride.buses                    D  socketUpdateReceiver onReceive restart
2024-12-26 15:56:16.110 14290-14290 connectionService       com.allride.buses                    D  socketUpdateReceiver onReceive EVENT_RECONNECT true
2024-12-26 15:56:16.140 14290-22825 SocketClient            com.allride.buses                    D  Socket error
2024-12-26 15:56:16.141 14290-14290 connectionService       com.allride.buses                    D  socketUpdateReceiver onReceive EVENT_ERROR false
2024-12-26 15:56:16.146 14290-22826 SocketClient            com.allride.buses                    D  Socket reconnecting
2024-12-26 15:56:16.269 14290-22828 SocketClient            com.allride.buses                    D  Socket error
2024-12-26 15:56:16.272 14290-14290 connectionService       com.allride.buses                    D  socketUpdateReceiver onReceive EVENT_ERROR false
2024-12-26 15:56:16.363 14290-22829 SocketClient            com.allride.buses                    D  Socket reconnecting
2024-12-26 15:56:16.374 14290-22564 AllRideOAuth2Service    com.allride.buses                    I  Response Code > 200 - Request > Request{method=POST, url=https://stage.allrideapp.com/api/v2/pb/driver/validations/sync/653fd68233d83952fafcd4be, tags={class retrofit2.Invocation=com.allride.buses.api.AllRideAPI.syncValidations() [653fd68233d83952fafcd4be, com.allride.buses.api.AllRideAPI$OfflineValidationsData@47b6465]}}
2024-12-26 15:56:16.377 14290-14577 connectionService       com.allride.buses                    D  Success syncValidations
2024-12-26 15:56:16.427 14290-14577 connectionService       com.allride.buses                    D  checkPendingOfflineSync false false true
2024-12-26 15:56:16.427 14290-14577 connectionService       com.allride.buses                    D  sendNotifyPendingOfflineSync true - 
2024-12-26 15:56:16.428 14290-14290 MapActivity             com.allride.buses                    D  setupBroadcastReceiver onReceive pendingOfflineSync true
2024-12-26 15:56:16.428 14290-14577 connectionService       com.allride.buses                    I  checkSyncOffline current 'departure' : [offline=false, validations=false, images=false, departure=true, deviceHistory=true, driverMuc=false]
2024-12-26 15:56:16.430 14290-22564 AllRideOAuth2Service    com.allride.buses                    I  getAccessToken c4a54564bd4fe2db3e6f0379e5aec904d744d4857165fba6e9c74eac345a62f844bbe068e131493906eb478733a68788aa313b87308162e77fe0c35b33c833ea
2024-12-26 15:56:16.760 14290-22836 SocketClient            com.allride.buses                    D  Socket reconnected
2024-12-26 15:56:16.761 14290-14290 TripService             com.allride.buses                    D  socketUpdateReceiver onReceive restart
2024-12-26 15:56:16.762 14290-14290 connectionService       com.allride.buses                    D  socketUpdateReceiver onReceive EVENT_RECONNECT true
2024-12-26 15:56:16.768 14290-22841 SocketClient            com.allride.buses                    D  Socket reconnected
2024-12-26 15:56:16.769 14290-14290 TripService             com.allride.buses                    D  socketUpdateReceiver onReceive restart
2024-12-26 15:56:16.769 14290-14290 connectionService       com.allride.buses                    D  socketUpdateReceiver onReceive EVENT_RECONNECT true
2024-12-26 15:56:16.926 14290-22847 SocketClient            com.allride.buses                    D  Socket error
2024-12-26 15:56:16.927 14290-14290 connectionService       com.allride.buses                    D  socketUpdateReceiver onReceive EVENT_ERROR false
2024-12-26 15:56:16.976 14290-22848 SocketClient            com.allride.buses                    D  Socket connected
2024-12-26 15:56:16.978 14290-14290 connectionService       com.allride.buses                    D  socketUpdateReceiver onReceive CONNECT true
2024-12-26 15:56:17.022 14290-14290 TripService             com.allride.buses                    E  Error send event 'newPosition' socket: sharingLocation false - socket false - [-34.3941058,-70.7813074]
2024-12-26 15:56:17.022 14290-14290 TripService             com.allride.buses                    D  Difference last seconds 5 - distance 0.011092954 - velocity 0.0022185908
2024-12-26 15:56:17.022 14290-14290 TripService             com.allride.buses                    D  *** checkStopsLocally [-34.3941058,-70.7813074] ***
2024-12-26 15:56:17.023 14290-14290 TripService             com.allride.buses                    I  checkStopsLocally nearby 6654d4c8713b9a5184cfe1df - distance 276.74142
2024-12-26 15:56:17.024 14290-14290 TripService             com.allride.buses                    D  socketUpdateReceiver onReceive newPosition
2024-12-26 15:56:17.024 14290-14290 ActiveDepa...eViewModel com.allride.buses                    D  socketUpdateReceiver onReceive EVENT_GPS_NEW_POSITION [-34.3941058,-70.7813074]
2024-12-26 15:56:17.081 14290-22564 AllRideOAuth2Service    com.allride.buses                    I  Response Code > 200 - Request > Request{method=GET, url=https://stage.allrideapp.com/api/v2/pb/driver/departures/current, tags={class retrofit2.Invocation=com.allride.buses.api.AllRideAPI.getCurrentDeparture() []}}
2024-12-26 15:56:17.085 14290-22850 SocketClient            com.allride.buses                    D  Socket reconnected
2024-12-26 15:56:17.090 14290-14290 TripService             com.allride.buses                    D  socketUpdateReceiver onReceive restart
2024-12-26 15:56:17.092 14290-14290 connectionService       com.allride.buses                    D  socketUpdateReceiver onReceive EVENT_RECONNECT true
2024-12-26 15:56:17.099 14290-20517 connectionService       com.allride.buses                    D  Success getCurrentDeparture
2024-12-26 15:56:17.099 14290-20517 DepartureRealm          com.allride.buses                    I  update 676da6552a1ac0a2eb00d55c
2024-12-26 15:56:17.120 14290-20517 connectionService       com.allride.buses                    D  sendUpdateDeparture
2024-12-26 15:56:17.120 14290-20517 connectionService       com.allride.buses                    D  startActivityMap
2024-12-26 15:56:17.136 14290-14290 MapActivity             com.allride.buses                    D  ActiveDepartureViewModel capacity 46
2024-12-26 15:56:17.136 14290-14290 ActiveDepa...eViewModel com.allride.buses                    D  typeMap com.allride.buses.data.models.PBDeparture@83278c4
2024-12-26 15:56:17.136 14290-14290 MapActivity             com.allride.buses                    D  ActiveDepartureViewModel typeMap regular
2024-12-26 15:56:17.144 14290-14290 TripService             com.allride.buses                    D  socketUpdateReceiver onReceive UPDATE_DEPARTURE
2024-12-26 15:56:17.144 14290-14290 ActiveDepa...eViewModel com.allride.buses                    D  socketUpdateReceiver onReceive UPDATE_DEPARTURE
2024-12-26 15:56:17.144 14290-14290 ActiveDepa...eViewModel com.allride.buses                    D  socketUpdateReceiver onReceive UPDATE_DEPARTURE
2024-12-26 15:56:17.144 14290-14290 MapActivity             com.allride.buses                    D  setupBroadcastReceiver onReceive UPDATE_DEPARTURE false
2024-12-26 15:56:17.162 14290-20517 connectionService       com.allride.buses                    D  checkPendingOfflineSync false false true
2024-12-26 15:56:17.162 14290-20517 connectionService       com.allride.buses                    D  sendNotifyPendingOfflineSync true - 
2024-12-26 15:56:17.163 14290-20517 connectionService       com.allride.buses                    I  checkSyncOffline current 'deviceHistory' : [offline=false, validations=false, images=false, departure=false, deviceHistory=true, driverMuc=false]
2024-12-26 15:56:17.172 14290-14290 MapActivity             com.allride.buses                    D  setupBroadcastReceiver onReceive pendingOfflineSync true
2024-12-26 15:56:17.190 14290-22564 AllRideOAuth2Service    com.allride.buses                    I  getAccessToken c4a54564bd4fe2db3e6f0379e5aec904d744d4857165fba6e9c74eac345a62f844bbe068e131493906eb478733a68788aa313b87308162e77fe0c35b33c833ea
2024-12-26 15:56:17.284 14290-22856 SocketClient            com.allride.buses                    D  Socket reconnecting
2024-12-26 15:56:17.400 14290-22858 ActiveDepa...eViewModel com.allride.buses                    I  Starting departure socket
2024-12-26 15:56:17.400 14290-22858 ActiveDepa...eViewModel com.allride.buses                    D  configSocket
2024-12-26 15:56:17.404 14290-22858 SocketClient            com.allride.buses                    D  Socket connected
2024-12-26 15:56:17.407 14290-14290 connectionService       com.allride.buses                    D  socketUpdateReceiver onReceive CONNECT true
2024-12-26 15:56:17.485 14290-14290 IStopCheckRealm         com.allride.buses                    D  Success getAll: 0
2024-12-26 15:56:17.485 14290-14290 TripService             com.allride.buses                    E  Error send event 'start' socket: sharingLocation false - socket true
2024-12-26 15:56:17.485 14290-14290 TripService             com.allride.buses                    D  Restart GPS Service true
2024-12-26 15:56:17.486 14290-14290 TripService             com.allride.buses                    D  Started sharing location
2024-12-26 15:56:17.748 14290-22861 ActiveDepa...eViewModel com.allride.buses                    D  SocketClient - current : {"color":"2E7D32","capacity":46}
2024-12-26 15:56:17.748 14290-22861 DepartureRealm          com.allride.buses                    D  setCapacity 46
2024-12-26 15:56:17.764 14290-22861 ActiveDepa...eViewModel com.allride.buses                    D  SocketClient - current : {"color":"2E7D32","capacity":46}
2024-12-26 15:56:17.764 14290-22861 DepartureRealm          com.allride.buses                    D  setCapacity 46
2024-12-26 15:56:17.907 14290-14290 connectionService       com.allride.buses                    D  checkConnectivity: true
2024-12-26 15:56:17.908 14290-14290 connectionService       com.allride.buses                    D  sendNotifyConnectivity true
2024-12-26 15:56:17.940 14290-14290 connectionService       com.allride.buses                    D  checkInMap exit for loadingCheckOnlineData
2024-12-26 15:56:17.940 14290-14290 connectionService       com.allride.buses                    D  sendNotifyConnectivity true
2024-12-26 15:56:17.941 14290-14290 MapActivity             com.allride.buses                    D  setupBroadcastReceiver onReceive connectivity true
2024-12-26 15:56:17.945 14290-14290 MapActivity             com.allride.buses                    D  setupBroadcastReceiver onReceive connectivity true
2024-12-26 15:56:18.038 14290-22564 AllRideOAuth2Service    com.allride.buses                    I  Response Code > 200 - Request > Request{method=POST, url=https://stage.allrideapp.com/api/v2/pb/driver/departure/device/history, tags={class retrofit2.Invocation=com.allride.buses.api.AllRideAPI.saveDeviceHistoryConnection() [com.allride.buses.api.AllRideAPI$HistoryUse@4e3c57f]}}
2024-12-26 15:56:18.043 14290-22862 SocketClient            com.allride.buses                    D  Socket reconnected
2024-12-26 15:56:18.045 14290-14290 TripService             com.allride.buses                    D  socketUpdateReceiver onReceive restart
2024-12-26 15:56:18.061 14290-14290 IStopCheckRealm         com.allride.buses                    D  Success getAll: 0
2024-12-26 15:56:18.062 14290-14290 TripService             com.allride.buses                    D  Sending event 'start' socket: Location[fused -34.394106,-70.781307 hAcc=21.204 et=+5d5h56m53s911ms alt=417.0 vAcc=2.5028834 vel=0.0010696702 sAcc=1.1673046]
2024-12-26 15:56:18.062 14290-14290 TripService             com.allride.buses                    D  Restart GPS Service true
2024-12-26 15:56:18.062 14290-14290 connectionService       com.allride.buses                    D  socketUpdateReceiver onReceive EVENT_RECONNECT true
2024-12-26 15:56:18.102 14290-20831 connectionService       com.allride.buses                    D  checkPendingOfflineSync false false true
2024-12-26 15:56:18.102 14290-20831 connectionService       com.allride.buses                    D  sendNotifyPendingOfflineSync true - 
2024-12-26 15:56:18.102 14290-20831 connectionService       com.allride.buses                    I  checkSyncOffline dataList isEmpty
2024-12-26 15:56:18.102 14290-14290 MapActivity             com.allride.buses                    D  setupBroadcastReceiver onReceive pendingOfflineSync true
2024-12-26 15:56:18.102 14290-20831 connectionService       com.allride.buses                    D  Success saveDeviceHistoryConnection: 12
2024-12-26 15:56:18.244 14290-22869 SocketClient            com.allride.buses                    D  Socket error
2024-12-26 15:56:18.245 14290-14290 connectionService       com.allride.buses                    D  socketUpdateReceiver onReceive EVENT_ERROR false
2024-12-26 15:56:18.551 14290-22876 ActiveDepa...eViewModel com.allride.buses                    D  SocketClient - stop : {"departureId":"676da6552a1ac0a2eb00d55c","routeId":"672a601506993039857e4071","disconnected":true}
2024-12-26 15:56:18.746 14290-14290 connectionService       com.allride.buses                    D  sendNotifyConnectivity false
2024-12-26 15:56:18.760 14290-14290 MapActivity             com.allride.buses                    D  setupBroadcastReceiver onReceive connectivity false
2024-12-26 15:56:19.580 14290-14290 UserRealm               com.allride.buses                    D  isWorking false
2024-12-26 15:56:19.601 14290-14320 SessionLifecycleClient  com.allride.buses                    D  Sending lifecycle 2 to service
2024-12-26 15:56:19.602 14290-14370 SessionLifecycleService com.allride.buses                    D  Activity backgrounding at 225636659
2024-12-26 15:56:19.662 14290-14290 Utils                   com.allride.buses                    D  BroadcastReceiver registered successfully
2024-12-26 15:56:19.663 14290-14290 CapturePas...erActivity com.allride.buses                    E  ADD HISTORY USE: NO_TYPE_MOBILE_DATA
2024-12-26 15:56:19.676 14290-14290 CapturePas...erActivity com.allride.buses                    D  startCamera
2024-12-26 15:56:19.678 14290-14290 CamLifecycleController  com.allride.buses                    D  CameraProvider is not ready.
2024-12-26 15:56:19.678 14290-14290 CameraController        com.allride.buses                    D  Use cases not attached to camera.
2024-12-26 15:56:19.679 14290-14290 ViewReaderQR            com.allride.buses                    D  startQRAnalysis
2024-12-26 15:56:19.681 14290-22281 DynamiteModule          com.allride.buses                    I  Considering local module com.google.mlkit.dynamite.barcode:10000 and remote module com.google.mlkit.dynamite.barcode:0
2024-12-26 15:56:19.681 14290-22281 DynamiteModule          com.allride.buses                    I  Selected local version of com.google.mlkit.dynamite.barcode
2024-12-26 15:56:19.687 14290-14333 SessionLifecycleClient  com.allride.buses                    D  Sending lifecycle 1 to service
2024-12-26 15:56:19.687 14290-14370 SessionLifecycleService com.allride.buses                    D  Activity foregrounding at 225636744.
2024-12-26 15:56:19.687 14290-14290 CapturePas...erActivity com.allride.buses                    D  onResumeCamera
2024-12-26 15:56:19.687 14290-14290 ViewReaderQR            com.allride.buses                    D  onResumeCamera
2024-12-26 15:56:19.687 14290-14290 ViewReaderQR            com.allride.buses                    D  startQRAnalysis
2024-12-26 15:56:19.688 14290-14290 Utils                   com.allride.buses                    D  BroadcastReceiver registered successfully
2024-12-26 15:56:19.748 14290-14290 LoginActivity           com.allride.buses                    D  getNetworkStatus: {"pingTime":55,"signalStrength":4,"status":true,"type":"wifi"}
2024-12-26 15:56:19.773 14290-14290 CamLifecycleController  com.allride.buses                    D  CameraProvider is not ready.
2024-12-26 15:56:19.773 14290-14290 CameraController        com.allride.buses                    D  Use cases not attached to camera.
2024-12-26 15:56:19.785 14290-14290 CameraOrientationUtil   com.allride.buses                    D  getRelativeImageRotation: destRotationDegrees=0, sourceRotationDegrees=90, isOppositeFacing=true, result=90
2024-12-26 15:56:19.785 14290-14290 CameraOrientationUtil   com.allride.buses                    D  getRelativeImageRotation: destRotationDegrees=0, sourceRotationDegrees=90, isOppositeFacing=true, result=90
2024-12-26 15:56:19.789 14290-14290 DynamicRangeResolver    com.allride.buses                    D  Resolved dynamic range for use case androidx.camera.core.Preview-bf71eba0-2bfa-45a2-ab48-7dc82b889aaa to no compatible HDR dynamic ranges.
                                                                                                    DynamicRange@d875deb{encoding=UNSPECIFIED, bitDepth=0}
                                                                                                    ->
                                                                                                    DynamicRange@ee96d3a{encoding=SDR, bitDepth=8}
2024-12-26 15:56:19.790 14290-14290 CameraOrientationUtil   com.allride.buses                    D  getRelativeImageRotation: destRotationDegrees=0, sourceRotationDegrees=90, isOppositeFacing=true, result=90
2024-12-26 15:56:19.791 14290-14290 CameraOrientationUtil   com.allride.buses                    D  getRelativeImageRotation: destRotationDegrees=0, sourceRotationDegrees=90, isOppositeFacing=true, result=90
2024-12-26 15:56:19.791 14290-14290 DeferrableSurface       com.allride.buses                    D  Surface created[total_surfaces=1, used_surfaces=0](androidx.camera.core.processing.SurfaceEdge$SettableSurface@3f0ee03}
2024-12-26 15:56:19.792 14290-14290 DeferrableSurface       com.allride.buses                    D  Surface created[total_surfaces=2, used_surfaces=0](androidx.camera.core.SurfaceRequest$2@d8a675f}
2024-12-26 15:56:19.792 14290-14290 DeferrableSurface       com.allride.buses                    D  New surface in use[total_surfaces=2, used_surfaces=1](androidx.camera.core.SurfaceRequest$2@d8a675f}
2024-12-26 15:56:19.792 14290-14290 DeferrableSurface       com.allride.buses                    D  use count+1, useCount=1 androidx.camera.core.SurfaceRequest$2@d8a675f
2024-12-26 15:56:19.793 14290-14290 CameraOrientationUtil   com.allride.buses                    D  getRelativeImageRotation: destRotationDegrees=0, sourceRotationDegrees=90, isOppositeFacing=true, result=90
2024-12-26 15:56:19.794 14290-14290 ImageCapture            com.allride.buses                    D  createPipeline(cameraId: 0, streamSpec: StreamSpec{resolution=3264x2448, dynamicRange=DynamicRange@ee96d3a{encoding=SDR, bitDepth=8}, expectedFrameRateRange=[0, 0], implementationOptions=androidx.camera.camera2.impl.Camera2ImplConfig@c76f098})
2024-12-26 15:56:19.794 14290-14290 DeferrableSurface       com.allride.buses                    D  Surface created[total_surfaces=3, used_surfaces=1](androidx.camera.core.impl.ImmediateSurface@982f0f1}
2024-12-26 15:56:19.797 14290-14745 Camera2CameraImpl       com.allride.buses                    D  {Camera@23f6899[id=0]} Use case androidx.camera.core.ImageCapture-df57b018-9327-423f-bfb2-08b9af6fc96c138933798 ACTIVE
2024-12-26 15:56:19.797 14290-14290 CameraOrientationUtil   com.allride.buses                    D  getRelativeImageRotation: destRotationDegrees=0, sourceRotationDegrees=90, isOppositeFacing=true, result=90
2024-12-26 15:56:19.797 14290-14745 UseCaseAttachState      com.allride.buses                    D  Active and attached use case: [] for camera: 0
2024-12-26 15:56:19.797 14290-14290 CameraOrientationUtil   com.allride.buses                    D  getRelativeImageRotation: destRotationDegrees=0, sourceRotationDegrees=90, isOppositeFacing=true, result=90
2024-12-26 15:56:19.798 14290-14290 DeferrableSurface       com.allride.buses                    D  Surface created[total_surfaces=4, used_surfaces=1](androidx.camera.core.impl.ImmediateSurface@f367e44}
2024-12-26 15:56:19.798 14290-14750 Camera2CameraImpl       com.allride.buses                    D  {Camera@23f6899[id=0]} Use case androidx.camera.core.Preview-bf71eba0-2bfa-45a2-ab48-7dc82b889aaa88515969 ACTIVE
2024-12-26 15:56:19.799 14290-14750 UseCaseAttachState      com.allride.buses                    D  Active and attached use case: [] for camera: 0
2024-12-26 15:56:19.799 14290-14750 Camera2CameraImpl       com.allride.buses                    D  {Camera@23f6899[id=0]} Use case androidx.camera.core.ImageCapture-df57b018-9327-423f-bfb2-08b9af6fc96c138933798 ACTIVE
2024-12-26 15:56:19.799 14290-14750 UseCaseAttachState      com.allride.buses                    D  Active and attached use case: [] for camera: 0
2024-12-26 15:56:19.799 14290-14750 Camera2CameraImpl       com.allride.buses                    D  {Camera@23f6899[id=0]} Use case androidx.camera.core.ImageAnalysis-e15a066d-83b2-41af-8381-b2dd28ea69d5185045607 ACTIVE
2024-12-26 15:56:19.799 14290-14750 UseCaseAttachState      com.allride.buses                    D  Active and attached use case: [] for camera: 0
2024-12-26 15:56:19.800 14290-14750 UseCaseAttachState      com.allride.buses                    D  Active and attached use case: [] for camera: 0
2024-12-26 15:56:19.800 14290-14290 UsbSerialService        com.allride.buses                    D  onCreate
2024-12-26 15:56:19.800 14290-14750 Camera2CameraImpl       com.allride.buses                    D  {Camera@23f6899[id=0]} Use cases [androidx.camera.core.Preview-bf71eba0-2bfa-45a2-ab48-7dc82b889aaa88515969, androidx.camera.core.ImageCapture-df57b018-9327-423f-bfb2-08b9af6fc96c138933798, androidx.camera.core.ImageAnalysis-e15a066d-83b2-41af-8381-b2dd28ea69d5185045607] now ATTACHED
2024-12-26 15:56:19.801 14290-14750 UseCaseAttachState      com.allride.buses                    D  All use case: [androidx.camera.core.ImageCapture-df57b018-9327-423f-bfb2-08b9af6fc96c138933798, androidx.camera.core.Preview-bf71eba0-2bfa-45a2-ab48-7dc82b889aaa88515969, androidx.camera.core.ImageAnalysis-e15a066d-83b2-41af-8381-b2dd28ea69d5185045607] for camera: 0
2024-12-26 15:56:19.801 14290-14750 UseCaseAttachState      com.allride.buses                    D  Active and attached use case: [androidx.camera.core.ImageCapture-df57b018-9327-423f-bfb2-08b9af6fc96c138933798, androidx.camera.core.Preview-bf71eba0-2bfa-45a2-ab48-7dc82b889aaa88515969, androidx.camera.core.ImageAnalysis-e15a066d-83b2-41af-8381-b2dd28ea69d5185045607] for camera: 0
2024-12-26 15:56:19.801 14290-14290 UsbSerialService        com.allride.buses                    D  findSerialPortDevice: []
2024-12-26 15:56:19.801 14290-14290 UsbSerialService        com.allride.buses                    D  No compatible USB device found
2024-12-26 15:56:19.804 14290-14750 Camera2CameraImpl       com.allride.buses                    D  {Camera@23f6899[id=0]} Resetting Capture Session
2024-12-26 15:56:19.804 14290-14750 Camera2CameraImpl       com.allride.buses                    D  {Camera@23f6899[id=0]} Releasing session in state INITIALIZED
2024-12-26 15:56:19.805 14290-14750 Camera2CameraImpl       com.allride.buses                    D  {Camera@23f6899[id=0]} Attempting to force open the camera.
2024-12-26 15:56:19.805 14290-14750 CameraStateRegistry     com.allride.buses                    D  tryOpenCamera(Camera@23f6899[id=0]) [Available Cameras: 1, Already Open: false (Previous state: CLOSED)] --> SUCCESS
2024-12-26 15:56:19.806 14290-14290 PreviewView             com.allride.buses                    D  Surface requested by Preview.
2024-12-26 15:56:19.806 14290-14750 CameraStateRegistry     com.allride.buses                    D  Recalculating open cameras:
                                                                                                    Camera                                       State                 
                                                                                                    -------------------------------------------------------------------
                                                                                                    Camera@23f6899[id=0]                         OPENING               
                                                                                                    Camera@12ca03b[id=1]                         UNKNOWN               
                                                                                                    -------------------------------------------------------------------
                                                                                                    Open count: 1 (Max allowed: 1)
2024-12-26 15:56:19.806 14290-14750 Camera2CameraImpl       com.allride.buses                    D  {Camera@23f6899[id=0]} Opening camera.
2024-12-26 15:56:19.806 14290-14750 Camera2CameraImpl       com.allride.buses                    D  {Camera@23f6899[id=0]} Transitioning camera internal state: INITIALIZED --> OPENING
2024-12-26 15:56:19.806 14290-14750 CameraStateMachine      com.allride.buses                    D  New public camera state CameraState{type=OPENING, error=null} from OPENING and null
2024-12-26 15:56:19.806 14290-14750 CameraStateMachine      com.allride.buses                    D  Publishing new public camera state CameraState{type=OPENING, error=null}
2024-12-26 15:56:19.807 14290-14750 UseCaseAttachState      com.allride.buses                    D  All use case: [androidx.camera.core.ImageCapture-df57b018-9327-423f-bfb2-08b9af6fc96c138933798, androidx.camera.core.Preview-bf71eba0-2bfa-45a2-ab48-7dc82b889aaa88515969, androidx.camera.core.ImageAnalysis-e15a066d-83b2-41af-8381-b2dd28ea69d5185045607] for camera: 0
2024-12-26 15:56:19.810 14290-14290 PreviewView             com.allride.buses                    D  Preview transformation info updated. TransformationInfo{getCropRect=Rect(0, 117 - 1600, 1083), getRotationDegrees=90, getTargetRotation=-1, hasCameraTransform=true, getSensorToBufferTransform=Matrix{[0.39215687, 0.0, -1.5686275][0.0, 0.39215687, -3.9215686][0.0, 0.0, 1.0]}, getMirroring=false}
2024-12-26 15:56:19.810 14290-14290 PreviewTransform        com.allride.buses                    D  Transformation info set: TransformationInfo{getCropRect=Rect(0, 117 - 1600, 1083), getRotationDegrees=90, getTargetRotation=-1, hasCameraTransform=true, getSensorToBufferTransform=Matrix{[0.39215687, 0.0, -1.5686275][0.0, 0.39215687, -3.9215686][0.0, 0.0, 1.0]}, getMirroring=false} 1600x1200 false
2024-12-26 15:56:19.810 14290-14290 CameraOrientationUtil   com.allride.buses                    D  getRelativeImageRotation: destRotationDegrees=0, sourceRotationDegrees=90, isOppositeFacing=true, result=90
2024-12-26 15:56:19.821 14290-14290 SurfaceViewImpl         com.allride.buses                    D  Surface created.
2024-12-26 15:56:19.821 14290-14290 SurfaceViewImpl         com.allride.buses                    D  Surface changed. Size: 1600x1200
2024-12-26 15:56:19.823 14290-14290 SurfaceViewImpl         com.allride.buses                    D  Surface set on Preview.
2024-12-26 15:56:19.841 14290-14750 Camera2CameraImpl       com.allride.buses                    D  {Camera@23f6899[id=0]} Use case androidx.camera.core.Preview-bf71eba0-2bfa-45a2-ab48-7dc82b889aaa88515969 ACTIVE
2024-12-26 15:56:19.842 14290-14750 UseCaseAttachState      com.allride.buses                    D  Active and attached use case: [androidx.camera.core.ImageCapture-df57b018-9327-423f-bfb2-08b9af6fc96c138933798, androidx.camera.core.Preview-bf71eba0-2bfa-45a2-ab48-7dc82b889aaa88515969, androidx.camera.core.ImageAnalysis-e15a066d-83b2-41af-8381-b2dd28ea69d5185045607] for camera: 0
2024-12-26 15:56:19.845 14290-14750 Camera2CameraImpl       com.allride.buses                    D  {Camera@23f6899[id=0]} Use case androidx.camera.core.ImageCapture-df57b018-9327-423f-bfb2-08b9af6fc96c138933798 ACTIVE
2024-12-26 15:56:19.847 14290-14750 UseCaseAttachState      com.allride.buses                    D  Active and attached use case: [androidx.camera.core.ImageCapture-df57b018-9327-423f-bfb2-08b9af6fc96c138933798, androidx.camera.core.Preview-bf71eba0-2bfa-45a2-ab48-7dc82b889aaa88515969, androidx.camera.core.ImageAnalysis-e15a066d-83b2-41af-8381-b2dd28ea69d5185045607] for camera: 0
2024-12-26 15:56:19.851 14290-14750 Camera2CameraImpl       com.allride.buses                    D  {Camera@23f6899[id=0]} Use case androidx.camera.core.ImageAnalysis-e15a066d-83b2-41af-8381-b2dd28ea69d5185045607 ACTIVE
2024-12-26 15:56:19.851 14290-14750 UseCaseAttachState      com.allride.buses                    D  Active and attached use case: [androidx.camera.core.ImageCapture-df57b018-9327-423f-bfb2-08b9af6fc96c138933798, androidx.camera.core.Preview-bf71eba0-2bfa-45a2-ab48-7dc82b889aaa88515969, androidx.camera.core.ImageAnalysis-e15a066d-83b2-41af-8381-b2dd28ea69d5185045607] for camera: 0
2024-12-26 15:56:19.853 14290-14750 Camera2CameraImpl       com.allride.buses                    D  {Camera@23f6899[id=0]} CameraDevice.onOpened()
2024-12-26 15:56:19.853 14290-14750 Camera2CameraImpl       com.allride.buses                    D  {Camera@23f6899[id=0]} Transitioning camera internal state: OPENING --> OPENED
2024-12-26 15:56:19.854 14290-14750 CameraStateRegistry     com.allride.buses                    D  Recalculating open cameras:
                                                                                                    Camera                                       State                 
                                                                                                    -------------------------------------------------------------------
                                                                                                    Camera@23f6899[id=0]                         OPEN                  
                                                                                                    Camera@12ca03b[id=1]                         UNKNOWN               
                                                                                                    -------------------------------------------------------------------
                                                                                                    Open count: 1 (Max allowed: 1)
2024-12-26 15:56:19.855 14290-14750 CameraStateMachine      com.allride.buses                    D  New public camera state CameraState{type=OPEN, error=null} from OPEN and null
2024-12-26 15:56:19.855 14290-14750 CameraStateMachine      com.allride.buses                    D  Publishing new public camera state CameraState{type=OPEN, error=null}
2024-12-26 15:56:19.857 14290-14750 UseCaseAttachState      com.allride.buses                    D  All use case: [androidx.camera.core.ImageCapture-df57b018-9327-423f-bfb2-08b9af6fc96c138933798, androidx.camera.core.Preview-bf71eba0-2bfa-45a2-ab48-7dc82b889aaa88515969, androidx.camera.core.ImageAnalysis-e15a066d-83b2-41af-8381-b2dd28ea69d5185045607] for camera: 0
2024-12-26 15:56:19.861 14290-14750 UseCaseAttachState      com.allride.buses                    D  Active and attached use case: [androidx.camera.core.ImageCapture-df57b018-9327-423f-bfb2-08b9af6fc96c138933798, androidx.camera.core.Preview-bf71eba0-2bfa-45a2-ab48-7dc82b889aaa88515969, androidx.camera.core.ImageAnalysis-e15a066d-83b2-41af-8381-b2dd28ea69d5185045607] for camera: 0
2024-12-26 15:56:19.863 14290-14750 SyncCaptureSessionBase  com.allride.buses                    D  [androidx.camera.camera2.internal.SynchronizedCaptureSessionBaseImpl@810b82f] getSurface...done
2024-12-26 15:56:19.863 14290-14750 CaptureSession          com.allride.buses                    D  Opening capture session.
2024-12-26 15:56:19.864 14290-14750 DeferrableSurface       com.allride.buses                    D  use count+1, useCount=2 androidx.camera.core.SurfaceRequest$2@d8a675f
2024-12-26 15:56:19.865 14290-14750 DeferrableSurface       com.allride.buses                    D  New surface in use[total_surfaces=4, used_surfaces=2](androidx.camera.core.impl.ImmediateSurface@982f0f1}
2024-12-26 15:56:19.865 14290-14750 DeferrableSurface       com.allride.buses                    D  use count+1, useCount=1 androidx.camera.core.impl.ImmediateSurface@982f0f1
2024-12-26 15:56:19.865 14290-14750 DeferrableSurface       com.allride.buses                    D  New surface in use[total_surfaces=4, used_surfaces=3](androidx.camera.core.impl.ImmediateSurface@f367e44}
2024-12-26 15:56:19.865 14290-14750 DeferrableSurface       com.allride.buses                    D  use count+1, useCount=1 androidx.camera.core.impl.ImmediateSurface@f367e44
2024-12-26 15:56:19.921 14290-14750 CaptureSession          com.allride.buses                    D  Attempting to send capture request onConfigured
2024-12-26 15:56:19.922 14290-14750 CaptureSession          com.allride.buses                    D  Issuing request for session.
2024-12-26 15:56:19.922 14290-14750 Camera2Cap...estBuilder com.allride.buses                    D  createCaptureRequest
2024-12-26 15:56:19.928 14290-14750 CaptureSession          com.allride.buses                    D  CameraCaptureSession.onConfigured() mState=OPENED
2024-12-26 15:56:19.929 14290-14750 CaptureSession          com.allride.buses                    D  CameraCaptureSession.onReady() OPENED
2024-12-26 15:56:20.010 14290-14290 MapActivity             com.allride.buses                    D  onStop
2024-12-26 15:56:20.010 14290-14290 MapActivity             com.allride.buses                    D  Success unregisterReceiver setupBroadcastReceiver
2024-12-26 15:56:20.199 14290-14750 StreamStateObserver     com.allride.buses                    D  Update Preview stream state to STREAMING
2024-12-26 15:56:20.203 14290-22278 PipelineManager         com.allride.buses                    D  Start process YUV
2024-12-26 15:56:20.238 14290-22283 tflite                  com.allride.buses                    I  Replacing 43 out of 43 node(s) with delegate (TfLiteXNNPackDelegate) node, yielding 1 partitions for the whole graph.
2024-12-26 15:56:20.240 14290-22283 tflite                  com.allride.buses                    I  Replacing 35 out of 47 node(s) with delegate (TfLiteXNNPackDelegate) node, yielding 23 partitions for the whole graph.
2024-12-26 15:56:20.241 14290-22283 native                  com.allride.buses                    I  I0000 00:00:1735239380.241262   22283 oned_decoder_client.cc:696] barhopper::deep_learning::OnedDecoderClient is created successfully.
2024-12-26 15:56:20.272 14290-22278 PipelineManager         com.allride.buses                    D  OCR process succeeded via visionkit pipeline.
2024-12-26 15:56:20.302 14290-22277 PipelineManager         com.allride.buses                    D  Start process YUV
2024-12-26 15:56:20.363 14290-22277 PipelineManager         com.allride.buses                    D  OCR process succeeded via visionkit pipeline.
2024-12-26 15:56:20.364 14290-22277 PipelineManager         com.allride.buses                    D  Start process YUV
2024-12-26 15:56:20.406 14290-22280 PipelineManager         com.allride.buses                    D  Start process YUV
2024-12-26 15:56:20.460 14290-22280 PipelineManager         com.allride.buses                    D  OCR process succeeded via visionkit pipeline.
2024-12-26 15:56:20.461 14290-22280 PipelineManager         com.allride.buses                    D  Start process YUV
2024-12-26 15:56:20.518 14290-22280 PipelineManager         com.allride.buses                    D  OCR process succeeded via visionkit pipeline.
2024-12-26 15:56:20.519 14290-22280 PipelineManager         com.allride.buses                    D  Start process YUV
2024-12-26 15:56:20.535 14290-22276 PipelineManager         com.allride.buses                    D  Start process YUV
2024-12-26 15:56:20.590 14290-22276 PipelineManager         com.allride.buses                    D  OCR process succeeded via visionkit pipeline.
2024-12-26 15:56:20.591 14290-22276 PipelineManager         com.allride.buses                    D  Start process YUV
2024-12-26 15:56:20.665 14290-22276 PipelineManager         com.allride.buses                    D  OCR process succeeded via visionkit pipeline.
2024-12-26 15:56:20.666 14290-22276 PipelineManager         com.allride.buses                    D  Start process YUV
2024-12-26 15:56:20.666 14290-22276 PipelineManager         com.allride.buses                    D  Start process YUV
2024-12-26 15:56:20.683 14290-22283 PipelineManager         com.allride.buses                    D  Start process YUV
2024-12-26 15:56:20.783 14290-22283 PipelineManager         com.allride.buses                    D  OCR process succeeded via visionkit pipeline.
2024-12-26 15:56:20.784 14290-22283 PipelineManager         com.allride.buses                    D  Start process YUV
2024-12-26 15:56:20.784 14290-22283 PipelineManager         com.allride.buses                    D  Start process YUV
2024-12-26 15:56:20.784 14290-22283 PipelineManager         com.allride.buses                    D  Start process YUV
2024-12-26 15:56:20.875 14290-22283 PipelineManager         com.allride.buses                    D  OCR process succeeded via visionkit pipeline.
2024-12-26 15:56:20.876 14290-22283 PipelineManager         com.allride.buses                    D  Start process YUV
2024-12-26 15:56:20.876 14290-22283 PipelineManager         com.allride.buses                    D  Start process YUV
2024-12-26 15:56:20.876 14290-22283 PipelineManager         com.allride.buses                    D  Start process YUV
2024-12-26 15:56:20.960 14290-22283 PipelineManager         com.allride.buses                    D  OCR process succeeded via visionkit pipeline.
2024-12-26 15:56:20.961 14290-22283 PipelineManager         com.allride.buses                    D  Start process YUV
2024-12-26 15:56:20.962 14290-22283 PipelineManager         com.allride.buses                    D  Start process YUV
2024-12-26 15:56:20.976 14290-22200 PipelineManager         com.allride.buses                    D  Start process YUV
2024-12-26 15:56:21.062 14290-22200 PipelineManager         com.allride.buses                    D  OCR process succeeded via visionkit pipeline.
2024-12-26 15:56:21.063 14290-22200 PipelineManager         com.allride.buses                    D  Start process YUV
2024-12-26 15:56:21.063 14290-22200 PipelineManager         com.allride.buses                    D  Start process YUV
2024-12-26 15:56:21.161 14290-22200 PipelineManager         com.allride.buses                    D  OCR process succeeded via visionkit pipeline.
2024-12-26 15:56:21.164 14290-22200 PipelineManager         com.allride.buses                    D  Start process YUV
2024-12-26 15:56:21.165 14290-22200 PipelineManager         com.allride.buses                    D  Start process YUV
2024-12-26 15:56:21.166 14290-22200 PipelineManager         com.allride.buses                    D  Start process YUV
2024-12-26 15:56:21.170 14290-22278 PipelineManager         com.allride.buses                    D  Start process YUV
2024-12-26 15:56:21.333 14290-14290 ViewReaderQR            com.allride.buses                    D  barcodeScanner: 5009e7005cce20083fb468154092ff19de49e9efbe7fc00690b4ed4cfc7bd788ed64d90e369ead3b1d45a1f0070035bd01f2162d511c22387fc3414086413b7a666078059a5ece0ee6e95904000
2024-12-26 15:56:21.333 14290-14290 ViewReaderQR            com.allride.buses                    D  onPauseCamera
2024-12-26 15:56:21.334 14290-14290 ActiveDepa...eViewModel com.allride.buses                    D  onlineValidationQR: 5009e7005cce20083fb468154092ff19de49e9efbe7fc00690b4ed4cfc7bd788ed64d90e369ead3b1d45a1f0070035bd01f2162d511c22387fc3414086413b7a666078059a5ece0ee6e95904000
2024-12-26 15:56:21.335 14290-14290 ActiveDepa...eViewModel com.allride.buses                    D  Pre validatePassenger {"communityId":"653fd68233d83952fafcd4be","timezone":"America/Santiago","validationInternalId":"21606353-7e5c-4104-8fe7-e851b64eb757","validationLat":-34.3941058,"validationLon":-70.7813074,"validationString":"5009e7005cce20083fb468154092ff19de49e9efbe7fc00690b4ed4cfc7bd788ed64d90e369ead3b1d45a1f0070035bd01f2162d511c22387fc3414086413b7a666078059a5ece0ee6e95904000"}
2024-12-26 15:56:21.336 14290-14750 Camera2CameraImpl       com.allride.buses                    D  {Camera@23f6899[id=0]} Use case androidx.camera.core.ImageAnalysis-e15a066d-83b2-41af-8381-b2dd28ea69d5185045607 INACTIVE
2024-12-26 15:56:21.336 14290-14750 UseCaseAttachState      com.allride.buses                    D  Active and attached use case: [androidx.camera.core.ImageCapture-df57b018-9327-423f-bfb2-08b9af6fc96c138933798, androidx.camera.core.Preview-bf71eba0-2bfa-45a2-ab48-7dc82b889aaa88515969] for camera: 0
2024-12-26 15:56:21.337 14290-14750 CaptureSession          com.allride.buses                    D  Attempting to submit CaptureRequest after setting
2024-12-26 15:56:21.337 14290-14750 CaptureSession          com.allride.buses                    D  Issuing request for session.
2024-12-26 15:56:21.337 14290-14750 Camera2Cap...estBuilder com.allride.buses                    D  createCaptureRequest
2024-12-26 15:56:21.340 14290-22278 PipelineManager         com.allride.buses                    D  OCR process succeeded via visionkit pipeline.
2024-12-26 15:56:21.351 14290-22278 PipelineManager         com.allride.buses                    D  Start process YUV
2024-12-26 15:56:21.352 14290-22278 PipelineManager         com.allride.buses                    D  Start process YUV
2024-12-26 15:56:21.352 14290-22278 PipelineManager         com.allride.buses                    D  Start process YUV
2024-12-26 15:56:21.352 14290-22278 PipelineManager         com.allride.buses                    D  Start process YUV
2024-12-26 15:56:21.683 14290-22307 AllRideDepartureService com.allride.buses                    I  Departure token: 3f0936618c372f514fe50bac1a864641ecc4a68c5f251086e3a3e30b62d1cb91b5bc0215e3b41145e03ed6688a85cee27dbbd7d0b5144f2d76307deb5106d795
2024-12-26 15:56:22.015 14290-14290 TripService             com.allride.buses                    D  Sending event 'newPosition' socket: 1bd4735a-4c49-407f-8825-a8b5ad68a4f6 - [-34.3941062,-70.7813048]
2024-12-26 15:56:22.234 14290-22307 AllRideDepartureService com.allride.buses                    I  Response Code > 403
2024-12-26 15:56:22.235 14290-22307 AllRideDepartureService com.allride.buses                    I  URL > Request{method=POST, url=https://stage.allrideapp.com/api/v1/pb/provider/departures/validate, tags={class retrofit2.Invocation=com.allride.buses.api.AllRideAPI.validatePassenger() [com.allride.buses.api.AllRideAPI$ValidatePassengerData@6fcca54]}}
2024-12-26 15:56:22.236 14290-22952 ActiveDepa...eViewModel com.allride.buses                    D  SocketClient - newDriverPosition: {"departureId":"676da6552a1ac0a2eb00d55c","routeId":"672a601506993039857e4071","location":{"latitude":-34.3941062,"longitude":-70.7813048},"speed":0.05392396,"source":null,"continuous":false,"plate":"MORISC","busId":"MORISC","state":"service","code":"171222","driverName":"Conductor Super Comunidad"}
2024-12-26 15:56:22.237 14290-22952 ActiveDepa...eViewModel com.allride.buses                    D  SocketClient - newPosition : {"latitude":-34.3941062,"longitude":-70.7813048}
2024-12-26 15:56:22.238 14290-20517 ActiveDepa...eViewModel com.allride.buses                    E  Error validatePassenger: HTTP 403 
2024-12-26 15:56:22.239 14290-20517 ActiveDepa...eViewModel com.allride.buses                    E  Error validatePassenger pb_validation_no_passes : No tienes pases disponibles
2024-12-26 15:56:22.266 14290-14290 AudioTrack              com.allride.buses                    I  createTrack_l(0): AUDIO_OUTPUT_FLAG_FAST successful; frameCount 960 -> 960
2024-12-26 15:56:22.280 14290-14290 AudioTrack              com.allride.buses                    D  setVolume: mRelativePercentage:1.000000, left:1.000000, right:1.000000
2024-12-26 15:56:22.745 14290-22961 ActiveDepa...eViewModel com.allride.buses                    D  SocketClient - current : {"color":"2E7D32","capacity":46}
2024-12-26 15:56:22.745 14290-22961 DepartureRealm          com.allride.buses                    D  setCapacity 46
2024-12-26 15:56:22.902 14290-22955 AudioTrack              com.allride.buses                    D  stop(3441): called with 23424 frames delivered
2024-12-26 15:56:23.073 14290-14290 InputEventReceiver      com.allride.buses                    W  Attempted to finish an input event but the input event receiver has already been disposed.
2024-12-26 15:56:23.073 14290-14290 CapturePas...erActivity com.allride.buses                    D  hideDialogValidation
2024-12-26 15:56:23.073 14290-14290 CapturePas...erActivity com.allride.buses                    D  onResumeCamera
2024-12-26 15:56:23.073 14290-14290 ViewReaderQR            com.allride.buses                    D  onResumeCamera
2024-12-26 15:56:23.073 14290-14290 ViewReaderQR            com.allride.buses                    D  startQRAnalysis
2024-12-26 15:56:23.074 14290-14745 Camera2CameraImpl       com.allride.buses                    D  {Camera@23f6899[id=0]} Use case androidx.camera.core.ImageAnalysis-e15a066d-83b2-41af-8381-b2dd28ea69d5185045607 ACTIVE
2024-12-26 15:56:23.075 14290-14745 UseCaseAttachState      com.allride.buses                    D  Active and attached use case: [androidx.camera.core.ImageCapture-df57b018-9327-423f-bfb2-08b9af6fc96c138933798, androidx.camera.core.Preview-bf71eba0-2bfa-45a2-ab48-7dc82b889aaa88515969, androidx.camera.core.ImageAnalysis-e15a066d-83b2-41af-8381-b2dd28ea69d5185045607] for camera: 0
2024-12-26 15:56:23.076 14290-14745 CaptureSession          com.allride.buses                    D  Attempting to submit CaptureRequest after setting
2024-12-26 15:56:23.076 14290-14745 CaptureSession          com.allride.buses                    D  Issuing request for session.
2024-12-26 15:56:23.076 14290-14745 Camera2Cap...estBuilder com.allride.buses                    D  createCaptureRequest
2024-12-26 15:56:23.370 14290-22200 PipelineManager         com.allride.buses                    D  Start process YUV
2024-12-26 15:56:23.549 14290-22200 PipelineManager         com.allride.buses                    D  OCR process succeeded via visionkit pipeline.
2024-12-26 15:56:23.550 14290-22200 PipelineManager         com.allride.buses                    D  Start process YUV
2024-12-26 15:56:23.551 14290-22200 PipelineManager         com.allride.buses                    D  Start process YUV
2024-12-26 15:56:23.552 14290-22200 PipelineManager         com.allride.buses                    D  Start process YUV
2024-12-26 15:56:23.553 14290-22200 PipelineManager         com.allride.buses                    D  Start process YUV
2024-12-26 15:56:23.555 14290-22200 PipelineManager         com.allride.buses                    D  Start process YUV
2024-12-26 15:56:23.667 14290-22200 PipelineManager         com.allride.buses                    D  OCR process succeeded via visionkit pipeline.
2024-12-26 15:56:23.668 14290-22200 PipelineManager         com.allride.buses                    D  Start process YUV
2024-12-26 15:56:23.668 14290-22200 PipelineManager         com.allride.buses                    D  Start process YUV
2024-12-26 15:56:23.668 14290-22200 PipelineManager         com.allride.buses                    D  Start process YUV
2024-12-26 15:56:23.678 14290-22277 PipelineManager         com.allride.buses                    D  Start process YUV
2024-12-26 15:56:23.691 14290-14290 UserRealm               com.allride.buses                    D  isWorking false
2024-12-26 15:56:23.716 14290-14290 CapturePas...erActivity com.allride.buses                    D  onPauseCamera
2024-12-26 15:56:23.716 14290-14290 ViewReaderQR            com.allride.buses                    D  onPauseCamera
2024-12-26 15:56:23.717 14290-14333 SessionLifecycleClient  com.allride.buses                    D  Sending lifecycle 2 to service
2024-12-26 15:56:23.718 14290-14750 Camera2CameraImpl       com.allride.buses                    D  {Camera@23f6899[id=0]} Use case androidx.camera.core.ImageAnalysis-e15a066d-83b2-41af-8381-b2dd28ea69d5185045607 INACTIVE
2024-12-26 15:56:23.718 14290-14370 SessionLifecycleService com.allride.buses                    D  Activity backgrounding at 225640775
2024-12-26 15:56:23.718 14290-14750 UseCaseAttachState      com.allride.buses                    D  Active and attached use case: [androidx.camera.core.ImageCapture-df57b018-9327-423f-bfb2-08b9af6fc96c138933798, androidx.camera.core.Preview-bf71eba0-2bfa-45a2-ab48-7dc82b889aaa88515969] for camera: 0
2024-12-26 15:56:23.719 14290-14750 CaptureSession          com.allride.buses                    D  Attempting to submit CaptureRequest after setting
2024-12-26 15:56:23.719 14290-14750 CaptureSession          com.allride.buses                    D  Issuing request for session.
2024-12-26 15:56:23.719 14290-14750 Camera2Cap...estBuilder com.allride.buses                    D  createCaptureRequest
2024-12-26 15:56:23.737 14290-14290 MapActivity             com.allride.buses                    D  onStart
2024-12-26 15:56:23.738 14290-14290 ActiveDepa...eViewModel com.allride.buses                    D  onResumeMap
