2024-12-26 15:56:23.738 14290-14290 ActiveDepa...eViewModel com.allride.buses                    D  onResumeMap getCurrent
2024-12-26 15:56:23.739 14290-14290 MapActivity             com.allride.buses                    D  Success registerReceiver setupBroadcastReceiver
2024-12-26 15:56:23.739 14290-14290 connectionService       com.allride.buses                    D  checkConnectivity: true
2024-12-26 15:56:23.739 14290-14290 connectionService       com.allride.buses                    D  sendNotifyConnectivity true
2024-12-26 15:56:23.767 14290-14290 connectionService       com.allride.buses                    D  checkInMap false
2024-12-26 15:56:23.822 14290-14290 connectionService       com.allride.buses                    D  checkPendingOfflineSync false false true
2024-12-26 15:56:23.822 14290-14290 connectionService       com.allride.buses                    D  sendNotifyPendingOfflineSync true - 
2024-12-26 15:56:23.822 14290-14290 connectionService       com.allride.buses                    I  checkSyncOffline current 'departure' : [offline=false, validations=false, images=false, departure=true, deviceHistory=true, driverMuc=false]
2024-12-26 15:56:23.822 14290-14290 connectionService       com.allride.buses                    I  checkOnlineDataAsync
2024-12-26 15:56:23.822 14290-14290 connectionService       com.allride.buses                    I  checkOnlineDataAsync dataAsyncList is empty
2024-12-26 15:56:23.827 14290-22564 AllRideOAuth2Service    com.allride.buses                    I  getAccessToken c4a54564bd4fe2db3e6f0379e5aec904d744d4857165fba6e9c74eac345a62f844bbe068e131493906eb478733a68788aa313b87308162e77fe0c35b33c833ea
2024-12-26 15:56:23.829 14290-14290 Utils                   com.allride.buses                    D  startConnectivityService is exits - MapActivity
2024-12-26 15:56:23.829 14290-14290 connectionService       com.allride.buses                    D  checkConnectivity: true
2024-12-26 15:56:23.829 14290-14290 connectionService       com.allride.buses                    D  sendNotifyConnectivity true
2024-12-26 15:56:23.832 14290-14324 SessionLifecycleClient  com.allride.buses                    D  Sending lifecycle 1 to service
2024-12-26 15:56:23.832 14290-14370 SessionLifecycleService com.allride.buses                    D  Activity foregrounding at 225640890.
2024-12-26 15:56:23.843 14290-14290 connectionService       com.allride.buses                    D  checkInMap exit for loadingCheckOnlineData
2024-12-26 15:56:23.903 14290-14290 MapActivity             com.allride.buses                    D  setupBroadcastReceiver onReceive connectivity true
2024-12-26 15:56:23.907 14290-14290 MapActivity             com.allride.buses                    D  setupBroadcastReceiver onReceive pendingOfflineSync true
2024-12-26 15:56:23.908 14290-14290 MapActivity             com.allride.buses                    D  setupBroadcastReceiver onReceive connectivity true
2024-12-26 15:56:23.987 14290-22974 ActiveDepa...eViewModel com.allride.buses                    D  SocketClient - current : {"color":"2E7D32","capacity":46}
2024-12-26 15:56:23.987 14290-22974 DepartureRealm          com.allride.buses                    D  setCapacity 46
2024-12-26 15:56:24.012 14290-22277 PipelineManager         com.allride.buses                    D  OCR process succeeded via visionkit pipeline.
2024-12-26 15:56:24.137 14290-14290 SurfaceViewImpl         com.allride.buses                    D  Surface destroyed.
2024-12-26 15:56:24.137 14290-14290 SurfaceViewImpl         com.allride.buses                    D  Surface closed androidx.camera.core.SurfaceRequest@69da3fe
2024-12-26 15:56:24.138 14290-14290 DeferrableSurface       com.allride.buses                    D  surface closed,  useCount=2 closed=true androidx.camera.core.SurfaceRequest$2@d8a675f
2024-12-26 15:56:24.145 14290-15772 BufferQueueProducer     com.allride.buses                    E  [SurfaceView[com.allride.buses/com.allride.buses.ui.view.activities.drivers.CapturePassengerActivity]#110(BLAST Consumer)110](id:37d2000000a1,api:4,p:1401,c:14290) dequeueBuffer: BufferQueue has been abandoned
2024-12-26 15:56:24.151 14290-14750 Camera2CameraImpl       com.allride.buses                    D  {Camera@23f6899[id=0]} Use cases [androidx.camera.core.Preview-bf71eba0-2bfa-45a2-ab48-7dc82b889aaa88515969, androidx.camera.core.ImageCapture-df57b018-9327-423f-bfb2-08b9af6fc96c138933798, androidx.camera.core.ImageAnalysis-e15a066d-83b2-41af-8381-b2dd28ea69d5185045607] now DETACHED for camera
2024-12-26 15:56:24.151 14290-14750 UseCaseAttachState      com.allride.buses                    D  All use case: [] for camera: 0
2024-12-26 15:56:24.151 14290-14750 Camera2CameraImpl       com.allride.buses                    D  {Camera@23f6899[id=0]} Resetting Capture Session
2024-12-26 15:56:24.152 14290-14750 Camera2CameraImpl       com.allride.buses                    D  {Camera@23f6899[id=0]} Releasing session in state OPENED
2024-12-26 15:56:24.152 14290-14750 UseCaseAttachState      com.allride.buses                    D  Active and attached use case: [] for camera: 0
2024-12-26 15:56:24.152 14290-14750 UseCaseAttachState      com.allride.buses                    D  Active and attached use case: [] for camera: 0
2024-12-26 15:56:24.153 14290-14750 Camera2CameraImpl       com.allride.buses                    D  {Camera@23f6899[id=0]} Closing camera.
2024-12-26 15:56:24.153 14290-14750 Camera2CameraImpl       com.allride.buses                    D  {Camera@23f6899[id=0]} Transitioning camera internal state: OPENED --> CLOSING
2024-12-26 15:56:24.156 14290-14750 CameraStateRegistry     com.allride.buses                    D  Recalculating open cameras:
                                                                                                    Camera                                       State                 
                                                                                                    -------------------------------------------------------------------
                                                                                                    Camera@23f6899[id=0]                         CLOSING               
                                                                                                    Camera@12ca03b[id=1]                         UNKNOWN               
                                                                                                    -------------------------------------------------------------------
                                                                                                    Open count: 1 (Max allowed: 1)
2024-12-26 15:56:24.158 14290-14750 CameraStateMachine      com.allride.buses                    D  New public camera state CameraState{type=CLOSING, error=null} from CLOSING and null
2024-12-26 15:56:24.158 14290-14750 CameraStateMachine      com.allride.buses                    D  Publishing new public camera state CameraState{type=CLOSING, error=null}
2024-12-26 15:56:24.159 14290-14750 Camera2CameraImpl       com.allride.buses                    D  {Camera@23f6899[id=0]} Resetting Capture Session
2024-12-26 15:56:24.159 14290-14750 Camera2CameraImpl       com.allride.buses                    D  {Camera@23f6899[id=0]} Releasing session in state CLOSING
2024-12-26 15:56:24.159 14290-14750 CaptureSession          com.allride.buses                    D  onSessionFinished()
2024-12-26 15:56:24.160 14290-14290 CameraOrientationUtil   com.allride.buses                    D  getRelativeImageRotation: destRotationDegrees=0, sourceRotationDegrees=90, isOppositeFacing=true, result=90
2024-12-26 15:56:24.161 14290-14290 DeferrableSurface       com.allride.buses                    D  surface closed,  useCount=0 closed=true androidx.camera.core.processing.SurfaceEdge$SettableSurface@3f0ee03
2024-12-26 15:56:24.161 14290-14290 DeferrableSurface       com.allride.buses                    D  Surface terminated[total_surfaces=3, used_surfaces=3](androidx.camera.core.processing.SurfaceEdge$SettableSurface@3f0ee03}
2024-12-26 15:56:24.161 14290-14290 DeferrableSurface       com.allride.buses                    D  use count-1,  useCount=1 closed=true androidx.camera.core.SurfaceRequest$2@d8a675f
2024-12-26 15:56:24.163 14290-14290 ImageCapture            com.allride.buses                    D  clearPipeline
2024-12-26 15:56:24.163 14290-14290 DeferrableSurface       com.allride.buses                    D  surface closed,  useCount=1 closed=true androidx.camera.core.impl.ImmediateSurface@982f0f1
2024-12-26 15:56:24.164 14290-14290 DeferrableSurface       com.allride.buses                    D  surface closed,  useCount=1 closed=true androidx.camera.core.impl.ImmediateSurface@f367e44
2024-12-26 15:56:24.166 14290-14290 CapturePas...erActivity com.allride.buses                    D  onDestroyCamera
2024-12-26 15:56:24.169 14290-15772 BufferQueueProducer     com.allride.buses                    E  [SurfaceView[com.allride.buses/com.allride.buses.ui.view.activities.drivers.CapturePassengerActivity]#110(BLAST Consumer)110](id:37d2000000a1,api:4,p:1401,c:14290) queueBuffer: BufferQueue has been abandoned
2024-12-26 15:56:24.181 14290-14290 UsbSerialService        com.allride.buses                    D  onDestroy
2024-12-26 15:56:24.183 14290-14290 StreamStateObserver     com.allride.buses                    D  Update Preview stream state to IDLE
2024-12-26 15:56:24.201 14290-14823 BufferQueueProducer     com.allride.buses                    E  [SurfaceView[com.allride.buses/com.allride.buses.ui.view.activities.drivers.CapturePassengerActivity]#110(BLAST Consumer)110](id:37d2000000a1,api:4,p:1401,c:14290) cancelBuffer: BufferQueue has been abandoned
2024-12-26 15:56:24.202 14290-14823 BufferQueueProducer     com.allride.buses                    E  [SurfaceView[com.allride.buses/com.allride.buses.ui.view.activities.drivers.CapturePassengerActivity]#110(BLAST Consumer)110](id:37d2000000a1,api:4,p:1401,c:14290) cancelBuffer: BufferQueue has been abandoned
2024-12-26 15:56:24.207 14290-14823 BufferQueueProducer     com.allride.buses                    E  [SurfaceView[com.allride.buses/com.allride.buses.ui.view.activities.drivers.CapturePassengerActivity]#110(BLAST Consumer)110](id:37d2000000a1,api:4,p:1401,c:14290) cancelBuffer: BufferQueue has been abandoned
2024-12-26 15:56:24.209 14290-14823 BufferQueueProducer     com.allride.buses                    E  [SurfaceView[com.allride.buses/com.allride.buses.ui.view.activities.drivers.CapturePassengerActivity]#110(BLAST Consumer)110](id:37d2000000a1,api:4,p:1401,c:14290) cancelBuffer: BufferQueue has been abandoned
2024-12-26 15:56:24.211 14290-14823 BufferQueueProducer     com.allride.buses                    E  [SurfaceView[com.allride.buses/com.allride.buses.ui.view.activities.drivers.CapturePassengerActivity]#110(BLAST Consumer)110](id:37d2000000a1,api:4,p:1401,c:14290) cancelBuffer: BufferQueue has been abandoned
2024-12-26 15:56:24.213 14290-14823 BufferQueueProducer     com.allride.buses                    E  [SurfaceView[com.allride.buses/com.allride.buses.ui.view.activities.drivers.CapturePassengerActivity]#110(BLAST Consumer)110](id:37d2000000a1,api:4,p:1401,c:14290) cancelBuffer: BufferQueue has been abandoned
2024-12-26 15:56:24.337 14290-14750 UseCaseAttachState      com.allride.buses                    D  Active and attached use case: [] for camera: 0
2024-12-26 15:56:24.338 14290-14750 DeferrableSurface       com.allride.buses                    D  use count-1,  useCount=0 closed=true androidx.camera.core.SurfaceRequest$2@d8a675f
2024-12-26 15:56:24.338 14290-14750 DeferrableSurface       com.allride.buses                    D  Surface no longer in use[total_surfaces=3, used_surfaces=2](androidx.camera.core.SurfaceRequest$2@d8a675f}
2024-12-26 15:56:24.340 14290-14750 DeferrableSurface       com.allride.buses                    D  Surface terminated[total_surfaces=2, used_surfaces=2](androidx.camera.core.SurfaceRequest$2@d8a675f}
2024-12-26 15:56:24.342 14290-14750 DeferrableSurface       com.allride.buses                    D  use count-1,  useCount=0 closed=true androidx.camera.core.impl.ImmediateSurface@982f0f1
2024-12-26 15:56:24.342 14290-14750 DeferrableSurface       com.allride.buses                    D  Surface no longer in use[total_surfaces=2, used_surfaces=1](androidx.camera.core.impl.ImmediateSurface@982f0f1}
2024-12-26 15:56:24.342 14290-14750 DeferrableSurface       com.allride.buses                    D  Surface terminated[total_surfaces=1, used_surfaces=1](androidx.camera.core.impl.ImmediateSurface@982f0f1}
2024-12-26 15:56:24.343 14290-14750 DeferrableSurface       com.allride.buses                    D  use count-1,  useCount=0 closed=true androidx.camera.core.impl.ImmediateSurface@f367e44
2024-12-26 15:56:24.343 14290-14750 DeferrableSurface       com.allride.buses                    D  Surface no longer in use[total_surfaces=1, used_surfaces=0](androidx.camera.core.impl.ImmediateSurface@f367e44}
2024-12-26 15:56:24.343 14290-14750 DeferrableSurface       com.allride.buses                    D  Surface terminated[total_surfaces=0, used_surfaces=0](androidx.camera.core.impl.ImmediateSurface@f367e44}
2024-12-26 15:56:24.344 14290-14750 Camera2CameraImpl       com.allride.buses                    D  {Camera@23f6899[id=0]} CameraDevice.onClosed()
2024-12-26 15:56:24.344 14290-14750 Camera2CameraImpl       com.allride.buses                    D  {Camera@23f6899[id=0]} Transitioning camera internal state: CLOSING --> INITIALIZED
2024-12-26 15:56:24.345 14290-14750 CameraStateRegistry     com.allride.buses                    D  Recalculating open cameras:
                                                                                                    Camera                                       State                 
                                                                                                    -------------------------------------------------------------------
                                                                                                    Camera@23f6899[id=0]                         CLOSED                
                                                                                                    Camera@12ca03b[id=1]                         UNKNOWN               
                                                                                                    -------------------------------------------------------------------
                                                                                                    Open count: 0 (Max allowed: 1)
2024-12-26 15:56:24.346 14290-14750 CameraStateMachine      com.allride.buses                    D  New public camera state CameraState{type=CLOSED, error=null} from CLOSED and null
2024-12-26 15:56:24.346 14290-14750 CameraStateMachine      com.allride.buses                    D  Publishing new public camera state CameraState{type=CLOSED, error=null}
2024-12-26 15:56:24.356 14290-14290 SurfaceViewImpl         com.allride.buses                    D  Safe to release surface.
2024-12-26 15:56:24.794 14290-22564 AllRideOAuth2Service    com.allride.buses                    I  Response Code > 200 - Request > Request{method=GET, url=https://stage.allrideapp.com/api/v2/pb/driver/departures/current, tags={class retrofit2.Invocation=com.allride.buses.api.AllRideAPI.getCurrentDeparture() []}}
2024-12-26 15:56:24.800 14290-20517 connectionService       com.allride.buses                    D  Success getCurrentDeparture
2024-12-26 15:56:24.800 14290-20517 DepartureRealm          com.allride.buses                    I  update 676da6552a1ac0a2eb00d55c
2024-12-26 15:56:24.839 14290-20517 connectionService       com.allride.buses                    D  sendUpdateDeparture
2024-12-26 15:56:24.840 14290-20517 connectionService       com.allride.buses                    D  startActivityMap
2024-12-26 15:56:24.841 14290-14290 MapActivity             com.allride.buses                    D  ActiveDepartureViewModel capacity 46
2024-12-26 15:56:24.841 14290-14290 ActiveDepa...eViewModel com.allride.buses                    D  typeMap com.allride.buses.data.models.PBDeparture@9cd0a59
2024-12-26 15:56:24.841 14290-14290 MapActivity             com.allride.buses                    D  ActiveDepartureViewModel typeMap regular
2024-12-26 15:56:24.849 14290-14290 TripService             com.allride.buses                    D  socketUpdateReceiver onReceive UPDATE_DEPARTURE
2024-12-26 15:56:24.849 14290-14290 ActiveDepa...eViewModel com.allride.buses                    D  socketUpdateReceiver onReceive UPDATE_DEPARTURE
2024-12-26 15:56:24.849 14290-14290 ActiveDepa...eViewModel com.allride.buses                    D  socketUpdateReceiver onReceive UPDATE_DEPARTURE
2024-12-26 15:56:24.849 14290-14290 MapActivity             com.allride.buses                    D  setupBroadcastReceiver onReceive UPDATE_DEPARTURE false
2024-12-26 15:56:24.896 14290-20517 connectionService       com.allride.buses                    D  checkPendingOfflineSync false false true
2024-12-26 15:56:24.896 14290-20517 connectionService       com.allride.buses                    D  sendNotifyPendingOfflineSync true - 
2024-12-26 15:56:24.896 14290-20517 connectionService       com.allride.buses                    I  checkSyncOffline current 'deviceHistory' : [offline=false, validations=false, images=false, departure=false, deviceHistory=true, driverMuc=false]
2024-12-26 15:56:24.896 14290-14290 MapActivity             com.allride.buses                    D  setupBroadcastReceiver onReceive pendingOfflineSync true
2024-12-26 15:56:24.899 14290-22564 AllRideOAuth2Service    com.allride.buses                    I  getAccessToken c4a54564bd4fe2db3e6f0379e5aec904d744d4857165fba6e9c74eac345a62f844bbe068e131493906eb478733a68788aa313b87308162e77fe0c35b33c833ea
2024-12-26 15:56:25.144 14290-20831 connectionService       com.allride.buses                    E  Error saveDeviceHistoryConnection: Failed to connect to stage.allrideapp.com/3.225.71.19:443
2024-12-26 15:56:25.169 14290-23000 SocketClient            com.allride.buses                    D  Socket error
2024-12-26 15:56:25.171 14290-23000 SocketClient            com.allride.buses                    D  Socket disconnected
2024-12-26 15:56:25.174 14290-14290 connectionService       com.allride.buses                    D  socketUpdateReceiver onReceive EVENT_ERROR false
2024-12-26 15:56:25.175 14290-14290 TripService             com.allride.buses                    D  socketUpdateReceiver onReceive stop
2024-12-26 15:56:25.175 14290-14290 TripService             com.allride.buses                    E  ADD HISTORY USE: SOCKET_EVENT_DISCONNECT
2024-12-26 15:56:25.182 14290-23000 SocketClient            com.allride.buses                    D  Socket error
2024-12-26 15:56:25.183 14290-23000 SocketClient            com.allride.buses                    D  Socket disconnected
2024-12-26 15:56:25.185 14290-23000 SocketClient            com.allride.buses                    D  Socket error
2024-12-26 15:56:25.187 14290-23000 SocketClient            com.allride.buses                    D  Socket disconnected
2024-12-26 15:56:25.189 14290-23000 SocketClient            com.allride.buses                    D  Socket error
2024-12-26 15:56:25.192 14290-23000 SocketClient            com.allride.buses                    D  Socket disconnected
2024-12-26 15:56:25.193 14290-14290 TripService             com.allride.buses                    D  Pausing GPS Service
2024-12-26 15:56:25.193 14290-14290 TripService             com.allride.buses                    D  Stopped sharing location
2024-12-26 15:56:25.194 14290-23000 SocketClient            com.allride.buses                    D  Socket error
2024-12-26 15:56:25.194 14290-14290 connectionService       com.allride.buses                    D  socketUpdateReceiver onReceive EVENT_ERROR false
2024-12-26 15:56:25.194 14290-14290 TripService             com.allride.buses                    D  socketUpdateReceiver onReceive stop
2024-12-26 15:56:25.194 14290-14290 TripService             com.allride.buses                    E  ADD HISTORY USE: SOCKET_EVENT_DISCONNECT
2024-12-26 15:56:25.194 14290-23000 SocketClient            com.allride.buses                    D  Socket disconnected
2024-12-26 15:56:25.196 14290-23000 SocketClient            com.allride.buses                    D  Socket error
2024-12-26 15:56:25.196 14290-23000 SocketClient            com.allride.buses                    D  Socket disconnected
2024-12-26 15:56:25.204 14290-14290 TripService             com.allride.buses                    D  Pausing GPS Service
2024-12-26 15:56:25.204 14290-14290 TripService             com.allride.buses                    D  Stopped sharing location
2024-12-26 15:56:25.206 14290-14290 connectionService       com.allride.buses                    D  socketUpdateReceiver onReceive EVENT_ERROR false
2024-12-26 15:56:25.206 14290-14290 TripService             com.allride.buses                    D  socketUpdateReceiver onReceive stop
2024-12-26 15:56:25.206 14290-14290 TripService             com.allride.buses                    E  ADD HISTORY USE: SOCKET_EVENT_DISCONNECT
2024-12-26 15:56:25.220 14290-14290 TripService             com.allride.buses                    D  Pausing GPS Service
2024-12-26 15:56:25.220 14290-14290 TripService             com.allride.buses                    D  Stopped sharing location
2024-12-26 15:56:25.221 14290-14290 connectionService       com.allride.buses                    D  socketUpdateReceiver onReceive EVENT_ERROR false
2024-12-26 15:56:25.221 14290-14290 TripService             com.allride.buses                    D  socketUpdateReceiver onReceive stop
2024-12-26 15:56:25.222 14290-14290 TripService             com.allride.buses                    E  ADD HISTORY USE: SOCKET_EVENT_DISCONNECT
2024-12-26 15:56:25.237 14290-14290 TripService             com.allride.buses                    D  Pausing GPS Service
2024-12-26 15:56:25.238 14290-14290 TripService             com.allride.buses                    D  Stopped sharing location
2024-12-26 15:56:25.238 14290-14290 connectionService       com.allride.buses                    D  socketUpdateReceiver onReceive EVENT_ERROR false
2024-12-26 15:56:25.239 14290-14290 TripService             com.allride.buses                    D  socketUpdateReceiver onReceive stop
2024-12-26 15:56:25.239 14290-14290 TripService             com.allride.buses                    E  ADD HISTORY USE: SOCKET_EVENT_DISCONNECT
2024-12-26 15:56:25.254 14290-14290 TripService             com.allride.buses                    D  Pausing GPS Service
2024-12-26 15:56:25.254 14290-14290 TripService             com.allride.buses                    D  Stopped sharing location
2024-12-26 15:56:25.255 14290-14290 connectionService       com.allride.buses                    D  socketUpdateReceiver onReceive EVENT_ERROR false
2024-12-26 15:56:25.255 14290-14290 TripService             com.allride.buses                    D  socketUpdateReceiver onReceive stop
2024-12-26 15:56:25.255 14290-14290 TripService             com.allride.buses                    E  ADD HISTORY USE: SOCKET_EVENT_DISCONNECT
2024-12-26 15:56:25.264 14290-14290 TripService             com.allride.buses                    D  Pausing GPS Service
2024-12-26 15:56:25.264 14290-14290 TripService             com.allride.buses                    D  Stopped sharing location
2024-12-26 15:56:25.325 14290-14290 ConnectivityReceiver    com.allride.buses                    D  onReceive true
2024-12-26 15:56:25.325 14290-14290 connectionService       com.allride.buses                    D  socketUpdateReceiver onReceive stateReceiver true
2024-12-26 15:56:25.441 14290-14290 ConnectivityReceiver    com.allride.buses                    D  onReceive true
2024-12-26 15:56:25.442 14290-14290 connectionService       com.allride.buses                    D  socketUpdateReceiver onReceive stateReceiver true
2024-12-26 15:56:25.655 14290-14290 ConnectivityReceiver    com.allride.buses                    D  onReceive false
2024-12-26 15:56:25.661 14290-14290 connectionService       com.allride.buses                    D  socketUpdateReceiver onReceive stateReceiver false
2024-12-26 15:56:25.821 14290-23049 SocketClient            com.allride.buses                    D  Socket reconnecting
2024-12-26 15:56:25.869 14290-23052 SocketClient            com.allride.buses                    D  Socket connect error
2024-12-26 15:56:26.029 14290-18434 OpenGLRenderer          com.allride.buses                    I  Davey! duration=9223146393787ms; Flags=0, FrameTimelineVsyncId=17642841, IntendedVsync=225643065404348, Vsync=225643065404348, InputEventId=0, HandleInputStart=225643067927775, AnimationStart=225643067931317, PerformTraversalsStart=225643068086473, DrawStart=225643068223244, FrameDeadline=225643082071014, FrameInterval=225643067918817, FrameStartTime=16666666, SyncQueued=225643068351838, SyncStart=225643069898348, IssueDrawCommandsStart=225643070128348, SwapBuffers=225643080481577, FrameCompleted=9223372036854775807, DequeueBufferDuration=21459, QueueBufferDuration=867917, GpuCompleted=9223372036854775807, SwapBuffersCompleted=225643082459754, DisplayPresentTime=0, 
2024-12-26 15:56:26.045 14290-14290 TripService             com.allride.buses                    E  Error send event 'newPosition' socket: sharingLocation false - socket false - [-34.3941062,-70.7813046]
2024-12-26 15:56:26.045 14290-14290 TripService             com.allride.buses                    D  Difference last seconds 4 - distance 0.01839119 - velocity 0.0045977975
2024-12-26 15:56:26.046 14290-14290 TripService             com.allride.buses                    D  *** checkStopsLocally [-34.3941062,-70.7813046] ***
2024-12-26 15:56:26.046 14290-14290 TripService             com.allride.buses                    I  checkStopsLocally nearby 6654d4c8713b9a5184cfe1df - distance 276.752
2024-12-26 15:56:26.048 14290-14290 TripService             com.allride.buses                    D  socketUpdateReceiver onReceive newPosition
2024-12-26 15:56:26.049 14290-14290 ActiveDepa...eViewModel com.allride.buses                    D  socketUpdateReceiver onReceive EVENT_GPS_NEW_POSITION [-34.3941062,-70.7813046]
2024-12-26 15:56:26.076 14290-23058 SocketClient            com.allride.buses                    D  Socket reconnecting
2024-12-26 15:56:26.097 14290-23061 SocketClient            com.allride.buses                    D  Socket connect error
2024-12-26 15:56:26.161 14290-14290 connectionService       com.allride.buses                    D  sendNotifyConnectivity false
2024-12-26 15:56:26.162 14290-14290 MapActivity             com.allride.buses                    D  setupBroadcastReceiver onReceive connectivity false
2024-12-26 15:56:26.437 14290-23063 SocketClient            com.allride.buses                    D  Socket reconnecting
2024-12-26 15:56:26.439 14290-23063 SocketClient            com.allride.buses                    D  Socket connect error
2024-12-26 15:56:26.578 14290-23071 SocketClient            com.allride.buses                    D  Socket reconnecting
2024-12-26 15:56:26.584 14290-23073 SocketClient            com.allride.buses                    D  Socket connect error
2024-12-26 15:56:26.585 14290-23073 SocketClient            com.allride.buses                    D  Socket reconnecting
2024-12-26 15:56:26.591 14290-23077 SocketClient            com.allride.buses                    D  Socket connect error
2024-12-26 15:56:26.655 14290-23085 SocketClient            com.allride.buses                    D  Socket reconnecting
2024-12-26 15:56:26.659 14290-23085 SocketClient            com.allride.buses                    D  Socket connect error
2024-12-26 15:56:26.887 14290-14290 UserRealm               com.allride.buses                    D  isWorking false
2024-12-26 15:56:26.904 14290-14324 SessionLifecycleClient  com.allride.buses                    D  Sending lifecycle 2 to service
2024-12-26 15:56:26.904 14290-14370 SessionLifecycleService com.allride.buses                    D  Activity backgrounding at 225643962
2024-12-26 15:56:26.974 14290-14290 Utils                   com.allride.buses                    D  BroadcastReceiver registered successfully
2024-12-26 15:56:26.974 14290-14290 CapturePas...erActivity com.allride.buses                    E  ADD HISTORY USE: NO_TYPE_MOBILE_DATA
2024-12-26 15:56:26.988 14290-14290 CapturePas...erActivity com.allride.buses                    D  startCamera
2024-12-26 15:56:26.991 14290-14290 CamLifecycleController  com.allride.buses                    D  CameraProvider is not ready.
2024-12-26 15:56:26.991 14290-14290 CameraController        com.allride.buses                    D  Use cases not attached to camera.
2024-12-26 15:56:26.992 14290-22276 DynamiteModule          com.allride.buses                    I  Considering local module com.google.mlkit.dynamite.barcode:10000 and remote module com.google.mlkit.dynamite.barcode:0
2024-12-26 15:56:26.992 14290-22276 DynamiteModule          com.allride.buses                    I  Selected local version of com.google.mlkit.dynamite.barcode
2024-12-26 15:56:26.992 14290-14290 ViewReaderQR            com.allride.buses                    D  startQRAnalysis
2024-12-26 15:56:27.003 14290-14332 SessionLifecycleClient  com.allride.buses                    D  Sending lifecycle 1 to service
2024-12-26 15:56:27.003 14290-14370 SessionLifecycleService com.allride.buses                    D  Activity foregrounding at 225644060.
2024-12-26 15:56:27.004 14290-14290 CapturePas...erActivity com.allride.buses                    D  onResumeCamera
2024-12-26 15:56:27.004 14290-14290 ViewReaderQR            com.allride.buses                    D  onResumeCamera
2024-12-26 15:56:27.004 14290-14290 ViewReaderQR            com.allride.buses                    D  startQRAnalysis
2024-12-26 15:56:27.006 14290-14290 Utils                   com.allride.buses                    D  BroadcastReceiver registered successfully
2024-12-26 15:56:27.007 14290-14290 LoginActivity           com.allride.buses                    D  getNetworkStatus: {}
2024-12-26 15:56:27.036 14290-14290 CamLifecycleController  com.allride.buses                    D  CameraProvider is not ready.
2024-12-26 15:56:27.036 14290-14290 CameraController        com.allride.buses                    D  Use cases not attached to camera.
2024-12-26 15:56:27.053 14290-14290 CameraOrientationUtil   com.allride.buses                    D  getRelativeImageRotation: destRotationDegrees=0, sourceRotationDegrees=90, isOppositeFacing=true, result=90
2024-12-26 15:56:27.054 14290-14290 CameraOrientationUtil   com.allride.buses                    D  getRelativeImageRotation: destRotationDegrees=0, sourceRotationDegrees=90, isOppositeFacing=true, result=90
2024-12-26 15:56:27.057 14290-14290 DynamicRangeResolver    com.allride.buses                    D  Resolved dynamic range for use case androidx.camera.core.Preview-c64bb8fc-c8f1-48a9-afe5-d9cd2540b46b to no compatible HDR dynamic ranges.
                                                                                                    DynamicRange@d875deb{encoding=UNSPECIFIED, bitDepth=0}
                                                                                                    ->
                                                                                                    DynamicRange@ee96d3a{encoding=SDR, bitDepth=8}
2024-12-26 15:56:27.060 14290-14290 CameraOrientationUtil   com.allride.buses                    D  getRelativeImageRotation: destRotationDegrees=0, sourceRotationDegrees=90, isOppositeFacing=true, result=90
2024-12-26 15:56:27.061 14290-14290 CameraOrientationUtil   com.allride.buses                    D  getRelativeImageRotation: destRotationDegrees=0, sourceRotationDegrees=90, isOppositeFacing=true, result=90
2024-12-26 15:56:27.062 14290-14290 DeferrableSurface       com.allride.buses                    D  Surface created[total_surfaces=1, used_surfaces=0](androidx.camera.core.processing.SurfaceEdge$SettableSurface@50d037a}
2024-12-26 15:56:27.064 14290-14290 DeferrableSurface       com.allride.buses                    D  Surface created[total_surfaces=2, used_surfaces=0](androidx.camera.core.SurfaceRequest$2@1d7dd46}
2024-12-26 15:56:27.067 14290-14290 DeferrableSurface       com.allride.buses                    D  New surface in use[total_surfaces=2, used_surfaces=1](androidx.camera.core.SurfaceRequest$2@1d7dd46}
2024-12-26 15:56:27.067 14290-14290 DeferrableSurface       com.allride.buses                    D  use count+1, useCount=1 androidx.camera.core.SurfaceRequest$2@1d7dd46
2024-12-26 15:56:27.067 14290-14290 CameraOrientationUtil   com.allride.buses                    D  getRelativeImageRotation: destRotationDegrees=0, sourceRotationDegrees=90, isOppositeFacing=true, result=90
2024-12-26 15:56:27.068 14290-14290 ImageCapture            com.allride.buses                    D  createPipeline(cameraId: 0, streamSpec: StreamSpec{resolution=3264x2448, dynamicRange=DynamicRange@ee96d3a{encoding=SDR, bitDepth=8}, expectedFrameRateRange=[0, 0], implementationOptions=androidx.camera.camera2.impl.Camera2ImplConfig@f5c00a3})
2024-12-26 15:56:27.069 14290-14290 DeferrableSurface       com.allride.buses                    D  Surface created[total_surfaces=3, used_surfaces=1](androidx.camera.core.impl.ImmediateSurface@3701fa0}
2024-12-26 15:56:27.071 14290-14750 Camera2CameraImpl       com.allride.buses                    D  {Camera@23f6899[id=0]} Use case androidx.camera.core.ImageCapture-f9909d13-1c2c-4dc1-86f1-835f71b3c19e101986793 ACTIVE
2024-12-26 15:56:27.072 14290-14750 UseCaseAttachState      com.allride.buses                    D  Active and attached use case: [] for camera: 0
2024-12-26 15:56:27.072 14290-14290 CameraOrientationUtil   com.allride.buses                    D  getRelativeImageRotation: destRotationDegrees=0, sourceRotationDegrees=90, isOppositeFacing=true, result=90
2024-12-26 15:56:27.072 14290-14290 CameraOrientationUtil   com.allride.buses                    D  getRelativeImageRotation: destRotationDegrees=0, sourceRotationDegrees=90, isOppositeFacing=true, result=90
2024-12-26 15:56:27.073 14290-14290 DeferrableSurface       com.allride.buses                    D  Surface created[total_surfaces=4, used_surfaces=1](androidx.camera.core.impl.ImmediateSurface@da403ff}
2024-12-26 15:56:27.074 14290-14745 Camera2CameraImpl       com.allride.buses                    D  {Camera@23f6899[id=0]} Use case androidx.camera.core.Preview-c64bb8fc-c8f1-48a9-afe5-d9cd2540b46b195115632 ACTIVE
2024-12-26 15:56:27.074 14290-14290 UsbSerialService        com.allride.buses                    D  onCreate
2024-12-26 15:56:27.074 14290-14745 UseCaseAttachState      com.allride.buses                    D  Active and attached use case: [] for camera: 0
2024-12-26 15:56:27.076 14290-14745 Camera2CameraImpl       com.allride.buses                    D  {Camera@23f6899[id=0]} Use case androidx.camera.core.ImageCapture-f9909d13-1c2c-4dc1-86f1-835f71b3c19e101986793 ACTIVE
2024-12-26 15:56:27.076 14290-14290 UsbSerialService        com.allride.buses                    D  findSerialPortDevice: []
2024-12-26 15:56:27.076 14290-14290 UsbSerialService        com.allride.buses                    D  No compatible USB device found
2024-12-26 15:56:27.077 14290-14745 UseCaseAttachState      com.allride.buses                    D  Active and attached use case: [] for camera: 0
2024-12-26 15:56:27.078 14290-14745 Camera2CameraImpl       com.allride.buses                    D  {Camera@23f6899[id=0]} Use case androidx.camera.core.ImageAnalysis-0357249b-1fe7-460f-b5fd-a05063a1036f17067630 ACTIVE
2024-12-26 15:56:27.079 14290-14745 UseCaseAttachState      com.allride.buses                    D  Active and attached use case: [] for camera: 0
2024-12-26 15:56:27.080 14290-14745 UseCaseAttachState      com.allride.buses                    D  Active and attached use case: [] for camera: 0
2024-12-26 15:56:27.081 14290-14745 Camera2CameraImpl       com.allride.buses                    D  {Camera@23f6899[id=0]} Use cases [androidx.camera.core.Preview-c64bb8fc-c8f1-48a9-afe5-d9cd2540b46b195115632, androidx.camera.core.ImageCapture-f9909d13-1c2c-4dc1-86f1-835f71b3c19e101986793, androidx.camera.core.ImageAnalysis-0357249b-1fe7-460f-b5fd-a05063a1036f17067630] now ATTACHED
2024-12-26 15:56:27.082 14290-14290 PreviewView             com.allride.buses                    D  Surface requested by Preview.
2024-12-26 15:56:27.084 14290-14745 UseCaseAttachState      com.allride.buses                    D  All use case: [androidx.camera.core.ImageCapture-f9909d13-1c2c-4dc1-86f1-835f71b3c19e101986793, androidx.camera.core.Preview-c64bb8fc-c8f1-48a9-afe5-d9cd2540b46b195115632, androidx.camera.core.ImageAnalysis-0357249b-1fe7-460f-b5fd-a05063a1036f17067630] for camera: 0
2024-12-26 15:56:27.085 14290-14290 PreviewView             com.allride.buses                    D  Preview transformation info updated. TransformationInfo{getCropRect=Rect(0, 90 - 1600, 1110), getRotationDegrees=90, getTargetRotation=-1, hasCameraTransform=true, getSensorToBufferTransform=Matrix{[0.39215687, 0.0, -1.5686275][0.0, 0.39215687, -3.9215686][0.0, 0.0, 1.0]}, getMirroring=false}
2024-12-26 15:56:27.085 14290-14290 PreviewTransform        com.allride.buses                    D  Transformation info set: TransformationInfo{getCropRect=Rect(0, 90 - 1600, 1110), getRotationDegrees=90, getTargetRotation=-1, hasCameraTransform=true, getSensorToBufferTransform=Matrix{[0.39215687, 0.0, -1.5686275][0.0, 0.39215687, -3.9215686][0.0, 0.0, 1.0]}, getMirroring=false} 1600x1200 false
2024-12-26 15:56:27.085 14290-14290 CameraOrientationUtil   com.allride.buses                    D  getRelativeImageRotation: destRotationDegrees=0, sourceRotationDegrees=90, isOppositeFacing=true, result=90
2024-12-26 15:56:27.089 14290-14745 UseCaseAttachState      com.allride.buses                    D  Active and attached use case: [androidx.camera.core.ImageCapture-f9909d13-1c2c-4dc1-86f1-835f71b3c19e101986793, androidx.camera.core.Preview-c64bb8fc-c8f1-48a9-afe5-d9cd2540b46b195115632, androidx.camera.core.ImageAnalysis-0357249b-1fe7-460f-b5fd-a05063a1036f17067630] for camera: 0
2024-12-26 15:56:27.090 14290-14745 Camera2CameraImpl       com.allride.buses                    D  {Camera@23f6899[id=0]} Resetting Capture Session
2024-12-26 15:56:27.091 14290-14745 Camera2CameraImpl       com.allride.buses                    D  {Camera@23f6899[id=0]} Releasing session in state INITIALIZED
2024-12-26 15:56:27.091 14290-14745 Camera2CameraImpl       com.allride.buses                    D  {Camera@23f6899[id=0]} Attempting to force open the camera.
2024-12-26 15:56:27.091 14290-14745 CameraStateRegistry     com.allride.buses                    D  tryOpenCamera(Camera@23f6899[id=0]) [Available Cameras: 1, Already Open: false (Previous state: CLOSED)] --> SUCCESS
2024-12-26 15:56:27.091 14290-14745 CameraStateRegistry     com.allride.buses                    D  Recalculating open cameras:
                                                                                                    Camera                                       State                 
                                                                                                    -------------------------------------------------------------------
                                                                                                    Camera@23f6899[id=0]                         OPENING               
                                                                                                    Camera@12ca03b[id=1]                         UNKNOWN               
                                                                                                    -------------------------------------------------------------------
                                                                                                    Open count: 1 (Max allowed: 1)
2024-12-26 15:56:27.091 14290-14745 Camera2CameraImpl       com.allride.buses                    D  {Camera@23f6899[id=0]} Opening camera.
2024-12-26 15:56:27.091 14290-14745 Camera2CameraImpl       com.allride.buses                    D  {Camera@23f6899[id=0]} Transitioning camera internal state: INITIALIZED --> OPENING
2024-12-26 15:56:27.092 14290-14745 CameraStateMachine      com.allride.buses                    D  New public camera state CameraState{type=OPENING, error=null} from OPENING and null
2024-12-26 15:56:27.092 14290-14745 CameraStateMachine      com.allride.buses                    D  Publishing new public camera state CameraState{type=OPENING, error=null}
2024-12-26 15:56:27.092 14290-14745 UseCaseAttachState      com.allride.buses                    D  All use case: [androidx.camera.core.ImageCapture-f9909d13-1c2c-4dc1-86f1-835f71b3c19e101986793, androidx.camera.core.Preview-c64bb8fc-c8f1-48a9-afe5-d9cd2540b46b195115632, androidx.camera.core.ImageAnalysis-0357249b-1fe7-460f-b5fd-a05063a1036f17067630] for camera: 0
2024-12-26 15:56:27.105 14290-14290 SurfaceViewImpl         com.allride.buses                    D  Surface created.
2024-12-26 15:56:27.105 14290-14290 SurfaceViewImpl         com.allride.buses                    D  Surface changed. Size: 1600x1200
2024-12-26 15:56:27.114 14290-14290 SurfaceViewImpl         com.allride.buses                    D  Surface set on Preview.
2024-12-26 15:56:27.123 14290-14745 Camera2CameraImpl       com.allride.buses                    D  {Camera@23f6899[id=0]} Use case androidx.camera.core.Preview-c64bb8fc-c8f1-48a9-afe5-d9cd2540b46b195115632 ACTIVE
2024-12-26 15:56:27.125 14290-14745 UseCaseAttachState      com.allride.buses                    D  Active and attached use case: [androidx.camera.core.ImageCapture-f9909d13-1c2c-4dc1-86f1-835f71b3c19e101986793, androidx.camera.core.Preview-c64bb8fc-c8f1-48a9-afe5-d9cd2540b46b195115632, androidx.camera.core.ImageAnalysis-0357249b-1fe7-460f-b5fd-a05063a1036f17067630] for camera: 0
2024-12-26 15:56:27.129 14290-14745 Camera2CameraImpl       com.allride.buses                    D  {Camera@23f6899[id=0]} Use case androidx.camera.core.ImageCapture-f9909d13-1c2c-4dc1-86f1-835f71b3c19e101986793 ACTIVE
2024-12-26 15:56:27.131 14290-14745 UseCaseAttachState      com.allride.buses                    D  Active and attached use case: [androidx.camera.core.ImageCapture-f9909d13-1c2c-4dc1-86f1-835f71b3c19e101986793, androidx.camera.core.Preview-c64bb8fc-c8f1-48a9-afe5-d9cd2540b46b195115632, androidx.camera.core.ImageAnalysis-0357249b-1fe7-460f-b5fd-a05063a1036f17067630] for camera: 0
2024-12-26 15:56:27.133 14290-14745 Camera2CameraImpl       com.allride.buses                    D  {Camera@23f6899[id=0]} Use case androidx.camera.core.ImageAnalysis-0357249b-1fe7-460f-b5fd-a05063a1036f17067630 ACTIVE
2024-12-26 15:56:27.134 14290-14745 UseCaseAttachState      com.allride.buses                    D  Active and attached use case: [androidx.camera.core.ImageCapture-f9909d13-1c2c-4dc1-86f1-835f71b3c19e101986793, androidx.camera.core.Preview-c64bb8fc-c8f1-48a9-afe5-d9cd2540b46b195115632, androidx.camera.core.ImageAnalysis-0357249b-1fe7-460f-b5fd-a05063a1036f17067630] for camera: 0
2024-12-26 15:56:27.136 14290-14745 Camera2CameraImpl       com.allride.buses                    D  {Camera@23f6899[id=0]} CameraDevice.onOpened()
2024-12-26 15:56:27.136 14290-14745 Camera2CameraImpl       com.allride.buses                    D  {Camera@23f6899[id=0]} Transitioning camera internal state: OPENING --> OPENED
2024-12-26 15:56:27.138 14290-14745 CameraStateRegistry     com.allride.buses                    D  Recalculating open cameras:
                                                                                                    Camera                                       State                 
                                                                                                    -------------------------------------------------------------------
                                                                                                    Camera@23f6899[id=0]                         OPEN                  
                                                                                                    Camera@12ca03b[id=1]                         UNKNOWN               
                                                                                                    -------------------------------------------------------------------
                                                                                                    Open count: 1 (Max allowed: 1)
2024-12-26 15:56:27.138 14290-14745 CameraStateMachine      com.allride.buses                    D  New public camera state CameraState{type=OPEN, error=null} from OPEN and null
2024-12-26 15:56:27.139 14290-14745 CameraStateMachine      com.allride.buses                    D  Publishing new public camera state CameraState{type=OPEN, error=null}
2024-12-26 15:56:27.139 14290-14745 UseCaseAttachState      com.allride.buses                    D  All use case: [androidx.camera.core.ImageCapture-f9909d13-1c2c-4dc1-86f1-835f71b3c19e101986793, androidx.camera.core.Preview-c64bb8fc-c8f1-48a9-afe5-d9cd2540b46b195115632, androidx.camera.core.ImageAnalysis-0357249b-1fe7-460f-b5fd-a05063a1036f17067630] for camera: 0
2024-12-26 15:56:27.142 14290-14745 UseCaseAttachState      com.allride.buses                    D  Active and attached use case: [androidx.camera.core.ImageCapture-f9909d13-1c2c-4dc1-86f1-835f71b3c19e101986793, androidx.camera.core.Preview-c64bb8fc-c8f1-48a9-afe5-d9cd2540b46b195115632, androidx.camera.core.ImageAnalysis-0357249b-1fe7-460f-b5fd-a05063a1036f17067630] for camera: 0
2024-12-26 15:56:27.143 14290-14745 SyncCaptureSessionBase  com.allride.buses                    D  [androidx.camera.camera2.internal.SynchronizedCaptureSessionBaseImpl@cc46d69] getSurface...done
2024-12-26 15:56:27.143 14290-14745 CaptureSession          com.allride.buses                    D  Opening capture session.
2024-12-26 15:56:27.147 14290-14745 DeferrableSurface       com.allride.buses                    D  use count+1, useCount=2 androidx.camera.core.SurfaceRequest$2@1d7dd46
2024-12-26 15:56:27.147 14290-14745 DeferrableSurface       com.allride.buses                    D  New surface in use[total_surfaces=4, used_surfaces=2](androidx.camera.core.impl.ImmediateSurface@3701fa0}
2024-12-26 15:56:27.147 14290-14745 DeferrableSurface       com.allride.buses                    D  use count+1, useCount=1 androidx.camera.core.impl.ImmediateSurface@3701fa0
2024-12-26 15:56:27.148 14290-14745 DeferrableSurface       com.allride.buses                    D  New surface in use[total_surfaces=4, used_surfaces=3](androidx.camera.core.impl.ImmediateSurface@da403ff}
2024-12-26 15:56:27.148 14290-14745 DeferrableSurface       com.allride.buses                    D  use count+1, useCount=1 androidx.camera.core.impl.ImmediateSurface@da403ff
2024-12-26 15:56:27.233 14290-14745 CaptureSession          com.allride.buses                    D  Attempting to send capture request onConfigured
2024-12-26 15:56:27.233 14290-14745 CaptureSession          com.allride.buses                    D  Issuing request for session.
2024-12-26 15:56:27.234 14290-14745 Camera2Cap...estBuilder com.allride.buses                    D  createCaptureRequest
2024-12-26 15:56:27.239 14290-14745 CaptureSession          com.allride.buses                    D  CameraCaptureSession.onConfigured() mState=OPENED
2024-12-26 15:56:27.240 14290-14745 CaptureSession          com.allride.buses                    D  CameraCaptureSession.onReady() OPENED
2024-12-26 15:56:27.276 14290-14290 MapActivity             com.allride.buses                    D  onStop
2024-12-26 15:56:27.276 14290-14290 MapActivity             com.allride.buses                    D  Success unregisterReceiver setupBroadcastReceiver
2024-12-26 15:56:27.457 14290-14750 StreamStateObserver     com.allride.buses                    D  Update Preview stream state to STREAMING
2024-12-26 15:56:27.473 14290-22280 PipelineManager         com.allride.buses                    D  Start process YUV
2024-12-26 15:56:27.498 14290-22278 tflite                  com.allride.buses                    I  Replacing 43 out of 43 node(s) with delegate (TfLiteXNNPackDelegate) node, yielding 1 partitions for the whole graph.
2024-12-26 15:56:27.504 14290-22278 tflite                  com.allride.buses                    I  Replacing 35 out of 47 node(s) with delegate (TfLiteXNNPackDelegate) node, yielding 23 partitions for the whole graph.
2024-12-26 15:56:27.512 14290-22278 native                  com.allride.buses                    I  I0000 00:00:1735239387.512821   22278 oned_decoder_client.cc:696] barhopper::deep_learning::OnedDecoderClient is created successfully.
2024-12-26 15:56:27.611 14290-23156 SocketClient            com.allride.buses                    D  Socket reconnecting
2024-12-26 15:56:27.635 14290-23156 SocketClient            com.allride.buses                    D  Socket reconnecting
2024-12-26 15:56:27.642 14290-22280 PipelineManager         com.allride.buses                    D  OCR process succeeded via visionkit pipeline.
2024-12-26 15:56:27.644 14290-22280 PipelineManager         com.allride.buses                    D  Start process YUV
2024-12-26 15:56:27.645 14290-22280 PipelineManager         com.allride.buses                    D  Start process YUV
2024-12-26 15:56:27.649 14290-23156 SocketClient            com.allride.buses                    D  Socket connect error
2024-12-26 15:56:27.656 14290-23156 SocketClient            com.allride.buses                    D  Socket connect error
