2024-12-26 15:56:27.673 14290-14297 m.allride.buse          com.allride.buses                    I  Background young concurrent copying GC freed 20MB AllocSpace bytes, 30(1824KB) LOS objects, 30% free, 45MB/64MB, paused 3.204ms,757us total 201.947ms
2024-12-26 15:56:27.755 14290-22280 PipelineManager         com.allride.buses                    D  OCR process succeeded via visionkit pipeline.
2024-12-26 15:56:27.756 14290-22280 PipelineManager         com.allride.buses                    D  Start process YUV
2024-12-26 15:56:27.756 14290-22280 PipelineManager         com.allride.buses                    D  Start process YUV
2024-12-26 15:56:27.757 14290-22280 PipelineManager         com.allride.buses                    D  Start process YUV
2024-12-26 15:56:27.768 14290-22281 PipelineManager         com.allride.buses                    D  Start process YUV
2024-12-26 15:56:27.771 14290-23168 SocketClient            com.allride.buses                    D  Socket reconnecting
2024-12-26 15:56:27.780 14290-23170 SocketClient            com.allride.buses                    D  Socket connect error
2024-12-26 15:56:27.863 14290-22281 PipelineManager         com.allride.buses                    D  OCR process succeeded via visionkit pipeline.
2024-12-26 15:56:27.863 14290-22281 PipelineManager         com.allride.buses                    D  Start process YUV
2024-12-26 15:56:27.864 14290-22281 PipelineManager         com.allride.buses                    D  Start process YUV
2024-12-26 15:56:27.874 14290-22283 PipelineManager         com.allride.buses                    D  Start process YUV
2024-12-26 15:56:27.964 14290-22283 PipelineManager         com.allride.buses                    D  OCR process succeeded via visionkit pipeline.
2024-12-26 15:56:27.965 14290-22283 PipelineManager         com.allride.buses                    D  Start process YUV
2024-12-26 15:56:27.966 14290-22283 PipelineManager         com.allride.buses                    D  Start process YUV
2024-12-26 15:56:27.973 14290-22276 PipelineManager         com.allride.buses                    D  Start process YUV
2024-12-26 15:56:27.987 14290-23172 SocketClient            com.allride.buses                    D  Socket reconnecting
2024-12-26 15:56:27.992 14290-23174 SocketClient            com.allride.buses                    D  Socket connect error
2024-12-26 15:56:28.039 14290-23176 SocketClient            com.allride.buses                    D  Socket reconnecting
2024-12-26 15:56:28.045 14290-23178 SocketClient            com.allride.buses                    D  Socket connect error
2024-12-26 15:56:28.071 14290-22276 PipelineManager         com.allride.buses                    D  OCR process succeeded via visionkit pipeline.
2024-12-26 15:56:28.072 14290-22276 PipelineManager         com.allride.buses                    D  Start process YUV
2024-12-26 15:56:28.073 14290-22276 PipelineManager         com.allride.buses                    D  Start process YUV
2024-12-26 15:56:28.073 14290-22276 PipelineManager         com.allride.buses                    D  Start process YUV
2024-12-26 15:56:28.152 14290-22276 PipelineManager         com.allride.buses                    D  OCR process succeeded via visionkit pipeline.
2024-12-26 15:56:28.153 14290-22276 PipelineManager         com.allride.buses                    D  Start process YUV
2024-12-26 15:56:28.153 14290-22276 PipelineManager         com.allride.buses                    D  Start process YUV
2024-12-26 15:56:28.160 14290-22199 PipelineManager         com.allride.buses                    D  Start process YUV
2024-12-26 15:56:28.246 14290-22199 PipelineManager         com.allride.buses                    D  OCR process succeeded via visionkit pipeline.
2024-12-26 15:56:28.247 14290-22199 PipelineManager         com.allride.buses                    D  Start process YUV
2024-12-26 15:56:28.247 14290-22199 PipelineManager         com.allride.buses                    D  Start process YUV
2024-12-26 15:56:28.269 14290-22277 PipelineManager         com.allride.buses                    D  Start process YUV
2024-12-26 15:56:28.359 14290-22277 PipelineManager         com.allride.buses                    D  OCR process succeeded via visionkit pipeline.
2024-12-26 15:56:28.362 14290-22277 PipelineManager         com.allride.buses                    D  Start process YUV
2024-12-26 15:56:28.363 14290-22277 PipelineManager         com.allride.buses                    D  Start process YUV
2024-12-26 15:56:28.368 14290-22278 PipelineManager         com.allride.buses                    D  Start process YUV
2024-12-26 15:56:28.445 14290-14290 ViewReaderQR            com.allride.buses                    D  barcodeScanner: 5009e7005cce20083fb468154092ff19de49e9efbe7fc00690b4ed4cfc7bd788ed64d90e369ead3b1d45a1f0070035bd01f2162d511c22387fc3414086413b7a666078059a5ece0ee6e95904000
2024-12-26 15:56:28.445 14290-14290 ViewReaderQR            com.allride.buses                    D  onPauseCamera
2024-12-26 15:56:28.446 14290-14290 ActiveDepa...eViewModel com.allride.buses                    D  onlineValidationQR: 5009e7005cce20083fb468154092ff19de49e9efbe7fc00690b4ed4cfc7bd788ed64d90e369ead3b1d45a1f0070035bd01f2162d511c22387fc3414086413b7a666078059a5ece0ee6e95904000
2024-12-26 15:56:28.446 14290-14750 Camera2CameraImpl       com.allride.buses                    D  {Camera@23f6899[id=0]} Use case androidx.camera.core.ImageAnalysis-0357249b-1fe7-460f-b5fd-a05063a1036f17067630 INACTIVE
2024-12-26 15:56:28.446 14290-14750 UseCaseAttachState      com.allride.buses                    D  Active and attached use case: [androidx.camera.core.ImageCapture-f9909d13-1c2c-4dc1-86f1-835f71b3c19e101986793, androidx.camera.core.Preview-c64bb8fc-c8f1-48a9-afe5-d9cd2540b46b195115632] for camera: 0
2024-12-26 15:56:28.447 14290-14290 ActiveDepa...eViewModel com.allride.buses                    D  Pre validatePassenger {"communityId":"653fd68233d83952fafcd4be","timezone":"America/Santiago","validationInternalId":"83099447-f097-4430-9940-5aaa129ca3ae","validationLat":-34.3941062,"validationLon":-70.7813046,"validationString":"5009e7005cce20083fb468154092ff19de49e9efbe7fc00690b4ed4cfc7bd788ed64d90e369ead3b1d45a1f0070035bd01f2162d511c22387fc3414086413b7a666078059a5ece0ee6e95904000"}
2024-12-26 15:56:28.447 14290-14750 CaptureSession          com.allride.buses                    D  Attempting to submit CaptureRequest after setting
2024-12-26 15:56:28.447 14290-14750 CaptureSession          com.allride.buses                    D  Issuing request for session.
2024-12-26 15:56:28.447 14290-14750 Camera2Cap...estBuilder com.allride.buses                    D  createCaptureRequest
2024-12-26 15:56:28.456 14290-20831 ActiveDepa...eViewModel com.allride.buses                    E  Error validatePassenger: Unable to resolve host "stage.allrideapp.com": No address associated with hostname
2024-12-26 15:56:28.456 14290-20831 ActiveDepa...eViewModel com.allride.buses                    D  offlineValidationQR: 5009e7005cce20083fb468154092ff19de49e9efbe7fc00690b4ed4cfc7bd788ed64d90e369ead3b1d45a1f0070035bd01f2162d511c22387fc3414086413b7a666078059a5ece0ee6e95904000
2024-12-26 15:56:28.513 14290-20831 ActiveDepa...eViewModel com.allride.buses                    D  offlineValidationQR check muc driver : 2 - [MUC_sha25620000$668309b8bb41bfd79a461dc3$/fjrXXqTg/5EIiIh8zkBBsIMQ4K1Y1QQOE6VYzLDR0Y=, MUC_sha25620000$66022046a5d051546e0426fd$5ZoiUVAREmq/5YdR57fux4QZnKIXCo5A9O7IeRg4ILE=]
2024-12-26 15:56:28.513 14290-20831 ActiveDepa...eViewModel com.allride.buses                    D  offlineValidationQR departureId: 676da6552a1ac0a2eb00d55c
2024-12-26 15:56:28.535 14290-20831 ActiveDepa...eViewModel com.allride.buses                    D  offlineValidationQR userId in QR: 666078059a5ece0ee6e95904
2024-12-26 15:56:28.535 14290-20831 UserRealm               com.allride.buses                    D  isWorking false
2024-12-26 15:56:28.543 14290-20831 Validations             com.allride.buses                    D  offlineValidationQR user: {"avatar":"https://s3.amazonaws.com/adedo.users-avatars/user_placeholder.png","communities":[{"DNIParam":"191866819","card":{"cardId":"ABCDE456456456"},"communityId":"6654ae4eba54fe502d4e4187","custom":[{"key":"rut","name":"","private":false,"value":"191866819"},{"key":"address","name":"","private":false,"value":"H559 H559\nLos Cerrillos, Chile"},{"key":"coordinates","name":"","private":false,"value":"-34.395443054199546,-70.78217323869467"},{"key":"Color","name":"","private":false,"value":"Azul"},{"key":"Animal","name":"","private":false,"value":"Perro"}],"privateBus":{"validation":{"external":{"required":false}}}}],"_id":"666078059a5ece0ee6e95904","name":"Nicolas Bustamante","socialServices":[]}
2024-12-26 15:56:28.556 14290-20831 ActiveDepa...eViewModel com.allride.buses                    D  offlineValidationQR validationConfig: true
2024-12-26 15:56:28.556 14290-20831 ActiveDepa...eViewModel com.allride.buses                    D  offlineValidationQR usesTickets: false - usesPasses: false
2024-12-26 15:56:28.559 14290-20831 Validations             com.allride.buses                    D  checkValidationLimits
2024-12-26 15:56:28.559 14290-20831 Validations             com.allride.buses                    D  checkValidationLimits dailyLimit false
2024-12-26 15:56:28.559 14290-20831 Validations             com.allride.buses                    D  checkValidationLimits timeLimit false
2024-12-26 15:56:28.559 14290-20831 Validations             com.allride.buses                    D  checkValidationLimits departureLimit false
2024-12-26 15:56:28.566 14290-20831 Validations             com.allride.buses                    D  updateValidation {"assignedSeat":"","communityId":"6654ae4eba54fe502d4e4187","createdAt":"Dec 26, 2024 3:56:28 PM","departureId":"676da6552a1ac0a2eb00d55c","_id":"83099447-f097-4430-9940-5aaa129ca3ae","isCustom":false,"isDNI":false,"isManual":false,"latitude":-34.394108,"loc":{"float1":-70.7813,"float2":-34.394108},"longitude":-70.7813,"qrCode":"5009e7005cce20083fb468154092ff19de49e9efbe7fc00690b4ed4cfc7bd788ed64d90e369ead3b1d45a1f0070035bd01f2162d511c22387fc3414086413b7a666078059a5ece0ee6e95904000","reason":[],"remainingTickets":0,"routeId":"672a601506993039857e4071","synced":false,"token":"3f0936618c372f514fe50bac1a864641ecc4a68c5f251086e3a3e30b62d1cb91b5bc0215e3b41145e03ed6688a85cee27dbbd7d0b5144f2d76307deb5106d795","userId":"666078059a5ece0ee6e95904","validated":true}
2024-12-26 15:56:28.581 14290-20831 ValidationRealm         com.allride.buses                    D  validatePassenger validationInfo {"assignedSeat":"","communityId":"6654ae4eba54fe502d4e4187","createdAt":"Dec 26, 2024 3:56:28 PM","departureId":"676da6552a1ac0a2eb00d55c","_id":"83099447-f097-4430-9940-5aaa129ca3ae","reason":[],"synced":false,"userId":"666078059a5ece0ee6e95904","validated":true}
2024-12-26 15:56:28.612 14290-20831 ActiveDepa...eViewModel com.allride.buses                    D  BLEManager sendCommandBLE
2024-12-26 15:56:28.648 14290-14290 AudioTrack              com.allride.buses                    I  createTrack_l(925837846): AUDIO_OUTPUT_FLAG_FAST successful; frameCount 960 -> 960
2024-12-26 15:56:28.648 14290-14290 AudioTrack              com.allride.buses                    D  setVolume: mRelativePercentage:1.000000, left:1.000000, right:1.000000
2024-12-26 15:56:28.677 14290-22278 PipelineManager         com.allride.buses                    D  OCR process succeeded via visionkit pipeline.
2024-12-26 15:56:28.713 14290-22278 PipelineManager         com.allride.buses                    D  Start process YUV
2024-12-26 15:56:28.713 14290-22278 PipelineManager         com.allride.buses                    D  Start process YUV
2024-12-26 15:56:29.028 14290-23185 AudioTrack              com.allride.buses                    D  stop(3443): called with 15168 frames delivered
2024-12-26 15:56:29.171 14290-23190 SocketClient            com.allride.buses                    D  Socket reconnecting
2024-12-26 15:56:29.176 14290-23192 SocketClient            com.allride.buses                    D  Socket connect error
2024-12-26 15:56:29.570 14290-14290 InputEventReceiver      com.allride.buses                    W  Attempted to finish an input event but the input event receiver has already been disposed.
2024-12-26 15:56:29.570 14290-14290 CapturePas...erActivity com.allride.buses                    D  hideDialogValidation
2024-12-26 15:56:29.570 14290-14290 CapturePas...erActivity com.allride.buses                    D  onResumeCamera
2024-12-26 15:56:29.570 14290-14290 ViewReaderQR            com.allride.buses                    D  onResumeCamera
2024-12-26 15:56:29.570 14290-14290 ViewReaderQR            com.allride.buses                    D  startQRAnalysis
2024-12-26 15:56:29.571 14290-14745 Camera2CameraImpl       com.allride.buses                    D  {Camera@23f6899[id=0]} Use case androidx.camera.core.ImageAnalysis-0357249b-1fe7-460f-b5fd-a05063a1036f17067630 ACTIVE
2024-12-26 15:56:29.576 14290-14745 UseCaseAttachState      com.allride.buses                    D  Active and attached use case: [androidx.camera.core.ImageCapture-f9909d13-1c2c-4dc1-86f1-835f71b3c19e101986793, androidx.camera.core.Preview-c64bb8fc-c8f1-48a9-afe5-d9cd2540b46b195115632, androidx.camera.core.ImageAnalysis-0357249b-1fe7-460f-b5fd-a05063a1036f17067630] for camera: 0
2024-12-26 15:56:29.579 14290-14745 CaptureSession          com.allride.buses                    D  Attempting to submit CaptureRequest after setting
2024-12-26 15:56:29.579 14290-14745 CaptureSession          com.allride.buses                    D  Issuing request for session.
2024-12-26 15:56:29.580 14290-14745 Camera2Cap...estBuilder com.allride.buses                    D  createCaptureRequest
2024-12-26 15:56:29.893 14290-22280 PipelineManager         com.allride.buses                    D  Start process YUV
2024-12-26 15:56:30.025 14290-22280 PipelineManager         com.allride.buses                    D  OCR process succeeded via visionkit pipeline.
2024-12-26 15:56:30.026 14290-22280 PipelineManager         com.allride.buses                    D  Start process YUV
2024-12-26 15:56:30.027 14290-22280 PipelineManager         com.allride.buses                    D  Start process YUV
2024-12-26 15:56:30.027 14290-22280 PipelineManager         com.allride.buses                    D  Start process YUV
2024-12-26 15:56:30.066 14290-14290 UserRealm               com.allride.buses                    D  isWorking false
2024-12-26 15:56:30.094 14290-14290 CapturePas...erActivity com.allride.buses                    D  onPauseCamera
2024-12-26 15:56:30.094 14290-14290 ViewReaderQR            com.allride.buses                    D  onPauseCamera
2024-12-26 15:56:30.095 14290-14750 Camera2CameraImpl       com.allride.buses                    D  {Camera@23f6899[id=0]} Use case androidx.camera.core.ImageAnalysis-0357249b-1fe7-460f-b5fd-a05063a1036f17067630 INACTIVE
2024-12-26 15:56:30.096 14290-14332 SessionLifecycleClient  com.allride.buses                    D  Sending lifecycle 2 to service
2024-12-26 15:56:30.096 14290-14370 SessionLifecycleService com.allride.buses                    D  Activity backgrounding at 225647153
2024-12-26 15:56:30.097 14290-14750 UseCaseAttachState      com.allride.buses                    D  Active and attached use case: [androidx.camera.core.ImageCapture-f9909d13-1c2c-4dc1-86f1-835f71b3c19e101986793, androidx.camera.core.Preview-c64bb8fc-c8f1-48a9-afe5-d9cd2540b46b195115632] for camera: 0
2024-12-26 15:56:30.100 14290-14750 CaptureSession          com.allride.buses                    D  Attempting to submit CaptureRequest after setting
2024-12-26 15:56:30.101 14290-14750 CaptureSession          com.allride.buses                    D  Issuing request for session.
2024-12-26 15:56:30.102 14290-14750 Camera2Cap...estBuilder com.allride.buses                    D  createCaptureRequest
2024-12-26 15:56:30.112 14290-22280 PipelineManager         com.allride.buses                    D  OCR process succeeded via visionkit pipeline.
2024-12-26 15:56:30.112 14290-22280 PipelineManager         com.allride.buses                    D  Start process YUV
2024-12-26 15:56:30.117 14290-22278 PipelineManager         com.allride.buses                    D  Start process YUV
2024-12-26 15:56:30.127 14290-14290 MapActivity             com.allride.buses                    D  onStart
2024-12-26 15:56:30.129 14290-14290 ActiveDepa...eViewModel com.allride.buses                    D  onResumeMap
2024-12-26 15:56:30.130 14290-14290 ActiveDepa...eViewModel com.allride.buses                    D  onResumeMap join
2024-12-26 15:56:30.130 14290-14290 ActiveDepa...eViewModel com.allride.buses                    D  onResumeMap getCurrent
2024-12-26 15:56:30.130 14290-14290 MapActivity             com.allride.buses                    D  Success registerReceiver setupBroadcastReceiver
2024-12-26 15:56:30.130 14290-14290 connectionService       com.allride.buses                    D  checkConnectivity: false
2024-12-26 15:56:30.130 14290-14290 connectionService       com.allride.buses                    D  sendNotifyConnectivity false
2024-12-26 15:56:30.147 14290-14290 connectionService       com.allride.buses                    D  checkPendingOfflineSync false true false
2024-12-26 15:56:30.148 14290-14290 connectionService       com.allride.buses                    D  sendNotifyPendingOfflineSync false - Tienes validaciones pendientes de sincronizacin
2024-12-26 15:56:30.150 14290-14290 connectionService       com.allride.buses                    D  checkInMap false
2024-12-26 15:56:30.213 14290-14290 connectionService       com.allride.buses                    D  checkPendingOfflineSync false true false
2024-12-26 15:56:30.213 14290-14290 connectionService       com.allride.buses                    D  sendNotifyPendingOfflineSync false - Tienes validaciones pendientes de sincronizacin
2024-12-26 15:56:30.214 14290-14290 connectionService       com.allride.buses                    I  checkSyncOffline current 'validations' : [offline=false, validations=true, images=false, departure=false, deviceHistory=true, driverMuc=false]
2024-12-26 15:56:30.214 14290-14290 connectionService       com.allride.buses                    I  checkOnlineDataAsync
2024-12-26 15:56:30.214 14290-14290 connectionService       com.allride.buses                    I  checkOnlineDataAsync dataAsyncList is empty
2024-12-26 15:56:30.221 14290-14290 Utils                   com.allride.buses                    D  startConnectivityService is exits - MapActivity
2024-12-26 15:56:30.221 14290-14290 connectionService       com.allride.buses                    D  checkConnectivity: false
2024-12-26 15:56:30.221 14290-14290 connectionService       com.allride.buses                    D  sendNotifyConnectivity false
2024-12-26 15:56:30.222 14290-22564 AllRideOAuth2Service    com.allride.buses                    I  getAccessToken c4a54564bd4fe2db3e6f0379e5aec904d744d4857165fba6e9c74eac345a62f844bbe068e131493906eb478733a68788aa313b87308162e77fe0c35b33c833ea
2024-12-26 15:56:30.223 14290-14333 SessionLifecycleClient  com.allride.buses                    D  Sending lifecycle 1 to service
2024-12-26 15:56:30.223 14290-20831 connectionService       com.allride.buses                    E  Error getCurrentDeparture: Unable to resolve host "stage.allrideapp.com": No address associated with hostname
2024-12-26 15:56:30.225 14290-14370 SessionLifecycleService com.allride.buses                    D  Activity foregrounding at 225647280.
2024-12-26 15:56:30.227 14290-22278 PipelineManager         com.allride.buses                    D  OCR process succeeded via visionkit pipeline.
2024-12-26 15:56:30.243 14290-14290 connectionService       com.allride.buses                    D  checkPendingOfflineSync false true false
2024-12-26 15:56:30.244 14290-14290 connectionService       com.allride.buses                    D  sendNotifyPendingOfflineSync false - Tienes validaciones pendientes de sincronizacin
2024-12-26 15:56:30.246 14290-14290 connectionService       com.allride.buses                    D  checkInMap false
2024-12-26 15:56:30.280 14290-14290 connectionService       com.allride.buses                    D  checkPendingOfflineSync false true false
2024-12-26 15:56:30.281 14290-14290 connectionService       com.allride.buses                    D  sendNotifyPendingOfflineSync false - Tienes validaciones pendientes de sincronizacin
2024-12-26 15:56:30.281 14290-14290 connectionService       com.allride.buses                    I  checkSyncOffline current 'validations' : [offline=false, validations=true, images=false, departure=false, deviceHistory=true, driverMuc=false]
2024-12-26 15:56:30.282 14290-14290 connectionService       com.allride.buses                    I  checkOnlineDataAsync
2024-12-26 15:56:30.282 14290-14290 connectionService       com.allride.buses                    I  checkOnlineDataAsync dataAsyncList is empty
2024-12-26 15:56:30.284 14290-22564 AllRideOAuth2Service    com.allride.buses                    I  getAccessToken c4a54564bd4fe2db3e6f0379e5aec904d744d4857165fba6e9c74eac345a62f844bbe068e131493906eb478733a68788aa313b87308162e77fe0c35b33c833ea
2024-12-26 15:56:30.286 14290-20831 connectionService       com.allride.buses                    E  Error getCurrentDeparture: Unable to resolve host "stage.allrideapp.com": No address associated with hostname
2024-12-26 15:56:30.329 14290-14290 MapActivity             com.allride.buses                    D  setupBroadcastReceiver onReceive connectivity false
2024-12-26 15:56:30.331 14290-14290 MapActivity             com.allride.buses                    D  setupBroadcastReceiver onReceive pendingOfflineSync false
2024-12-26 15:56:30.332 14290-14290 MapActivity             com.allride.buses                    D  setupBroadcastReceiver onReceive pendingOfflineSync false
2024-12-26 15:56:30.333 14290-14290 MapActivity             com.allride.buses                    D  setupBroadcastReceiver onReceive connectivity false
2024-12-26 15:56:30.335 14290-14290 MapActivity             com.allride.buses                    D  setupBroadcastReceiver onReceive pendingOfflineSync false
2024-12-26 15:56:30.336 14290-14290 MapActivity             com.allride.buses                    D  setupBroadcastReceiver onReceive pendingOfflineSync false
2024-12-26 15:56:30.570 14290-14290 SurfaceViewImpl         com.allride.buses                    D  Surface destroyed.
2024-12-26 15:56:30.570 14290-14290 SurfaceViewImpl         com.allride.buses                    D  Surface closed androidx.camera.core.SurfaceRequest@a573521
2024-12-26 15:56:30.570 14290-14290 DeferrableSurface       com.allride.buses                    D  surface closed,  useCount=2 closed=true androidx.camera.core.SurfaceRequest$2@1d7dd46
2024-12-26 15:56:30.577 14290-14750 Camera2CameraImpl       com.allride.buses                    D  {Camera@23f6899[id=0]} Use cases [androidx.camera.core.Preview-c64bb8fc-c8f1-48a9-afe5-d9cd2540b46b195115632, androidx.camera.core.ImageCapture-f9909d13-1c2c-4dc1-86f1-835f71b3c19e101986793, androidx.camera.core.ImageAnalysis-0357249b-1fe7-460f-b5fd-a05063a1036f17067630] now DETACHED for camera
2024-12-26 15:56:30.577 14290-14750 UseCaseAttachState      com.allride.buses                    D  All use case: [] for camera: 0
2024-12-26 15:56:30.577 14290-14750 Camera2CameraImpl       com.allride.buses                    D  {Camera@23f6899[id=0]} Resetting Capture Session
2024-12-26 15:56:30.580 14290-14290 CameraOrientationUtil   com.allride.buses                    D  getRelativeImageRotation: destRotationDegrees=0, sourceRotationDegrees=90, isOppositeFacing=true, result=90
2024-12-26 15:56:30.580 14290-14290 DeferrableSurface       com.allride.buses                    D  surface closed,  useCount=0 closed=true androidx.camera.core.processing.SurfaceEdge$SettableSurface@50d037a
2024-12-26 15:56:30.580 14290-14290 DeferrableSurface       com.allride.buses                    D  Surface terminated[total_surfaces=3, used_surfaces=3](androidx.camera.core.processing.SurfaceEdge$SettableSurface@50d037a}
2024-12-26 15:56:30.580 14290-14290 DeferrableSurface       com.allride.buses                    D  use count-1,  useCount=1 closed=true androidx.camera.core.SurfaceRequest$2@1d7dd46
2024-12-26 15:56:30.580 14290-14290 ImageCapture            com.allride.buses                    D  clearPipeline
2024-12-26 15:56:30.581 14290-14290 DeferrableSurface       com.allride.buses                    D  surface closed,  useCount=1 closed=true androidx.camera.core.impl.ImmediateSurface@3701fa0
2024-12-26 15:56:30.581 14290-14750 Camera2CameraImpl       com.allride.buses                    D  {Camera@23f6899[id=0]} Releasing session in state OPENED
2024-12-26 15:56:30.581 14290-14750 UseCaseAttachState      com.allride.buses                    D  Active and attached use case: [] for camera: 0
2024-12-26 15:56:30.581 14290-14290 DeferrableSurface       com.allride.buses                    D  surface closed,  useCount=1 closed=true androidx.camera.core.impl.ImmediateSurface@da403ff
2024-12-26 15:56:30.581 14290-14750 UseCaseAttachState      com.allride.buses                    D  Active and attached use case: [] for camera: 0
2024-12-26 15:56:30.581 14290-14290 CapturePas...erActivity com.allride.buses                    D  onDestroyCamera
2024-12-26 15:56:30.581 14290-14750 Camera2CameraImpl       com.allride.buses                    D  {Camera@23f6899[id=0]} Closing camera.
2024-12-26 15:56:30.582 14290-14750 Camera2CameraImpl       com.allride.buses                    D  {Camera@23f6899[id=0]} Transitioning camera internal state: OPENED --> CLOSING
2024-12-26 15:56:30.582 14290-14750 CameraStateRegistry     com.allride.buses                    D  Recalculating open cameras:
                                                                                                    Camera                                       State                 
                                                                                                    -------------------------------------------------------------------
                                                                                                    Camera@23f6899[id=0]                         CLOSING               
                                                                                                    Camera@12ca03b[id=1]                         UNKNOWN               
                                                                                                    -------------------------------------------------------------------
                                                                                                    Open count: 1 (Max allowed: 1)
2024-12-26 15:56:30.585 14290-14750 CameraStateMachine      com.allride.buses                    D  New public camera state CameraState{type=CLOSING, error=null} from CLOSING and null
2024-12-26 15:56:30.585 14290-14750 CameraStateMachine      com.allride.buses                    D  Publishing new public camera state CameraState{type=CLOSING, error=null}
2024-12-26 15:56:30.589 14290-14750 Camera2CameraImpl       com.allride.buses                    D  {Camera@23f6899[id=0]} Resetting Capture Session
2024-12-26 15:56:30.590 14290-14290 UsbSerialService        com.allride.buses                    D  onDestroy
2024-12-26 15:56:30.590 14290-14290 StreamStateObserver     com.allride.buses                    D  Update Preview stream state to IDLE
2024-12-26 15:56:30.592 14290-14750 Camera2CameraImpl       com.allride.buses                    D  {Camera@23f6899[id=0]} Releasing session in state CLOSING
2024-12-26 15:56:30.593 14290-14750 CaptureSession          com.allride.buses                    D  onSessionFinished()
2024-12-26 15:56:30.596 14290-14825 BufferQueueProducer     com.allride.buses                    E  [SurfaceView[com.allride.buses/com.allride.buses.ui.view.activities.drivers.CapturePassengerActivity]#114(BLAST Consumer)114](id:37d2000000a8,api:4,p:1401,c:14290) queueBuffer: BufferQueue has been abandoned
2024-12-26 15:56:30.602 14290-14825 BufferQueueProducer     com.allride.buses                    E  [SurfaceView[com.allride.buses/com.allride.buses.ui.view.activities.drivers.CapturePassengerActivity]#114(BLAST Consumer)114](id:37d2000000a8,api:4,p:1401,c:14290) dequeueBuffer: BufferQueue has been abandoned
2024-12-26 15:56:30.634 14290-14825 BufferQueueProducer     com.allride.buses                    E  [SurfaceView[com.allride.buses/com.allride.buses.ui.view.activities.drivers.CapturePassengerActivity]#114(BLAST Consumer)114](id:37d2000000a8,api:4,p:1401,c:14290) queueBuffer: BufferQueue has been abandoned
2024-12-26 15:56:30.639 14290-14825 BufferQueueProducer     com.allride.buses                    E  [SurfaceView[com.allride.buses/com.allride.buses.ui.view.activities.drivers.CapturePassengerActivity]#114(BLAST Consumer)114](id:37d2000000a8,api:4,p:1401,c:14290) cancelBuffer: BufferQueue has been abandoned
2024-12-26 15:56:30.640 14290-14825 BufferQueueProducer     com.allride.buses                    E  [SurfaceView[com.allride.buses/com.allride.buses.ui.view.activities.drivers.CapturePassengerActivity]#114(BLAST Consumer)114](id:37d2000000a8,api:4,p:1401,c:14290) cancelBuffer: BufferQueue has been abandoned
2024-12-26 15:56:30.641 14290-14825 BufferQueueProducer     com.allride.buses                    E  [SurfaceView[com.allride.buses/com.allride.buses.ui.view.activities.drivers.CapturePassengerActivity]#114(BLAST Consumer)114](id:37d2000000a8,api:4,p:1401,c:14290) cancelBuffer: BufferQueue has been abandoned
2024-12-26 15:56:30.645 14290-14825 BufferQueueProducer     com.allride.buses                    E  [SurfaceView[com.allride.buses/com.allride.buses.ui.view.activities.drivers.CapturePassengerActivity]#114(BLAST Consumer)114](id:37d2000000a8,api:4,p:1401,c:14290) cancelBuffer: BufferQueue has been abandoned
2024-12-26 15:56:30.645 14290-14825 BufferQueueProducer     com.allride.buses                    E  [SurfaceView[com.allride.buses/com.allride.buses.ui.view.activities.drivers.CapturePassengerActivity]#114(BLAST Consumer)114](id:37d2000000a8,api:4,p:1401,c:14290) cancelBuffer: BufferQueue has been abandoned
2024-12-26 15:56:30.646 14290-14825 BufferQueueProducer     com.allride.buses                    E  [SurfaceView[com.allride.buses/com.allride.buses.ui.view.activities.drivers.CapturePassengerActivity]#114(BLAST Consumer)114](id:37d2000000a8,api:4,p:1401,c:14290) cancelBuffer: BufferQueue has been abandoned
2024-12-26 15:56:30.780 14290-14750 UseCaseAttachState      com.allride.buses                    D  Active and attached use case: [] for camera: 0
2024-12-26 15:56:30.780 14290-14750 DeferrableSurface       com.allride.buses                    D  use count-1,  useCount=0 closed=true androidx.camera.core.SurfaceRequest$2@1d7dd46
2024-12-26 15:56:30.780 14290-14750 DeferrableSurface       com.allride.buses                    D  Surface no longer in use[total_surfaces=3, used_surfaces=2](androidx.camera.core.SurfaceRequest$2@1d7dd46}
2024-12-26 15:56:30.780 14290-14750 DeferrableSurface       com.allride.buses                    D  Surface terminated[total_surfaces=2, used_surfaces=2](androidx.camera.core.SurfaceRequest$2@1d7dd46}
2024-12-26 15:56:30.780 14290-14750 DeferrableSurface       com.allride.buses                    D  use count-1,  useCount=0 closed=true androidx.camera.core.impl.ImmediateSurface@3701fa0
2024-12-26 15:56:30.780 14290-14750 DeferrableSurface       com.allride.buses                    D  Surface no longer in use[total_surfaces=2, used_surfaces=1](androidx.camera.core.impl.ImmediateSurface@3701fa0}
2024-12-26 15:56:30.780 14290-14290 SurfaceViewImpl         com.allride.buses                    D  Safe to release surface.
2024-12-26 15:56:30.780 14290-14750 DeferrableSurface       com.allride.buses                    D  Surface terminated[total_surfaces=1, used_surfaces=1](androidx.camera.core.impl.ImmediateSurface@3701fa0}
2024-12-26 15:56:30.780 14290-14750 DeferrableSurface       com.allride.buses                    D  use count-1,  useCount=0 closed=true androidx.camera.core.impl.ImmediateSurface@da403ff
2024-12-26 15:56:30.780 14290-14750 DeferrableSurface       com.allride.buses                    D  Surface no longer in use[total_surfaces=1, used_surfaces=0](androidx.camera.core.impl.ImmediateSurface@da403ff}
2024-12-26 15:56:30.780 14290-14750 DeferrableSurface       com.allride.buses                    D  Surface terminated[total_surfaces=0, used_surfaces=0](androidx.camera.core.impl.ImmediateSurface@da403ff}
2024-12-26 15:56:30.781 14290-14750 Camera2CameraImpl       com.allride.buses                    D  {Camera@23f6899[id=0]} CameraDevice.onClosed()
2024-12-26 15:56:30.781 14290-14750 Camera2CameraImpl       com.allride.buses                    D  {Camera@23f6899[id=0]} Transitioning camera internal state: CLOSING --> INITIALIZED
2024-12-26 15:56:30.782 14290-14750 CameraStateRegistry     com.allride.buses                    D  Recalculating open cameras:
                                                                                                    Camera                                       State                 
                                                                                                    -------------------------------------------------------------------
                                                                                                    Camera@23f6899[id=0]                         CLOSED                
                                                                                                    Camera@12ca03b[id=1]                         UNKNOWN               
                                                                                                    -------------------------------------------------------------------
                                                                                                    Open count: 0 (Max allowed: 1)
2024-12-26 15:56:30.782 14290-14750 CameraStateMachine      com.allride.buses                    D  New public camera state CameraState{type=CLOSED, error=null} from CLOSED and null
2024-12-26 15:56:30.782 14290-14750 CameraStateMachine      com.allride.buses                    D  Publishing new public camera state CameraState{type=CLOSED, error=null}
2024-12-26 15:56:31.845 14290-23240 SocketClient            com.allride.buses                    D  Socket reconnecting
2024-12-26 15:56:31.852 14290-23243 SocketClient            com.allride.buses                    D  Socket connect error
2024-12-26 15:56:32.019 14290-14290 TripService             com.allride.buses                    E  Error send event 'newPosition' socket: sharingLocation false - socket false - [-34.3941065,-70.7813054]
2024-12-26 15:56:32.019 14290-14290 TripService             com.allride.buses                    D  Difference last seconds 5 - distance 0.08074191 - velocity 0.016148383
2024-12-26 15:56:32.019 14290-14290 TripService             com.allride.buses                    D  *** checkStopsLocally [-34.3941065,-70.7813054] ***
2024-12-26 15:56:32.020 14290-14290 TripService             com.allride.buses                    I  checkStopsLocally nearby 6654d4c8713b9a5184cfe1df - distance 276.704
2024-12-26 15:56:32.020 14290-14290 TripService             com.allride.buses                    D  socketUpdateReceiver onReceive newPosition
2024-12-26 15:56:32.020 14290-14290 ActiveDepa...eViewModel com.allride.buses                    D  socketUpdateReceiver onReceive EVENT_GPS_NEW_POSITION [-34.3941065,-70.7813054]
2024-12-26 15:56:32.035 14290-23245 SocketClient            com.allride.buses                    D  Socket reconnecting
2024-12-26 15:56:32.039 14290-23248 SocketClient            com.allride.buses                    D  Socket connect error
2024-12-26 15:56:32.047 14290-23248 SocketClient            com.allride.buses                    D  Socket reconnecting
2024-12-26 15:56:32.054 14290-23252 SocketClient            com.allride.buses                    D  Socket connect error
2024-12-26 15:56:32.421 14290-23260 SocketClient            com.allride.buses                    D  Socket reconnecting
2024-12-26 15:56:32.424 14290-23260 SocketClient            com.allride.buses                    D  Socket connect error
2024-12-26 15:56:32.658 14290-23271 SocketClient            com.allride.buses                    D  Socket reconnecting
2024-12-26 15:56:32.671 14290-23273 SocketClient            com.allride.buses                    D  Socket connect error
2024-12-26 15:56:33.316 14290-14290 ConnectivityReceiver    com.allride.buses                    D  onReceive true
2024-12-26 15:56:33.317 14290-14290 connectionService       com.allride.buses                    D  socketUpdateReceiver onReceive stateReceiver true
2024-12-26 15:56:33.831 14290-14290 connectionService       com.allride.buses                    D  checkConnectivity: true
2024-12-26 15:56:33.831 14290-14290 connectionService       com.allride.buses                    D  sendNotifyConnectivity true
2024-12-26 15:56:33.846 14290-14290 connectionService       com.allride.buses                    D  checkPendingOfflineSync false true false
2024-12-26 15:56:33.846 14290-14290 connectionService       com.allride.buses                    D  sendNotifyPendingOfflineSync false - Tienes validaciones pendientes de sincronizacin
2024-12-26 15:56:33.848 14290-14290 connectionService       com.allride.buses                    D  checkInMap false
2024-12-26 15:56:33.876 14290-14290 connectionService       com.allride.buses                    D  checkPendingOfflineSync false true false
2024-12-26 15:56:33.876 14290-14290 connectionService       com.allride.buses                    D  sendNotifyPendingOfflineSync false - Tienes validaciones pendientes de sincronizacin
2024-12-26 15:56:33.876 14290-14290 connectionService       com.allride.buses                    I  checkSyncOffline current 'validations' : [offline=false, validations=true, images=false, departure=false, deviceHistory=true, driverMuc=false]
2024-12-26 15:56:33.877 14290-14290 connectionService       com.allride.buses                    I  checkOnlineDataAsync
2024-12-26 15:56:33.877 14290-14290 connectionService       com.allride.buses                    I  checkOnlineDataAsync dataAsyncList is empty
2024-12-26 15:56:33.877 14290-14290 connectionService       com.allride.buses                    D  sendNotifyConnectivity true
2024-12-26 15:56:33.878 14290-14290 MapActivity             com.allride.buses                    D  setupBroadcastReceiver onReceive connectivity true
2024-12-26 15:56:33.880 14290-22564 AllRideOAuth2Service    com.allride.buses                    I  getAccessToken c4a54564bd4fe2db3e6f0379e5aec904d744d4857165fba6e9c74eac345a62f844bbe068e131493906eb478733a68788aa313b87308162e77fe0c35b33c833ea
2024-12-26 15:56:33.883 14290-14290 MapActivity             com.allride.buses                    D  setupBroadcastReceiver onReceive pendingOfflineSync false
2024-12-26 15:56:33.883 14290-14290 MapActivity             com.allride.buses                    D  setupBroadcastReceiver onReceive pendingOfflineSync false
2024-12-26 15:56:33.883 14290-14290 MapActivity             com.allride.buses                    D  setupBroadcastReceiver onReceive connectivity true
2024-12-26 15:56:34.180 14290-23334 SocketClient            com.allride.buses                    D  Socket reconnecting
2024-12-26 15:56:34.871 14290-22564 AllRideOAuth2Service    com.allride.buses                    I  Response Code > 200 - Request > Request{method=POST, url=https://stage.allrideapp.com/api/v2/pb/driver/validations/sync/653fd68233d83952fafcd4be, tags={class retrofit2.Invocation=com.allride.buses.api.AllRideAPI.syncValidations() [653fd68233d83952fafcd4be, com.allride.buses.api.AllRideAPI$OfflineValidationsData@d981a0]}}
2024-12-26 15:56:34.874 14290-20831 connectionService       com.allride.buses                    D  Success syncValidations
2024-12-26 15:56:34.917 14290-20831 connectionService       com.allride.buses                    D  checkPendingOfflineSync false false true
2024-12-26 15:56:34.917 14290-20831 connectionService       com.allride.buses                    D  sendNotifyPendingOfflineSync true - 
2024-12-26 15:56:34.917 14290-23356 SocketClient            com.allride.buses                    D  Socket reconnected
2024-12-26 15:56:34.917 14290-14290 MapActivity             com.allride.buses                    D  setupBroadcastReceiver onReceive pendingOfflineSync true
2024-12-26 15:56:34.917 14290-20831 connectionService       com.allride.buses                    I  checkSyncOffline current 'deviceHistory' : [offline=false, validations=false, images=false, departure=false, deviceHistory=true, driverMuc=false]
2024-12-26 15:56:34.918 14290-14290 TripService             com.allride.buses                    D  socketUpdateReceiver onReceive restart
2024-12-26 15:56:34.918 14290-14290 connectionService       com.allride.buses                    D  socketUpdateReceiver onReceive EVENT_RECONNECT true
2024-12-26 15:56:34.923 14290-22564 AllRideOAuth2Service    com.allride.buses                    I  getAccessToken c4a54564bd4fe2db3e6f0379e5aec904d744d4857165fba6e9c74eac345a62f844bbe068e131493906eb478733a68788aa313b87308162e77fe0c35b33c833ea
2024-12-26 15:56:35.130 14290-23363 ActiveDepa...eViewModel com.allride.buses                    I  Starting departure socket
2024-12-26 15:56:35.130 14290-23363 ActiveDepa...eViewModel com.allride.buses                    D  configSocket
2024-12-26 15:56:35.131 14290-23363 SocketClient            com.allride.buses                    D  Socket connected
2024-12-26 15:56:35.131 14290-14290 connectionService       com.allride.buses                    D  socketUpdateReceiver onReceive CONNECT true
2024-12-26 15:56:35.431 14290-14290 IStopCheckRealm         com.allride.buses                    D  Success getAll: 0
2024-12-26 15:56:35.431 14290-14290 TripService             com.allride.buses                    E  Error send event 'start' socket: sharingLocation false - socket true
2024-12-26 15:56:35.431 14290-14290 TripService             com.allride.buses                    D  Restart GPS Service true
2024-12-26 15:56:35.432 14290-14290 TripService             com.allride.buses                    D  Started sharing location
2024-12-26 15:56:35.480 14290-23368 ActiveDepa...eViewModel com.allride.buses                    D  SocketClient - current : {"color":"2E7D32","capacity":46}
2024-12-26 15:56:35.480 14290-23368 DepartureRealm          com.allride.buses                    D  setCapacity 46
2024-12-26 15:56:35.490 14290-23368 ActiveDepa...eViewModel com.allride.buses                    D  SocketClient - current : {"color":"2E7D32","capacity":46}
2024-12-26 15:56:35.490 14290-23368 DepartureRealm          com.allride.buses                    D  setCapacity 46
2024-12-26 15:56:35.632 14290-14290 connectionService       com.allride.buses                    D  checkConnectivity: true
2024-12-26 15:56:35.632 14290-14290 connectionService       com.allride.buses                    D  sendNotifyConnectivity true
2024-12-26 15:56:35.650 14290-14290 connectionService       com.allride.buses                    D  checkInMap exit for loadingCheckOnlineData
2024-12-26 15:56:35.651 14290-14290 connectionService       com.allride.buses                    D  sendNotifyConnectivity true
2024-12-26 15:56:35.651 14290-14290 MapActivity             com.allride.buses                    D  setupBroadcastReceiver onReceive connectivity true
2024-12-26 15:56:35.652 14290-14290 MapActivity             com.allride.buses                    D  setupBroadcastReceiver onReceive connectivity true
2024-12-26 15:56:35.664 14290-22564 AllRideOAuth2Service    com.allride.buses                    I  Response Code > 200 - Request > Request{method=POST, url=https://stage.allrideapp.com/api/v2/pb/driver/departure/device/history, tags={class retrofit2.Invocation=com.allride.buses.api.AllRideAPI.saveDeviceHistoryConnection() [com.allride.buses.api.AllRideAPI$HistoryUse@419fdf7]}}
2024-12-26 15:56:35.723 14290-20831 connectionService       com.allride.buses                    D  checkPendingOfflineSync false false true
2024-12-26 15:56:35.723 14290-20831 connectionService       com.allride.buses                    D  sendNotifyPendingOfflineSync true - 
2024-12-26 15:56:35.724 14290-20831 connectionService       com.allride.buses                    I  checkSyncOffline dataList isEmpty
2024-12-26 15:56:35.724 14290-14290 MapActivity             com.allride.buses                    D  setupBroadcastReceiver onReceive pendingOfflineSync true
2024-12-26 15:56:35.724 14290-20831 connectionService       com.allride.buses                    D  Success saveDeviceHistoryConnection: 8
2024-12-26 15:56:36.397 14290-23406 SocketClient            com.allride.buses                    D  Socket error
2024-12-26 15:56:36.397 14290-14290 connectionService       com.allride.buses                    D  socketUpdateReceiver onReceive EVENT_ERROR false
2024-12-26 15:56:36.398 14290-23406 SocketClient            com.allride.buses                    D  Socket disconnected
2024-12-26 15:56:36.398 14290-14290 TripService             com.allride.buses                    D  socketUpdateReceiver onReceive stop
2024-12-26 15:56:36.398 14290-14290 TripService             com.allride.buses                    E  ADD HISTORY USE: SOCKET_EVENT_DISCONNECT
2024-12-26 15:56:36.424 14290-14290 TripService             com.allride.buses                    D  Pausing GPS Service
2024-12-26 15:56:36.424 14290-14290 TripService             com.allride.buses                    D  Stopped sharing location
2024-12-26 15:56:36.428 14290-14290 ConnectivityReceiver    com.allride.buses                    D  onReceive true
2024-12-26 15:56:36.429 14290-14290 connectionService       com.allride.buses                    D  socketUpdateReceiver onReceive stateReceiver true
2024-12-26 15:56:36.440 14290-14290 ConnectivityReceiver    com.allride.buses                    D  onReceive true
2024-12-26 15:56:36.440 14290-14290 connectionService       com.allride.buses                    D  socketUpdateReceiver onReceive stateReceiver true
2024-12-26 15:56:36.605 14290-23429 SocketClient            com.allride.buses                    D  Socket reconnecting
2024-12-26 15:56:36.854 14290-23443 SocketClient            com.allride.buses                    D  Socket reconnecting
2024-12-26 15:56:36.940 14290-14290 connectionService       com.allride.buses                    D  checkConnectivity: true
2024-12-26 15:56:36.941 14290-14290 connectionService       com.allride.buses                    D  sendNotifyConnectivity true
2024-12-26 15:56:36.961 14290-14290 connectionService       com.allride.buses                    D  checkInMap false
2024-12-26 15:56:37.027 14290-14290 connectionService       com.allride.buses                    D  checkPendingOfflineSync false false true
2024-12-26 15:56:37.027 14290-14290 connectionService       com.allride.buses                    D  sendNotifyPendingOfflineSync true - 
2024-12-26 15:56:37.028 14290-14290 connectionService       com.allride.buses                    I  checkSyncOffline current 'departure' : [offline=false, validations=false, images=false, departure=true, deviceHistory=false, driverMuc=false]
2024-12-26 15:56:37.028 14290-14290 connectionService       com.allride.buses                    I  checkOnlineDataAsync
2024-12-26 15:56:37.028 14290-14290 connectionService       com.allride.buses                    I  checkOnlineDataAsync dataAsyncList is empty
2024-12-26 15:56:37.028 14290-14290 connectionService       com.allride.buses                    D  sendNotifyConnectivity true
2024-12-26 15:56:37.029 14290-14290 MapActivity             com.allride.buses                    D  setupBroadcastReceiver onReceive connectivity true
2024-12-26 15:56:37.029 14290-22564 AllRideOAuth2Service    com.allride.buses                    I  getAccessToken c4a54564bd4fe2db3e6f0379e5aec904d744d4857165fba6e9c74eac345a62f844bbe068e131493906eb478733a68788aa313b87308162e77fe0c35b33c833ea
2024-12-26 15:56:37.031 14290-14290 MapActivity             com.allride.buses                    D  setupBroadcastReceiver onReceive pendingOfflineSync true
2024-12-26 15:56:37.031 14290-14290 MapActivity             com.allride.buses                    D  setupBroadcastReceiver onReceive connectivity true
2024-12-26 15:56:37.033 14290-14290 TripService             com.allride.buses                    E  Error send event 'newPosition' socket: sharingLocation false - socket false - [-34.3941064,-70.7813053]
2024-12-26 15:56:37.033 14290-14290 TripService             com.allride.buses                    D  Difference last seconds 5 - distance 0.014408766 - velocity 0.0028817533
2024-12-26 15:56:37.034 14290-14290 TripService             com.allride.buses                    D  *** checkStopsLocally [-34.3941064,-70.7813053] ***
2024-12-26 15:56:37.034 14290-14290 TripService             com.allride.buses                    I  checkStopsLocally nearby 6654d4c8713b9a5184cfe1df - distance 276.7168
2024-12-26 15:56:37.037 14290-14290 TripService             com.allride.buses                    D  socketUpdateReceiver onReceive newPosition
2024-12-26 15:56:37.037 14290-14290 ActiveDepa...eViewModel com.allride.buses                    D  socketUpdateReceiver onReceive EVENT_GPS_NEW_POSITION [-34.3941064,-70.7813053]
2024-12-26 15:56:37.061 14290-23448 SocketClient            com.allride.buses                    D  Socket reconnecting
2024-12-26 15:56:37.391 14290-23450 SocketClient            com.allride.buses                    D  Socket reconnecting
